PHASE,1048576,1,1,1,1,5.176540
PHASE,1048576,2,2,1,1,5.693445
PHASE,1048576,4,4,1,1,5.814109
PHASE,1048576,8,8,1,1,6.059658
PHASE,1048576,16,16,1,1,3.202038
PHASE,1048576,32,32,1,1,3.130375
PHASE,1048576,64,64,1,1,3.289647
PHASE,1048576,128,128,1,1,3.121126
PHASE,1048576,256,256,1,1,3.117287
PHASE,1048576,512,256,1,1,3.260521
PHASE,1048576,1024,256,1,1,3.427111
PHASE,1048576,2048,256,1,1,3.327542
PHASE,1048576,4096,256,1,1,0.850270
PHASE,1048576,8192,256,1,1,0.852004
PHASE,1048576,16384,256,1,1,0.846929
PHASE,1048576,32768,256,1,1,0.795043
PHASE,1048576,65536,256,1,1,0.779683
PHASE,1048576,131072,256,1,1,0.779156
PHASE,1048576,262144,256,1,1,0.793886
PHASE,1048576,524288,256,1,1,0.378799
PHASE,524288,1,1,1,1,2.607092
PHASE,524288,2,2,1,1,2.833949
PHASE,524288,4,4,1,1,2.898229
PHASE,524288,8,8,1,1,1.647294
PHASE,524288,16,16,1,1,1.660451
PHASE,524288,32,32,1,1,1.648284
PHASE,524288,64,64,1,1,1.644450
PHASE,524288,128,128,1,1,1.656064
PHASE,524288,256,256,1,1,1.612709
PHASE,524288,512,256,1,1,1.705824
PHASE,524288,1024,256,1,1,1.657308
PHASE,524288,2048,256,1,1,0.399833
PHASE,524288,4096,256,1,1,0.404696
PHASE,524288,8192,256,1,1,0.427680
PHASE,524288,16384,256,1,1,0.406180
PHASE,524288,32768,256,1,1,0.383274
PHASE,524288,65536,256,1,1,0.383617
PHASE,524288,131072,256,1,1,0.411798
PHASE,524288,262144,256,1,1,0.197667
PHASE,262144,1,1,1,1,1.315398
PHASE,262144,2,2,1,1,1.415696
PHASE,262144,4,4,1,1,1.445286
PHASE,262144,8,8,1,1,0.839609
PHASE,262144,16,16,1,1,0.815221
PHASE,262144,32,32,1,1,0.834808
PHASE,262144,64,64,1,1,0.859011
PHASE,262144,128,128,1,1,0.855143
PHASE,262144,256,256,1,1,0.840298
PHASE,262144,512,256,1,1,0.829699
PHASE,262144,1024,256,1,1,0.192270
PHASE,262144,2048,256,1,1,0.201450
PHASE,262144,4096,256,1,1,0.192239
PHASE,262144,8192,256,1,1,0.211985
PHASE,262144,16384,256,1,1,0.197765
PHASE,262144,32768,256,1,1,0.192057
PHASE,262144,65536,256,1,1,0.208520
PHASE,262144,131072,256,1,1,0.094379
PHASE,131072,1,1,1,1,0.649680
PHASE,131072,2,2,1,1,0.725872
PHASE,131072,4,4,1,1,0.721266
PHASE,131072,8,8,1,1,0.424561
PHASE,131072,16,16,1,1,0.418040
PHASE,131072,32,32,1,1,0.403531
PHASE,131072,64,64,1,1,0.412993
PHASE,131072,128,128,1,1,0.407417
PHASE,131072,256,256,1,1,0.399027
PHASE,131072,512,256,1,1,0.092735
PHASE,131072,1024,256,1,1,0.099216
PHASE,131072,2048,256,1,1,0.091256
PHASE,131072,4096,256,1,1,0.096667
PHASE,131072,8192,256,1,1,0.094741
PHASE,131072,16384,256,1,1,0.096948
PHASE,131072,32768,256,1,1,0.099882
PHASE,131072,65536,256,1,1,0.045512
PHASE,131072,1,1,1,1,0.669354
PHASE,131072,2,2,1,1,0.715169
PHASE,131072,4,4,1,1,0.719149
PHASE,131072,8,8,1,1,0.425871
PHASE,131072,16,16,1,1,0.403532
PHASE,131072,32,32,1,1,0.418082
PHASE,131072,64,64,1,1,0.400755
PHASE,131072,128,128,1,1,0.410543
PHASE,131072,256,256,1,1,0.403812
PHASE,131072,512,256,1,1,0.091687
PHASE,131072,1024,256,1,1,0.090576
PHASE,131072,2048,256,1,1,0.092050
PHASE,131072,4096,256,1,1,0.089619
PHASE,131072,8192,256,1,1,0.103010
PHASE,131072,16384,256,1,1,0.096075
PHASE,131072,32768,256,1,1,0.103825
PHASE,131072,65536,256,1,1,0.043919
PHASE,262144,1,1,1,1,1.320802
PHASE,262144,2,2,1,1,1.416155
PHASE,262144,4,4,1,1,1.472445
PHASE,262144,8,8,1,1,0.834494
PHASE,262144,16,16,1,1,0.776707
PHASE,262144,32,32,1,1,0.865635
PHASE,262144,64,64,1,1,0.841246
PHASE,262144,128,128,1,1,0.824958
PHASE,262144,256,256,1,1,0.806579
PHASE,262144,512,256,1,1,0.832556
PHASE,262144,1024,256,1,1,0.203061
PHASE,262144,2048,256,1,1,0.194102
PHASE,262144,4096,256,1,1,0.192072
PHASE,262144,8192,256,1,1,0.200348
PHASE,262144,16384,256,1,1,0.205391
PHASE,262144,32768,256,1,1,0.198970
PHASE,262144,65536,256,1,1,0.202051
PHASE,262144,131072,256,1,1,0.094773
PHASE,131072,1,1,1,1,0.650780
PHASE,131072,2,2,1,1,0.715132
PHASE,131072,4,4,1,1,0.718038
PHASE,131072,8,8,1,1,0.423567
PHASE,131072,16,16,1,1,0.391368
PHASE,131072,32,32,1,1,0.410203
PHASE,131072,64,64,1,1,0.402282
PHASE,131072,128,128,1,1,0.414289
PHASE,131072,256,256,1,1,0.398543
PHASE,131072,512,256,1,1,0.089531
PHASE,131072,1024,256,1,1,0.089543
PHASE,131072,2048,256,1,1,0.093119
PHASE,131072,4096,256,1,1,0.102922
PHASE,131072,8192,256,1,1,0.094949
PHASE,131072,16384,256,1,1,0.102316
PHASE,131072,32768,256,1,1,0.106044
PHASE,131072,65536,256,1,1,0.046709
PHASE,131072,1,1,1,1,0.664116
PHASE,131072,2,2,1,1,0.708813
PHASE,131072,4,4,1,1,0.716652
PHASE,131072,8,8,1,1,0.447837
PHASE,131072,16,16,1,1,0.403745
PHASE,131072,32,32,1,1,0.412848
PHASE,131072,64,64,1,1,0.404803
PHASE,131072,128,128,1,1,0.401729
PHASE,131072,256,256,1,1,0.411848
PHASE,131072,512,256,1,1,0.090925
PHASE,131072,1024,256,1,1,0.091418
PHASE,131072,2048,256,1,1,0.092007
PHASE,131072,4096,256,1,1,0.089957
PHASE,131072,8192,256,1,1,0.093813
PHASE,131072,16384,256,1,1,0.095121
PHASE,131072,32768,256,1,1,0.098325
PHASE,131072,65536,256,1,1,0.049431
PHASE,524288,1,1,1,1,2.635640
PHASE,524288,2,2,1,1,2.859449
PHASE,524288,4,4,1,1,2.869343
PHASE,524288,8,8,1,1,1.657989
PHASE,524288,16,16,1,1,1.655633
PHASE,524288,32,32,1,1,1.636384
PHASE,524288,64,64,1,1,1.653700
PHASE,524288,128,128,1,1,1.652806
PHASE,524288,256,256,1,1,1.635067
PHASE,524288,512,256,1,1,1.771610
PHASE,524288,1024,256,1,1,1.647574
PHASE,524288,2048,256,1,1,0.400055
PHASE,524288,4096,256,1,1,0.417120
PHASE,524288,8192,256,1,1,0.441565
PHASE,524288,16384,256,1,1,0.408510
PHASE,524288,32768,256,1,1,0.395049
PHASE,524288,65536,256,1,1,0.387385
PHASE,524288,131072,256,1,1,0.420404
PHASE,524288,262144,256,1,1,0.196970
PHASE,262144,1,1,1,1,1.313439
PHASE,262144,2,2,1,1,1.420662
PHASE,262144,4,4,1,1,1.441300
PHASE,262144,8,8,1,1,0.840532
PHASE,262144,16,16,1,1,0.824624
PHASE,262144,32,32,1,1,0.815033
PHASE,262144,64,64,1,1,0.810530
PHASE,262144,128,128,1,1,0.836222
PHASE,262144,256,256,1,1,0.815127
PHASE,262144,512,256,1,1,0.845722
PHASE,262144,1024,256,1,1,0.196353
PHASE,262144,2048,256,1,1,0.197758
PHASE,262144,4096,256,1,1,0.193266
PHASE,262144,8192,256,1,1,0.217979
PHASE,262144,16384,256,1,1,0.193108
PHASE,262144,32768,256,1,1,0.193329
PHASE,262144,65536,256,1,1,0.201675
PHASE,262144,131072,256,1,1,0.099865
PHASE,131072,1,1,1,1,0.661993
PHASE,131072,2,2,1,1,0.711335
PHASE,131072,4,4,1,1,0.720988
PHASE,131072,8,8,1,1,0.423514
PHASE,131072,16,16,1,1,0.416683
PHASE,131072,32,32,1,1,0.403852
PHASE,131072,64,64,1,1,0.416328
PHASE,131072,128,128,1,1,0.404037
PHASE,131072,256,256,1,1,0.407429
PHASE,131072,512,256,1,1,0.093432
PHASE,131072,1024,256,1,1,0.097289
PHASE,131072,2048,256,1,1,0.091407
PHASE,131072,4096,256,1,1,0.097126
PHASE,131072,8192,256,1,1,0.095180
PHASE,131072,16384,256,1,1,0.096840
PHASE,131072,32768,256,1,1,0.101557
PHASE,131072,65536,256,1,1,0.046834
PHASE,131072,1,1,1,1,0.648598
PHASE,131072,2,2,1,1,0.725236
PHASE,131072,4,4,1,1,0.725444
PHASE,131072,8,8,1,1,0.463790
PHASE,131072,16,16,1,1,0.429545
PHASE,131072,32,32,1,1,0.409868
PHASE,131072,64,64,1,1,0.399322
PHASE,131072,128,128,1,1,0.412288
PHASE,131072,256,256,1,1,0.397495
PHASE,131072,512,256,1,1,0.089703
PHASE,131072,1024,256,1,1,0.091866
PHASE,131072,2048,256,1,1,0.101500
PHASE,131072,4096,256,1,1,0.091382
PHASE,131072,8192,256,1,1,0.099759
PHASE,131072,16384,256,1,1,0.095333
PHASE,131072,32768,256,1,1,0.098766
PHASE,131072,65536,256,1,1,0.043734
PHASE,262144,1,1,1,1,1.323047
PHASE,262144,2,2,1,1,1.408792
PHASE,262144,4,4,1,1,1.453480
PHASE,262144,8,8,1,1,0.837843
PHASE,262144,16,16,1,1,0.819121
PHASE,262144,32,32,1,1,0.847436
PHASE,262144,64,64,1,1,0.817946
PHASE,262144,128,128,1,1,0.837845
PHASE,262144,256,256,1,1,0.812850
PHASE,262144,512,256,1,1,0.813758
PHASE,262144,1024,256,1,1,0.208423
PHASE,262144,2048,256,1,1,0.196724
PHASE,262144,4096,256,1,1,0.193455
PHASE,262144,8192,256,1,1,0.197381
PHASE,262144,16384,256,1,1,0.194839
PHASE,262144,32768,256,1,1,0.196355
PHASE,262144,65536,256,1,1,0.200286
PHASE,262144,131072,256,1,1,0.093772
PHASE,131072,1,1,1,1,0.646742
PHASE,131072,2,2,1,1,0.714316
PHASE,131072,4,4,1,1,0.721110
PHASE,131072,8,8,1,1,0.424178
PHASE,131072,16,16,1,1,0.413771
PHASE,131072,32,32,1,1,0.416141
PHASE,131072,64,64,1,1,0.401476
PHASE,131072,128,128,1,1,0.414475
PHASE,131072,256,256,1,1,0.398873
PHASE,131072,512,256,1,1,0.090627
PHASE,131072,1024,256,1,1,0.096453
PHASE,131072,2048,256,1,1,0.100409
PHASE,131072,4096,256,1,1,0.093566
PHASE,131072,8192,256,1,1,0.103375
PHASE,131072,16384,256,1,1,0.097210
PHASE,131072,32768,256,1,1,0.098613
PHASE,131072,65536,256,1,1,0.045442
PHASE,131072,1,1,1,1,0.658217
PHASE,131072,2,2,1,1,0.711304
PHASE,131072,4,4,1,1,0.707457
PHASE,131072,8,8,1,1,0.427816
PHASE,131072,16,16,1,1,0.405312
PHASE,131072,32,32,1,1,0.415523
PHASE,131072,64,64,1,1,0.419245
PHASE,131072,128,128,1,1,0.412115
PHASE,131072,256,256,1,1,0.407337
PHASE,131072,512,256,1,1,0.090970
PHASE,131072,1024,256,1,1,0.091476
PHASE,131072,2048,256,1,1,0.091996
PHASE,131072,4096,256,1,1,0.090193
PHASE,131072,8192,256,1,1,0.095272
PHASE,131072,16384,256,1,1,0.103504
PHASE,131072,32768,256,1,1,0.102374
PHASE,131072,65536,256,1,1,0.043942
PHASE,1048576,1,1,1,1,5.255030
PHASE,1048576,2,2,1,1,5.673966
PHASE,1048576,4,4,1,1,5.802528
PHASE,1048576,8,8,1,1,6.262177
PHASE,1048576,16,16,1,1,3.309383
PHASE,1048576,32,32,1,1,3.314566
PHASE,1048576,64,64,1,1,3.141248
PHASE,1048576,128,128,1,1,3.288219
PHASE,1048576,256,256,1,1,3.265125
PHASE,1048576,512,256,1,1,3.308012
PHASE,1048576,1024,256,1,1,3.418546
PHASE,1048576,2048,256,1,1,3.290957
PHASE,1048576,4096,256,1,1,0.855394
PHASE,1048576,8192,256,1,1,0.873350
PHASE,1048576,16384,256,1,1,0.901984
PHASE,1048576,32768,256,1,1,0.823457
PHASE,1048576,65536,256,1,1,0.785845
PHASE,1048576,131072,256,1,1,0.786512
PHASE,1048576,262144,256,1,1,0.798619
PHASE,1048576,524288,256,1,1,0.395682
PHASE,524288,1,1,1,1,2.651939
PHASE,524288,2,2,1,1,2.862156
PHASE,524288,4,4,1,1,2.882016
PHASE,524288,8,8,1,1,1.640780
PHASE,524288,16,16,1,1,1.655052
PHASE,524288,32,32,1,1,1.664246
PHASE,524288,64,64,1,1,1.574315
PHASE,524288,128,128,1,1,1.667067
PHASE,524288,256,256,1,1,1.660291
PHASE,524288,512,256,1,1,1.645980
PHASE,524288,1024,256,1,1,1.689695
PHASE,524288,2048,256,1,1,0.396316
PHASE,524288,4096,256,1,1,0.411657
PHASE,524288,8192,256,1,1,0.423759
PHASE,524288,16384,256,1,1,0.421624
PHASE,524288,32768,256,1,1,0.384058
PHASE,524288,65536,256,1,1,0.392299
PHASE,524288,131072,256,1,1,0.411870
PHASE,524288,262144,256,1,1,0.191117
PHASE,262144,1,1,1,1,1.323902
PHASE,262144,2,2,1,1,1.416983
PHASE,262144,4,4,1,1,1.749367
PHASE,262144,8,8,1,1,0.868293
PHASE,262144,16,16,1,1,0.828788
PHASE,262144,32,32,1,1,0.888264
PHASE,262144,64,64,1,1,0.847710
PHASE,262144,128,128,1,1,0.827607
PHASE,262144,256,256,1,1,0.882315
PHASE,262144,512,256,1,1,0.834262
PHASE,262144,1024,256,1,1,0.198914
PHASE,262144,2048,256,1,1,0.193075
PHASE,262144,4096,256,1,1,0.199951
PHASE,262144,8192,256,1,1,0.205171
PHASE,262144,16384,256,1,1,0.193951
PHASE,262144,32768,256,1,1,0.195198
PHASE,262144,65536,256,1,1,0.200428
PHASE,262144,131072,256,1,1,0.104268
PHASE,131072,1,1,1,1,0.673606
PHASE,131072,2,2,1,1,0.716652
PHASE,131072,4,4,1,1,0.721476
PHASE,131072,8,8,1,1,0.421595
PHASE,131072,16,16,1,1,0.420777
PHASE,131072,32,32,1,1,0.403542
PHASE,131072,64,64,1,1,0.413020
PHASE,131072,128,128,1,1,0.402758
PHASE,131072,256,256,1,1,0.408278
PHASE,131072,512,256,1,1,0.149420
PHASE,131072,1024,256,1,1,0.110036
PHASE,131072,2048,256,1,1,0.093906
PHASE,131072,4096,256,1,1,0.096351
PHASE,131072,8192,256,1,1,0.096267
PHASE,131072,16384,256,1,1,0.097007
PHASE,131072,32768,256,1,1,0.101192
PHASE,131072,65536,256,1,1,0.047084
PHASE,131072,1,1,1,1,0.650223
PHASE,131072,2,2,1,1,0.712713
PHASE,131072,4,4,1,1,0.727702
PHASE,131072,8,8,1,1,0.419691
PHASE,131072,16,16,1,1,0.415197
PHASE,131072,32,32,1,1,0.409517
PHASE,131072,64,64,1,1,0.408051
PHASE,131072,128,128,1,1,0.407365
PHASE,131072,256,256,1,1,0.398130
PHASE,131072,512,256,1,1,0.091741
PHASE,131072,1024,256,1,1,0.095467
PHASE,131072,2048,256,1,1,0.091004
PHASE,131072,4096,256,1,1,0.097915
PHASE,131072,8192,256,1,1,0.111507
PHASE,131072,16384,256,1,1,0.153569
PHASE,131072,32768,256,1,1,0.130350
PHASE,131072,65536,256,1,1,0.048654
PHASE,262144,1,1,1,1,1.317625
PHASE,262144,2,2,1,1,1.428997
PHASE,262144,4,4,1,1,1.450599
PHASE,262144,8,8,1,1,0.889843
PHASE,262144,16,16,1,1,0.838916
PHASE,262144,32,32,1,1,0.858947
PHASE,262144,64,64,1,1,0.820037
PHASE,262144,128,128,1,1,0.812400
PHASE,262144,256,256,1,1,0.822245
PHASE,262144,512,256,1,1,0.829947
PHASE,262144,1024,256,1,1,0.194194
PHASE,262144,2048,256,1,1,0.191005
PHASE,262144,4096,256,1,1,0.200160
PHASE,262144,8192,256,1,1,0.201024
PHASE,262144,16384,256,1,1,0.191127
PHASE,262144,32768,256,1,1,0.189012
PHASE,262144,65536,256,1,1,0.201077
PHASE,262144,131072,256,1,1,0.105100
PHASE,131072,1,1,1,1,0.662758
PHASE,131072,2,2,1,1,0.703935
PHASE,131072,4,4,1,1,0.720917
PHASE,131072,8,8,1,1,0.421165
PHASE,131072,16,16,1,1,0.411537
PHASE,131072,32,32,1,1,0.406763
PHASE,131072,64,64,1,1,0.414959
PHASE,131072,128,128,1,1,0.403103
PHASE,131072,256,256,1,1,0.408225
PHASE,131072,512,256,1,1,0.096664
PHASE,131072,1024,256,1,1,0.089810
PHASE,131072,2048,256,1,1,0.090836
PHASE,131072,4096,256,1,1,0.092638
PHASE,131072,8192,256,1,1,0.093486
PHASE,131072,16384,256,1,1,0.093311
PHASE,131072,32768,256,1,1,0.097841
PHASE,131072,65536,256,1,1,0.045053
PHASE,131072,1,1,1,1,0.651410
PHASE,131072,2,2,1,1,0.706773
PHASE,131072,4,4,1,1,0.726781
PHASE,131072,8,8,1,1,0.464500
PHASE,131072,16,16,1,1,0.436209
PHASE,131072,32,32,1,1,0.410341
PHASE,131072,64,64,1,1,0.402345
PHASE,131072,128,128,1,1,0.413677
PHASE,131072,256,256,1,1,0.403437
PHASE,131072,512,256,1,1,0.089150
PHASE,131072,1024,256,1,1,0.091553
PHASE,131072,2048,256,1,1,0.091067
PHASE,131072,4096,256,1,1,0.093286
PHASE,131072,8192,256,1,1,0.112112
PHASE,131072,16384,256,1,1,0.095225
PHASE,131072,32768,256,1,1,0.098265
PHASE,131072,65536,256,1,1,0.043447
PHASE,524288,1,1,1,1,2.661688
PHASE,524288,2,2,1,1,2.861103
PHASE,524288,4,4,1,1,2.894419
PHASE,524288,8,8,1,1,1.650738
PHASE,524288,16,16,1,1,1.652944
PHASE,524288,32,32,1,1,1.656852
PHASE,524288,64,64,1,1,1.655383
PHASE,524288,128,128,1,1,1.646963
PHASE,524288,256,256,1,1,1.627792
PHASE,524288,512,256,1,1,1.651473
PHASE,524288,1024,256,1,1,1.947115
PHASE,524288,2048,256,1,1,0.533840
PHASE,524288,4096,256,1,1,0.554146
PHASE,524288,8192,256,1,1,0.612503
PHASE,524288,16384,256,1,1,0.645031
PHASE,524288,32768,256,1,1,0.534136
PHASE,524288,65536,256,1,1,0.552415
PHASE,524288,131072,256,1,1,0.547445
PHASE,524288,262144,256,1,1,0.240669
PHASE,262144,1,1,1,1,1.335750
PHASE,262144,2,2,1,1,1.480729
PHASE,262144,4,4,1,1,2.308206
PHASE,262144,8,8,1,1,1.076649
PHASE,262144,16,16,1,1,0.974993
PHASE,262144,32,32,1,1,0.816418
PHASE,262144,64,64,1,1,0.815095
PHASE,262144,128,128,1,1,0.965611
PHASE,262144,256,256,1,1,1.009843
PHASE,262144,512,256,1,1,1.021645
PHASE,262144,1024,256,1,1,0.313333
PHASE,262144,2048,256,1,1,0.295334
PHASE,262144,4096,256,1,1,0.298910
PHASE,262144,8192,256,1,1,0.312809
PHASE,262144,16384,256,1,1,0.217292
PHASE,262144,32768,256,1,1,0.192414
PHASE,262144,65536,256,1,1,0.219082
PHASE,262144,131072,256,1,1,0.098529
PHASE,131072,1,1,1,1,0.668465
PHASE,131072,2,2,1,1,0.723100
PHASE,131072,4,4,1,1,0.742805
PHASE,131072,8,8,1,1,0.504903
PHASE,131072,16,16,1,1,0.517650
PHASE,131072,32,32,1,1,0.524220
PHASE,131072,64,64,1,1,0.489970
PHASE,131072,128,128,1,1,0.501030
PHASE,131072,256,256,1,1,0.489995
PHASE,131072,512,256,1,1,0.152492
PHASE,131072,1024,256,1,1,0.148625
PHASE,131072,2048,256,1,1,0.144177
PHASE,131072,4096,256,1,1,0.148982
PHASE,131072,8192,256,1,1,0.144849
PHASE,131072,16384,256,1,1,0.123365
PHASE,131072,32768,256,1,1,0.100937
PHASE,131072,65536,256,1,1,0.047659
PHASE,131072,1,1,1,1,0.654143
PHASE,131072,2,2,1,1,0.742248
PHASE,131072,4,4,1,1,1.252605
PHASE,131072,8,8,1,1,0.545092
PHASE,131072,16,16,1,1,0.520798
PHASE,131072,32,32,1,1,0.482327
PHASE,131072,64,64,1,1,0.495679
PHASE,131072,128,128,1,1,0.466869
PHASE,131072,256,256,1,1,0.399676
PHASE,131072,512,256,1,1,0.098707
PHASE,131072,1024,256,1,1,0.089301
PHASE,131072,2048,256,1,1,0.096827
PHASE,131072,4096,256,1,1,0.093033
PHASE,131072,8192,256,1,1,0.094657
PHASE,131072,16384,256,1,1,0.094601
PHASE,131072,32768,256,1,1,0.099498
PHASE,131072,65536,256,1,1,0.044119
PHASE,262144,1,1,1,1,1.560625
PHASE,262144,2,2,1,1,2.526469
PHASE,262144,4,4,1,1,1.712911
PHASE,262144,8,8,1,1,0.842137
PHASE,262144,16,16,1,1,1.054296
PHASE,262144,32,32,1,1,0.975296
PHASE,262144,64,64,1,1,1.012380
PHASE,262144,128,128,1,1,0.861404
PHASE,262144,256,256,1,1,0.820240
PHASE,262144,512,256,1,1,0.805883
PHASE,262144,1024,256,1,1,0.198331
PHASE,262144,2048,256,1,1,0.207877
PHASE,262144,4096,256,1,1,0.208294
PHASE,262144,8192,256,1,1,0.197854
PHASE,262144,16384,256,1,1,0.205866
PHASE,262144,32768,256,1,1,0.193400
PHASE,262144,65536,256,1,1,0.235875
PHASE,262144,131072,256,1,1,0.182530
PHASE,131072,1,1,1,1,0.928506
PHASE,131072,2,2,1,1,1.264950
PHASE,131072,4,4,1,1,0.953637
PHASE,131072,8,8,1,1,0.440745
PHASE,131072,16,16,1,1,0.413110
PHASE,131072,32,32,1,1,0.408465
PHASE,131072,64,64,1,1,0.476159
PHASE,131072,128,128,1,1,0.477687
PHASE,131072,256,256,1,1,0.487755
PHASE,131072,512,256,1,1,0.157791
PHASE,131072,1024,256,1,1,0.148921
PHASE,131072,2048,256,1,1,0.149405
PHASE,131072,4096,256,1,1,0.149717
PHASE,131072,8192,256,1,1,0.151419
PHASE,131072,16384,256,1,1,0.160501
PHASE,131072,32768,256,1,1,0.159828
PHASE,131072,65536,256,1,1,0.091038
PHASE,131072,1,1,1,1,0.942535
PHASE,131072,2,2,1,1,0.843628
PHASE,131072,4,4,1,1,0.725542
PHASE,131072,8,8,1,1,0.423409
PHASE,131072,16,16,1,1,0.426942
PHASE,131072,32,32,1,1,0.385294
PHASE,131072,64,64,1,1,0.415115
PHASE,131072,128,128,1,1,0.461489
PHASE,131072,256,256,1,1,0.502215
PHASE,131072,512,256,1,1,0.151080
PHASE,131072,1024,256,1,1,0.153887
PHASE,131072,2048,256,1,1,0.148050
PHASE,131072,4096,256,1,1,0.148179
PHASE,131072,8192,256,1,1,0.157070
PHASE,131072,16384,256,1,1,0.153547
PHASE,131072,32768,256,1,1,0.168275
PHASE,131072,65536,256,1,1,0.092894
PHASE,1048576,1,1,1,1,5.208817
PHASE,1048576,2,2,1,1,5.650824
PHASE,1048576,4,4,1,1,5.775678
PHASE,1048576,8,8,1,1,6.302384
PHASE,1048576,16,16,1,1,3.298727
PHASE,1048576,32,32,1,1,3.119864
PHASE,1048576,64,64,1,1,3.289097
PHASE,1048576,128,128,1,1,3.123449
PHASE,1048576,256,256,1,1,3.075000
PHASE,1048576,512,256,1,1,3.192435
PHASE,1048576,1024,256,1,1,3.289513
PHASE,1048576,2048,256,1,1,3.338884
PHASE,1048576,4096,256,1,1,0.814188
PHASE,1048576,8192,256,1,1,0.847570
PHASE,1048576,16384,256,1,1,0.856404
PHASE,1048576,32768,256,1,1,0.801678
PHASE,1048576,65536,256,1,1,0.773189
PHASE,1048576,131072,256,1,1,0.771358
PHASE,1048576,262144,256,1,1,0.794534
PHASE,1048576,524288,256,1,1,0.392649
PHASE,524288,1,1,1,1,2.606827
PHASE,524288,2,2,1,1,2.847511
PHASE,524288,4,4,1,1,2.868201
PHASE,524288,8,8,1,1,1.646788
PHASE,524288,16,16,1,1,1.667422
PHASE,524288,32,32,1,1,1.648042
PHASE,524288,64,64,1,1,1.649980
PHASE,524288,128,128,1,1,1.645103
PHASE,524288,256,256,1,1,1.627915
PHASE,524288,512,256,1,1,1.680973
PHASE,524288,1024,256,1,1,1.636915
PHASE,524288,2048,256,1,1,0.388144
PHASE,524288,4096,256,1,1,0.408614
PHASE,524288,8192,256,1,1,0.414273
PHASE,524288,16384,256,1,1,0.404326
PHASE,524288,32768,256,1,1,0.391767
PHASE,524288,65536,256,1,1,0.381804
PHASE,524288,131072,256,1,1,0.412077
PHASE,524288,262144,256,1,1,0.186974
PHASE,262144,1,1,1,1,1.463282
PHASE,262144,2,2,1,1,2.257578
PHASE,262144,4,4,1,1,2.381807
PHASE,262144,8,8,1,1,1.088624
PHASE,262144,16,16,1,1,1.035750
PHASE,262144,32,32,1,1,0.953720
PHASE,262144,64,64,1,1,0.946679
PHASE,262144,128,128,1,1,0.947831
PHASE,262144,256,256,1,1,0.938948
PHASE,262144,512,256,1,1,0.982067
PHASE,262144,1024,256,1,1,0.307264
PHASE,262144,2048,256,1,1,0.305293
PHASE,262144,4096,256,1,1,0.294802
PHASE,262144,8192,256,1,1,0.321993
PHASE,262144,16384,256,1,1,0.315318
PHASE,262144,32768,256,1,1,0.303920
PHASE,262144,65536,256,1,1,0.327419
PHASE,262144,131072,256,1,1,0.178816
PHASE,131072,1,1,1,1,0.942485
PHASE,131072,2,2,1,1,1.255762
PHASE,131072,4,4,1,1,1.237170
PHASE,131072,8,8,1,1,0.441045
PHASE,131072,16,16,1,1,0.404437
PHASE,131072,32,32,1,1,0.408438
PHASE,131072,64,64,1,1,0.406923
PHASE,131072,128,128,1,1,0.462607
PHASE,131072,256,256,1,1,0.427856
PHASE,131072,512,256,1,1,0.093210
PHASE,131072,1024,256,1,1,0.091625
PHASE,131072,2048,256,1,1,0.091495
PHASE,131072,4096,256,1,1,0.093838
PHASE,131072,8192,256,1,1,0.095386
PHASE,131072,16384,256,1,1,0.094958
PHASE,131072,32768,256,1,1,0.109291
PHASE,131072,65536,256,1,1,0.047756
PHASE,131072,1,1,1,1,0.658940
PHASE,131072,2,2,1,1,0.703619
PHASE,131072,4,4,1,1,0.735992
PHASE,131072,8,8,1,1,0.472118
PHASE,131072,16,16,1,1,0.411322
PHASE,131072,32,32,1,1,0.402494
PHASE,131072,64,64,1,1,0.418834
PHASE,131072,128,128,1,1,0.402409
PHASE,131072,256,256,1,1,0.413549
PHASE,131072,512,256,1,1,0.092888
PHASE,131072,1024,256,1,1,0.093646
PHASE,131072,2048,256,1,1,0.091847
PHASE,131072,4096,256,1,1,0.092535
PHASE,131072,8192,256,1,1,0.093080
PHASE,131072,16384,256,1,1,0.097661
PHASE,131072,32768,256,1,1,0.099270
PHASE,131072,65536,256,1,1,0.044646
PHASE,262144,1,1,1,1,1.317697
PHASE,262144,2,2,1,1,1.433420
PHASE,262144,4,4,1,1,1.426875
PHASE,262144,8,8,1,1,0.803780
PHASE,262144,16,16,1,1,0.847470
PHASE,262144,32,32,1,1,0.839903
PHASE,262144,64,64,1,1,0.886093
PHASE,262144,128,128,1,1,0.833283
PHASE,262144,256,256,1,1,0.830441
PHASE,262144,512,256,1,1,0.876211
PHASE,262144,1024,256,1,1,0.195597
PHASE,262144,2048,256,1,1,0.202770
PHASE,262144,4096,256,1,1,0.198703
PHASE,262144,8192,256,1,1,0.195279
PHASE,262144,16384,256,1,1,0.190857
PHASE,262144,32768,256,1,1,0.195766
PHASE,262144,65536,256,1,1,0.208899
PHASE,262144,131072,256,1,1,0.094712
PHASE,131072,1,1,1,1,0.672275
PHASE,131072,2,2,1,1,0.709434
PHASE,131072,4,4,1,1,0.713856
PHASE,131072,8,8,1,1,0.439322
PHASE,131072,16,16,1,1,0.402900
PHASE,131072,32,32,1,1,0.406480
PHASE,131072,64,64,1,1,0.397717
PHASE,131072,128,128,1,1,0.402633
PHASE,131072,256,256,1,1,0.409321
PHASE,131072,512,256,1,1,0.092555
PHASE,131072,1024,256,1,1,0.092188
PHASE,131072,2048,256,1,1,0.092785
PHASE,131072,4096,256,1,1,0.094312
PHASE,131072,8192,256,1,1,0.093601
PHASE,131072,16384,256,1,1,0.095986
PHASE,131072,32768,256,1,1,0.101204
PHASE,131072,65536,256,1,1,0.045017
PHASE,131072,1,1,1,1,0.650756
PHASE,131072,2,2,1,1,0.718292
PHASE,131072,4,4,1,1,0.721303
PHASE,131072,8,8,1,1,0.420671
PHASE,131072,16,16,1,1,0.417476
PHASE,131072,32,32,1,1,0.404462
PHASE,131072,64,64,1,1,0.408999
PHASE,131072,128,128,1,1,0.406458
PHASE,131072,256,256,1,1,0.399264
PHASE,131072,512,256,1,1,0.099990
PHASE,131072,1024,256,1,1,0.090669
PHASE,131072,2048,256,1,1,0.097219
PHASE,131072,4096,256,1,1,0.093482
PHASE,131072,8192,256,1,1,0.092178
PHASE,131072,16384,256,1,1,0.094277
PHASE,131072,32768,256,1,1,0.098450
PHASE,131072,65536,256,1,1,0.044185
PHASE,524288,1,1,1,1,2.669213
PHASE,524288,2,2,1,1,2.868914
PHASE,524288,4,4,1,1,2.888804
PHASE,524288,8,8,1,1,1.644774
PHASE,524288,16,16,1,1,1.643272
PHASE,524288,32,32,1,1,1.661717
PHASE,524288,64,64,1,1,1.656920
PHASE,524288,128,128,1,1,1.637021
PHASE,524288,256,256,1,1,1.672555
PHASE,524288,512,256,1,1,1.657165
PHASE,524288,1024,256,1,1,1.683497
PHASE,524288,2048,256,1,1,0.428105
PHASE,524288,4096,256,1,1,0.411878
PHASE,524288,8192,256,1,1,0.454137
PHASE,524288,16384,256,1,1,0.418402
PHASE,524288,32768,256,1,1,0.384467
PHASE,524288,65536,256,1,1,0.408580
PHASE,524288,131072,256,1,1,0.398065
PHASE,524288,262144,256,1,1,0.190861
PHASE,262144,1,1,1,1,1.333959
PHASE,262144,2,2,1,1,1.410284
PHASE,262144,4,4,1,1,1.458562
PHASE,262144,8,8,1,1,0.852689
PHASE,262144,16,16,1,1,0.815694
PHASE,262144,32,32,1,1,0.843017
PHASE,262144,64,64,1,1,0.833705
PHASE,262144,128,128,1,1,0.875119
PHASE,262144,256,256,1,1,0.825273
PHASE,262144,512,256,1,1,0.833485
PHASE,262144,1024,256,1,1,0.199231
PHASE,262144,2048,256,1,1,0.194752
PHASE,262144,4096,256,1,1,0.197266
PHASE,262144,8192,256,1,1,0.205792
PHASE,262144,16384,256,1,1,0.200221
PHASE,262144,32768,256,1,1,0.197366
PHASE,262144,65536,256,1,1,0.204903
PHASE,262144,131072,256,1,1,0.097787
PHASE,131072,1,1,1,1,0.654317
PHASE,131072,2,2,1,1,0.712599
PHASE,131072,4,4,1,1,0.736036
PHASE,131072,8,8,1,1,0.419522
PHASE,131072,16,16,1,1,0.398520
PHASE,131072,32,32,1,1,0.406239
PHASE,131072,64,64,1,1,0.399327
PHASE,131072,128,128,1,1,0.415988
PHASE,131072,256,256,1,1,0.400292
PHASE,131072,512,256,1,1,0.093317
PHASE,131072,1024,256,1,1,0.092223
PHASE,131072,2048,256,1,1,0.099066
PHASE,131072,4096,256,1,1,0.100275
PHASE,131072,8192,256,1,1,0.095927
PHASE,131072,16384,256,1,1,0.095775
PHASE,131072,32768,256,1,1,0.098468
PHASE,131072,65536,256,1,1,0.046200
PHASE,131072,1,1,1,1,0.671692
PHASE,131072,2,2,1,1,0.710897
PHASE,131072,4,4,1,1,0.713596
PHASE,131072,8,8,1,1,0.417038
PHASE,131072,16,16,1,1,0.387069
PHASE,131072,32,32,1,1,0.393875
PHASE,131072,64,64,1,1,0.402676
PHASE,131072,128,128,1,1,0.407800
PHASE,131072,256,256,1,1,0.405641
PHASE,131072,512,256,1,1,0.091008
PHASE,131072,1024,256,1,1,0.090798
PHASE,131072,2048,256,1,1,0.093324
PHASE,131072,4096,256,1,1,0.092565
PHASE,131072,8192,256,1,1,0.093133
PHASE,131072,16384,256,1,1,0.093986
PHASE,131072,32768,256,1,1,0.106428
PHASE,131072,65536,256,1,1,0.046377
PHASE,262144,1,1,1,1,1.330790
PHASE,262144,2,2,1,1,1.422109
PHASE,262144,4,4,1,1,1.435310
PHASE,262144,8,8,1,1,0.842446
PHASE,262144,16,16,1,1,0.822475
PHASE,262144,32,32,1,1,0.804242
PHASE,262144,64,64,1,1,0.911190
PHASE,262144,128,128,1,1,0.840819
PHASE,262144,256,256,1,1,0.820566
PHASE,262144,512,256,1,1,0.827689
PHASE,262144,1024,256,1,1,0.199383
PHASE,262144,2048,256,1,1,0.193686
PHASE,262144,4096,256,1,1,0.195699
PHASE,262144,8192,256,1,1,0.192673
PHASE,262144,16384,256,1,1,0.188530
PHASE,262144,32768,256,1,1,0.195407
PHASE,262144,65536,256,1,1,0.206226
PHASE,262144,131072,256,1,1,0.093778
PHASE,131072,1,1,1,1,0.669329
PHASE,131072,2,2,1,1,0.708915
PHASE,131072,4,4,1,1,0.720413
PHASE,131072,8,8,1,1,0.466647
PHASE,131072,16,16,1,1,0.420375
PHASE,131072,32,32,1,1,0.413012
PHASE,131072,64,64,1,1,0.400749
PHASE,131072,128,128,1,1,0.413378
PHASE,131072,256,256,1,1,0.407697
PHASE,131072,512,256,1,1,0.090677
PHASE,131072,1024,256,1,1,0.090358
PHASE,131072,2048,256,1,1,0.091040
PHASE,131072,4096,256,1,1,0.094284
PHASE,131072,8192,256,1,1,0.105289
PHASE,131072,16384,256,1,1,0.098358
PHASE,131072,32768,256,1,1,0.104662
PHASE,131072,65536,256,1,1,0.044694
PHASE,131072,1,1,1,1,0.669041
PHASE,131072,2,2,1,1,0.706572
PHASE,131072,4,4,1,1,0.714963
PHASE,131072,8,8,1,1,0.428765
PHASE,131072,16,16,1,1,0.410370
PHASE,131072,32,32,1,1,0.403744
PHASE,131072,64,64,1,1,0.411485
PHASE,131072,128,128,1,1,0.404675
PHASE,131072,256,256,1,1,0.409866
PHASE,131072,512,256,1,1,0.090672
PHASE,131072,1024,256,1,1,0.090971
PHASE,131072,2048,256,1,1,0.092639
PHASE,131072,4096,256,1,1,0.092316
PHASE,131072,8192,256,1,1,0.091341
PHASE,131072,16384,256,1,1,0.093498
PHASE,131072,32768,256,1,1,0.101502
PHASE,131072,65536,256,1,1,0.045066
PHASE,1048576,1,1,1,1,5.195306
PHASE,1048576,2,2,1,1,5.638381
PHASE,1048576,4,4,1,1,5.767980
PHASE,1048576,8,8,1,1,6.111318
PHASE,1048576,16,16,1,1,3.311877
PHASE,1048576,32,32,1,1,3.274318
PHASE,1048576,64,64,1,1,3.281837
PHASE,1048576,128,128,1,1,3.270303
PHASE,1048576,256,256,1,1,3.265717
PHASE,1048576,512,256,1,1,3.232588
PHASE,1048576,1024,256,1,1,3.354856
PHASE,1048576,2048,256,1,1,3.294662
PHASE,1048576,4096,256,1,1,0.833417
PHASE,1048576,8192,256,1,1,0.875352
PHASE,1048576,16384,256,1,1,0.908720
PHASE,1048576,32768,256,1,1,0.832830
PHASE,1048576,65536,256,1,1,0.781038
PHASE,1048576,131072,256,1,1,0.783605
PHASE,1048576,262144,256,1,1,0.819727
PHASE,1048576,524288,256,1,1,0.388728
PHASE,524288,1,1,1,1,2.609924
PHASE,524288,2,2,1,1,2.842181
PHASE,524288,4,4,1,1,2.882681
PHASE,524288,8,8,1,1,1.649315
PHASE,524288,16,16,1,1,1.650180
PHASE,524288,32,32,1,1,1.658024
PHASE,524288,64,64,1,1,1.646928
PHASE,524288,128,128,1,1,1.647729
PHASE,524288,256,256,1,1,1.636014
PHASE,524288,512,256,1,1,1.729478
PHASE,524288,1024,256,1,1,1.638208
PHASE,524288,2048,256,1,1,0.404270
PHASE,524288,4096,256,1,1,0.403232
PHASE,524288,8192,256,1,1,0.429561
PHASE,524288,16384,256,1,1,0.412514
PHASE,524288,32768,256,1,1,0.385346
PHASE,524288,65536,256,1,1,0.404295
PHASE,524288,131072,256,1,1,0.396537
PHASE,524288,262144,256,1,1,0.190158
PHASE,262144,1,1,1,1,1.311345
PHASE,262144,2,2,1,1,1.415371
PHASE,262144,4,4,1,1,1.444528
PHASE,262144,8,8,1,1,0.830668
PHASE,262144,16,16,1,1,0.813896
PHASE,262144,32,32,1,1,0.825816
PHASE,262144,64,64,1,1,0.847465
PHASE,262144,128,128,1,1,0.818401
PHASE,262144,256,256,1,1,0.827991
PHASE,262144,512,256,1,1,0.879225
PHASE,262144,1024,256,1,1,0.196838
PHASE,262144,2048,256,1,1,0.196175
PHASE,262144,4096,256,1,1,0.203954
PHASE,262144,8192,256,1,1,0.203752
PHASE,262144,16384,256,1,1,0.197497
PHASE,262144,32768,256,1,1,0.191741
PHASE,262144,65536,256,1,1,0.203936
PHASE,262144,131072,256,1,1,0.094537
PHASE,131072,1,1,1,1,0.654406
PHASE,131072,2,2,1,1,0.702919
PHASE,131072,4,4,1,1,0.722421
PHASE,131072,8,8,1,1,0.407882
PHASE,131072,16,16,1,1,0.447837
PHASE,131072,32,32,1,1,0.403389
PHASE,131072,64,64,1,1,0.409781
PHASE,131072,128,128,1,1,0.402653
PHASE,131072,256,256,1,1,0.402515
PHASE,131072,512,256,1,1,0.099724
PHASE,131072,1024,256,1,1,0.104869
PHASE,131072,2048,256,1,1,0.092870
PHASE,131072,4096,256,1,1,0.093211
PHASE,131072,8192,256,1,1,0.093636
PHASE,131072,16384,256,1,1,0.098061
PHASE,131072,32768,256,1,1,0.098863
PHASE,131072,65536,256,1,1,0.050197
PHASE,131072,1,1,1,1,0.656925
PHASE,131072,2,2,1,1,0.714196
PHASE,131072,4,4,1,1,0.721064
PHASE,131072,8,8,1,1,0.434396
PHASE,131072,16,16,1,1,0.413352
PHASE,131072,32,32,1,1,0.411804
PHASE,131072,64,64,1,1,0.403425
PHASE,131072,128,128,1,1,0.415276
PHASE,131072,256,256,1,1,0.399943
PHASE,131072,512,256,1,1,0.089138
PHASE,131072,1024,256,1,1,0.091406
PHASE,131072,2048,256,1,1,0.094321
PHASE,131072,4096,256,1,1,0.097994
PHASE,131072,8192,256,1,1,0.094747
PHASE,131072,16384,256,1,1,0.103830
PHASE,131072,32768,256,1,1,0.100799
PHASE,131072,65536,256,1,1,0.045177
PHASE,262144,1,1,1,1,1.321632
PHASE,262144,2,2,1,1,1.407575
PHASE,262144,4,4,1,1,1.442690
PHASE,262144,8,8,1,1,0.840318
PHASE,262144,16,16,1,1,0.830208
PHASE,262144,32,32,1,1,0.832418
PHASE,262144,64,64,1,1,0.883101
PHASE,262144,128,128,1,1,0.836675
PHASE,262144,256,256,1,1,0.824494
PHASE,262144,512,256,1,1,0.829359
PHASE,262144,1024,256,1,1,0.195873
PHASE,262144,2048,256,1,1,0.195529
PHASE,262144,4096,256,1,1,0.192476
PHASE,262144,8192,256,1,1,0.196034
PHASE,262144,16384,256,1,1,0.198990
PHASE,262144,32768,256,1,1,0.191789
PHASE,262144,65536,256,1,1,0.201536
PHASE,262144,131072,256,1,1,0.093982
PHASE,131072,1,1,1,1,0.651412
PHASE,131072,2,2,1,1,0.712907
PHASE,131072,4,4,1,1,0.721301
PHASE,131072,8,8,1,1,0.424035
PHASE,131072,16,16,1,1,0.414303
PHASE,131072,32,32,1,1,0.412082
PHASE,131072,64,64,1,1,0.404476
PHASE,131072,128,128,1,1,0.413314
PHASE,131072,256,256,1,1,0.402355
PHASE,131072,512,256,1,1,0.090662
PHASE,131072,1024,256,1,1,0.090607
PHASE,131072,2048,256,1,1,0.096315
PHASE,131072,4096,256,1,1,0.091897
PHASE,131072,8192,256,1,1,0.100123
PHASE,131072,16384,256,1,1,0.094425
PHASE,131072,32768,256,1,1,0.098762
PHASE,131072,65536,256,1,1,0.043957
PHASE,131072,1,1,1,1,0.657466
PHASE,131072,2,2,1,1,0.708744
PHASE,131072,4,4,1,1,0.708512
PHASE,131072,8,8,1,1,0.432775
PHASE,131072,16,16,1,1,0.422694
PHASE,131072,32,32,1,1,0.417074
PHASE,131072,64,64,1,1,0.403209
PHASE,131072,128,128,1,1,0.405443
PHASE,131072,256,256,1,1,0.404781
PHASE,131072,512,256,1,1,0.090211
PHASE,131072,1024,256,1,1,0.089901
PHASE,131072,2048,256,1,1,0.091255
PHASE,131072,4096,256,1,1,0.091131
PHASE,131072,8192,256,1,1,0.093681
PHASE,131072,16384,256,1,1,0.093481
PHASE,131072,32768,256,1,1,0.103195
PHASE,131072,65536,256,1,1,0.045241
PHASE,524288,1,1,1,1,2.631489
PHASE,524288,2,2,1,1,2.832444
PHASE,524288,4,4,1,1,2.872201
PHASE,524288,8,8,1,1,1.657374
PHASE,524288,16,16,1,1,1.672147
PHASE,524288,32,32,1,1,1.642243
PHASE,524288,64,64,1,1,1.650671
PHASE,524288,128,128,1,1,1.635308
PHASE,524288,256,256,1,1,1.651173
PHASE,524288,512,256,1,1,1.732389
PHASE,524288,1024,256,1,1,1.640230
PHASE,524288,2048,256,1,1,0.402582
PHASE,524288,4096,256,1,1,0.407821
PHASE,524288,8192,256,1,1,0.440575
PHASE,524288,16384,256,1,1,0.402941
PHASE,524288,32768,256,1,1,0.400637
PHASE,524288,65536,256,1,1,0.387397
PHASE,524288,131072,256,1,1,0.403786
PHASE,524288,262144,256,1,1,0.196873
PHASE,262144,1,1,1,1,1.299666
PHASE,262144,2,2,1,1,1.419073
PHASE,262144,4,4,1,1,1.441284
PHASE,262144,8,8,1,1,0.845059
PHASE,262144,16,16,1,1,0.826447
PHASE,262144,32,32,1,1,0.940050
PHASE,262144,64,64,1,1,0.813835
PHASE,262144,128,128,1,1,0.811506
PHASE,262144,256,256,1,1,0.863157
PHASE,262144,512,256,1,1,0.822026
PHASE,262144,1024,256,1,1,0.196845
PHASE,262144,2048,256,1,1,0.190905
PHASE,262144,4096,256,1,1,0.196684
PHASE,262144,8192,256,1,1,0.204249
PHASE,262144,16384,256,1,1,0.192771
PHASE,262144,32768,256,1,1,0.195537
PHASE,262144,65536,256,1,1,0.201117
PHASE,262144,131072,256,1,1,0.101923
PHASE,131072,1,1,1,1,0.669394
PHASE,131072,2,2,1,1,0.698223
PHASE,131072,4,4,1,1,0.721641
PHASE,131072,8,8,1,1,0.418977
PHASE,131072,16,16,1,1,0.407965
PHASE,131072,32,32,1,1,0.404800
PHASE,131072,64,64,1,1,0.409948
PHASE,131072,128,128,1,1,0.402502
PHASE,131072,256,256,1,1,0.402520
PHASE,131072,512,256,1,1,0.097803
PHASE,131072,1024,256,1,1,0.091939
PHASE,131072,2048,256,1,1,0.092185
PHASE,131072,4096,256,1,1,0.095173
PHASE,131072,8192,256,1,1,0.094858
PHASE,131072,16384,256,1,1,0.096412
PHASE,131072,32768,256,1,1,0.098460
PHASE,131072,65536,256,1,1,0.046129
PHASE,131072,1,1,1,1,0.649068
PHASE,131072,2,2,1,1,0.711086
PHASE,131072,4,4,1,1,0.724180
PHASE,131072,8,8,1,1,0.423680
PHASE,131072,16,16,1,1,0.412324
PHASE,131072,32,32,1,1,0.409830
PHASE,131072,64,64,1,1,0.402141
PHASE,131072,128,128,1,1,0.411621
PHASE,131072,256,256,1,1,0.397084
PHASE,131072,512,256,1,1,0.091699
PHASE,131072,1024,256,1,1,0.089904
PHASE,131072,2048,256,1,1,0.095328
PHASE,131072,4096,256,1,1,0.092320
PHASE,131072,8192,256,1,1,0.105428
PHASE,131072,16384,256,1,1,0.097158
PHASE,131072,32768,256,1,1,0.098708
PHASE,131072,65536,256,1,1,0.044180
PHASE,262144,1,1,1,1,1.313537
PHASE,262144,2,2,1,1,1.411026
PHASE,262144,4,4,1,1,1.433196
PHASE,262144,8,8,1,1,0.847438
PHASE,262144,16,16,1,1,0.819518
PHASE,262144,32,32,1,1,0.872704
PHASE,262144,64,64,1,1,0.835149
PHASE,262144,128,128,1,1,0.914120
PHASE,262144,256,256,1,1,0.819881
PHASE,262144,512,256,1,1,0.828998
PHASE,262144,1024,256,1,1,0.193732
PHASE,262144,2048,256,1,1,0.188489
PHASE,262144,4096,256,1,1,0.192611
PHASE,262144,8192,256,1,1,0.198995
PHASE,262144,16384,256,1,1,0.195296
PHASE,262144,32768,256,1,1,0.191444
PHASE,262144,65536,256,1,1,0.201180
PHASE,262144,131072,256,1,1,0.095319
PHASE,131072,1,1,1,1,0.647252
PHASE,131072,2,2,1,1,0.706731
PHASE,131072,4,4,1,1,0.723286
PHASE,131072,8,8,1,1,0.419469
PHASE,131072,16,16,1,1,0.414949
PHASE,131072,32,32,1,1,0.404336
PHASE,131072,64,64,1,1,0.405139
PHASE,131072,128,128,1,1,0.407635
PHASE,131072,256,256,1,1,0.399461
PHASE,131072,512,256,1,1,0.089900
PHASE,131072,1024,256,1,1,0.095849
PHASE,131072,2048,256,1,1,0.090996
PHASE,131072,4096,256,1,1,0.098465
PHASE,131072,8192,256,1,1,0.095736
PHASE,131072,16384,256,1,1,0.096656
PHASE,131072,32768,256,1,1,0.099476
PHASE,131072,65536,256,1,1,0.046389
PHASE,131072,1,1,1,1,0.658217
PHASE,131072,2,2,1,1,0.714409
PHASE,131072,4,4,1,1,0.717131
PHASE,131072,8,8,1,1,0.462104
PHASE,131072,16,16,1,1,0.428926
PHASE,131072,32,32,1,1,0.414476
PHASE,131072,64,64,1,1,0.402657
PHASE,131072,128,128,1,1,0.406867
PHASE,131072,256,256,1,1,0.403745
PHASE,131072,512,256,1,1,0.088726
PHASE,131072,1024,256,1,1,0.091535
PHASE,131072,2048,256,1,1,0.091232
PHASE,131072,4096,256,1,1,0.095030
PHASE,131072,8192,256,1,1,0.098799
PHASE,131072,16384,256,1,1,0.097175
PHASE,131072,32768,256,1,1,0.104573
PHASE,131072,65536,256,1,1,0.045918
PHASE,1048576,1,1,1,1,5.225084
PHASE,1048576,2,2,1,1,5.702444
PHASE,1048576,4,4,1,1,5.806182
PHASE,1048576,8,8,1,1,6.072511
PHASE,1048576,16,16,1,1,3.301767
PHASE,1048576,32,32,1,1,3.280539
PHASE,1048576,64,64,1,1,3.126289
PHASE,1048576,128,128,1,1,3.122759
PHASE,1048576,256,256,1,1,3.087658
PHASE,1048576,512,256,1,1,3.292164
PHASE,1048576,1024,256,1,1,3.380826
PHASE,1048576,2048,256,1,1,3.256728
PHASE,1048576,4096,256,1,1,0.812284
PHASE,1048576,8192,256,1,1,0.839691
PHASE,1048576,16384,256,1,1,0.864294
PHASE,1048576,32768,256,1,1,0.803796
PHASE,1048576,65536,256,1,1,0.767924
PHASE,1048576,131072,256,1,1,0.776268
PHASE,1048576,262144,256,1,1,0.804360
PHASE,1048576,524288,256,1,1,0.394382
PHASE,524288,1,1,1,1,2.619675
PHASE,524288,2,2,1,1,2.830623
PHASE,524288,4,4,1,1,2.870089
PHASE,524288,8,8,1,1,1.647982
PHASE,524288,16,16,1,1,1.662922
PHASE,524288,32,32,1,1,1.644487
PHASE,524288,64,64,1,1,1.639377
PHASE,524288,128,128,1,1,1.654730
PHASE,524288,256,256,1,1,1.619695
PHASE,524288,512,256,1,1,1.661485
PHASE,524288,1024,256,1,1,1.643102
PHASE,524288,2048,256,1,1,0.390712
PHASE,524288,4096,256,1,1,0.403555
PHASE,524288,8192,256,1,1,0.421847
PHASE,524288,16384,256,1,1,0.405379
PHASE,524288,32768,256,1,1,0.393697
PHASE,524288,65536,256,1,1,0.385606
PHASE,524288,131072,256,1,1,0.414472
PHASE,524288,262144,256,1,1,0.196155
PHASE,262144,1,1,1,1,1.304400
PHASE,262144,2,2,1,1,1.428013
PHASE,262144,4,4,1,1,1.431046
PHASE,262144,8,8,1,1,0.839797
PHASE,262144,16,16,1,1,0.908355
PHASE,262144,32,32,1,1,0.969883
PHASE,262144,64,64,1,1,0.977844
PHASE,262144,128,128,1,1,0.945388
PHASE,262144,256,256,1,1,0.970378
PHASE,262144,512,256,1,1,0.927519
PHASE,262144,1024,256,1,1,0.254685
PHASE,262144,2048,256,1,1,0.271140
PHASE,262144,4096,256,1,1,0.217529
PHASE,262144,8192,256,1,1,0.212981
PHASE,262144,16384,256,1,1,0.192225
PHASE,262144,32768,256,1,1,0.192693
PHASE,262144,65536,256,1,1,0.204928
PHASE,262144,131072,256,1,1,0.104048
PHASE,131072,1,1,1,1,0.673907
PHASE,131072,2,2,1,1,0.731058
PHASE,131072,4,4,1,1,0.729789
PHASE,131072,8,8,1,1,0.488690
PHASE,131072,16,16,1,1,0.499857
PHASE,131072,32,32,1,1,0.496482
PHASE,131072,64,64,1,1,0.480348
PHASE,131072,128,128,1,1,0.480876
PHASE,131072,256,256,1,1,0.479482
PHASE,131072,512,256,1,1,0.164887
PHASE,131072,1024,256,1,1,0.150299
PHASE,131072,2048,256,1,1,0.144266
PHASE,131072,4096,256,1,1,0.144393
PHASE,131072,8192,256,1,1,0.142356
PHASE,131072,16384,256,1,1,0.145726
PHASE,131072,32768,256,1,1,0.150064
PHASE,131072,65536,256,1,1,0.093932
PHASE,131072,1,1,1,1,0.676050
PHASE,131072,2,2,1,1,0.701475
PHASE,131072,4,4,1,1,0.721903
PHASE,131072,8,8,1,1,0.561960
PHASE,131072,16,16,1,1,0.521344
PHASE,131072,32,32,1,1,0.497818
PHASE,131072,64,64,1,1,0.493709
PHASE,131072,128,128,1,1,0.481154
PHASE,131072,256,256,1,1,0.486569
PHASE,131072,512,256,1,1,0.144507
PHASE,131072,1024,256,1,1,0.147529
PHASE,131072,2048,256,1,1,0.147652
PHASE,131072,4096,256,1,1,0.143252
PHASE,131072,8192,256,1,1,0.145570
PHASE,131072,16384,256,1,1,0.140147
PHASE,131072,32768,256,1,1,0.121595
PHASE,131072,65536,256,1,1,0.047081
PHASE,262144,1,1,1,1,1.335493
PHASE,262144,2,2,1,1,1.558079
PHASE,262144,4,4,1,1,2.474882
PHASE,262144,8,8,1,1,0.856025
PHASE,262144,16,16,1,1,0.889343
PHASE,262144,32,32,1,1,0.850674
PHASE,262144,64,64,1,1,0.791823
PHASE,262144,128,128,1,1,0.830311
PHASE,262144,256,256,1,1,0.843360
PHASE,262144,512,256,1,1,0.826856
PHASE,262144,1024,256,1,1,0.200467
PHASE,262144,2048,256,1,1,0.207198
PHASE,262144,4096,256,1,1,0.195516
PHASE,262144,8192,256,1,1,0.195907
PHASE,262144,16384,256,1,1,0.191771
PHASE,262144,32768,256,1,1,0.200736
PHASE,262144,65536,256,1,1,0.213282
PHASE,262144,131072,256,1,1,0.095067
PHASE,131072,1,1,1,1,0.662252
PHASE,131072,2,2,1,1,0.718154
PHASE,131072,4,4,1,1,0.718381
PHASE,131072,8,8,1,1,0.416333
PHASE,131072,16,16,1,1,0.404036
PHASE,131072,32,32,1,1,0.419054
PHASE,131072,64,64,1,1,0.403050
PHASE,131072,128,128,1,1,0.409979
PHASE,131072,256,256,1,1,0.405649
PHASE,131072,512,256,1,1,0.094990
PHASE,131072,1024,256,1,1,0.090169
PHASE,131072,2048,256,1,1,0.092207
PHASE,131072,4096,256,1,1,0.099124
PHASE,131072,8192,256,1,1,0.094492
PHASE,131072,16384,256,1,1,0.104035
PHASE,131072,32768,256,1,1,0.108182
PHASE,131072,65536,256,1,1,0.046640
PHASE,131072,1,1,1,1,0.676270
PHASE,131072,2,2,1,1,0.696376
PHASE,131072,4,4,1,1,0.729554
PHASE,131072,8,8,1,1,0.411249
PHASE,131072,16,16,1,1,0.412793
PHASE,131072,32,32,1,1,0.407192
PHASE,131072,64,64,1,1,0.417979
PHASE,131072,128,128,1,1,0.405389
PHASE,131072,256,256,1,1,0.414776
PHASE,131072,512,256,1,1,0.089911
PHASE,131072,1024,256,1,1,0.089744
PHASE,131072,2048,256,1,1,0.091045
PHASE,131072,4096,256,1,1,0.092184
PHASE,131072,8192,256,1,1,0.093342
PHASE,131072,16384,256,1,1,0.097880
PHASE,131072,32768,256,1,1,0.101384
PHASE,131072,65536,256,1,1,0.054629
PHASE,524288,1,1,1,1,2.680617
PHASE,524288,2,2,1,1,2.874098
PHASE,524288,4,4,1,1,2.911147
PHASE,524288,8,8,1,1,1.657013
PHASE,524288,16,16,1,1,1.670156
PHASE,524288,32,32,1,1,1.659377
PHASE,524288,64,64,1,1,1.716653
PHASE,524288,128,128,1,1,1.704003
PHASE,524288,256,256,1,1,1.654072
PHASE,524288,512,256,1,1,1.677141
PHASE,524288,1024,256,1,1,1.669628
PHASE,524288,2048,256,1,1,0.395374
PHASE,524288,4096,256,1,1,0.426762
PHASE,524288,8192,256,1,1,0.444565
PHASE,524288,16384,256,1,1,0.412355
PHASE,524288,32768,256,1,1,0.394631
PHASE,524288,65536,256,1,1,0.380501
PHASE,524288,131072,256,1,1,0.425083
PHASE,524288,262144,256,1,1,0.189150
PHASE,262144,1,1,1,1,1.338726
PHASE,262144,2,2,1,1,1.423409
PHASE,262144,4,4,1,1,1.445207
PHASE,262144,8,8,1,1,0.838731
PHASE,262144,16,16,1,1,0.889187
PHASE,262144,32,32,1,1,0.843994
PHASE,262144,64,64,1,1,0.888055
PHASE,262144,128,128,1,1,0.840755
PHASE,262144,256,256,1,1,0.811603
PHASE,262144,512,256,1,1,0.840141
PHASE,262144,1024,256,1,1,0.208630
PHASE,262144,2048,256,1,1,0.193218
PHASE,262144,4096,256,1,1,0.195856
PHASE,262144,8192,256,1,1,0.200369
PHASE,262144,16384,256,1,1,0.194157
PHASE,262144,32768,256,1,1,0.207660
PHASE,262144,65536,256,1,1,0.205623
PHASE,262144,131072,256,1,1,0.095104
PHASE,131072,1,1,1,1,0.659867
PHASE,131072,2,2,1,1,0.731600
PHASE,131072,4,4,1,1,0.733999
PHASE,131072,8,8,1,1,0.422993
PHASE,131072,16,16,1,1,0.418764
PHASE,131072,32,32,1,1,0.410160
PHASE,131072,64,64,1,1,0.399630
PHASE,131072,128,128,1,1,0.414533
PHASE,131072,256,256,1,1,0.398773
PHASE,131072,512,256,1,1,0.090805
PHASE,131072,1024,256,1,1,0.090686
PHASE,131072,2048,256,1,1,0.092077
PHASE,131072,4096,256,1,1,0.103396
PHASE,131072,8192,256,1,1,0.102946
PHASE,131072,16384,256,1,1,0.096979
PHASE,131072,32768,256,1,1,0.098510
PHASE,131072,65536,256,1,1,0.046900
PHASE,131072,1,1,1,1,0.672013
PHASE,131072,2,2,1,1,0.706643
PHASE,131072,4,4,1,1,0.715350
PHASE,131072,8,8,1,1,0.412907
PHASE,131072,16,16,1,1,0.405352
PHASE,131072,32,32,1,1,0.418479
PHASE,131072,64,64,1,1,0.408625
PHASE,131072,128,128,1,1,0.404783
PHASE,131072,256,256,1,1,0.413665
PHASE,131072,512,256,1,1,0.090299
PHASE,131072,1024,256,1,1,0.090952
PHASE,131072,2048,256,1,1,0.091679
PHASE,131072,4096,256,1,1,0.092837
PHASE,131072,8192,256,1,1,0.091907
PHASE,131072,16384,256,1,1,0.093776
PHASE,131072,32768,256,1,1,0.103361
PHASE,131072,65536,256,1,1,0.074800
PHASE,262144,1,1,1,1,1.345417
PHASE,262144,2,2,1,1,1.416824
PHASE,262144,4,4,1,1,1.436864
PHASE,262144,8,8,1,1,0.839796
PHASE,262144,16,16,1,1,0.869604
PHASE,262144,32,32,1,1,0.843004
PHASE,262144,64,64,1,1,0.822870
PHASE,262144,128,128,1,1,0.827483
PHASE,262144,256,256,1,1,0.823985
PHASE,262144,512,256,1,1,0.834967
PHASE,262144,1024,256,1,1,0.214783
PHASE,262144,2048,256,1,1,0.201091
PHASE,262144,4096,256,1,1,0.197035
PHASE,262144,8192,256,1,1,0.196791
PHASE,262144,16384,256,1,1,0.190082
PHASE,262144,32768,256,1,1,0.200833
PHASE,262144,65536,256,1,1,0.209355
PHASE,262144,131072,256,1,1,0.101751
PHASE,131072,1,1,1,1,0.666725
PHASE,131072,2,2,1,1,0.713433
PHASE,131072,4,4,1,1,0.718632
PHASE,131072,8,8,1,1,0.425223
PHASE,131072,16,16,1,1,0.406121
PHASE,131072,32,32,1,1,0.414758
PHASE,131072,64,64,1,1,0.400554
PHASE,131072,128,128,1,1,0.410372
PHASE,131072,256,256,1,1,0.404812
PHASE,131072,512,256,1,1,0.090633
PHASE,131072,1024,256,1,1,0.110051
PHASE,131072,2048,256,1,1,0.125467
PHASE,131072,4096,256,1,1,0.139763
PHASE,131072,8192,256,1,1,0.110718
PHASE,131072,16384,256,1,1,0.118929
PHASE,131072,32768,256,1,1,0.103472
PHASE,131072,65536,256,1,1,0.046203
PHASE,131072,1,1,1,1,0.677343
PHASE,131072,2,2,1,1,0.723885
PHASE,131072,4,4,1,1,0.710707
PHASE,131072,8,8,1,1,0.434305
PHASE,131072,16,16,1,1,0.406064
PHASE,131072,32,32,1,1,0.414877
PHASE,131072,64,64,1,1,0.381566
PHASE,131072,128,128,1,1,0.402517
PHASE,131072,256,256,1,1,0.416907
PHASE,131072,512,256,1,1,0.090569
PHASE,131072,1024,256,1,1,0.093835
PHASE,131072,2048,256,1,1,0.095145
PHASE,131072,4096,256,1,1,0.097596
PHASE,131072,8192,256,1,1,0.093256
PHASE,131072,16384,256,1,1,0.093931
PHASE,131072,32768,256,1,1,0.107158
PHASE,131072,65536,256,1,1,0.048239
