PHASE,1048576,1,1,1,1,8.410878
PHASE,1048576,2,2,1,1,7.843841
PHASE,1048576,4,4,1,1,6.576554
PHASE,1048576,8,8,1,1,6.530099
PHASE,1048576,16,16,1,1,6.533889
PHASE,1048576,32,32,1,1,3.243034
PHASE,1048576,64,64,1,1,3.428352
PHASE,1048576,128,128,1,1,3.392173
PHASE,1048576,256,256,1,1,3.384150
PHASE,1048576,512,256,1,1,3.650384
PHASE,1048576,1024,256,1,1,4.002492
PHASE,1048576,2048,256,1,1,4.273959
PHASE,1048576,4096,256,1,1,3.881008
PHASE,1048576,8192,256,1,1,3.695206
PHASE,1048576,16384,256,1,1,3.395068
PHASE,1048576,32768,256,1,1,3.372855
PHASE,1048576,65536,256,1,1,3.405328
PHASE,1048576,131072,256,1,1,3.412467
PHASE,1048576,262144,256,1,1,3.465518
PHASE,1048576,524288,256,1,1,1.254372
PHASE,524288,1,1,1,1,4.202716
PHASE,524288,2,2,1,1,3.936876
PHASE,524288,4,4,1,1,3.250190
PHASE,524288,8,8,1,1,3.289918
PHASE,524288,16,16,1,1,1.667102
PHASE,524288,32,32,1,1,1.694076
PHASE,524288,64,64,1,1,1.700640
PHASE,524288,128,128,1,1,1.710958
PHASE,524288,256,256,1,1,1.702394
PHASE,524288,512,256,1,1,1.783284
PHASE,524288,1024,256,1,1,1.807830
PHASE,524288,2048,256,1,1,1.875485
PHASE,524288,4096,256,1,1,1.831502
PHASE,524288,8192,256,1,1,1.709250
PHASE,524288,16384,256,1,1,1.676555
PHASE,524288,32768,256,1,1,1.700369
PHASE,524288,65536,256,1,1,1.696811
PHASE,524288,131072,256,1,1,1.725300
PHASE,524288,262144,256,1,1,0.647848
PHASE,262144,1,1,1,1,2.113809
PHASE,262144,2,2,1,1,1.969459
PHASE,262144,4,4,1,1,1.638502
PHASE,262144,8,8,1,1,0.852264
PHASE,262144,16,16,1,1,0.954126
PHASE,262144,32,32,1,1,0.856792
PHASE,262144,64,64,1,1,0.980780
PHASE,262144,128,128,1,1,0.849690
PHASE,262144,256,256,1,1,0.858258
PHASE,262144,512,256,1,1,0.896274
PHASE,262144,1024,256,1,1,0.924259
PHASE,262144,2048,256,1,1,0.996736
PHASE,262144,4096,256,1,1,0.866489
PHASE,262144,8192,256,1,1,0.857382
PHASE,262144,16384,256,1,1,0.856220
PHASE,262144,32768,256,1,1,0.859338
PHASE,262144,65536,256,1,1,0.862887
PHASE,262144,131072,256,1,1,0.317096
PHASE,131072,1,1,1,1,1.050295
PHASE,131072,2,2,1,1,0.984252
PHASE,131072,4,4,1,1,0.823602
PHASE,131072,8,8,1,1,0.536425
PHASE,131072,16,16,1,1,0.411877
PHASE,131072,32,32,1,1,0.409386
PHASE,131072,64,64,1,1,0.412945
PHASE,131072,128,128,1,1,0.415680
PHASE,131072,256,256,1,1,0.418363
PHASE,131072,512,256,1,1,0.419698
PHASE,131072,1024,256,1,1,0.412272
PHASE,131072,2048,256,1,1,0.421897
PHASE,131072,4096,256,1,1,0.420783
PHASE,131072,8192,256,1,1,0.424515
PHASE,131072,16384,256,1,1,0.438244
PHASE,131072,32768,256,1,1,0.435977
PHASE,131072,65536,256,1,1,0.156409
PHASE,131072,1,1,1,1,1.056236
PHASE,131072,2,2,1,1,0.977069
PHASE,131072,4,4,1,1,0.817681
PHASE,131072,8,8,1,1,0.434975
PHASE,131072,16,16,1,1,0.414024
PHASE,131072,32,32,1,1,0.414373
PHASE,131072,64,64,1,1,0.412083
PHASE,131072,128,128,1,1,0.423198
PHASE,131072,256,256,1,1,0.420169
PHASE,131072,512,256,1,1,0.429565
PHASE,131072,1024,256,1,1,0.425873
PHASE,131072,2048,256,1,1,0.431482
PHASE,131072,4096,256,1,1,0.430524
PHASE,131072,8192,256,1,1,0.423708
PHASE,131072,16384,256,1,1,0.432661
PHASE,131072,32768,256,1,1,0.436060
PHASE,131072,65536,256,1,1,0.152608
PHASE,262144,1,1,1,1,2.099911
PHASE,262144,2,2,1,1,1.974105
PHASE,262144,4,4,1,1,1.642229
PHASE,262144,8,8,1,1,0.847939
PHASE,262144,16,16,1,1,0.829353
PHASE,262144,32,32,1,1,0.966193
PHASE,262144,64,64,1,1,0.859377
PHASE,262144,128,128,1,1,0.883289
PHASE,262144,256,256,1,1,0.847157
PHASE,262144,512,256,1,1,0.964284
PHASE,262144,1024,256,1,1,0.872058
PHASE,262144,2048,256,1,1,0.913019
PHASE,262144,4096,256,1,1,0.843206
PHASE,262144,8192,256,1,1,0.843092
PHASE,262144,16384,256,1,1,0.849997
PHASE,262144,32768,256,1,1,0.857045
PHASE,262144,65536,256,1,1,0.864577
PHASE,262144,131072,256,1,1,0.317001
PHASE,131072,1,1,1,1,1.056074
PHASE,131072,2,2,1,1,0.983858
PHASE,131072,4,4,1,1,0.813447
PHASE,131072,8,8,1,1,0.461364
PHASE,131072,16,16,1,1,0.413684
PHASE,131072,32,32,1,1,0.409102
PHASE,131072,64,64,1,1,0.412262
PHASE,131072,128,128,1,1,0.415644
PHASE,131072,256,256,1,1,0.413604
PHASE,131072,512,256,1,1,0.419895
PHASE,131072,1024,256,1,1,0.416685
PHASE,131072,2048,256,1,1,0.419943
PHASE,131072,4096,256,1,1,0.420511
PHASE,131072,8192,256,1,1,0.423982
PHASE,131072,16384,256,1,1,0.429620
PHASE,131072,32768,256,1,1,0.432482
PHASE,131072,65536,256,1,1,0.161497
PHASE,131072,1,1,1,1,1.066031
PHASE,131072,2,2,1,1,0.981311
PHASE,131072,4,4,1,1,0.823556
PHASE,131072,8,8,1,1,0.440072
PHASE,131072,16,16,1,1,0.397579
PHASE,131072,32,32,1,1,0.410238
PHASE,131072,64,64,1,1,0.412433
PHASE,131072,128,128,1,1,0.414110
PHASE,131072,256,256,1,1,0.422749
PHASE,131072,512,256,1,1,0.434771
PHASE,131072,1024,256,1,1,0.429031
PHASE,131072,2048,256,1,1,0.430817
PHASE,131072,4096,256,1,1,0.426065
PHASE,131072,8192,256,1,1,0.432249
PHASE,131072,16384,256,1,1,0.428474
PHASE,131072,32768,256,1,1,0.439689
PHASE,131072,65536,256,1,1,0.162705
PHASE,524288,1,1,1,1,4.207311
PHASE,524288,2,2,1,1,3.956151
PHASE,524288,4,4,1,1,3.131137
PHASE,524288,8,8,1,1,3.278536
PHASE,524288,16,16,1,1,1.668761
PHASE,524288,32,32,1,1,1.672188
PHASE,524288,64,64,1,1,1.709828
PHASE,524288,128,128,1,1,1.715850
PHASE,524288,256,256,1,1,1.703480
PHASE,524288,512,256,1,1,1.783463
PHASE,524288,1024,256,1,1,1.922011
PHASE,524288,2048,256,1,1,1.899377
PHASE,524288,4096,256,1,1,1.848697
PHASE,524288,8192,256,1,1,1.699897
PHASE,524288,16384,256,1,1,1.672675
PHASE,524288,32768,256,1,1,1.695556
PHASE,524288,65536,256,1,1,1.705565
PHASE,524288,131072,256,1,1,1.723975
PHASE,524288,262144,256,1,1,0.643319
PHASE,262144,1,1,1,1,2.089375
PHASE,262144,2,2,1,1,1.967767
PHASE,262144,4,4,1,1,1.635514
PHASE,262144,8,8,1,1,0.847966
PHASE,262144,16,16,1,1,0.857899
PHASE,262144,32,32,1,1,0.855461
PHASE,262144,64,64,1,1,0.960079
PHASE,262144,128,128,1,1,0.861856
PHASE,262144,256,256,1,1,0.865706
PHASE,262144,512,256,1,1,0.993500
PHASE,262144,1024,256,1,1,0.914182
PHASE,262144,2048,256,1,1,0.995518
PHASE,262144,4096,256,1,1,0.877580
PHASE,262144,8192,256,1,1,0.855577
PHASE,262144,16384,256,1,1,0.842165
PHASE,262144,32768,256,1,1,0.859874
PHASE,262144,65536,256,1,1,0.878722
PHASE,262144,131072,256,1,1,0.316817
PHASE,131072,1,1,1,1,1.053318
PHASE,131072,2,2,1,1,0.975642
PHASE,131072,4,4,1,1,0.821981
PHASE,131072,8,8,1,1,0.443656
PHASE,131072,16,16,1,1,0.411365
PHASE,131072,32,32,1,1,0.413428
PHASE,131072,64,64,1,1,0.411058
PHASE,131072,128,128,1,1,0.414663
PHASE,131072,256,256,1,1,0.417521
PHASE,131072,512,256,1,1,0.415578
PHASE,131072,1024,256,1,1,0.421016
PHASE,131072,2048,256,1,1,0.420240
PHASE,131072,4096,256,1,1,0.420761
PHASE,131072,8192,256,1,1,0.428761
PHASE,131072,16384,256,1,1,0.426972
PHASE,131072,32768,256,1,1,0.436818
PHASE,131072,65536,256,1,1,0.165498
PHASE,131072,1,1,1,1,1.065190
PHASE,131072,2,2,1,1,0.975973
PHASE,131072,4,4,1,1,0.819578
PHASE,131072,8,8,1,1,0.440192
PHASE,131072,16,16,1,1,0.406831
PHASE,131072,32,32,1,1,0.414751
PHASE,131072,64,64,1,1,0.412794
PHASE,131072,128,128,1,1,0.420582
PHASE,131072,256,256,1,1,0.420821
PHASE,131072,512,256,1,1,0.433013
PHASE,131072,1024,256,1,1,0.437351
PHASE,131072,2048,256,1,1,0.426362
PHASE,131072,4096,256,1,1,0.431555
PHASE,131072,8192,256,1,1,0.428088
PHASE,131072,16384,256,1,1,0.434533
PHASE,131072,32768,256,1,1,0.439764
PHASE,131072,65536,256,1,1,0.155984
PHASE,262144,1,1,1,1,2.089488
PHASE,262144,2,2,1,1,1.960587
PHASE,262144,4,4,1,1,1.643913
PHASE,262144,8,8,1,1,0.850350
PHASE,262144,16,16,1,1,0.858380
PHASE,262144,32,32,1,1,0.850139
PHASE,262144,64,64,1,1,0.979535
PHASE,262144,128,128,1,1,0.856419
PHASE,262144,256,256,1,1,0.879618
PHASE,262144,512,256,1,1,0.898184
PHASE,262144,1024,256,1,1,0.868487
PHASE,262144,2048,256,1,1,0.912170
PHASE,262144,4096,256,1,1,0.853651
PHASE,262144,8192,256,1,1,0.855155
PHASE,262144,16384,256,1,1,0.847357
PHASE,262144,32768,256,1,1,0.852809
PHASE,262144,65536,256,1,1,0.866170
PHASE,262144,131072,256,1,1,0.315750
PHASE,131072,1,1,1,1,1.058045
PHASE,131072,2,2,1,1,0.984501
PHASE,131072,4,4,1,1,0.819430
PHASE,131072,8,8,1,1,0.438622
PHASE,131072,16,16,1,1,0.413509
PHASE,131072,32,32,1,1,0.412701
PHASE,131072,64,64,1,1,0.405657
PHASE,131072,128,128,1,1,0.422164
PHASE,131072,256,256,1,1,0.415658
PHASE,131072,512,256,1,1,0.419192
PHASE,131072,1024,256,1,1,0.420044
PHASE,131072,2048,256,1,1,0.420605
PHASE,131072,4096,256,1,1,0.424270
PHASE,131072,8192,256,1,1,0.417362
PHASE,131072,16384,256,1,1,0.430564
PHASE,131072,32768,256,1,1,0.439185
PHASE,131072,65536,256,1,1,0.155106
PHASE,131072,1,1,1,1,1.057963
PHASE,131072,2,2,1,1,0.981564
PHASE,131072,4,4,1,1,0.819136
PHASE,131072,8,8,1,1,0.433915
PHASE,131072,16,16,1,1,0.409854
PHASE,131072,32,32,1,1,0.410798
PHASE,131072,64,64,1,1,0.414534
PHASE,131072,128,128,1,1,0.419837
PHASE,131072,256,256,1,1,0.422493
PHASE,131072,512,256,1,1,0.432843
PHASE,131072,1024,256,1,1,0.423062
PHASE,131072,2048,256,1,1,0.432271
PHASE,131072,4096,256,1,1,0.432592
PHASE,131072,8192,256,1,1,0.430657
PHASE,131072,16384,256,1,1,0.432515
PHASE,131072,32768,256,1,1,0.439798
PHASE,131072,65536,256,1,1,0.151366
PHASE,1048576,1,1,1,1,8.493857
PHASE,1048576,2,2,1,1,7.891266
PHASE,1048576,4,4,1,1,6.613055
PHASE,1048576,8,8,1,1,6.558818
PHASE,1048576,16,16,1,1,6.513408
PHASE,1048576,32,32,1,1,3.345676
PHASE,1048576,64,64,1,1,3.457441
PHASE,1048576,128,128,1,1,3.451049
PHASE,1048576,256,256,1,1,3.591135
PHASE,1048576,512,256,1,1,3.643799
PHASE,1048576,1024,256,1,1,3.744290
PHASE,1048576,2048,256,1,1,4.137860
PHASE,1048576,4096,256,1,1,3.923898
PHASE,1048576,8192,256,1,1,3.725786
PHASE,1048576,16384,256,1,1,3.415854
PHASE,1048576,32768,256,1,1,3.397820
PHASE,1048576,65536,256,1,1,3.411085
PHASE,1048576,131072,256,1,1,3.416336
PHASE,1048576,262144,256,1,1,3.465657
PHASE,1048576,524288,256,1,1,1.264947
PHASE,524288,1,1,1,1,4.206950
PHASE,524288,2,2,1,1,3.951377
PHASE,524288,4,4,1,1,3.290719
PHASE,524288,8,8,1,1,3.318088
PHASE,524288,16,16,1,1,1.706713
PHASE,524288,32,32,1,1,1.672988
PHASE,524288,64,64,1,1,1.757212
PHASE,524288,128,128,1,1,1.700442
PHASE,524288,256,256,1,1,1.711094
PHASE,524288,512,256,1,1,1.818219
PHASE,524288,1024,256,1,1,1.864107
PHASE,524288,2048,256,1,1,2.019942
PHASE,524288,4096,256,1,1,2.048952
PHASE,524288,8192,256,1,1,1.751161
PHASE,524288,16384,256,1,1,1.696912
PHASE,524288,32768,256,1,1,1.702165
PHASE,524288,65536,256,1,1,1.715831
PHASE,524288,131072,256,1,1,1.754756
PHASE,524288,262144,256,1,1,0.632828
PHASE,262144,1,1,1,1,2.109240
PHASE,262144,2,2,1,1,1.975053
PHASE,262144,4,4,1,1,1.643128
PHASE,262144,8,8,1,1,0.847180
PHASE,262144,16,16,1,1,0.839082
PHASE,262144,32,32,1,1,0.851553
PHASE,262144,64,64,1,1,0.876262
PHASE,262144,128,128,1,1,0.831458
PHASE,262144,256,256,1,1,0.847554
PHASE,262144,512,256,1,1,0.869392
PHASE,262144,1024,256,1,1,0.873014
PHASE,262144,2048,256,1,1,0.915148
PHASE,262144,4096,256,1,1,0.850816
PHASE,262144,8192,256,1,1,0.844812
PHASE,262144,16384,256,1,1,0.848467
PHASE,262144,32768,256,1,1,0.862378
PHASE,262144,65536,256,1,1,0.866056
PHASE,262144,131072,256,1,1,0.318606
PHASE,131072,1,1,1,1,1.075211
PHASE,131072,2,2,1,1,0.989268
PHASE,131072,4,4,1,1,0.776843
PHASE,131072,8,8,1,1,0.437303
PHASE,131072,16,16,1,1,0.424024
PHASE,131072,32,32,1,1,0.414155
PHASE,131072,64,64,1,1,0.416874
PHASE,131072,128,128,1,1,0.407028
PHASE,131072,256,256,1,1,0.420807
PHASE,131072,512,256,1,1,0.425470
PHASE,131072,1024,256,1,1,0.432268
PHASE,131072,2048,256,1,1,0.421899
PHASE,131072,4096,256,1,1,0.424894
PHASE,131072,8192,256,1,1,0.424544
PHASE,131072,16384,256,1,1,0.419028
PHASE,131072,32768,256,1,1,0.428623
PHASE,131072,65536,256,1,1,0.161259
PHASE,131072,1,1,1,1,1.050015
PHASE,131072,2,2,1,1,0.984421
PHASE,131072,4,4,1,1,0.819472
PHASE,131072,8,8,1,1,0.442064
PHASE,131072,16,16,1,1,0.416875
PHASE,131072,32,32,1,1,0.414079
PHASE,131072,64,64,1,1,0.411313
PHASE,131072,128,128,1,1,0.415647
PHASE,131072,256,256,1,1,0.419410
PHASE,131072,512,256,1,1,0.423293
PHASE,131072,1024,256,1,1,0.424433
PHASE,131072,2048,256,1,1,0.415479
PHASE,131072,4096,256,1,1,0.430267
PHASE,131072,8192,256,1,1,0.419089
PHASE,131072,16384,256,1,1,0.435961
PHASE,131072,32768,256,1,1,0.433502
PHASE,131072,65536,256,1,1,0.156685
PHASE,262144,1,1,1,1,2.107164
PHASE,262144,2,2,1,1,1.980876
PHASE,262144,4,4,1,1,1.646138
PHASE,262144,8,8,1,1,0.856287
PHASE,262144,16,16,1,1,0.928191
PHASE,262144,32,32,1,1,0.848937
PHASE,262144,64,64,1,1,0.846407
PHASE,262144,128,128,1,1,0.824569
PHASE,262144,256,256,1,1,0.834389
PHASE,262144,512,256,1,1,0.865084
PHASE,262144,1024,256,1,1,0.843072
PHASE,262144,2048,256,1,1,0.857217
PHASE,262144,4096,256,1,1,0.854844
PHASE,262144,8192,256,1,1,0.845976
PHASE,262144,16384,256,1,1,0.839920
PHASE,262144,32768,256,1,1,0.850274
PHASE,262144,65536,256,1,1,0.861753
PHASE,262144,131072,256,1,1,0.321340
PHASE,131072,1,1,1,1,1.050269
PHASE,131072,2,2,1,1,0.986107
PHASE,131072,4,4,1,1,0.821386
PHASE,131072,8,8,1,1,0.436736
PHASE,131072,16,16,1,1,0.414774
PHASE,131072,32,32,1,1,0.414843
PHASE,131072,64,64,1,1,0.416113
PHASE,131072,128,128,1,1,0.414557
PHASE,131072,256,256,1,1,0.421903
PHASE,131072,512,256,1,1,0.422131
PHASE,131072,1024,256,1,1,0.427008
PHASE,131072,2048,256,1,1,0.419818
PHASE,131072,4096,256,1,1,0.427246
PHASE,131072,8192,256,1,1,0.421344
PHASE,131072,16384,256,1,1,0.425651
PHASE,131072,32768,256,1,1,0.432401
PHASE,131072,65536,256,1,1,0.154603
PHASE,131072,1,1,1,1,1.057299
PHASE,131072,2,2,1,1,0.984162
PHASE,131072,4,4,1,1,0.823938
PHASE,131072,8,8,1,1,0.440612
PHASE,131072,16,16,1,1,0.419210
PHASE,131072,32,32,1,1,0.411205
PHASE,131072,64,64,1,1,0.418090
PHASE,131072,128,128,1,1,0.411899
PHASE,131072,256,256,1,1,0.413034
PHASE,131072,512,256,1,1,0.418786
PHASE,131072,1024,256,1,1,0.424015
PHASE,131072,2048,256,1,1,0.419718
PHASE,131072,4096,256,1,1,0.425406
PHASE,131072,8192,256,1,1,0.422154
PHASE,131072,16384,256,1,1,0.425373
PHASE,131072,32768,256,1,1,0.426643
PHASE,131072,65536,256,1,1,0.161393
PHASE,524288,1,1,1,1,4.212199
PHASE,524288,2,2,1,1,4.007750
PHASE,524288,4,4,1,1,3.295381
PHASE,524288,8,8,1,1,3.325921
PHASE,524288,16,16,1,1,1.708052
PHASE,524288,32,32,1,1,1.678545
PHASE,524288,64,64,1,1,1.744655
PHASE,524288,128,128,1,1,1.684286
PHASE,524288,256,256,1,1,1.703473
PHASE,524288,512,256,1,1,1.853237
PHASE,524288,1024,256,1,1,1.837562
PHASE,524288,2048,256,1,1,1.914361
PHASE,524288,4096,256,1,1,1.857263
PHASE,524288,8192,256,1,1,1.698031
PHASE,524288,16384,256,1,1,1.679425
PHASE,524288,32768,256,1,1,1.714426
PHASE,524288,65536,256,1,1,1.711199
PHASE,524288,131072,256,1,1,1.739552
PHASE,524288,262144,256,1,1,0.637381
PHASE,262144,1,1,1,1,2.121272
PHASE,262144,2,2,1,1,1.982332
PHASE,262144,4,4,1,1,1.641173
PHASE,262144,8,8,1,1,0.853585
PHASE,262144,16,16,1,1,0.960939
PHASE,262144,32,32,1,1,0.845703
PHASE,262144,64,64,1,1,0.849007
PHASE,262144,128,128,1,1,0.921495
PHASE,262144,256,256,1,1,0.838809
PHASE,262144,512,256,1,1,0.893419
PHASE,262144,1024,256,1,1,0.873931
PHASE,262144,2048,256,1,1,0.922734
PHASE,262144,4096,256,1,1,0.848812
PHASE,262144,8192,256,1,1,0.835751
PHASE,262144,16384,256,1,1,0.847550
PHASE,262144,32768,256,1,1,0.856197
PHASE,262144,65536,256,1,1,0.869930
PHASE,262144,131072,256,1,1,0.314051
PHASE,131072,1,1,1,1,1.062274
PHASE,131072,2,2,1,1,0.982951
PHASE,131072,4,4,1,1,0.826352
PHASE,131072,8,8,1,1,0.419492
PHASE,131072,16,16,1,1,0.424182
PHASE,131072,32,32,1,1,0.407057
PHASE,131072,64,64,1,1,0.417487
PHASE,131072,128,128,1,1,0.411036
PHASE,131072,256,256,1,1,0.418021
PHASE,131072,512,256,1,1,0.426454
PHASE,131072,1024,256,1,1,0.425338
PHASE,131072,2048,256,1,1,0.423834
PHASE,131072,4096,256,1,1,0.423244
PHASE,131072,8192,256,1,1,0.425160
PHASE,131072,16384,256,1,1,0.428193
PHASE,131072,32768,256,1,1,0.434398
PHASE,131072,65536,256,1,1,0.156596
PHASE,131072,1,1,1,1,1.056581
PHASE,131072,2,2,1,1,0.980946
PHASE,131072,4,4,1,1,0.820184
PHASE,131072,8,8,1,1,0.424123
PHASE,131072,16,16,1,1,0.415485
PHASE,131072,32,32,1,1,0.414844
PHASE,131072,64,64,1,1,0.419719
PHASE,131072,128,128,1,1,0.411862
PHASE,131072,256,256,1,1,0.417508
PHASE,131072,512,256,1,1,0.412804
PHASE,131072,1024,256,1,1,0.423463
PHASE,131072,2048,256,1,1,0.420513
PHASE,131072,4096,256,1,1,0.425727
PHASE,131072,8192,256,1,1,0.421525
PHASE,131072,16384,256,1,1,0.425174
PHASE,131072,32768,256,1,1,0.430822
PHASE,131072,65536,256,1,1,0.155670
PHASE,262144,1,1,1,1,2.122522
PHASE,262144,2,2,1,1,1.978323
PHASE,262144,4,4,1,1,1.645143
PHASE,262144,8,8,1,1,0.861887
PHASE,262144,16,16,1,1,0.846002
PHASE,262144,32,32,1,1,0.851114
PHASE,262144,64,64,1,1,0.841207
PHASE,262144,128,128,1,1,0.898617
PHASE,262144,256,256,1,1,0.826857
PHASE,262144,512,256,1,1,0.917126
PHASE,262144,1024,256,1,1,0.847316
PHASE,262144,2048,256,1,1,0.864104
PHASE,262144,4096,256,1,1,0.840307
PHASE,262144,8192,256,1,1,0.844117
PHASE,262144,16384,256,1,1,0.848282
PHASE,262144,32768,256,1,1,0.845285
PHASE,262144,65536,256,1,1,0.864342
PHASE,262144,131072,256,1,1,0.326792
PHASE,131072,1,1,1,1,1.053314
PHASE,131072,2,2,1,1,0.991721
PHASE,131072,4,4,1,1,0.819969
PHASE,131072,8,8,1,1,0.418837
PHASE,131072,16,16,1,1,0.420646
PHASE,131072,32,32,1,1,0.415384
PHASE,131072,64,64,1,1,0.417963
PHASE,131072,128,128,1,1,0.409861
PHASE,131072,256,256,1,1,0.426051
PHASE,131072,512,256,1,1,0.417861
PHASE,131072,1024,256,1,1,0.421428
PHASE,131072,2048,256,1,1,0.426504
PHASE,131072,4096,256,1,1,0.426947
PHASE,131072,8192,256,1,1,0.425113
PHASE,131072,16384,256,1,1,0.420168
PHASE,131072,32768,256,1,1,0.432926
PHASE,131072,65536,256,1,1,0.156240
PHASE,131072,1,1,1,1,1.050799
PHASE,131072,2,2,1,1,0.979303
PHASE,131072,4,4,1,1,0.820909
PHASE,131072,8,8,1,1,0.441886
PHASE,131072,16,16,1,1,0.419864
PHASE,131072,32,32,1,1,0.410614
PHASE,131072,64,64,1,1,0.414045
PHASE,131072,128,128,1,1,0.415447
PHASE,131072,256,256,1,1,0.416648
PHASE,131072,512,256,1,1,0.420354
PHASE,131072,1024,256,1,1,0.424911
PHASE,131072,2048,256,1,1,0.417713
PHASE,131072,4096,256,1,1,0.430627
PHASE,131072,8192,256,1,1,0.418317
PHASE,131072,16384,256,1,1,0.424825
PHASE,131072,32768,256,1,1,0.430251
PHASE,131072,65536,256,1,1,0.156062
PHASE,1048576,1,1,1,1,8.380355
PHASE,1048576,2,2,1,1,7.900431
PHASE,1048576,4,4,1,1,6.573507
PHASE,1048576,8,8,1,1,6.278234
PHASE,1048576,16,16,1,1,6.543851
PHASE,1048576,32,32,1,1,3.342303
PHASE,1048576,64,64,1,1,3.358318
PHASE,1048576,128,128,1,1,3.372360
PHASE,1048576,256,256,1,1,3.399131
PHASE,1048576,512,256,1,1,3.638674
PHASE,1048576,1024,256,1,1,3.926577
PHASE,1048576,2048,256,1,1,4.089794
PHASE,1048576,4096,256,1,1,3.874654
PHASE,1048576,8192,256,1,1,3.683193
PHASE,1048576,16384,256,1,1,3.367043
PHASE,1048576,32768,256,1,1,3.370347
PHASE,1048576,65536,256,1,1,3.398752
PHASE,1048576,131072,256,1,1,3.403250
PHASE,1048576,262144,256,1,1,3.460838
PHASE,1048576,524288,256,1,1,1.275151
PHASE,524288,1,1,1,1,4.221003
PHASE,524288,2,2,1,1,3.940431
PHASE,524288,4,4,1,1,3.287642
PHASE,524288,8,8,1,1,3.322127
PHASE,524288,16,16,1,1,1.716576
PHASE,524288,32,32,1,1,1.682081
PHASE,524288,64,64,1,1,1.681387
PHASE,524288,128,128,1,1,1.715755
PHASE,524288,256,256,1,1,1.723560
PHASE,524288,512,256,1,1,1.839633
PHASE,524288,1024,256,1,1,1.908082
PHASE,524288,2048,256,1,1,2.008954
PHASE,524288,4096,256,1,1,2.034529
PHASE,524288,8192,256,1,1,1.772241
PHASE,524288,16384,256,1,1,1.700122
PHASE,524288,32768,256,1,1,1.696361
PHASE,524288,65536,256,1,1,1.708090
PHASE,524288,131072,256,1,1,1.739095
PHASE,524288,262144,256,1,1,0.633036
PHASE,262144,1,1,1,1,2.101463
PHASE,262144,2,2,1,1,1.973605
PHASE,262144,4,4,1,1,1.640891
PHASE,262144,8,8,1,1,0.845016
PHASE,262144,16,16,1,1,0.922672
PHASE,262144,32,32,1,1,0.857443
PHASE,262144,64,64,1,1,0.842799
PHASE,262144,128,128,1,1,0.954609
PHASE,262144,256,256,1,1,0.844017
PHASE,262144,512,256,1,1,0.896486
PHASE,262144,1024,256,1,1,0.875512
PHASE,262144,2048,256,1,1,0.904878
PHASE,262144,4096,256,1,1,0.848534
PHASE,262144,8192,256,1,1,0.842394
PHASE,262144,16384,256,1,1,0.849399
PHASE,262144,32768,256,1,1,0.845106
PHASE,262144,65536,256,1,1,0.863937
PHASE,262144,131072,256,1,1,0.319655
PHASE,131072,1,1,1,1,1.067000
PHASE,131072,2,2,1,1,0.984192
PHASE,131072,4,4,1,1,0.780192
PHASE,131072,8,8,1,1,0.436714
PHASE,131072,16,16,1,1,0.419879
PHASE,131072,32,32,1,1,0.410683
PHASE,131072,64,64,1,1,0.419572
PHASE,131072,128,128,1,1,0.413573
PHASE,131072,256,256,1,1,0.420120
PHASE,131072,512,256,1,1,0.423506
PHASE,131072,1024,256,1,1,0.418591
PHASE,131072,2048,256,1,1,0.423947
PHASE,131072,4096,256,1,1,0.423657
PHASE,131072,8192,256,1,1,0.425665
PHASE,131072,16384,256,1,1,0.424571
PHASE,131072,32768,256,1,1,0.429589
PHASE,131072,65536,256,1,1,0.155553
PHASE,131072,1,1,1,1,1.065208
PHASE,131072,2,2,1,1,0.987474
PHASE,131072,4,4,1,1,0.819175
PHASE,131072,8,8,1,1,0.442525
PHASE,131072,16,16,1,1,0.419918
PHASE,131072,32,32,1,1,0.412737
PHASE,131072,64,64,1,1,0.417112
PHASE,131072,128,128,1,1,0.407291
PHASE,131072,256,256,1,1,0.424366
PHASE,131072,512,256,1,1,0.417818
PHASE,131072,1024,256,1,1,0.423973
PHASE,131072,2048,256,1,1,0.421913
PHASE,131072,4096,256,1,1,0.424510
PHASE,131072,8192,256,1,1,0.424748
PHASE,131072,16384,256,1,1,0.418262
PHASE,131072,32768,256,1,1,0.435776
PHASE,131072,65536,256,1,1,0.157926
PHASE,262144,1,1,1,1,2.124063
PHASE,262144,2,2,1,1,1.974498
PHASE,262144,4,4,1,1,1.651700
PHASE,262144,8,8,1,1,0.862309
PHASE,262144,16,16,1,1,0.843602
PHASE,262144,32,32,1,1,0.837181
PHASE,262144,64,64,1,1,0.873191
PHASE,262144,128,128,1,1,0.816890
PHASE,262144,256,256,1,1,0.837550
PHASE,262144,512,256,1,1,0.869244
PHASE,262144,1024,256,1,1,0.848675
PHASE,262144,2048,256,1,1,0.860497
PHASE,262144,4096,256,1,1,0.842338
PHASE,262144,8192,256,1,1,0.837574
PHASE,262144,16384,256,1,1,0.840025
PHASE,262144,32768,256,1,1,0.847636
PHASE,262144,65536,256,1,1,0.864841
PHASE,262144,131072,256,1,1,0.316658
PHASE,131072,1,1,1,1,1.058784
PHASE,131072,2,2,1,1,0.978545
PHASE,131072,4,4,1,1,0.827547
PHASE,131072,8,8,1,1,0.452915
PHASE,131072,16,16,1,1,0.420481
PHASE,131072,32,32,1,1,0.404433
PHASE,131072,64,64,1,1,0.423118
PHASE,131072,128,128,1,1,0.410817
PHASE,131072,256,256,1,1,0.421431
PHASE,131072,512,256,1,1,0.423016
PHASE,131072,1024,256,1,1,0.423049
PHASE,131072,2048,256,1,1,0.425467
PHASE,131072,4096,256,1,1,0.421503
PHASE,131072,8192,256,1,1,0.424629
PHASE,131072,16384,256,1,1,0.423010
PHASE,131072,32768,256,1,1,0.431201
PHASE,131072,65536,256,1,1,0.155779
PHASE,131072,1,1,1,1,1.054167
PHASE,131072,2,2,1,1,0.980140
PHASE,131072,4,4,1,1,0.818224
PHASE,131072,8,8,1,1,0.435937
PHASE,131072,16,16,1,1,0.415154
PHASE,131072,32,32,1,1,0.411148
PHASE,131072,64,64,1,1,0.414214
PHASE,131072,128,128,1,1,0.413563
PHASE,131072,256,256,1,1,0.418685
PHASE,131072,512,256,1,1,0.412631
PHASE,131072,1024,256,1,1,0.421417
PHASE,131072,2048,256,1,1,0.419803
PHASE,131072,4096,256,1,1,0.426529
PHASE,131072,8192,256,1,1,0.422707
PHASE,131072,16384,256,1,1,0.420814
PHASE,131072,32768,256,1,1,0.429762
PHASE,131072,65536,256,1,1,0.157223
PHASE,524288,1,1,1,1,4.219826
PHASE,524288,2,2,1,1,3.968998
PHASE,524288,4,4,1,1,3.293382
PHASE,524288,8,8,1,1,3.316540
PHASE,524288,16,16,1,1,1.713307
PHASE,524288,32,32,1,1,1.679317
PHASE,524288,64,64,1,1,1.731792
PHASE,524288,128,128,1,1,1.694534
PHASE,524288,256,256,1,1,1.710111
PHASE,524288,512,256,1,1,1.911768
PHASE,524288,1024,256,1,1,1.820538
PHASE,524288,2048,256,1,1,1.905337
PHASE,524288,4096,256,1,1,1.872980
PHASE,524288,8192,256,1,1,1.702679
PHASE,524288,16384,256,1,1,1.687916
PHASE,524288,32768,256,1,1,1.702362
PHASE,524288,65536,256,1,1,1.698358
PHASE,524288,131072,256,1,1,1.736245
PHASE,524288,262144,256,1,1,0.633787
PHASE,262144,1,1,1,1,2.107169
PHASE,262144,2,2,1,1,1.969724
PHASE,262144,4,4,1,1,1.641024
PHASE,262144,8,8,1,1,0.861555
PHASE,262144,16,16,1,1,0.844867
PHASE,262144,32,32,1,1,1.017305
PHASE,262144,64,64,1,1,0.845991
PHASE,262144,128,128,1,1,0.832554
PHASE,262144,256,256,1,1,0.848971
PHASE,262144,512,256,1,1,0.897248
PHASE,262144,1024,256,1,1,0.893076
PHASE,262144,2048,256,1,1,0.913875
PHASE,262144,4096,256,1,1,0.847733
PHASE,262144,8192,256,1,1,0.847106
PHASE,262144,16384,256,1,1,0.847153
PHASE,262144,32768,256,1,1,0.854060
PHASE,262144,65536,256,1,1,0.865694
PHASE,262144,131072,256,1,1,0.312909
PHASE,131072,1,1,1,1,1.053098
PHASE,131072,2,2,1,1,0.984098
PHASE,131072,4,4,1,1,0.826564
PHASE,131072,8,8,1,1,0.441190
PHASE,131072,16,16,1,1,0.413482
PHASE,131072,32,32,1,1,0.427494
PHASE,131072,64,64,1,1,0.418491
PHASE,131072,128,128,1,1,0.415138
PHASE,131072,256,256,1,1,0.417912
PHASE,131072,512,256,1,1,0.420570
PHASE,131072,1024,256,1,1,0.422309
PHASE,131072,2048,256,1,1,0.420035
PHASE,131072,4096,256,1,1,0.427114
PHASE,131072,8192,256,1,1,0.423960
PHASE,131072,16384,256,1,1,0.427079
PHASE,131072,32768,256,1,1,0.429315
PHASE,131072,65536,256,1,1,0.155537
PHASE,131072,1,1,1,1,1.070730
PHASE,131072,2,2,1,1,0.991428
PHASE,131072,4,4,1,1,0.823954
PHASE,131072,8,8,1,1,0.436160
PHASE,131072,16,16,1,1,0.420636
PHASE,131072,32,32,1,1,0.407452
PHASE,131072,64,64,1,1,0.420149
PHASE,131072,128,128,1,1,0.410868
PHASE,131072,256,256,1,1,0.416141
PHASE,131072,512,256,1,1,0.425540
PHASE,131072,1024,256,1,1,0.418034
PHASE,131072,2048,256,1,1,0.426995
PHASE,131072,4096,256,1,1,0.422934
PHASE,131072,8192,256,1,1,0.424830
PHASE,131072,16384,256,1,1,0.424160
PHASE,131072,32768,256,1,1,0.424458
PHASE,131072,65536,256,1,1,0.161448
PHASE,262144,1,1,1,1,2.106059
PHASE,262144,2,2,1,1,1.976249
PHASE,262144,4,4,1,1,1.586206
PHASE,262144,8,8,1,1,0.859949
PHASE,262144,16,16,1,1,0.837317
PHASE,262144,32,32,1,1,0.899985
PHASE,262144,64,64,1,1,0.868979
PHASE,262144,128,128,1,1,1.001488
PHASE,262144,256,256,1,1,0.837413
PHASE,262144,512,256,1,1,0.846016
PHASE,262144,1024,256,1,1,0.846154
PHASE,262144,2048,256,1,1,0.858036
PHASE,262144,4096,256,1,1,0.844188
PHASE,262144,8192,256,1,1,0.838894
PHASE,262144,16384,256,1,1,0.849145
PHASE,262144,32768,256,1,1,0.850863
PHASE,262144,65536,256,1,1,0.860305
PHASE,262144,131072,256,1,1,0.321768
PHASE,131072,1,1,1,1,1.063199
PHASE,131072,2,2,1,1,0.980278
PHASE,131072,4,4,1,1,0.823588
PHASE,131072,8,8,1,1,0.446883
PHASE,131072,16,16,1,1,0.419322
PHASE,131072,32,32,1,1,0.408519
PHASE,131072,64,64,1,1,0.415984
PHASE,131072,128,128,1,1,0.411136
PHASE,131072,256,256,1,1,0.413824
PHASE,131072,512,256,1,1,0.421640
PHASE,131072,1024,256,1,1,0.421012
PHASE,131072,2048,256,1,1,0.434746
PHASE,131072,4096,256,1,1,0.425262
PHASE,131072,8192,256,1,1,0.425249
PHASE,131072,16384,256,1,1,0.425420
PHASE,131072,32768,256,1,1,0.423991
PHASE,131072,65536,256,1,1,0.163950
PHASE,131072,1,1,1,1,1.054534
PHASE,131072,2,2,1,1,0.986070
PHASE,131072,4,4,1,1,0.821794
PHASE,131072,8,8,1,1,0.442990
PHASE,131072,16,16,1,1,0.421846
PHASE,131072,32,32,1,1,0.403790
PHASE,131072,64,64,1,1,0.423243
PHASE,131072,128,128,1,1,0.409650
PHASE,131072,256,256,1,1,0.420255
PHASE,131072,512,256,1,1,0.417405
PHASE,131072,1024,256,1,1,0.421309
PHASE,131072,2048,256,1,1,0.421170
PHASE,131072,4096,256,1,1,0.418292
PHASE,131072,8192,256,1,1,0.425422
PHASE,131072,16384,256,1,1,0.423503
PHASE,131072,32768,256,1,1,0.430737
PHASE,131072,65536,256,1,1,0.163800
PHASE,1048576,1,1,1,1,8.413639
PHASE,1048576,2,2,1,1,7.868537
PHASE,1048576,4,4,1,1,6.592663
PHASE,1048576,8,8,1,1,6.631769
PHASE,1048576,16,16,1,1,6.507274
PHASE,1048576,32,32,1,1,3.343946
PHASE,1048576,64,64,1,1,3.473551
PHASE,1048576,128,128,1,1,3.452545
PHASE,1048576,256,256,1,1,3.455147
PHASE,1048576,512,256,1,1,3.678465
PHASE,1048576,1024,256,1,1,3.942790
PHASE,1048576,2048,256,1,1,4.194810
PHASE,1048576,4096,256,1,1,3.922280
PHASE,1048576,8192,256,1,1,3.718236
PHASE,1048576,16384,256,1,1,3.467990
PHASE,1048576,32768,256,1,1,3.692837
PHASE,1048576,65536,256,1,1,3.411555
PHASE,1048576,131072,256,1,1,3.411648
PHASE,1048576,262144,256,1,1,3.506226
PHASE,1048576,524288,256,1,1,1.275899
PHASE,524288,1,1,1,1,4.220804
PHASE,524288,2,2,1,1,3.943247
PHASE,524288,4,4,1,1,3.331488
PHASE,524288,8,8,1,1,3.311472
PHASE,524288,16,16,1,1,1.714781
PHASE,524288,32,32,1,1,1.667166
PHASE,524288,64,64,1,1,1.723952
PHASE,524288,128,128,1,1,1.706913
PHASE,524288,256,256,1,1,1.717928
PHASE,524288,512,256,1,1,1.836832
PHASE,524288,1024,256,1,1,1.953571
PHASE,524288,2048,256,1,1,2.023298
PHASE,524288,4096,256,1,1,2.047847
PHASE,524288,8192,256,1,1,1.758716
PHASE,524288,16384,256,1,1,1.693670
PHASE,524288,32768,256,1,1,1.706565
PHASE,524288,65536,256,1,1,1.703681
PHASE,524288,131072,256,1,1,1.733517
PHASE,524288,262144,256,1,1,0.632453
PHASE,262144,1,1,1,1,2.096520
PHASE,262144,2,2,1,1,1.965533
PHASE,262144,4,4,1,1,1.648246
PHASE,262144,8,8,1,1,0.849098
PHASE,262144,16,16,1,1,0.842098
PHASE,262144,32,32,1,1,0.966556
PHASE,262144,64,64,1,1,0.852689
PHASE,262144,128,128,1,1,0.882279
PHASE,262144,256,256,1,1,0.846993
PHASE,262144,512,256,1,1,0.881207
PHASE,262144,1024,256,1,1,0.875404
PHASE,262144,2048,256,1,1,0.902795
PHASE,262144,4096,256,1,1,0.846024
PHASE,262144,8192,256,1,1,0.836743
PHASE,262144,16384,256,1,1,0.842670
PHASE,262144,32768,256,1,1,0.856697
PHASE,262144,65536,256,1,1,0.869335
PHASE,262144,131072,256,1,1,0.309360
PHASE,131072,1,1,1,1,1.061248
PHASE,131072,2,2,1,1,0.984786
PHASE,131072,4,4,1,1,0.817899
PHASE,131072,8,8,1,1,0.438081
PHASE,131072,16,16,1,1,0.418278
PHASE,131072,32,32,1,1,0.414020
PHASE,131072,64,64,1,1,0.416208
PHASE,131072,128,128,1,1,0.410633
PHASE,131072,256,256,1,1,0.424870
PHASE,131072,512,256,1,1,0.420089
PHASE,131072,1024,256,1,1,0.421731
PHASE,131072,2048,256,1,1,0.421986
PHASE,131072,4096,256,1,1,0.426288
PHASE,131072,8192,256,1,1,0.423910
PHASE,131072,16384,256,1,1,0.420034
PHASE,131072,32768,256,1,1,0.432702
PHASE,131072,65536,256,1,1,0.157395
PHASE,131072,1,1,1,1,1.056158
PHASE,131072,2,2,1,1,0.991454
PHASE,131072,4,4,1,1,0.819418
PHASE,131072,8,8,1,1,0.441813
PHASE,131072,16,16,1,1,0.421334
PHASE,131072,32,32,1,1,0.410913
PHASE,131072,64,64,1,1,0.413933
PHASE,131072,128,128,1,1,0.414156
PHASE,131072,256,256,1,1,0.415612
PHASE,131072,512,256,1,1,0.419417
PHASE,131072,1024,256,1,1,0.422302
PHASE,131072,2048,256,1,1,0.422672
PHASE,131072,4096,256,1,1,0.426803
PHASE,131072,8192,256,1,1,0.420753
PHASE,131072,16384,256,1,1,0.424712
PHASE,131072,32768,256,1,1,0.431428
PHASE,131072,65536,256,1,1,0.156238
PHASE,262144,1,1,1,1,2.117763
PHASE,262144,2,2,1,1,1.966503
PHASE,262144,4,4,1,1,1.639298
PHASE,262144,8,8,1,1,0.851463
PHASE,262144,16,16,1,1,0.905160
PHASE,262144,32,32,1,1,0.852637
PHASE,262144,64,64,1,1,0.844813
PHASE,262144,128,128,1,1,0.824591
PHASE,262144,256,256,1,1,0.861224
PHASE,262144,512,256,1,1,0.903002
PHASE,262144,1024,256,1,1,0.907001
PHASE,262144,2048,256,1,1,0.857966
PHASE,262144,4096,256,1,1,0.847882
PHASE,262144,8192,256,1,1,0.842605
PHASE,262144,16384,256,1,1,0.846759
PHASE,262144,32768,256,1,1,0.848169
PHASE,262144,65536,256,1,1,0.863892
PHASE,262144,131072,256,1,1,0.323144
PHASE,131072,1,1,1,1,1.054619
PHASE,131072,2,2,1,1,0.991291
PHASE,131072,4,4,1,1,0.818256
PHASE,131072,8,8,1,1,0.437434
PHASE,131072,16,16,1,1,0.421732
PHASE,131072,32,32,1,1,0.412355
PHASE,131072,64,64,1,1,0.415496
PHASE,131072,128,128,1,1,0.415384
PHASE,131072,256,256,1,1,0.416517
PHASE,131072,512,256,1,1,0.423027
PHASE,131072,1024,256,1,1,0.422477
PHASE,131072,2048,256,1,1,0.421910
PHASE,131072,4096,256,1,1,0.425381
PHASE,131072,8192,256,1,1,0.422078
PHASE,131072,16384,256,1,1,0.424843
PHASE,131072,32768,256,1,1,0.430266
PHASE,131072,65536,256,1,1,0.154010
PHASE,131072,1,1,1,1,1.055351
PHASE,131072,2,2,1,1,0.980262
PHASE,131072,4,4,1,1,0.825651
PHASE,131072,8,8,1,1,0.437170
PHASE,131072,16,16,1,1,0.424308
PHASE,131072,32,32,1,1,0.405811
PHASE,131072,64,64,1,1,0.416204
PHASE,131072,128,128,1,1,0.409501
PHASE,131072,256,256,1,1,0.415446
PHASE,131072,512,256,1,1,0.417880
PHASE,131072,1024,256,1,1,0.414151
PHASE,131072,2048,256,1,1,0.420924
PHASE,131072,4096,256,1,1,0.421435
PHASE,131072,8192,256,1,1,0.425925
PHASE,131072,16384,256,1,1,0.423875
PHASE,131072,32768,256,1,1,0.429035
PHASE,131072,65536,256,1,1,0.159728
PHASE,524288,1,1,1,1,4.229229
PHASE,524288,2,2,1,1,3.982830
PHASE,524288,4,4,1,1,3.290397
PHASE,524288,8,8,1,1,3.317636
PHASE,524288,16,16,1,1,1.709412
PHASE,524288,32,32,1,1,1.688434
PHASE,524288,64,64,1,1,1.727420
PHASE,524288,128,128,1,1,1.702326
PHASE,524288,256,256,1,1,1.698363
PHASE,524288,512,256,1,1,1.769447
PHASE,524288,1024,256,1,1,1.838413
PHASE,524288,2048,256,1,1,1.904327
PHASE,524288,4096,256,1,1,1.848104
PHASE,524288,8192,256,1,1,1.707896
PHASE,524288,16384,256,1,1,1.681442
PHASE,524288,32768,256,1,1,1.698500
PHASE,524288,65536,256,1,1,1.703746
PHASE,524288,131072,256,1,1,1.738118
PHASE,524288,262144,256,1,1,0.637888
PHASE,262144,1,1,1,1,2.111835
PHASE,262144,2,2,1,1,1.964766
PHASE,262144,4,4,1,1,1.645398
PHASE,262144,8,8,1,1,0.853701
PHASE,262144,16,16,1,1,0.981145
PHASE,262144,32,32,1,1,0.849918
PHASE,262144,64,64,1,1,0.892741
PHASE,262144,128,128,1,1,0.863588
PHASE,262144,256,256,1,1,0.850142
PHASE,262144,512,256,1,1,0.878992
PHASE,262144,1024,256,1,1,0.880016
PHASE,262144,2048,256,1,1,0.922053
PHASE,262144,4096,256,1,1,0.844721
PHASE,262144,8192,256,1,1,0.837690
PHASE,262144,16384,256,1,1,0.853110
PHASE,262144,32768,256,1,1,0.855658
PHASE,262144,65536,256,1,1,0.866696
PHASE,262144,131072,256,1,1,0.310404
PHASE,131072,1,1,1,1,1.063344
PHASE,131072,2,2,1,1,0.977754
PHASE,131072,4,4,1,1,0.847234
PHASE,131072,8,8,1,1,0.444474
PHASE,131072,16,16,1,1,0.422265
PHASE,131072,32,32,1,1,0.409097
PHASE,131072,64,64,1,1,0.419036
PHASE,131072,128,128,1,1,0.410289
PHASE,131072,256,256,1,1,0.419527
PHASE,131072,512,256,1,1,0.423420
PHASE,131072,1024,256,1,1,0.418377
PHASE,131072,2048,256,1,1,0.425531
PHASE,131072,4096,256,1,1,0.420098
PHASE,131072,8192,256,1,1,0.425884
PHASE,131072,16384,256,1,1,0.425929
PHASE,131072,32768,256,1,1,0.429303
PHASE,131072,65536,256,1,1,0.154819
PHASE,131072,1,1,1,1,1.052018
PHASE,131072,2,2,1,1,0.986022
PHASE,131072,4,4,1,1,0.816368
PHASE,131072,8,8,1,1,0.446988
PHASE,131072,16,16,1,1,0.415445
PHASE,131072,32,32,1,1,0.413354
PHASE,131072,64,64,1,1,0.414163
PHASE,131072,128,128,1,1,0.413567
PHASE,131072,256,256,1,1,0.417030
PHASE,131072,512,256,1,1,0.411506
PHASE,131072,1024,256,1,1,0.424156
PHASE,131072,2048,256,1,1,0.419256
PHASE,131072,4096,256,1,1,0.423990
PHASE,131072,8192,256,1,1,0.424739
PHASE,131072,16384,256,1,1,0.422643
PHASE,131072,32768,256,1,1,0.430779
PHASE,131072,65536,256,1,1,0.156102
PHASE,262144,1,1,1,1,2.115010
PHASE,262144,2,2,1,1,1.985347
PHASE,262144,4,4,1,1,1.641285
PHASE,262144,8,8,1,1,0.863285
PHASE,262144,16,16,1,1,1.044216
PHASE,262144,32,32,1,1,0.833292
PHASE,262144,64,64,1,1,0.836988
PHASE,262144,128,128,1,1,0.847159
PHASE,262144,256,256,1,1,0.827548
PHASE,262144,512,256,1,1,0.865963
PHASE,262144,1024,256,1,1,0.847139
PHASE,262144,2048,256,1,1,0.860577
PHASE,262144,4096,256,1,1,0.848344
PHASE,262144,8192,256,1,1,0.837598
PHASE,262144,16384,256,1,1,0.850816
PHASE,262144,32768,256,1,1,0.846267
PHASE,262144,65536,256,1,1,0.868245
PHASE,262144,131072,256,1,1,0.322644
PHASE,131072,1,1,1,1,1.044733
PHASE,131072,2,2,1,1,0.978831
PHASE,131072,4,4,1,1,0.824505
PHASE,131072,8,8,1,1,0.438873
PHASE,131072,16,16,1,1,0.417538
PHASE,131072,32,32,1,1,0.412532
PHASE,131072,64,64,1,1,0.415722
PHASE,131072,128,128,1,1,0.407464
PHASE,131072,256,256,1,1,0.422133
PHASE,131072,512,256,1,1,0.416519
PHASE,131072,1024,256,1,1,0.428213
PHASE,131072,2048,256,1,1,0.421223
PHASE,131072,4096,256,1,1,0.426544
PHASE,131072,8192,256,1,1,0.424168
PHASE,131072,16384,256,1,1,0.419476
PHASE,131072,32768,256,1,1,0.436384
PHASE,131072,65536,256,1,1,0.156502
PHASE,131072,1,1,1,1,1.050166
PHASE,131072,2,2,1,1,0.977565
PHASE,131072,4,4,1,1,0.823535
PHASE,131072,8,8,1,1,0.424346
PHASE,131072,16,16,1,1,0.416548
PHASE,131072,32,32,1,1,0.413479
PHASE,131072,64,64,1,1,0.413809
PHASE,131072,128,128,1,1,0.413680
PHASE,131072,256,256,1,1,0.415652
PHASE,131072,512,256,1,1,0.420230
PHASE,131072,1024,256,1,1,0.420212
PHASE,131072,2048,256,1,1,0.412743
PHASE,131072,4096,256,1,1,0.427354
PHASE,131072,8192,256,1,1,0.419744
PHASE,131072,16384,256,1,1,0.426058
PHASE,131072,32768,256,1,1,0.431298
PHASE,131072,65536,256,1,1,0.158424
PHASE,1048576,1,1,1,1,8.372998
PHASE,1048576,2,2,1,1,7.866550
PHASE,1048576,4,4,1,1,6.585327
PHASE,1048576,8,8,1,1,6.636672
PHASE,1048576,16,16,1,1,6.236914
PHASE,1048576,32,32,1,1,3.337623
PHASE,1048576,64,64,1,1,3.442391
PHASE,1048576,128,128,1,1,3.357647
PHASE,1048576,256,256,1,1,3.368897
PHASE,1048576,512,256,1,1,3.651943
PHASE,1048576,1024,256,1,1,3.722961
PHASE,1048576,2048,256,1,1,4.072015
PHASE,1048576,4096,256,1,1,3.880064
PHASE,1048576,8192,256,1,1,3.671136
PHASE,1048576,16384,256,1,1,3.374282
PHASE,1048576,32768,256,1,1,3.361833
PHASE,1048576,65536,256,1,1,3.400836
PHASE,1048576,131072,256,1,1,3.403319
PHASE,1048576,262144,256,1,1,3.457830
PHASE,1048576,524288,256,1,1,1.276373
PHASE,524288,1,1,1,1,4.193812
PHASE,524288,2,2,1,1,3.937872
PHASE,524288,4,4,1,1,3.287192
PHASE,524288,8,8,1,1,3.310857
PHASE,524288,16,16,1,1,1.644674
PHASE,524288,32,32,1,1,1.663851
PHASE,524288,64,64,1,1,1.729503
PHASE,524288,128,128,1,1,1.712722
PHASE,524288,256,256,1,1,1.702931
PHASE,524288,512,256,1,1,1.882854
PHASE,524288,1024,256,1,1,1.910653
PHASE,524288,2048,256,1,1,2.011197
PHASE,524288,4096,256,1,1,2.029261
PHASE,524288,8192,256,1,1,1.741514
PHASE,524288,16384,256,1,1,1.688292
PHASE,524288,32768,256,1,1,1.697127
PHASE,524288,65536,256,1,1,1.717196
PHASE,524288,131072,256,1,1,1.729990
PHASE,524288,262144,256,1,1,0.627498
PHASE,262144,1,1,1,1,2.109768
PHASE,262144,2,2,1,1,1.958700
PHASE,262144,4,4,1,1,1.651814
PHASE,262144,8,8,1,1,0.856070
PHASE,262144,16,16,1,1,0.843494
PHASE,262144,32,32,1,1,0.894633
PHASE,262144,64,64,1,1,0.859687
PHASE,262144,128,128,1,1,0.844854
PHASE,262144,256,256,1,1,0.836213
PHASE,262144,512,256,1,1,0.915615
PHASE,262144,1024,256,1,1,0.877364
PHASE,262144,2048,256,1,1,0.904078
PHASE,262144,4096,256,1,1,0.847752
PHASE,262144,8192,256,1,1,0.839863
PHASE,262144,16384,256,1,1,0.848389
PHASE,262144,32768,256,1,1,0.844998
PHASE,262144,65536,256,1,1,0.865250
PHASE,262144,131072,256,1,1,0.319203
PHASE,131072,1,1,1,1,1.056236
PHASE,131072,2,2,1,1,0.981649
PHASE,131072,4,4,1,1,0.837573
PHASE,131072,8,8,1,1,0.436321
PHASE,131072,16,16,1,1,0.401890
PHASE,131072,32,32,1,1,0.418721
PHASE,131072,64,64,1,1,0.417105
PHASE,131072,128,128,1,1,0.414613
PHASE,131072,256,256,1,1,0.421996
PHASE,131072,512,256,1,1,0.421162
PHASE,131072,1024,256,1,1,0.424252
PHASE,131072,2048,256,1,1,0.419924
PHASE,131072,4096,256,1,1,0.426233
PHASE,131072,8192,256,1,1,0.425570
PHASE,131072,16384,256,1,1,0.425324
PHASE,131072,32768,256,1,1,0.431324
PHASE,131072,65536,256,1,1,0.156249
PHASE,131072,1,1,1,1,1.056073
PHASE,131072,2,2,1,1,0.977423
PHASE,131072,4,4,1,1,0.822325
PHASE,131072,8,8,1,1,0.436343
PHASE,131072,16,16,1,1,0.417197
PHASE,131072,32,32,1,1,0.410249
PHASE,131072,64,64,1,1,0.417592
PHASE,131072,128,128,1,1,0.409891
PHASE,131072,256,256,1,1,0.413650
PHASE,131072,512,256,1,1,0.426863
PHASE,131072,1024,256,1,1,0.414781
PHASE,131072,2048,256,1,1,0.423294
PHASE,131072,4096,256,1,1,0.424587
PHASE,131072,8192,256,1,1,0.426220
PHASE,131072,16384,256,1,1,0.426273
PHASE,131072,32768,256,1,1,0.423730
PHASE,131072,65536,256,1,1,0.160838
PHASE,262144,1,1,1,1,2.111974
PHASE,262144,2,2,1,1,1.975939
PHASE,262144,4,4,1,1,1.649261
PHASE,262144,8,8,1,1,0.862977
PHASE,262144,16,16,1,1,0.963539
PHASE,262144,32,32,1,1,0.842425
PHASE,262144,64,64,1,1,0.896145
PHASE,262144,128,128,1,1,0.849524
PHASE,262144,256,256,1,1,0.841391
PHASE,262144,512,256,1,1,0.858711
PHASE,262144,1024,256,1,1,0.840328
PHASE,262144,2048,256,1,1,0.856653
PHASE,262144,4096,256,1,1,0.840495
PHASE,262144,8192,256,1,1,0.840883
PHASE,262144,16384,256,1,1,0.851445
PHASE,262144,32768,256,1,1,0.849685
PHASE,262144,65536,256,1,1,0.864327
PHASE,262144,131072,256,1,1,0.323240
PHASE,131072,1,1,1,1,1.052291
PHASE,131072,2,2,1,1,0.977447
PHASE,131072,4,4,1,1,0.819114
PHASE,131072,8,8,1,1,0.436541
PHASE,131072,16,16,1,1,0.421173
PHASE,131072,32,32,1,1,0.411132
PHASE,131072,64,64,1,1,0.417297
PHASE,131072,128,128,1,1,0.413405
PHASE,131072,256,256,1,1,0.415245
PHASE,131072,512,256,1,1,0.425788
PHASE,131072,1024,256,1,1,0.418218
PHASE,131072,2048,256,1,1,0.421727
PHASE,131072,4096,256,1,1,0.428530
PHASE,131072,8192,256,1,1,0.425019
PHASE,131072,16384,256,1,1,0.428508
PHASE,131072,32768,256,1,1,0.425061
PHASE,131072,65536,256,1,1,0.158540
PHASE,131072,1,1,1,1,1.063835
PHASE,131072,2,2,1,1,0.984432
PHASE,131072,4,4,1,1,0.823665
PHASE,131072,8,8,1,1,0.441766
PHASE,131072,16,16,1,1,0.416901
PHASE,131072,32,32,1,1,0.404916
PHASE,131072,64,64,1,1,0.420193
PHASE,131072,128,128,1,1,0.409074
PHASE,131072,256,256,1,1,0.421227
PHASE,131072,512,256,1,1,0.418596
PHASE,131072,1024,256,1,1,0.420283
PHASE,131072,2048,256,1,1,0.420074
PHASE,131072,4096,256,1,1,0.417996
PHASE,131072,8192,256,1,1,0.432705
PHASE,131072,16384,256,1,1,0.419801
PHASE,131072,32768,256,1,1,0.432692
PHASE,131072,65536,256,1,1,0.163246
PHASE,524288,1,1,1,1,4.208179
PHASE,524288,2,2,1,1,3.975050
PHASE,524288,4,4,1,1,3.293851
PHASE,524288,8,8,1,1,3.307646
PHASE,524288,16,16,1,1,1.736948
PHASE,524288,32,32,1,1,1.681486
PHASE,524288,64,64,1,1,1.728961
PHASE,524288,128,128,1,1,1.697359
PHASE,524288,256,256,1,1,1.704457
PHASE,524288,512,256,1,1,1.876665
PHASE,524288,1024,256,1,1,1.860542
PHASE,524288,2048,256,1,1,1.904164
PHASE,524288,4096,256,1,1,1.869621
PHASE,524288,8192,256,1,1,1.721251
PHASE,524288,16384,256,1,1,1.688023
PHASE,524288,32768,256,1,1,1.690866
PHASE,524288,65536,256,1,1,1.715687
PHASE,524288,131072,256,1,1,1.729261
PHASE,524288,262144,256,1,1,0.613467
PHASE,262144,1,1,1,1,2.112046
PHASE,262144,2,2,1,1,1.969124
PHASE,262144,4,4,1,1,1.658590
PHASE,262144,8,8,1,1,0.884827
PHASE,262144,16,16,1,1,0.809483
PHASE,262144,32,32,1,1,0.854605
PHASE,262144,64,64,1,1,0.957999
PHASE,262144,128,128,1,1,0.960268
PHASE,262144,256,256,1,1,0.841236
PHASE,262144,512,256,1,1,0.938425
PHASE,262144,1024,256,1,1,0.883988
PHASE,262144,2048,256,1,1,0.912316
PHASE,262144,4096,256,1,1,0.854212
PHASE,262144,8192,256,1,1,0.840188
PHASE,262144,16384,256,1,1,0.848187
PHASE,262144,32768,256,1,1,0.857243
PHASE,262144,65536,256,1,1,0.860228
PHASE,262144,131072,256,1,1,0.316653
PHASE,131072,1,1,1,1,1.054885
PHASE,131072,2,2,1,1,0.981390
PHASE,131072,4,4,1,1,0.820880
PHASE,131072,8,8,1,1,0.427633
PHASE,131072,16,16,1,1,0.414444
PHASE,131072,32,32,1,1,0.412190
PHASE,131072,64,64,1,1,0.422077
PHASE,131072,128,128,1,1,0.416475
PHASE,131072,256,256,1,1,0.425390
PHASE,131072,512,256,1,1,0.420914
PHASE,131072,1024,256,1,1,0.431252
PHASE,131072,2048,256,1,1,0.420385
PHASE,131072,4096,256,1,1,0.428781
PHASE,131072,8192,256,1,1,0.423545
PHASE,131072,16384,256,1,1,0.422536
PHASE,131072,32768,256,1,1,0.431196
PHASE,131072,65536,256,1,1,0.154750
PHASE,131072,1,1,1,1,1.064797
PHASE,131072,2,2,1,1,0.980688
PHASE,131072,4,4,1,1,0.838074
PHASE,131072,8,8,1,1,0.426039
PHASE,131072,16,16,1,1,0.420018
PHASE,131072,32,32,1,1,0.410285
PHASE,131072,64,64,1,1,0.409279
PHASE,131072,128,128,1,1,0.422894
PHASE,131072,256,256,1,1,0.414596
PHASE,131072,512,256,1,1,0.421362
PHASE,131072,1024,256,1,1,0.424679
PHASE,131072,2048,256,1,1,0.421019
PHASE,131072,4096,256,1,1,0.424033
PHASE,131072,8192,256,1,1,0.419237
PHASE,131072,16384,256,1,1,0.432349
PHASE,131072,32768,256,1,1,0.430059
PHASE,131072,65536,256,1,1,0.157639
PHASE,262144,1,1,1,1,2.112638
PHASE,262144,2,2,1,1,1.963782
PHASE,262144,4,4,1,1,1.648037
PHASE,262144,8,8,1,1,0.853256
PHASE,262144,16,16,1,1,0.876550
PHASE,262144,32,32,1,1,0.852553
PHASE,262144,64,64,1,1,0.842415
PHASE,262144,128,128,1,1,0.825178
PHASE,262144,256,256,1,1,0.836301
PHASE,262144,512,256,1,1,0.919361
PHASE,262144,1024,256,1,1,0.836957
PHASE,262144,2048,256,1,1,0.860700
PHASE,262144,4096,256,1,1,0.846575
PHASE,262144,8192,256,1,1,0.843369
PHASE,262144,16384,256,1,1,0.852518
PHASE,262144,32768,256,1,1,0.849528
PHASE,262144,65536,256,1,1,0.865066
PHASE,262144,131072,256,1,1,0.324440
PHASE,131072,1,1,1,1,1.050945
PHASE,131072,2,2,1,1,0.971592
PHASE,131072,4,4,1,1,0.824358
PHASE,131072,8,8,1,1,0.433591
PHASE,131072,16,16,1,1,0.419151
PHASE,131072,32,32,1,1,0.410716
PHASE,131072,64,64,1,1,0.413316
PHASE,131072,128,128,1,1,0.415470
PHASE,131072,256,256,1,1,0.415478
PHASE,131072,512,256,1,1,0.421923
PHASE,131072,1024,256,1,1,0.421083
PHASE,131072,2048,256,1,1,0.418735
PHASE,131072,4096,256,1,1,0.442305
PHASE,131072,8192,256,1,1,0.419199
PHASE,131072,16384,256,1,1,0.425204
PHASE,131072,32768,256,1,1,0.431198
PHASE,131072,65536,256,1,1,0.156666
PHASE,131072,1,1,1,1,1.058256
PHASE,131072,2,2,1,1,0.983818
PHASE,131072,4,4,1,1,0.823304
PHASE,131072,8,8,1,1,0.536401
PHASE,131072,16,16,1,1,0.430591
PHASE,131072,32,32,1,1,0.406860
PHASE,131072,64,64,1,1,0.414737
PHASE,131072,128,128,1,1,0.409178
PHASE,131072,256,256,1,1,0.417406
PHASE,131072,512,256,1,1,0.419074
PHASE,131072,1024,256,1,1,0.416130
PHASE,131072,2048,256,1,1,0.425491
PHASE,131072,4096,256,1,1,0.420255
PHASE,131072,8192,256,1,1,0.433129
PHASE,131072,16384,256,1,1,0.430472
PHASE,131072,32768,256,1,1,0.429488
PHASE,131072,65536,256,1,1,0.155702
