PHASE,1048576,1,1,1,1,5.277805
PHASE,1048576,2,2,1,1,5.671194
PHASE,1048576,4,4,1,1,5.761781
PHASE,1048576,8,8,1,1,6.231105
PHASE,1048576,16,16,1,1,3.295897
PHASE,1048576,32,32,1,1,3.109228
PHASE,1048576,64,64,1,1,3.267512
PHASE,1048576,128,128,1,1,3.290629
PHASE,1048576,256,256,1,1,3.239893
PHASE,1048576,512,256,1,1,3.324748
PHASE,1048576,1024,256,1,1,3.390619
PHASE,1048576,2048,256,1,1,3.296523
PHASE,1048576,4096,256,1,1,0.864799
PHASE,1048576,8192,256,1,1,0.879135
PHASE,1048576,16384,256,1,1,0.881297
PHASE,1048576,32768,256,1,1,0.803485
PHASE,1048576,65536,256,1,1,0.785538
PHASE,1048576,131072,256,1,1,0.789278
PHASE,1048576,262144,256,1,1,0.809462
PHASE,1048576,524288,256,1,1,0.385294
PHASE,524288,1,1,1,1,2.607337
PHASE,524288,2,2,1,1,2.850373
PHASE,524288,4,4,1,1,2.870359
PHASE,524288,8,8,1,1,1.655939
PHASE,524288,16,16,1,1,1.656519
PHASE,524288,32,32,1,1,1.638782
PHASE,524288,64,64,1,1,1.568803
PHASE,524288,128,128,1,1,1.652203
PHASE,524288,256,256,1,1,1.615083
PHASE,524288,512,256,1,1,1.702340
PHASE,524288,1024,256,1,1,1.645517
PHASE,524288,2048,256,1,1,0.402053
PHASE,524288,4096,256,1,1,0.397874
PHASE,524288,8192,256,1,1,0.436182
PHASE,524288,16384,256,1,1,0.407666
PHASE,524288,32768,256,1,1,0.385530
PHASE,524288,65536,256,1,1,0.391714
PHASE,524288,131072,256,1,1,0.398826
PHASE,524288,262144,256,1,1,0.199002
PHASE,262144,1,1,1,1,1.302002
PHASE,262144,2,2,1,1,1.420563
PHASE,262144,4,4,1,1,1.435034
PHASE,262144,8,8,1,1,0.842965
PHASE,262144,16,16,1,1,0.928185
PHASE,262144,32,32,1,1,0.812203
PHASE,262144,64,64,1,1,0.817461
PHASE,262144,128,128,1,1,0.823250
PHASE,262144,256,256,1,1,0.812579
PHASE,262144,512,256,1,1,0.815022
PHASE,262144,1024,256,1,1,0.198266
PHASE,262144,2048,256,1,1,0.202273
PHASE,262144,4096,256,1,1,0.192031
PHASE,262144,8192,256,1,1,0.200613
PHASE,262144,16384,256,1,1,0.195575
PHASE,262144,32768,256,1,1,0.190892
PHASE,262144,65536,256,1,1,0.205271
PHASE,262144,131072,256,1,1,0.093586
PHASE,131072,1,1,1,1,0.658540
PHASE,131072,2,2,1,1,0.718163
PHASE,131072,4,4,1,1,0.709645
PHASE,131072,8,8,1,1,0.433672
PHASE,131072,16,16,1,1,0.393317
PHASE,131072,32,32,1,1,0.413172
PHASE,131072,64,64,1,1,0.403212
PHASE,131072,128,128,1,1,0.408151
PHASE,131072,256,256,1,1,0.403998
PHASE,131072,512,256,1,1,0.089834
PHASE,131072,1024,256,1,1,0.090464
PHASE,131072,2048,256,1,1,0.091383
PHASE,131072,4096,256,1,1,0.099829
PHASE,131072,8192,256,1,1,0.096044
PHASE,131072,16384,256,1,1,0.094654
PHASE,131072,32768,256,1,1,0.100364
PHASE,131072,65536,256,1,1,0.049727
PHASE,131072,1,1,1,1,0.659931
PHASE,131072,2,2,1,1,0.701331
PHASE,131072,4,4,1,1,0.721161
PHASE,131072,8,8,1,1,0.428560
PHASE,131072,16,16,1,1,0.413817
PHASE,131072,32,32,1,1,0.410050
PHASE,131072,64,64,1,1,0.408217
PHASE,131072,128,128,1,1,0.405329
PHASE,131072,256,256,1,1,0.403021
PHASE,131072,512,256,1,1,0.096277
PHASE,131072,1024,256,1,1,0.092902
PHASE,131072,2048,256,1,1,0.092713
PHASE,131072,4096,256,1,1,0.091747
PHASE,131072,8192,256,1,1,0.095607
PHASE,131072,16384,256,1,1,0.096101
PHASE,131072,32768,256,1,1,0.106861
PHASE,131072,65536,256,1,1,0.049783
PHASE,262144,1,1,1,1,1.322281
PHASE,262144,2,2,1,1,1.429485
PHASE,262144,4,4,1,1,1.440289
PHASE,262144,8,8,1,1,0.832056
PHASE,262144,16,16,1,1,0.822314
PHASE,262144,32,32,1,1,0.824258
PHASE,262144,64,64,1,1,0.810456
PHASE,262144,128,128,1,1,0.826639
PHASE,262144,256,256,1,1,0.805011
PHASE,262144,512,256,1,1,0.836492
PHASE,262144,1024,256,1,1,0.203503
PHASE,262144,2048,256,1,1,0.195838
PHASE,262144,4096,256,1,1,0.198806
PHASE,262144,8192,256,1,1,0.198338
PHASE,262144,16384,256,1,1,0.192752
PHASE,262144,32768,256,1,1,0.198859
PHASE,262144,65536,256,1,1,0.198978
PHASE,262144,131072,256,1,1,0.094573
PHASE,131072,1,1,1,1,0.664854
PHASE,131072,2,2,1,1,0.710232
PHASE,131072,4,4,1,1,0.712850
PHASE,131072,8,8,1,1,0.412679
PHASE,131072,16,16,1,1,0.410899
PHASE,131072,32,32,1,1,0.410076
PHASE,131072,64,64,1,1,0.407715
PHASE,131072,128,128,1,1,0.418635
PHASE,131072,256,256,1,1,0.408736
PHASE,131072,512,256,1,1,0.090848
PHASE,131072,1024,256,1,1,0.092027
PHASE,131072,2048,256,1,1,0.095487
PHASE,131072,4096,256,1,1,0.090686
PHASE,131072,8192,256,1,1,0.095860
PHASE,131072,16384,256,1,1,0.101603
PHASE,131072,32768,256,1,1,0.099981
PHASE,131072,65536,256,1,1,0.044372
PHASE,131072,1,1,1,1,0.659844
PHASE,131072,2,2,1,1,0.705003
PHASE,131072,4,4,1,1,0.720115
PHASE,131072,8,8,1,1,0.427956
PHASE,131072,16,16,1,1,0.410255
PHASE,131072,32,32,1,1,0.403774
PHASE,131072,64,64,1,1,0.406783
PHASE,131072,128,128,1,1,0.408799
PHASE,131072,256,256,1,1,0.406904
PHASE,131072,512,256,1,1,0.089984
PHASE,131072,1024,256,1,1,0.090034
PHASE,131072,2048,256,1,1,0.096479
PHASE,131072,4096,256,1,1,0.092027
PHASE,131072,8192,256,1,1,0.096861
PHASE,131072,16384,256,1,1,0.097760
PHASE,131072,32768,256,1,1,0.099866
PHASE,131072,65536,256,1,1,0.046475
PHASE,524288,1,1,1,1,2.660038
PHASE,524288,2,2,1,1,2.887893
PHASE,524288,4,4,1,1,2.851284
PHASE,524288,8,8,1,1,1.656063
PHASE,524288,16,16,1,1,1.654108
PHASE,524288,32,32,1,1,1.640705
PHASE,524288,64,64,1,1,1.648557
PHASE,524288,128,128,1,1,1.634270
PHASE,524288,256,256,1,1,1.624907
PHASE,524288,512,256,1,1,1.656798
PHASE,524288,1024,256,1,1,1.666204
PHASE,524288,2048,256,1,1,0.408688
PHASE,524288,4096,256,1,1,0.411351
PHASE,524288,8192,256,1,1,0.453376
PHASE,524288,16384,256,1,1,0.412610
PHASE,524288,32768,256,1,1,0.398935
PHASE,524288,65536,256,1,1,0.395164
PHASE,524288,131072,256,1,1,0.398646
PHASE,524288,262144,256,1,1,0.198873
PHASE,262144,1,1,1,1,1.315855
PHASE,262144,2,2,1,1,1.421988
PHASE,262144,4,4,1,1,1.442202
PHASE,262144,8,8,1,1,0.836850
PHASE,262144,16,16,1,1,0.821838
PHASE,262144,32,32,1,1,0.841968
PHASE,262144,64,64,1,1,0.836386
PHASE,262144,128,128,1,1,0.838255
PHASE,262144,256,256,1,1,0.911847
PHASE,262144,512,256,1,1,0.812832
PHASE,262144,1024,256,1,1,0.201212
PHASE,262144,2048,256,1,1,0.198027
PHASE,262144,4096,256,1,1,0.199965
PHASE,262144,8192,256,1,1,0.211934
PHASE,262144,16384,256,1,1,0.195389
PHASE,262144,32768,256,1,1,0.198889
PHASE,262144,65536,256,1,1,0.202949
PHASE,262144,131072,256,1,1,0.095185
PHASE,131072,1,1,1,1,0.667159
PHASE,131072,2,2,1,1,0.703000
PHASE,131072,4,4,1,1,0.716474
PHASE,131072,8,8,1,1,0.427108
PHASE,131072,16,16,1,1,0.411043
PHASE,131072,32,32,1,1,0.408326
PHASE,131072,64,64,1,1,0.406716
PHASE,131072,128,128,1,1,0.409164
PHASE,131072,256,256,1,1,0.399553
PHASE,131072,512,256,1,1,0.096430
PHASE,131072,1024,256,1,1,0.091857
PHASE,131072,2048,256,1,1,0.094796
PHASE,131072,4096,256,1,1,0.092343
PHASE,131072,8192,256,1,1,0.099806
PHASE,131072,16384,256,1,1,0.096463
PHASE,131072,32768,256,1,1,0.099624
PHASE,131072,65536,256,1,1,0.044795
PHASE,131072,1,1,1,1,0.658289
PHASE,131072,2,2,1,1,0.710456
PHASE,131072,4,4,1,1,0.717725
PHASE,131072,8,8,1,1,0.431847
PHASE,131072,16,16,1,1,0.411039
PHASE,131072,32,32,1,1,0.409044
PHASE,131072,64,64,1,1,0.401462
PHASE,131072,128,128,1,1,0.407375
PHASE,131072,256,256,1,1,0.403884
PHASE,131072,512,256,1,1,0.092067
PHASE,131072,1024,256,1,1,0.091033
PHASE,131072,2048,256,1,1,0.093786
PHASE,131072,4096,256,1,1,0.100540
PHASE,131072,8192,256,1,1,0.097038
PHASE,131072,16384,256,1,1,0.095135
PHASE,131072,32768,256,1,1,0.099923
PHASE,131072,65536,256,1,1,0.045227
PHASE,262144,1,1,1,1,1.315018
PHASE,262144,2,2,1,1,1.405391
PHASE,262144,4,4,1,1,1.442081
PHASE,262144,8,8,1,1,0.835027
PHASE,262144,16,16,1,1,0.878903
PHASE,262144,32,32,1,1,0.815422
PHASE,262144,64,64,1,1,0.881866
PHASE,262144,128,128,1,1,0.838229
PHASE,262144,256,256,1,1,0.816029
PHASE,262144,512,256,1,1,0.835816
PHASE,262144,1024,256,1,1,0.205364
PHASE,262144,2048,256,1,1,0.199765
PHASE,262144,4096,256,1,1,0.195764
PHASE,262144,8192,256,1,1,0.208373
PHASE,262144,16384,256,1,1,0.194786
PHASE,262144,32768,256,1,1,0.200055
PHASE,262144,65536,256,1,1,0.198944
PHASE,262144,131072,256,1,1,0.095103
PHASE,131072,1,1,1,1,0.656201
PHASE,131072,2,2,1,1,0.710806
PHASE,131072,4,4,1,1,0.720926
PHASE,131072,8,8,1,1,0.427831
PHASE,131072,16,16,1,1,0.414414
PHASE,131072,32,32,1,1,0.413773
PHASE,131072,64,64,1,1,0.406789
PHASE,131072,128,128,1,1,0.407158
PHASE,131072,256,256,1,1,0.398360
PHASE,131072,512,256,1,1,0.091642
PHASE,131072,1024,256,1,1,0.097278
PHASE,131072,2048,256,1,1,0.091335
PHASE,131072,4096,256,1,1,0.092776
PHASE,131072,8192,256,1,1,0.097368
PHASE,131072,16384,256,1,1,0.102907
PHASE,131072,32768,256,1,1,0.103060
PHASE,131072,65536,256,1,1,0.044749
PHASE,131072,1,1,1,1,0.666824
PHASE,131072,2,2,1,1,0.709909
PHASE,131072,4,4,1,1,0.715006
PHASE,131072,8,8,1,1,0.430540
PHASE,131072,16,16,1,1,0.405558
PHASE,131072,32,32,1,1,0.410062
PHASE,131072,64,64,1,1,0.408466
PHASE,131072,128,128,1,1,0.411079
PHASE,131072,256,256,1,1,0.404992
PHASE,131072,512,256,1,1,0.090338
PHASE,131072,1024,256,1,1,0.090044
PHASE,131072,2048,256,1,1,0.094023
PHASE,131072,4096,256,1,1,0.092967
PHASE,131072,8192,256,1,1,0.100802
PHASE,131072,16384,256,1,1,0.096241
PHASE,131072,32768,256,1,1,0.101204
PHASE,131072,65536,256,1,1,0.045855
PHASE,1048576,1,1,1,1,5.206736
PHASE,1048576,2,2,1,1,5.679747
PHASE,1048576,4,4,1,1,5.792981
PHASE,1048576,8,8,1,1,6.288114
PHASE,1048576,16,16,1,1,3.218642
PHASE,1048576,32,32,1,1,3.292592
PHASE,1048576,64,64,1,1,3.293551
PHASE,1048576,128,128,1,1,3.279191
PHASE,1048576,256,256,1,1,3.258666
PHASE,1048576,512,256,1,1,3.275561
PHASE,1048576,1024,256,1,1,3.348320
PHASE,1048576,2048,256,1,1,3.273882
PHASE,1048576,4096,256,1,1,0.858191
PHASE,1048576,8192,256,1,1,0.891678
PHASE,1048576,16384,256,1,1,0.908441
PHASE,1048576,32768,256,1,1,0.823316
PHASE,1048576,65536,256,1,1,0.780421
PHASE,1048576,131072,256,1,1,0.791157
PHASE,1048576,262144,256,1,1,0.802117
PHASE,1048576,524288,256,1,1,0.391308
PHASE,524288,1,1,1,1,2.639288
PHASE,524288,2,2,1,1,2.868365
PHASE,524288,4,4,1,1,2.891679
PHASE,524288,8,8,1,1,1.666220
PHASE,524288,16,16,1,1,1.675648
PHASE,524288,32,32,1,1,1.668795
PHASE,524288,64,64,1,1,1.665892
PHASE,524288,128,128,1,1,1.662997
PHASE,524288,256,256,1,1,1.641907
PHASE,524288,512,256,1,1,1.659233
PHASE,524288,1024,256,1,1,1.693717
PHASE,524288,2048,256,1,1,0.399227
PHASE,524288,4096,256,1,1,0.445886
PHASE,524288,8192,256,1,1,0.486466
PHASE,524288,16384,256,1,1,0.498572
PHASE,524288,32768,256,1,1,0.426821
PHASE,524288,65536,256,1,1,0.424337
PHASE,524288,131072,256,1,1,0.428554
PHASE,524288,262144,256,1,1,0.191423
PHASE,262144,1,1,1,1,1.327182
PHASE,262144,2,2,1,1,1.436879
PHASE,262144,4,4,1,1,1.454364
PHASE,262144,8,8,1,1,0.871049
PHASE,262144,16,16,1,1,0.854128
PHASE,262144,32,32,1,1,0.851739
PHASE,262144,64,64,1,1,0.834403
PHASE,262144,128,128,1,1,0.820044
PHASE,262144,256,256,1,1,0.846581
PHASE,262144,512,256,1,1,0.865389
PHASE,262144,1024,256,1,1,0.189776
PHASE,262144,2048,256,1,1,0.196010
PHASE,262144,4096,256,1,1,0.201022
PHASE,262144,8192,256,1,1,0.201097
PHASE,262144,16384,256,1,1,0.199672
PHASE,262144,32768,256,1,1,0.192869
PHASE,262144,65536,256,1,1,0.202912
PHASE,262144,131072,256,1,1,0.102229
PHASE,131072,1,1,1,1,0.663084
PHASE,131072,2,2,1,1,0.712058
PHASE,131072,4,4,1,1,0.949770
PHASE,131072,8,8,1,1,0.428239
PHASE,131072,16,16,1,1,0.427806
PHASE,131072,32,32,1,1,0.444060
PHASE,131072,64,64,1,1,0.411655
PHASE,131072,128,128,1,1,0.408867
PHASE,131072,256,256,1,1,0.407366
PHASE,131072,512,256,1,1,0.093262
PHASE,131072,1024,256,1,1,0.091986
PHASE,131072,2048,256,1,1,0.091622
PHASE,131072,4096,256,1,1,0.093845
PHASE,131072,8192,256,1,1,0.099771
PHASE,131072,16384,256,1,1,0.102582
PHASE,131072,32768,256,1,1,0.100434
PHASE,131072,65536,256,1,1,0.047350
PHASE,131072,1,1,1,1,0.665033
PHASE,131072,2,2,1,1,0.709636
PHASE,131072,4,4,1,1,0.729000
PHASE,131072,8,8,1,1,0.435223
PHASE,131072,16,16,1,1,0.418313
PHASE,131072,32,32,1,1,0.409773
PHASE,131072,64,64,1,1,0.409737
PHASE,131072,128,128,1,1,0.414866
PHASE,131072,256,256,1,1,0.417972
PHASE,131072,512,256,1,1,0.092767
PHASE,131072,1024,256,1,1,0.090584
PHASE,131072,2048,256,1,1,0.099272
PHASE,131072,4096,256,1,1,0.095508
PHASE,131072,8192,256,1,1,0.097658
PHASE,131072,16384,256,1,1,0.097436
PHASE,131072,32768,256,1,1,0.100411
PHASE,131072,65536,256,1,1,0.045653
PHASE,262144,1,1,1,1,1.348539
PHASE,262144,2,2,1,1,1.505076
PHASE,262144,4,4,1,1,1.939385
PHASE,262144,8,8,1,1,0.872575
PHASE,262144,16,16,1,1,0.847355
PHASE,262144,32,32,1,1,0.819281
PHASE,262144,64,64,1,1,0.818409
PHASE,262144,128,128,1,1,0.823139
PHASE,262144,256,256,1,1,0.906130
PHASE,262144,512,256,1,1,0.813476
PHASE,262144,1024,256,1,1,0.194778
PHASE,262144,2048,256,1,1,0.193861
PHASE,262144,4096,256,1,1,0.204203
PHASE,262144,8192,256,1,1,0.195605
PHASE,262144,16384,256,1,1,0.196630
PHASE,262144,32768,256,1,1,0.192814
PHASE,262144,65536,256,1,1,0.202743
PHASE,262144,131072,256,1,1,0.098597
PHASE,131072,1,1,1,1,0.666922
PHASE,131072,2,2,1,1,0.717316
PHASE,131072,4,4,1,1,0.724609
PHASE,131072,8,8,1,1,0.428247
PHASE,131072,16,16,1,1,0.427632
PHASE,131072,32,32,1,1,0.385400
PHASE,131072,64,64,1,1,0.406828
PHASE,131072,128,128,1,1,0.407690
PHASE,131072,256,256,1,1,0.402970
PHASE,131072,512,256,1,1,0.093830
PHASE,131072,1024,256,1,1,0.092238
PHASE,131072,2048,256,1,1,0.094824
PHASE,131072,4096,256,1,1,0.103330
PHASE,131072,8192,256,1,1,0.097361
PHASE,131072,16384,256,1,1,0.095166
PHASE,131072,32768,256,1,1,0.099192
PHASE,131072,65536,256,1,1,0.046376
PHASE,131072,1,1,1,1,0.660425
PHASE,131072,2,2,1,1,0.715048
PHASE,131072,4,4,1,1,0.714331
PHASE,131072,8,8,1,1,0.430368
PHASE,131072,16,16,1,1,0.420482
PHASE,131072,32,32,1,1,0.411960
PHASE,131072,64,64,1,1,0.404044
PHASE,131072,128,128,1,1,0.408949
PHASE,131072,256,256,1,1,0.409092
PHASE,131072,512,256,1,1,0.090717
PHASE,131072,1024,256,1,1,0.091875
PHASE,131072,2048,256,1,1,0.096868
PHASE,131072,4096,256,1,1,0.095762
PHASE,131072,8192,256,1,1,0.097087
PHASE,131072,16384,256,1,1,0.097048
PHASE,131072,32768,256,1,1,0.107112
PHASE,131072,65536,256,1,1,0.046120
PHASE,524288,1,1,1,1,2.721103
PHASE,524288,2,2,1,1,2.903629
PHASE,524288,4,4,1,1,2.885406
PHASE,524288,8,8,1,1,1.654543
PHASE,524288,16,16,1,1,1.666438
PHASE,524288,32,32,1,1,1.655915
PHASE,524288,64,64,1,1,1.651790
PHASE,524288,128,128,1,1,1.658023
PHASE,524288,256,256,1,1,1.623119
PHASE,524288,512,256,1,1,1.654409
PHASE,524288,1024,256,1,1,1.743207
PHASE,524288,2048,256,1,1,0.420386
PHASE,524288,4096,256,1,1,0.423599
PHASE,524288,8192,256,1,1,0.459516
PHASE,524288,16384,256,1,1,0.408044
PHASE,524288,32768,256,1,1,0.393957
PHASE,524288,65536,256,1,1,0.395537
PHASE,524288,131072,256,1,1,0.399324
PHASE,524288,262144,256,1,1,0.197865
PHASE,262144,1,1,1,1,1.337093
PHASE,262144,2,2,1,1,1.425857
PHASE,262144,4,4,1,1,1.435192
PHASE,262144,8,8,1,1,0.829791
PHASE,262144,16,16,1,1,0.819327
PHASE,262144,32,32,1,1,0.905546
PHASE,262144,64,64,1,1,0.829261
PHASE,262144,128,128,1,1,0.823025
PHASE,262144,256,256,1,1,0.828194
PHASE,262144,512,256,1,1,0.901444
PHASE,262144,1024,256,1,1,0.201520
PHASE,262144,2048,256,1,1,0.198712
PHASE,262144,4096,256,1,1,0.202421
PHASE,262144,8192,256,1,1,0.202207
PHASE,262144,16384,256,1,1,0.199248
PHASE,262144,32768,256,1,1,0.193298
PHASE,262144,65536,256,1,1,0.200851
PHASE,262144,131072,256,1,1,0.095711
PHASE,131072,1,1,1,1,0.669010
PHASE,131072,2,2,1,1,0.705847
PHASE,131072,4,4,1,1,0.723373
PHASE,131072,8,8,1,1,0.429088
PHASE,131072,16,16,1,1,0.411419
PHASE,131072,32,32,1,1,0.406292
PHASE,131072,64,64,1,1,0.405926
PHASE,131072,128,128,1,1,0.407764
PHASE,131072,256,256,1,1,0.404937
PHASE,131072,512,256,1,1,0.092906
PHASE,131072,1024,256,1,1,0.091684
PHASE,131072,2048,256,1,1,0.091974
PHASE,131072,4096,256,1,1,0.100454
PHASE,131072,8192,256,1,1,0.095497
PHASE,131072,16384,256,1,1,0.096133
PHASE,131072,32768,256,1,1,0.099778
PHASE,131072,65536,256,1,1,0.046121
PHASE,131072,1,1,1,1,0.659920
PHASE,131072,2,2,1,1,0.712794
PHASE,131072,4,4,1,1,0.719368
PHASE,131072,8,8,1,1,0.430661
PHASE,131072,16,16,1,1,0.417954
PHASE,131072,32,32,1,1,0.412001
PHASE,131072,64,64,1,1,0.401490
PHASE,131072,128,128,1,1,0.410354
PHASE,131072,256,256,1,1,0.407733
PHASE,131072,512,256,1,1,0.092678
PHASE,131072,1024,256,1,1,0.092945
PHASE,131072,2048,256,1,1,0.097452
PHASE,131072,4096,256,1,1,0.094601
PHASE,131072,8192,256,1,1,0.095979
PHASE,131072,16384,256,1,1,0.098047
PHASE,131072,32768,256,1,1,0.107035
PHASE,131072,65536,256,1,1,0.046660
PHASE,262144,1,1,1,1,1.335302
PHASE,262144,2,2,1,1,1.419405
PHASE,262144,4,4,1,1,1.427561
PHASE,262144,8,8,1,1,0.834967
PHASE,262144,16,16,1,1,0.830615
PHASE,262144,32,32,1,1,0.827814
PHASE,262144,64,64,1,1,0.833509
PHASE,262144,128,128,1,1,0.822952
PHASE,262144,256,256,1,1,0.838806
PHASE,262144,512,256,1,1,0.810170
PHASE,262144,1024,256,1,1,0.201157
PHASE,262144,2048,256,1,1,0.195105
PHASE,262144,4096,256,1,1,0.193981
PHASE,262144,8192,256,1,1,0.204386
PHASE,262144,16384,256,1,1,0.191874
PHASE,262144,32768,256,1,1,0.199630
PHASE,262144,65536,256,1,1,0.199054
PHASE,262144,131072,256,1,1,0.097878
PHASE,131072,1,1,1,1,0.664008
PHASE,131072,2,2,1,1,0.716574
PHASE,131072,4,4,1,1,0.739997
PHASE,131072,8,8,1,1,0.424117
PHASE,131072,16,16,1,1,0.411690
PHASE,131072,32,32,1,1,0.408390
PHASE,131072,64,64,1,1,0.408532
PHASE,131072,128,128,1,1,0.409293
PHASE,131072,256,256,1,1,0.398383
PHASE,131072,512,256,1,1,0.096562
PHASE,131072,1024,256,1,1,0.093801
PHASE,131072,2048,256,1,1,0.093748
PHASE,131072,4096,256,1,1,0.095088
PHASE,131072,8192,256,1,1,0.096969
PHASE,131072,16384,256,1,1,0.103393
PHASE,131072,32768,256,1,1,0.100217
PHASE,131072,65536,256,1,1,0.045045
PHASE,131072,1,1,1,1,0.666665
PHASE,131072,2,2,1,1,0.702760
PHASE,131072,4,4,1,1,0.718365
PHASE,131072,8,8,1,1,0.429722
PHASE,131072,16,16,1,1,0.408028
PHASE,131072,32,32,1,1,0.410487
PHASE,131072,64,64,1,1,0.417309
PHASE,131072,128,128,1,1,0.411606
PHASE,131072,256,256,1,1,0.404415
PHASE,131072,512,256,1,1,0.094127
PHASE,131072,1024,256,1,1,0.092660
PHASE,131072,2048,256,1,1,0.093059
PHASE,131072,4096,256,1,1,0.095685
PHASE,131072,8192,256,1,1,0.096039
PHASE,131072,16384,256,1,1,0.095943
PHASE,131072,32768,256,1,1,0.100086
PHASE,131072,65536,256,1,1,0.045114
PHASE,1048576,1,1,1,1,5.226996
PHASE,1048576,2,2,1,1,5.664380
PHASE,1048576,4,4,1,1,5.774697
PHASE,1048576,8,8,1,1,6.233814
PHASE,1048576,16,16,1,1,3.279038
PHASE,1048576,32,32,1,1,3.143440
PHASE,1048576,64,64,1,1,3.120145
PHASE,1048576,128,128,1,1,3.098829
PHASE,1048576,256,256,1,1,3.346133
PHASE,1048576,512,256,1,1,3.741990
PHASE,1048576,1024,256,1,1,3.499396
PHASE,1048576,2048,256,1,1,3.442761
PHASE,1048576,4096,256,1,1,0.870830
PHASE,1048576,8192,256,1,1,0.868781
PHASE,1048576,16384,256,1,1,0.890008
PHASE,1048576,32768,256,1,1,0.821720
PHASE,1048576,65536,256,1,1,0.780451
PHASE,1048576,131072,256,1,1,0.775211
PHASE,1048576,262144,256,1,1,0.806467
PHASE,1048576,524288,256,1,1,0.391783
PHASE,524288,1,1,1,1,2.633431
PHASE,524288,2,2,1,1,2.838594
PHASE,524288,4,4,1,1,2.881994
PHASE,524288,8,8,1,1,1.596981
PHASE,524288,16,16,1,1,1.648742
PHASE,524288,32,32,1,1,1.665443
PHASE,524288,64,64,1,1,1.570748
PHASE,524288,128,128,1,1,1.631206
PHASE,524288,256,256,1,1,1.654744
PHASE,524288,512,256,1,1,1.660105
PHASE,524288,1024,256,1,1,1.632150
PHASE,524288,2048,256,1,1,0.408618
PHASE,524288,4096,256,1,1,0.414224
PHASE,524288,8192,256,1,1,0.438055
PHASE,524288,16384,256,1,1,0.410247
PHASE,524288,32768,256,1,1,0.381607
PHASE,524288,65536,256,1,1,0.392593
PHASE,524288,131072,256,1,1,0.401160
PHASE,524288,262144,256,1,1,0.191112
PHASE,262144,1,1,1,1,1.319296
PHASE,262144,2,2,1,1,1.435214
PHASE,262144,4,4,1,1,1.482591
PHASE,262144,8,8,1,1,0.825758
PHASE,262144,16,16,1,1,0.816475
PHASE,262144,32,32,1,1,0.855710
PHASE,262144,64,64,1,1,0.802957
PHASE,262144,128,128,1,1,0.817792
PHASE,262144,256,256,1,1,0.824059
PHASE,262144,512,256,1,1,0.832310
PHASE,262144,1024,256,1,1,0.195836
PHASE,262144,2048,256,1,1,0.195147
PHASE,262144,4096,256,1,1,0.197429
PHASE,262144,8192,256,1,1,0.199855
PHASE,262144,16384,256,1,1,0.219276
PHASE,262144,32768,256,1,1,0.193461
PHASE,262144,65536,256,1,1,0.200913
PHASE,262144,131072,256,1,1,0.098902
PHASE,131072,1,1,1,1,0.672816
PHASE,131072,2,2,1,1,0.799297
PHASE,131072,4,4,1,1,0.773996
PHASE,131072,8,8,1,1,0.418318
PHASE,131072,16,16,1,1,0.404323
PHASE,131072,32,32,1,1,0.408551
PHASE,131072,64,64,1,1,0.408074
PHASE,131072,128,128,1,1,0.411337
PHASE,131072,256,256,1,1,0.405697
PHASE,131072,512,256,1,1,0.093359
PHASE,131072,1024,256,1,1,0.092272
PHASE,131072,2048,256,1,1,0.092094
PHASE,131072,4096,256,1,1,0.093937
PHASE,131072,8192,256,1,1,0.094697
PHASE,131072,16384,256,1,1,0.101720
PHASE,131072,32768,256,1,1,0.122121
PHASE,131072,65536,256,1,1,0.046355
PHASE,131072,1,1,1,1,0.670553
PHASE,131072,2,2,1,1,0.725522
PHASE,131072,4,4,1,1,0.720062
PHASE,131072,8,8,1,1,0.441417
PHASE,131072,16,16,1,1,0.423385
PHASE,131072,32,32,1,1,0.414567
PHASE,131072,64,64,1,1,0.391633
PHASE,131072,128,128,1,1,0.406876
PHASE,131072,256,256,1,1,0.407169
PHASE,131072,512,256,1,1,0.091352
PHASE,131072,1024,256,1,1,0.105409
PHASE,131072,2048,256,1,1,0.092075
PHASE,131072,4096,256,1,1,0.095946
PHASE,131072,8192,256,1,1,0.095934
PHASE,131072,16384,256,1,1,0.095673
PHASE,131072,32768,256,1,1,0.098579
PHASE,131072,65536,256,1,1,0.056217
PHASE,262144,1,1,1,1,1.342452
PHASE,262144,2,2,1,1,1.431298
PHASE,262144,4,4,1,1,1.424826
PHASE,262144,8,8,1,1,0.834108
PHASE,262144,16,16,1,1,0.827247
PHASE,262144,32,32,1,1,0.933941
PHASE,262144,64,64,1,1,0.842274
PHASE,262144,128,128,1,1,0.815664
PHASE,262144,256,256,1,1,0.829906
PHASE,262144,512,256,1,1,0.870234
PHASE,262144,1024,256,1,1,0.199511
PHASE,262144,2048,256,1,1,0.192729
PHASE,262144,4096,256,1,1,0.199092
PHASE,262144,8192,256,1,1,0.202259
PHASE,262144,16384,256,1,1,0.193006
PHASE,262144,32768,256,1,1,0.200332
PHASE,262144,65536,256,1,1,0.199355
PHASE,262144,131072,256,1,1,0.103591
PHASE,131072,1,1,1,1,0.666255
PHASE,131072,2,2,1,1,0.709196
PHASE,131072,4,4,1,1,0.724240
PHASE,131072,8,8,1,1,0.428196
PHASE,131072,16,16,1,1,0.404584
PHASE,131072,32,32,1,1,0.409109
PHASE,131072,64,64,1,1,0.404409
PHASE,131072,128,128,1,1,0.408020
PHASE,131072,256,256,1,1,0.402377
PHASE,131072,512,256,1,1,0.093035
PHASE,131072,1024,256,1,1,0.091763
PHASE,131072,2048,256,1,1,0.093367
PHASE,131072,4096,256,1,1,0.092890
PHASE,131072,8192,256,1,1,0.105840
PHASE,131072,16384,256,1,1,0.100060
PHASE,131072,32768,256,1,1,0.099951
PHASE,131072,65536,256,1,1,0.046216
PHASE,131072,1,1,1,1,0.657223
PHASE,131072,2,2,1,1,0.715353
PHASE,131072,4,4,1,1,0.730016
PHASE,131072,8,8,1,1,0.417449
PHASE,131072,16,16,1,1,0.414904
PHASE,131072,32,32,1,1,0.408138
PHASE,131072,64,64,1,1,0.407863
PHASE,131072,128,128,1,1,0.402813
PHASE,131072,256,256,1,1,0.405768
PHASE,131072,512,256,1,1,0.091061
PHASE,131072,1024,256,1,1,0.095985
PHASE,131072,2048,256,1,1,0.090051
PHASE,131072,4096,256,1,1,0.097166
PHASE,131072,8192,256,1,1,0.096863
PHASE,131072,16384,256,1,1,0.095295
PHASE,131072,32768,256,1,1,0.099846
PHASE,131072,65536,256,1,1,0.051171
PHASE,524288,1,1,1,1,2.685548
PHASE,524288,2,2,1,1,3.052458
PHASE,524288,4,4,1,1,3.189366
PHASE,524288,8,8,1,1,1.654567
PHASE,524288,16,16,1,1,1.664479
PHASE,524288,32,32,1,1,1.656462
PHASE,524288,64,64,1,1,1.656309
PHASE,524288,128,128,1,1,1.633434
PHASE,524288,256,256,1,1,1.621266
PHASE,524288,512,256,1,1,1.714588
PHASE,524288,1024,256,1,1,1.671870
PHASE,524288,2048,256,1,1,0.417381
PHASE,524288,4096,256,1,1,0.419467
PHASE,524288,8192,256,1,1,0.457868
PHASE,524288,16384,256,1,1,0.412066
PHASE,524288,32768,256,1,1,0.393194
PHASE,524288,65536,256,1,1,0.400348
PHASE,524288,131072,256,1,1,0.413026
PHASE,524288,262144,256,1,1,0.189295
PHASE,262144,1,1,1,1,1.320436
PHASE,262144,2,2,1,1,1.426769
PHASE,262144,4,4,1,1,1.434028
PHASE,262144,8,8,1,1,0.836929
PHASE,262144,16,16,1,1,0.909678
PHASE,262144,32,32,1,1,0.820867
PHASE,262144,64,64,1,1,0.819060
PHASE,262144,128,128,1,1,0.839265
PHASE,262144,256,256,1,1,0.823163
PHASE,262144,512,256,1,1,0.881820
PHASE,262144,1024,256,1,1,0.208212
PHASE,262144,2048,256,1,1,0.196698
PHASE,262144,4096,256,1,1,0.194876
PHASE,262144,8192,256,1,1,0.207230
PHASE,262144,16384,256,1,1,0.193109
PHASE,262144,32768,256,1,1,0.198983
PHASE,262144,65536,256,1,1,0.200688
PHASE,262144,131072,256,1,1,0.095254
PHASE,131072,1,1,1,1,0.663511
PHASE,131072,2,2,1,1,0.714168
PHASE,131072,4,4,1,1,0.716786
PHASE,131072,8,8,1,1,0.422618
PHASE,131072,16,16,1,1,0.392628
PHASE,131072,32,32,1,1,0.407520
PHASE,131072,64,64,1,1,0.409615
PHASE,131072,128,128,1,1,0.407978
PHASE,131072,256,256,1,1,0.401181
PHASE,131072,512,256,1,1,0.091638
PHASE,131072,1024,256,1,1,0.096997
PHASE,131072,2048,256,1,1,0.091941
PHASE,131072,4096,256,1,1,0.093722
PHASE,131072,8192,256,1,1,0.096835
PHASE,131072,16384,256,1,1,0.096250
PHASE,131072,32768,256,1,1,0.105452
PHASE,131072,65536,256,1,1,0.045873
PHASE,131072,1,1,1,1,0.672234
PHASE,131072,2,2,1,1,0.707566
PHASE,131072,4,4,1,1,0.723359
PHASE,131072,8,8,1,1,0.429941
PHASE,131072,16,16,1,1,0.408065
PHASE,131072,32,32,1,1,0.408242
PHASE,131072,64,64,1,1,0.410750
PHASE,131072,128,128,1,1,0.415907
PHASE,131072,256,256,1,1,0.412821
PHASE,131072,512,256,1,1,0.090455
PHASE,131072,1024,256,1,1,0.090099
PHASE,131072,2048,256,1,1,0.092274
PHASE,131072,4096,256,1,1,0.096227
PHASE,131072,8192,256,1,1,0.100764
PHASE,131072,16384,256,1,1,0.101810
PHASE,131072,32768,256,1,1,0.100969
PHASE,131072,65536,256,1,1,0.046017
PHASE,262144,1,1,1,1,1.321140
PHASE,262144,2,2,1,1,1.419551
PHASE,262144,4,4,1,1,1.427388
PHASE,262144,8,8,1,1,0.840597
PHASE,262144,16,16,1,1,0.817825
PHASE,262144,32,32,1,1,0.852213
PHASE,262144,64,64,1,1,0.839773
PHASE,262144,128,128,1,1,0.816887
PHASE,262144,256,256,1,1,0.832788
PHASE,262144,512,256,1,1,0.882184
PHASE,262144,1024,256,1,1,0.197170
PHASE,262144,2048,256,1,1,0.200186
PHASE,262144,4096,256,1,1,0.194607
PHASE,262144,8192,256,1,1,0.196349
PHASE,262144,16384,256,1,1,0.199590
PHASE,262144,32768,256,1,1,0.190983
PHASE,262144,65536,256,1,1,0.205719
PHASE,262144,131072,256,1,1,0.095285
PHASE,131072,1,1,1,1,0.666292
PHASE,131072,2,2,1,1,0.708657
PHASE,131072,4,4,1,1,0.719088
PHASE,131072,8,8,1,1,0.430749
PHASE,131072,16,16,1,1,0.410707
PHASE,131072,32,32,1,1,0.408570
PHASE,131072,64,64,1,1,0.398831
PHASE,131072,128,128,1,1,0.406196
PHASE,131072,256,256,1,1,0.402275
PHASE,131072,512,256,1,1,0.092179
PHASE,131072,1024,256,1,1,0.094052
PHASE,131072,2048,256,1,1,0.097918
PHASE,131072,4096,256,1,1,0.094526
PHASE,131072,8192,256,1,1,0.096295
PHASE,131072,16384,256,1,1,0.095756
PHASE,131072,32768,256,1,1,0.098607
PHASE,131072,65536,256,1,1,0.051697
PHASE,131072,1,1,1,1,0.668089
PHASE,131072,2,2,1,1,0.702895
PHASE,131072,4,4,1,1,0.715273
PHASE,131072,8,8,1,1,0.430914
PHASE,131072,16,16,1,1,0.413106
PHASE,131072,32,32,1,1,0.409756
PHASE,131072,64,64,1,1,0.408539
PHASE,131072,128,128,1,1,0.415205
PHASE,131072,256,256,1,1,0.399504
PHASE,131072,512,256,1,1,0.097850
PHASE,131072,1024,256,1,1,0.092559
PHASE,131072,2048,256,1,1,0.091370
PHASE,131072,4096,256,1,1,0.093984
PHASE,131072,8192,256,1,1,0.093977
PHASE,131072,16384,256,1,1,0.095006
PHASE,131072,32768,256,1,1,0.106059
PHASE,131072,65536,256,1,1,0.046137
PHASE,1048576,1,1,1,1,5.215155
PHASE,1048576,2,2,1,1,5.670622
PHASE,1048576,4,4,1,1,5.765772
PHASE,1048576,8,8,1,1,6.242884
PHASE,1048576,16,16,1,1,3.296652
PHASE,1048576,32,32,1,1,3.283627
PHASE,1048576,64,64,1,1,3.285578
PHASE,1048576,128,128,1,1,3.293120
PHASE,1048576,256,256,1,1,3.276767
PHASE,1048576,512,256,1,1,3.321899
PHASE,1048576,1024,256,1,1,3.470020
PHASE,1048576,2048,256,1,1,3.285246
PHASE,1048576,4096,256,1,1,0.839705
PHASE,1048576,8192,256,1,1,0.869797
PHASE,1048576,16384,256,1,1,0.908014
PHASE,1048576,32768,256,1,1,0.825152
PHASE,1048576,65536,256,1,1,0.767365
PHASE,1048576,131072,256,1,1,0.779316
PHASE,1048576,262144,256,1,1,0.797672
PHASE,1048576,524288,256,1,1,0.388348
PHASE,524288,1,1,1,1,2.616694
PHASE,524288,2,2,1,1,2.822301
PHASE,524288,4,4,1,1,2.874042
PHASE,524288,8,8,1,1,1.677394
PHASE,524288,16,16,1,1,1.666839
PHASE,524288,32,32,1,1,1.655478
PHASE,524288,64,64,1,1,1.662806
PHASE,524288,128,128,1,1,1.634703
PHASE,524288,256,256,1,1,1.633771
PHASE,524288,512,256,1,1,1.660536
PHASE,524288,1024,256,1,1,1.629111
PHASE,524288,2048,256,1,1,0.405247
PHASE,524288,4096,256,1,1,0.411836
PHASE,524288,8192,256,1,1,0.455162
PHASE,524288,16384,256,1,1,0.420601
PHASE,524288,32768,256,1,1,0.390021
PHASE,524288,65536,256,1,1,0.391297
PHASE,524288,131072,256,1,1,0.397878
PHASE,524288,262144,256,1,1,0.197034
PHASE,262144,1,1,1,1,1.298026
PHASE,262144,2,2,1,1,1.427190
PHASE,262144,4,4,1,1,1.436537
PHASE,262144,8,8,1,1,0.839813
PHASE,262144,16,16,1,1,0.815216
PHASE,262144,32,32,1,1,0.832334
PHASE,262144,64,64,1,1,0.842612
PHASE,262144,128,128,1,1,0.887071
PHASE,262144,256,256,1,1,0.818343
PHASE,262144,512,256,1,1,0.879400
PHASE,262144,1024,256,1,1,0.198841
PHASE,262144,2048,256,1,1,0.204054
PHASE,262144,4096,256,1,1,0.191200
PHASE,262144,8192,256,1,1,0.207274
PHASE,262144,16384,256,1,1,0.193335
PHASE,262144,32768,256,1,1,0.193221
PHASE,262144,65536,256,1,1,0.208677
PHASE,262144,131072,256,1,1,0.097763
PHASE,131072,1,1,1,1,0.669474
PHASE,131072,2,2,1,1,0.707471
PHASE,131072,4,4,1,1,0.741408
PHASE,131072,8,8,1,1,0.430365
PHASE,131072,16,16,1,1,0.405376
PHASE,131072,32,32,1,1,0.409281
PHASE,131072,64,64,1,1,0.405682
PHASE,131072,128,128,1,1,0.407302
PHASE,131072,256,256,1,1,0.407762
PHASE,131072,512,256,1,1,0.091556
PHASE,131072,1024,256,1,1,0.091639
PHASE,131072,2048,256,1,1,0.091211
PHASE,131072,4096,256,1,1,0.094008
PHASE,131072,8192,256,1,1,0.101181
PHASE,131072,16384,256,1,1,0.095913
PHASE,131072,32768,256,1,1,0.099216
PHASE,131072,65536,256,1,1,0.045217
PHASE,131072,1,1,1,1,0.658070
PHASE,131072,2,2,1,1,0.707379
PHASE,131072,4,4,1,1,0.714086
PHASE,131072,8,8,1,1,0.429190
PHASE,131072,16,16,1,1,0.422192
PHASE,131072,32,32,1,1,0.410471
PHASE,131072,64,64,1,1,0.405073
PHASE,131072,128,128,1,1,0.408714
PHASE,131072,256,256,1,1,0.405684
PHASE,131072,512,256,1,1,0.092402
PHASE,131072,1024,256,1,1,0.091018
PHASE,131072,2048,256,1,1,0.095956
PHASE,131072,4096,256,1,1,0.093552
PHASE,131072,8192,256,1,1,0.099280
PHASE,131072,16384,256,1,1,0.099236
PHASE,131072,32768,256,1,1,0.098990
PHASE,131072,65536,256,1,1,0.045481
PHASE,262144,1,1,1,1,1.320936
PHASE,262144,2,2,1,1,1.419768
PHASE,262144,4,4,1,1,1.420900
PHASE,262144,8,8,1,1,0.840192
PHASE,262144,16,16,1,1,0.912362
PHASE,262144,32,32,1,1,0.822056
PHASE,262144,64,64,1,1,0.904823
PHASE,262144,128,128,1,1,0.822308
PHASE,262144,256,256,1,1,0.909401
PHASE,262144,512,256,1,1,0.884794
PHASE,262144,1024,256,1,1,0.195039
PHASE,262144,2048,256,1,1,0.193539
PHASE,262144,4096,256,1,1,0.199907
PHASE,262144,8192,256,1,1,0.194421
PHASE,262144,16384,256,1,1,0.193389
PHASE,262144,32768,256,1,1,0.195869
PHASE,262144,65536,256,1,1,0.200261
PHASE,262144,131072,256,1,1,0.100732
PHASE,131072,1,1,1,1,0.665190
PHASE,131072,2,2,1,1,0.705162
PHASE,131072,4,4,1,1,0.720076
PHASE,131072,8,8,1,1,0.426422
PHASE,131072,16,16,1,1,0.405159
PHASE,131072,32,32,1,1,0.408792
PHASE,131072,64,64,1,1,0.405744
PHASE,131072,128,128,1,1,0.408177
PHASE,131072,256,256,1,1,0.402392
PHASE,131072,512,256,1,1,0.090410
PHASE,131072,1024,256,1,1,0.090845
PHASE,131072,2048,256,1,1,0.103929
PHASE,131072,4096,256,1,1,0.093617
PHASE,131072,8192,256,1,1,0.101876
PHASE,131072,16384,256,1,1,0.098099
PHASE,131072,32768,256,1,1,0.101789
PHASE,131072,65536,256,1,1,0.046321
PHASE,131072,1,1,1,1,0.652727
PHASE,131072,2,2,1,1,0.712478
PHASE,131072,4,4,1,1,0.720071
PHASE,131072,8,8,1,1,0.427824
PHASE,131072,16,16,1,1,0.413899
PHASE,131072,32,32,1,1,0.410409
PHASE,131072,64,64,1,1,0.408227
PHASE,131072,128,128,1,1,0.403808
PHASE,131072,256,256,1,1,0.406011
PHASE,131072,512,256,1,1,0.090705
PHASE,131072,1024,256,1,1,0.102016
PHASE,131072,2048,256,1,1,0.090652
PHASE,131072,4096,256,1,1,0.093250
PHASE,131072,8192,256,1,1,0.094223
PHASE,131072,16384,256,1,1,0.095201
PHASE,131072,32768,256,1,1,0.098902
PHASE,131072,65536,256,1,1,0.052411
PHASE,524288,1,1,1,1,2.638710
PHASE,524288,2,2,1,1,2.887035
PHASE,524288,4,4,1,1,2.907878
PHASE,524288,8,8,1,1,1.664813
PHASE,524288,16,16,1,1,1.657747
PHASE,524288,32,32,1,1,1.590451
PHASE,524288,64,64,1,1,1.652173
PHASE,524288,128,128,1,1,1.633149
PHASE,524288,256,256,1,1,1.646387
PHASE,524288,512,256,1,1,1.717474
PHASE,524288,1024,256,1,1,1.657832
PHASE,524288,2048,256,1,1,0.412400
PHASE,524288,4096,256,1,1,0.421868
PHASE,524288,8192,256,1,1,0.453333
PHASE,524288,16384,256,1,1,0.403184
PHASE,524288,32768,256,1,1,0.382261
PHASE,524288,65536,256,1,1,0.400006
PHASE,524288,131072,256,1,1,0.412833
PHASE,524288,262144,256,1,1,0.189462
PHASE,262144,1,1,1,1,1.311452
PHASE,262144,2,2,1,1,1.425383
PHASE,262144,4,4,1,1,1.444577
PHASE,262144,8,8,1,1,0.838431
PHASE,262144,16,16,1,1,0.822117
PHASE,262144,32,32,1,1,0.835623
PHASE,262144,64,64,1,1,0.837594
PHASE,262144,128,128,1,1,0.813293
PHASE,262144,256,256,1,1,0.831777
PHASE,262144,512,256,1,1,0.875455
PHASE,262144,1024,256,1,1,0.193223
PHASE,262144,2048,256,1,1,0.197874
PHASE,262144,4096,256,1,1,0.193110
PHASE,262144,8192,256,1,1,0.199855
PHASE,262144,16384,256,1,1,0.198521
PHASE,262144,32768,256,1,1,0.193350
PHASE,262144,65536,256,1,1,0.208076
PHASE,262144,131072,256,1,1,0.096016
PHASE,131072,1,1,1,1,0.662674
PHASE,131072,2,2,1,1,0.723484
PHASE,131072,4,4,1,1,0.721258
PHASE,131072,8,8,1,1,0.428648
PHASE,131072,16,16,1,1,0.410556
PHASE,131072,32,32,1,1,0.410277
PHASE,131072,64,64,1,1,0.406181
PHASE,131072,128,128,1,1,0.402296
PHASE,131072,256,256,1,1,0.407198
PHASE,131072,512,256,1,1,0.094225
PHASE,131072,1024,256,1,1,0.096383
PHASE,131072,2048,256,1,1,0.094294
PHASE,131072,4096,256,1,1,0.093242
PHASE,131072,8192,256,1,1,0.095948
PHASE,131072,16384,256,1,1,0.095487
PHASE,131072,32768,256,1,1,0.099412
PHASE,131072,65536,256,1,1,0.049208
PHASE,131072,1,1,1,1,0.666704
PHASE,131072,2,2,1,1,0.710165
PHASE,131072,4,4,1,1,0.721668
PHASE,131072,8,8,1,1,0.423779
PHASE,131072,16,16,1,1,0.413178
PHASE,131072,32,32,1,1,0.414383
PHASE,131072,64,64,1,1,0.409101
PHASE,131072,128,128,1,1,0.413671
PHASE,131072,256,256,1,1,0.403977
PHASE,131072,512,256,1,1,0.097654
PHASE,131072,1024,256,1,1,0.091706
PHASE,131072,2048,256,1,1,0.093722
PHASE,131072,4096,256,1,1,0.095569
PHASE,131072,8192,256,1,1,0.102547
PHASE,131072,16384,256,1,1,0.099876
PHASE,131072,32768,256,1,1,0.100633
PHASE,131072,65536,256,1,1,0.046286
PHASE,262144,1,1,1,1,1.310092
PHASE,262144,2,2,1,1,1.420647
PHASE,262144,4,4,1,1,1.437525
PHASE,262144,8,8,1,1,0.843002
PHASE,262144,16,16,1,1,0.817112
PHASE,262144,32,32,1,1,0.850104
PHASE,262144,64,64,1,1,0.828849
PHASE,262144,128,128,1,1,0.817538
PHASE,262144,256,256,1,1,0.818049
PHASE,262144,512,256,1,1,0.821975
PHASE,262144,1024,256,1,1,0.194158
PHASE,262144,2048,256,1,1,0.194526
PHASE,262144,4096,256,1,1,0.199991
PHASE,262144,8192,256,1,1,0.200474
PHASE,262144,16384,256,1,1,0.196822
PHASE,262144,32768,256,1,1,0.196497
PHASE,262144,65536,256,1,1,0.204732
PHASE,262144,131072,256,1,1,0.097385
PHASE,131072,1,1,1,1,0.663708
PHASE,131072,2,2,1,1,0.704654
PHASE,131072,4,4,1,1,0.723388
PHASE,131072,8,8,1,1,0.430110
PHASE,131072,16,16,1,1,0.412498
PHASE,131072,32,32,1,1,0.405952
PHASE,131072,64,64,1,1,0.404289
PHASE,131072,128,128,1,1,0.410882
PHASE,131072,256,256,1,1,0.402905
PHASE,131072,512,256,1,1,0.092439
PHASE,131072,1024,256,1,1,0.094334
PHASE,131072,2048,256,1,1,0.093064
PHASE,131072,4096,256,1,1,0.103172
PHASE,131072,8192,256,1,1,0.097377
PHASE,131072,16384,256,1,1,0.098116
PHASE,131072,32768,256,1,1,0.099225
PHASE,131072,65536,256,1,1,0.044954
PHASE,131072,1,1,1,1,0.663008
PHASE,131072,2,2,1,1,0.713844
PHASE,131072,4,4,1,1,0.713669
PHASE,131072,8,8,1,1,0.438478
PHASE,131072,16,16,1,1,0.423889
PHASE,131072,32,32,1,1,0.413048
PHASE,131072,64,64,1,1,0.403620
PHASE,131072,128,128,1,1,0.407967
PHASE,131072,256,256,1,1,0.404424
PHASE,131072,512,256,1,1,0.092283
PHASE,131072,1024,256,1,1,0.091598
PHASE,131072,2048,256,1,1,0.093576
PHASE,131072,4096,256,1,1,0.093394
PHASE,131072,8192,256,1,1,0.095059
PHASE,131072,16384,256,1,1,0.095378
PHASE,131072,32768,256,1,1,0.105802
PHASE,131072,65536,256,1,1,0.059149
PHASE,1048576,1,1,1,1,5.332794
PHASE,1048576,2,2,1,1,5.856170
PHASE,1048576,4,4,1,1,5.907495
PHASE,1048576,8,8,1,1,6.318350
PHASE,1048576,16,16,1,1,3.319900
PHASE,1048576,32,32,1,1,3.383531
PHASE,1048576,64,64,1,1,3.157787
PHASE,1048576,128,128,1,1,3.186770
PHASE,1048576,256,256,1,1,3.308408
PHASE,1048576,512,256,1,1,3.323718
PHASE,1048576,1024,256,1,1,3.458485
PHASE,1048576,2048,256,1,1,3.326855
PHASE,1048576,4096,256,1,1,0.866871
PHASE,1048576,8192,256,1,1,0.879876
PHASE,1048576,16384,256,1,1,0.915788
PHASE,1048576,32768,256,1,1,0.833029
PHASE,1048576,65536,256,1,1,0.789688
PHASE,1048576,131072,256,1,1,0.808756
PHASE,1048576,262144,256,1,1,0.811246
PHASE,1048576,524288,256,1,1,0.392767
PHASE,524288,1,1,1,1,3.267232
PHASE,524288,2,2,1,1,3.019806
PHASE,524288,4,4,1,1,2.924468
PHASE,524288,8,8,1,1,1.659543
PHASE,524288,16,16,1,1,1.663838
PHASE,524288,32,32,1,1,1.680447
PHASE,524288,64,64,1,1,1.582758
PHASE,524288,128,128,1,1,1.572264
PHASE,524288,256,256,1,1,1.563963
PHASE,524288,512,256,1,1,1.616684
PHASE,524288,1024,256,1,1,1.633065
PHASE,524288,2048,256,1,1,0.402433
PHASE,524288,4096,256,1,1,0.423409
PHASE,524288,8192,256,1,1,0.454736
PHASE,524288,16384,256,1,1,0.422394
PHASE,524288,32768,256,1,1,0.394521
PHASE,524288,65536,256,1,1,0.405641
PHASE,524288,131072,256,1,1,0.405922
PHASE,524288,262144,256,1,1,0.192658
PHASE,262144,1,1,1,1,1.324641
PHASE,262144,2,2,1,1,1.436798
PHASE,262144,4,4,1,1,1.449611
PHASE,262144,8,8,1,1,0.821955
PHASE,262144,16,16,1,1,0.870103
PHASE,262144,32,32,1,1,0.924210
PHASE,262144,64,64,1,1,0.815370
PHASE,262144,128,128,1,1,0.840538
PHASE,262144,256,256,1,1,0.829455
PHASE,262144,512,256,1,1,0.842708
PHASE,262144,1024,256,1,1,0.197588
PHASE,262144,2048,256,1,1,0.194359
PHASE,262144,4096,256,1,1,0.202912
PHASE,262144,8192,256,1,1,0.199877
PHASE,262144,16384,256,1,1,0.192124
PHASE,262144,32768,256,1,1,0.197482
PHASE,262144,65536,256,1,1,0.201017
PHASE,262144,131072,256,1,1,0.095606
PHASE,131072,1,1,1,1,0.667666
PHASE,131072,2,2,1,1,0.721977
PHASE,131072,4,4,1,1,0.727069
PHASE,131072,8,8,1,1,0.429014
PHASE,131072,16,16,1,1,0.411511
PHASE,131072,32,32,1,1,0.420756
PHASE,131072,64,64,1,1,0.406990
PHASE,131072,128,128,1,1,0.402594
PHASE,131072,256,256,1,1,0.406061
PHASE,131072,512,256,1,1,0.092449
PHASE,131072,1024,256,1,1,0.096048
PHASE,131072,2048,256,1,1,0.091728
PHASE,131072,4096,256,1,1,0.103960
PHASE,131072,8192,256,1,1,0.095201
PHASE,131072,16384,256,1,1,0.097005
PHASE,131072,32768,256,1,1,0.106563
PHASE,131072,65536,256,1,1,0.046876
PHASE,131072,1,1,1,1,0.679866
PHASE,131072,2,2,1,1,0.726472
PHASE,131072,4,4,1,1,0.730317
PHASE,131072,8,8,1,1,0.457336
PHASE,131072,16,16,1,1,0.445051
PHASE,131072,32,32,1,1,0.405909
PHASE,131072,64,64,1,1,0.408057
PHASE,131072,128,128,1,1,0.417345
PHASE,131072,256,256,1,1,0.411190
PHASE,131072,512,256,1,1,0.092269
PHASE,131072,1024,256,1,1,0.095218
PHASE,131072,2048,256,1,1,0.096473
PHASE,131072,4096,256,1,1,0.100735
PHASE,131072,8192,256,1,1,0.096672
PHASE,131072,16384,256,1,1,0.096927
PHASE,131072,32768,256,1,1,0.099208
PHASE,131072,65536,256,1,1,0.045117
PHASE,262144,1,1,1,1,1.313376
PHASE,262144,2,2,1,1,1.416934
PHASE,262144,4,4,1,1,1.426112
PHASE,262144,8,8,1,1,0.824031
PHASE,262144,16,16,1,1,0.890040
PHASE,262144,32,32,1,1,0.830820
PHASE,262144,64,64,1,1,0.852487
PHASE,262144,128,128,1,1,0.805076
PHASE,262144,256,256,1,1,0.912332
PHASE,262144,512,256,1,1,0.816424
PHASE,262144,1024,256,1,1,0.196230
PHASE,262144,2048,256,1,1,0.200936
PHASE,262144,4096,256,1,1,0.205277
PHASE,262144,8192,256,1,1,0.201189
PHASE,262144,16384,256,1,1,0.191853
PHASE,262144,32768,256,1,1,0.191400
PHASE,262144,65536,256,1,1,0.206588
PHASE,262144,131072,256,1,1,0.096471
PHASE,131072,1,1,1,1,0.672074
PHASE,131072,2,2,1,1,0.708837
PHASE,131072,4,4,1,1,0.722075
PHASE,131072,8,8,1,1,0.425164
PHASE,131072,16,16,1,1,0.416444
PHASE,131072,32,32,1,1,0.419852
PHASE,131072,64,64,1,1,0.409123
PHASE,131072,128,128,1,1,0.424593
PHASE,131072,256,256,1,1,0.409059
PHASE,131072,512,256,1,1,0.101015
PHASE,131072,1024,256,1,1,0.094048
PHASE,131072,2048,256,1,1,0.094766
PHASE,131072,4096,256,1,1,0.095292
PHASE,131072,8192,256,1,1,0.097512
PHASE,131072,16384,256,1,1,0.100096
PHASE,131072,32768,256,1,1,0.099912
PHASE,131072,65536,256,1,1,0.045345
PHASE,131072,1,1,1,1,0.668455
PHASE,131072,2,2,1,1,0.715470
PHASE,131072,4,4,1,1,0.724577
PHASE,131072,8,8,1,1,0.433906
PHASE,131072,16,16,1,1,0.413886
PHASE,131072,32,32,1,1,0.414134
PHASE,131072,64,64,1,1,0.415407
PHASE,131072,128,128,1,1,0.410840
PHASE,131072,256,256,1,1,0.414280
PHASE,131072,512,256,1,1,0.091711
PHASE,131072,1024,256,1,1,0.090255
PHASE,131072,2048,256,1,1,0.102019
PHASE,131072,4096,256,1,1,0.093843
PHASE,131072,8192,256,1,1,0.094501
PHASE,131072,16384,256,1,1,0.094821
PHASE,131072,32768,256,1,1,0.107442
PHASE,131072,65536,256,1,1,0.047477
PHASE,524288,1,1,1,1,2.743320
PHASE,524288,2,2,1,1,2.902461
PHASE,524288,4,4,1,1,2.914269
PHASE,524288,8,8,1,1,1.671278
PHASE,524288,16,16,1,1,1.682668
PHASE,524288,32,32,1,1,1.669386
PHASE,524288,64,64,1,1,1.666080
PHASE,524288,128,128,1,1,1.663071
PHASE,524288,256,256,1,1,1.652642
PHASE,524288,512,256,1,1,1.672744
PHASE,524288,1024,256,1,1,1.760201
PHASE,524288,2048,256,1,1,0.414565
PHASE,524288,4096,256,1,1,0.437644
PHASE,524288,8192,256,1,1,0.462759
PHASE,524288,16384,256,1,1,0.435733
PHASE,524288,32768,256,1,1,0.403773
PHASE,524288,65536,256,1,1,0.394175
PHASE,524288,131072,256,1,1,0.407461
PHASE,524288,262144,256,1,1,0.198398
PHASE,262144,1,1,1,1,1.337020
PHASE,262144,2,2,1,1,1.435666
PHASE,262144,4,4,1,1,1.452124
PHASE,262144,8,8,1,1,0.847263
PHASE,262144,16,16,1,1,0.828506
PHASE,262144,32,32,1,1,0.853691
PHASE,262144,64,64,1,1,0.915247
PHASE,262144,128,128,1,1,0.826719
PHASE,262144,256,256,1,1,0.838553
PHASE,262144,512,256,1,1,0.826090
PHASE,262144,1024,256,1,1,0.201015
PHASE,262144,2048,256,1,1,0.202664
PHASE,262144,4096,256,1,1,0.196892
PHASE,262144,8192,256,1,1,0.197625
PHASE,262144,16384,256,1,1,0.205027
PHASE,262144,32768,256,1,1,0.194407
PHASE,262144,65536,256,1,1,0.221278
PHASE,262144,131072,256,1,1,0.100666
PHASE,131072,1,1,1,1,0.678476
PHASE,131072,2,2,1,1,0.710217
PHASE,131072,4,4,1,1,0.727778
PHASE,131072,8,8,1,1,0.422695
PHASE,131072,16,16,1,1,0.411297
PHASE,131072,32,32,1,1,0.414702
PHASE,131072,64,64,1,1,0.411392
PHASE,131072,128,128,1,1,0.409615
PHASE,131072,256,256,1,1,0.408567
PHASE,131072,512,256,1,1,0.092208
PHASE,131072,1024,256,1,1,0.095118
PHASE,131072,2048,256,1,1,0.102400
PHASE,131072,4096,256,1,1,0.094063
PHASE,131072,8192,256,1,1,0.096404
PHASE,131072,16384,256,1,1,0.109926
PHASE,131072,32768,256,1,1,0.116018
PHASE,131072,65536,256,1,1,0.050309
PHASE,131072,1,1,1,1,0.677362
PHASE,131072,2,2,1,1,0.717955
PHASE,131072,4,4,1,1,0.726812
PHASE,131072,8,8,1,1,0.433098
PHASE,131072,16,16,1,1,0.405041
PHASE,131072,32,32,1,1,0.417657
PHASE,131072,64,64,1,1,0.423210
PHASE,131072,128,128,1,1,0.413788
PHASE,131072,256,256,1,1,0.411108
PHASE,131072,512,256,1,1,0.093234
PHASE,131072,1024,256,1,1,0.094142
PHASE,131072,2048,256,1,1,0.097357
PHASE,131072,4096,256,1,1,0.094188
PHASE,131072,8192,256,1,1,0.102377
PHASE,131072,16384,256,1,1,0.096472
PHASE,131072,32768,256,1,1,0.106852
PHASE,131072,65536,256,1,1,0.046546
PHASE,262144,1,1,1,1,1.328578
PHASE,262144,2,2,1,1,1.436072
PHASE,262144,4,4,1,1,1.444851
PHASE,262144,8,8,1,1,0.853232
PHASE,262144,16,16,1,1,0.945185
PHASE,262144,32,32,1,1,0.841515
PHASE,262144,64,64,1,1,0.829404
PHASE,262144,128,128,1,1,0.883162
PHASE,262144,256,256,1,1,0.815165
PHASE,262144,512,256,1,1,0.842405
PHASE,262144,1024,256,1,1,0.196901
PHASE,262144,2048,256,1,1,0.190329
PHASE,262144,4096,256,1,1,0.194332
PHASE,262144,8192,256,1,1,0.211507
PHASE,262144,16384,256,1,1,0.199657
PHASE,262144,32768,256,1,1,0.199256
PHASE,262144,65536,256,1,1,0.200485
PHASE,262144,131072,256,1,1,0.097230
PHASE,131072,1,1,1,1,0.683757
PHASE,131072,2,2,1,1,0.710419
PHASE,131072,4,4,1,1,0.751128
PHASE,131072,8,8,1,1,0.403531
PHASE,131072,16,16,1,1,0.416797
PHASE,131072,32,32,1,1,0.417361
PHASE,131072,64,64,1,1,0.405542
PHASE,131072,128,128,1,1,0.414062
PHASE,131072,256,256,1,1,0.410327
PHASE,131072,512,256,1,1,0.098657
PHASE,131072,1024,256,1,1,0.093002
PHASE,131072,2048,256,1,1,0.093321
PHASE,131072,4096,256,1,1,0.093649
PHASE,131072,8192,256,1,1,0.100758
PHASE,131072,16384,256,1,1,0.100938
PHASE,131072,32768,256,1,1,0.099123
PHASE,131072,65536,256,1,1,0.046480
PHASE,131072,1,1,1,1,0.672604
PHASE,131072,2,2,1,1,0.713802
PHASE,131072,4,4,1,1,0.728077
PHASE,131072,8,8,1,1,0.473074
PHASE,131072,16,16,1,1,0.445666
PHASE,131072,32,32,1,1,0.411518
PHASE,131072,64,64,1,1,0.403624
PHASE,131072,128,128,1,1,0.417355
PHASE,131072,256,256,1,1,0.422335
PHASE,131072,512,256,1,1,0.092959
PHASE,131072,1024,256,1,1,0.097781
PHASE,131072,2048,256,1,1,0.093708
PHASE,131072,4096,256,1,1,0.095271
PHASE,131072,8192,256,1,1,0.094421
PHASE,131072,16384,256,1,1,0.095651
PHASE,131072,32768,256,1,1,0.106320
PHASE,131072,65536,256,1,1,0.055501
