PHASE,1048576,1,1,1,1,5.222346
PHASE,1048576,2,2,1,1,5.701938
PHASE,1048576,4,4,1,1,5.793352
PHASE,1048576,8,8,1,1,6.194846
PHASE,1048576,16,16,1,1,3.288785
PHASE,1048576,32,32,1,1,3.101666
PHASE,1048576,64,64,1,1,3.276435
PHASE,1048576,128,128,1,1,3.275855
PHASE,1048576,256,256,1,1,3.254065
PHASE,1048576,512,256,1,1,3.300148
PHASE,1048576,1024,256,1,1,3.314343
PHASE,1048576,2048,256,1,1,3.314391
PHASE,1048576,4096,256,1,1,0.882703
PHASE,1048576,8192,256,1,1,0.885911
PHASE,1048576,16384,256,1,1,0.863695
PHASE,1048576,32768,256,1,1,0.820287
PHASE,1048576,65536,256,1,1,0.778866
PHASE,1048576,131072,256,1,1,0.768893
PHASE,1048576,262144,256,1,1,0.808427
PHASE,1048576,524288,256,1,1,0.404997
PHASE,524288,1,1,1,1,2.594430
PHASE,524288,2,2,1,1,2.851007
PHASE,524288,4,4,1,1,2.901016
PHASE,524288,8,8,1,1,1.662917
PHASE,524288,16,16,1,1,1.654112
PHASE,524288,32,32,1,1,1.645207
PHASE,524288,64,64,1,1,1.645070
PHASE,524288,128,128,1,1,1.649761
PHASE,524288,256,256,1,1,1.633046
PHASE,524288,512,256,1,1,1.642182
PHASE,524288,1024,256,1,1,1.651758
PHASE,524288,2048,256,1,1,0.407940
PHASE,524288,4096,256,1,1,0.414506
PHASE,524288,8192,256,1,1,0.428768
PHASE,524288,16384,256,1,1,0.414171
PHASE,524288,32768,256,1,1,0.395245
PHASE,524288,65536,256,1,1,0.393203
PHASE,524288,131072,256,1,1,0.414342
PHASE,524288,262144,256,1,1,0.198331
PHASE,262144,1,1,1,1,1.315695
PHASE,262144,2,2,1,1,1.417390
PHASE,262144,4,4,1,1,1.456534
PHASE,262144,8,8,1,1,0.841774
PHASE,262144,16,16,1,1,0.831963
PHASE,262144,32,32,1,1,0.838370
PHASE,262144,64,64,1,1,0.833765
PHASE,262144,128,128,1,1,0.892552
PHASE,262144,256,256,1,1,0.811964
PHASE,262144,512,256,1,1,0.875447
PHASE,262144,1024,256,1,1,0.206290
PHASE,262144,2048,256,1,1,0.204495
PHASE,262144,4096,256,1,1,0.211279
PHASE,262144,8192,256,1,1,0.214004
PHASE,262144,16384,256,1,1,0.206741
PHASE,262144,32768,256,1,1,0.193708
PHASE,262144,65536,256,1,1,0.201076
PHASE,262144,131072,256,1,1,0.098698
PHASE,131072,1,1,1,1,0.654849
PHASE,131072,2,2,1,1,0.711383
PHASE,131072,4,4,1,1,0.722869
PHASE,131072,8,8,1,1,0.436636
PHASE,131072,16,16,1,1,0.410479
PHASE,131072,32,32,1,1,0.412191
PHASE,131072,64,64,1,1,0.398972
PHASE,131072,128,128,1,1,0.401317
PHASE,131072,256,256,1,1,0.410550
PHASE,131072,512,256,1,1,0.090264
PHASE,131072,1024,256,1,1,0.089022
PHASE,131072,2048,256,1,1,0.089797
PHASE,131072,4096,256,1,1,0.089664
PHASE,131072,8192,256,1,1,0.093177
PHASE,131072,16384,256,1,1,0.094291
PHASE,131072,32768,256,1,1,0.099021
PHASE,131072,65536,256,1,1,0.049833
PHASE,131072,1,1,1,1,0.650146
PHASE,131072,2,2,1,1,0.716195
PHASE,131072,4,4,1,1,0.721900
PHASE,131072,8,8,1,1,0.419410
PHASE,131072,16,16,1,1,0.414202
PHASE,131072,32,32,1,1,0.411540
PHASE,131072,64,64,1,1,0.400395
PHASE,131072,128,128,1,1,0.414023
PHASE,131072,256,256,1,1,0.399856
PHASE,131072,512,256,1,1,0.089905
PHASE,131072,1024,256,1,1,0.089844
PHASE,131072,2048,256,1,1,0.096872
PHASE,131072,4096,256,1,1,0.089893
PHASE,131072,8192,256,1,1,0.096449
PHASE,131072,16384,256,1,1,0.100525
PHASE,131072,32768,256,1,1,0.101516
PHASE,131072,65536,256,1,1,0.044301
PHASE,262144,1,1,1,1,1.303192
PHASE,262144,2,2,1,1,1.430098
PHASE,262144,4,4,1,1,1.448253
PHASE,262144,8,8,1,1,0.844280
PHASE,262144,16,16,1,1,0.895744
PHASE,262144,32,32,1,1,0.837188
PHASE,262144,64,64,1,1,0.816642
PHASE,262144,128,128,1,1,0.815503
PHASE,262144,256,256,1,1,0.829694
PHASE,262144,512,256,1,1,0.840913
PHASE,262144,1024,256,1,1,0.206300
PHASE,262144,2048,256,1,1,0.197066
PHASE,262144,4096,256,1,1,0.211971
PHASE,262144,8192,256,1,1,0.202892
PHASE,262144,16384,256,1,1,0.196393
PHASE,262144,32768,256,1,1,0.199246
PHASE,262144,65536,256,1,1,0.214437
PHASE,262144,131072,256,1,1,0.101307
PHASE,131072,1,1,1,1,0.650570
PHASE,131072,2,2,1,1,0.711576
PHASE,131072,4,4,1,1,0.722366
PHASE,131072,8,8,1,1,0.411536
PHASE,131072,16,16,1,1,0.411677
PHASE,131072,32,32,1,1,0.409881
PHASE,131072,64,64,1,1,0.405667
PHASE,131072,128,128,1,1,0.409843
PHASE,131072,256,256,1,1,0.397504
PHASE,131072,512,256,1,1,0.091301
PHASE,131072,1024,256,1,1,0.098427
PHASE,131072,2048,256,1,1,0.093057
PHASE,131072,4096,256,1,1,0.092051
PHASE,131072,8192,256,1,1,0.103202
PHASE,131072,16384,256,1,1,0.096443
PHASE,131072,32768,256,1,1,0.099505
PHASE,131072,65536,256,1,1,0.046011
PHASE,131072,1,1,1,1,0.654830
PHASE,131072,2,2,1,1,0.716067
PHASE,131072,4,4,1,1,0.726662
PHASE,131072,8,8,1,1,0.420878
PHASE,131072,16,16,1,1,0.392788
PHASE,131072,32,32,1,1,0.413977
PHASE,131072,64,64,1,1,0.407926
PHASE,131072,128,128,1,1,0.406843
PHASE,131072,256,256,1,1,0.396980
PHASE,131072,512,256,1,1,0.087216
PHASE,131072,1024,256,1,1,0.093287
PHASE,131072,2048,256,1,1,0.090805
PHASE,131072,4096,256,1,1,0.091029
PHASE,131072,8192,256,1,1,0.103074
PHASE,131072,16384,256,1,1,0.096363
PHASE,131072,32768,256,1,1,0.102647
PHASE,131072,65536,256,1,1,0.044499
PHASE,524288,1,1,1,1,2.605957
PHASE,524288,2,2,1,1,2.892077
PHASE,524288,4,4,1,1,2.880076
PHASE,524288,8,8,1,1,1.669507
PHASE,524288,16,16,1,1,1.653406
PHASE,524288,32,32,1,1,1.651261
PHASE,524288,64,64,1,1,1.631488
PHASE,524288,128,128,1,1,1.636439
PHASE,524288,256,256,1,1,1.637763
PHASE,524288,512,256,1,1,1.646498
PHASE,524288,1024,256,1,1,1.629342
PHASE,524288,2048,256,1,1,0.413872
PHASE,524288,4096,256,1,1,0.416734
PHASE,524288,8192,256,1,1,0.432952
PHASE,524288,16384,256,1,1,0.438562
PHASE,524288,32768,256,1,1,0.394118
PHASE,524288,65536,256,1,1,0.395249
PHASE,524288,131072,256,1,1,0.403863
PHASE,524288,262144,256,1,1,0.202362
PHASE,262144,1,1,1,1,1.298436
PHASE,262144,2,2,1,1,1.416238
PHASE,262144,4,4,1,1,1.436332
PHASE,262144,8,8,1,1,0.850215
PHASE,262144,16,16,1,1,0.830779
PHASE,262144,32,32,1,1,0.813215
PHASE,262144,64,64,1,1,0.817939
PHASE,262144,128,128,1,1,0.811761
PHASE,262144,256,256,1,1,0.827260
PHASE,262144,512,256,1,1,0.888115
PHASE,262144,1024,256,1,1,0.201220
PHASE,262144,2048,256,1,1,0.198693
PHASE,262144,4096,256,1,1,0.204941
PHASE,262144,8192,256,1,1,0.220616
PHASE,262144,16384,256,1,1,0.200270
PHASE,262144,32768,256,1,1,0.195082
PHASE,262144,65536,256,1,1,0.208196
PHASE,262144,131072,256,1,1,0.099238
PHASE,131072,1,1,1,1,0.653090
PHASE,131072,2,2,1,1,0.710169
PHASE,131072,4,4,1,1,0.713173
PHASE,131072,8,8,1,1,0.429735
PHASE,131072,16,16,1,1,0.385275
PHASE,131072,32,32,1,1,0.412537
PHASE,131072,64,64,1,1,0.379889
PHASE,131072,128,128,1,1,0.407537
PHASE,131072,256,256,1,1,0.405721
PHASE,131072,512,256,1,1,0.090909
PHASE,131072,1024,256,1,1,0.090440
PHASE,131072,2048,256,1,1,0.090459
PHASE,131072,4096,256,1,1,0.091747
PHASE,131072,8192,256,1,1,0.095515
PHASE,131072,16384,256,1,1,0.102509
PHASE,131072,32768,256,1,1,0.102294
PHASE,131072,65536,256,1,1,0.045281
PHASE,131072,1,1,1,1,0.666741
PHASE,131072,2,2,1,1,0.726022
PHASE,131072,4,4,1,1,0.717713
PHASE,131072,8,8,1,1,0.437493
PHASE,131072,16,16,1,1,0.384004
PHASE,131072,32,32,1,1,0.414489
PHASE,131072,64,64,1,1,0.379246
PHASE,131072,128,128,1,1,0.409262
PHASE,131072,256,256,1,1,0.402787
PHASE,131072,512,256,1,1,0.091308
PHASE,131072,1024,256,1,1,0.089909
PHASE,131072,2048,256,1,1,0.093224
PHASE,131072,4096,256,1,1,0.091273
PHASE,131072,8192,256,1,1,0.099701
PHASE,131072,16384,256,1,1,0.096205
PHASE,131072,32768,256,1,1,0.099477
PHASE,131072,65536,256,1,1,0.043894
PHASE,262144,1,1,1,1,1.290095
PHASE,262144,2,2,1,1,1.431468
PHASE,262144,4,4,1,1,1.449407
PHASE,262144,8,8,1,1,0.843970
PHASE,262144,16,16,1,1,0.817090
PHASE,262144,32,32,1,1,0.796563
PHASE,262144,64,64,1,1,0.814047
PHASE,262144,128,128,1,1,0.812019
PHASE,262144,256,256,1,1,0.826852
PHASE,262144,512,256,1,1,0.895744
PHASE,262144,1024,256,1,1,0.199476
PHASE,262144,2048,256,1,1,0.197516
PHASE,262144,4096,256,1,1,0.204264
PHASE,262144,8192,256,1,1,0.215232
PHASE,262144,16384,256,1,1,0.197674
PHASE,262144,32768,256,1,1,0.195373
PHASE,262144,65536,256,1,1,0.207410
PHASE,262144,131072,256,1,1,0.099657
PHASE,131072,1,1,1,1,0.657774
PHASE,131072,2,2,1,1,0.718849
PHASE,131072,4,4,1,1,0.724774
PHASE,131072,8,8,1,1,0.420675
PHASE,131072,16,16,1,1,0.384401
PHASE,131072,32,32,1,1,0.415294
PHASE,131072,64,64,1,1,0.379523
PHASE,131072,128,128,1,1,0.408452
PHASE,131072,256,256,1,1,0.402473
PHASE,131072,512,256,1,1,0.090145
PHASE,131072,1024,256,1,1,0.090015
PHASE,131072,2048,256,1,1,0.090122
PHASE,131072,4096,256,1,1,0.090066
PHASE,131072,8192,256,1,1,0.103779
PHASE,131072,16384,256,1,1,0.096161
PHASE,131072,32768,256,1,1,0.099609
PHASE,131072,65536,256,1,1,0.046152
PHASE,131072,1,1,1,1,0.656906
PHASE,131072,2,2,1,1,0.714836
PHASE,131072,4,4,1,1,0.722824
PHASE,131072,8,8,1,1,0.435308
PHASE,131072,16,16,1,1,0.388341
PHASE,131072,32,32,1,1,0.416807
PHASE,131072,64,64,1,1,0.402459
PHASE,131072,128,128,1,1,0.409557
PHASE,131072,256,256,1,1,0.404004
PHASE,131072,512,256,1,1,0.089375
PHASE,131072,1024,256,1,1,0.088711
PHASE,131072,2048,256,1,1,0.093372
PHASE,131072,4096,256,1,1,0.089821
PHASE,131072,8192,256,1,1,0.101627
PHASE,131072,16384,256,1,1,0.098822
PHASE,131072,32768,256,1,1,0.101106
PHASE,131072,65536,256,1,1,0.054390
PHASE,1048576,1,1,1,1,5.302983
PHASE,1048576,2,2,1,1,5.737960
PHASE,1048576,4,4,1,1,6.199764
PHASE,1048576,8,8,1,1,6.369301
PHASE,1048576,16,16,1,1,3.219862
PHASE,1048576,32,32,1,1,3.309331
PHASE,1048576,64,64,1,1,3.309587
PHASE,1048576,128,128,1,1,3.348501
PHASE,1048576,256,256,1,1,3.259892
PHASE,1048576,512,256,1,1,3.292842
PHASE,1048576,1024,256,1,1,3.358222
PHASE,1048576,2048,256,1,1,3.304141
PHASE,1048576,4096,256,1,1,0.879101
PHASE,1048576,8192,256,1,1,0.921569
PHASE,1048576,16384,256,1,1,0.921724
PHASE,1048576,32768,256,1,1,0.872832
PHASE,1048576,65536,256,1,1,0.783261
PHASE,1048576,131072,256,1,1,0.781379
PHASE,1048576,262144,256,1,1,0.800123
PHASE,1048576,524288,256,1,1,0.398669
PHASE,524288,1,1,1,1,2.642854
PHASE,524288,2,2,1,1,2.884356
PHASE,524288,4,4,1,1,2.898992
PHASE,524288,8,8,1,1,1.672540
PHASE,524288,16,16,1,1,1.658587
PHASE,524288,32,32,1,1,1.663608
PHASE,524288,64,64,1,1,1.658782
PHASE,524288,128,128,1,1,1.672471
PHASE,524288,256,256,1,1,1.630372
PHASE,524288,512,256,1,1,1.666599
PHASE,524288,1024,256,1,1,1.674865
PHASE,524288,2048,256,1,1,0.440566
PHASE,524288,4096,256,1,1,0.440257
PHASE,524288,8192,256,1,1,0.475518
PHASE,524288,16384,256,1,1,0.423523
PHASE,524288,32768,256,1,1,0.395637
PHASE,524288,65536,256,1,1,0.395110
PHASE,524288,131072,256,1,1,0.396754
PHASE,524288,262144,256,1,1,0.211540
PHASE,262144,1,1,1,1,1.337570
PHASE,262144,2,2,1,1,1.429418
PHASE,262144,4,4,1,1,1.450368
PHASE,262144,8,8,1,1,0.852024
PHASE,262144,16,16,1,1,0.923151
PHASE,262144,32,32,1,1,0.818531
PHASE,262144,64,64,1,1,0.859616
PHASE,262144,128,128,1,1,0.819293
PHASE,262144,256,256,1,1,0.807975
PHASE,262144,512,256,1,1,0.826616
PHASE,262144,1024,256,1,1,0.197672
PHASE,262144,2048,256,1,1,0.197042
PHASE,262144,4096,256,1,1,0.217796
PHASE,262144,8192,256,1,1,0.222791
PHASE,262144,16384,256,1,1,0.203498
PHASE,262144,32768,256,1,1,0.202464
PHASE,262144,65536,256,1,1,0.207537
PHASE,262144,131072,256,1,1,0.106769
PHASE,131072,1,1,1,1,0.664085
PHASE,131072,2,2,1,1,0.705499
PHASE,131072,4,4,1,1,0.728896
PHASE,131072,8,8,1,1,0.431797
PHASE,131072,16,16,1,1,0.427863
PHASE,131072,32,32,1,1,0.405925
PHASE,131072,64,64,1,1,0.413364
PHASE,131072,128,128,1,1,0.404766
PHASE,131072,256,256,1,1,0.406063
PHASE,131072,512,256,1,1,0.095260
PHASE,131072,1024,256,1,1,0.092607
PHASE,131072,2048,256,1,1,0.099749
PHASE,131072,4096,256,1,1,0.093524
PHASE,131072,8192,256,1,1,0.103893
PHASE,131072,16384,256,1,1,0.099708
PHASE,131072,32768,256,1,1,0.101968
PHASE,131072,65536,256,1,1,0.050219
PHASE,131072,1,1,1,1,0.671312
PHASE,131072,2,2,1,1,0.723920
PHASE,131072,4,4,1,1,0.719368
PHASE,131072,8,8,1,1,0.417535
PHASE,131072,16,16,1,1,0.409630
PHASE,131072,32,32,1,1,0.408494
PHASE,131072,64,64,1,1,0.412047
PHASE,131072,128,128,1,1,0.398642
PHASE,131072,256,256,1,1,0.403778
PHASE,131072,512,256,1,1,0.100018
PHASE,131072,1024,256,1,1,0.092737
PHASE,131072,2048,256,1,1,0.092573
PHASE,131072,4096,256,1,1,0.094456
PHASE,131072,8192,256,1,1,0.095292
PHASE,131072,16384,256,1,1,0.094663
PHASE,131072,32768,256,1,1,0.099526
PHASE,131072,65536,256,1,1,0.048621
PHASE,262144,1,1,1,1,1.330520
PHASE,262144,2,2,1,1,1.435830
PHASE,262144,4,4,1,1,1.437526
PHASE,262144,8,8,1,1,0.854681
PHASE,262144,16,16,1,1,0.855085
PHASE,262144,32,32,1,1,0.832187
PHASE,262144,64,64,1,1,0.847964
PHASE,262144,128,128,1,1,0.823067
PHASE,262144,256,256,1,1,0.895135
PHASE,262144,512,256,1,1,0.897413
PHASE,262144,1024,256,1,1,0.200416
PHASE,262144,2048,256,1,1,0.201930
PHASE,262144,4096,256,1,1,0.222611
PHASE,262144,8192,256,1,1,0.213856
PHASE,262144,16384,256,1,1,0.201235
PHASE,262144,32768,256,1,1,0.195750
PHASE,262144,65536,256,1,1,0.208982
PHASE,262144,131072,256,1,1,0.100950
PHASE,131072,1,1,1,1,0.666486
PHASE,131072,2,2,1,1,0.714814
PHASE,131072,4,4,1,1,0.731891
PHASE,131072,8,8,1,1,0.417772
PHASE,131072,16,16,1,1,0.401909
PHASE,131072,32,32,1,1,0.417269
PHASE,131072,64,64,1,1,0.405028
PHASE,131072,128,128,1,1,0.406992
PHASE,131072,256,256,1,1,0.402646
PHASE,131072,512,256,1,1,0.092934
PHASE,131072,1024,256,1,1,0.093566
PHASE,131072,2048,256,1,1,0.093474
PHASE,131072,4096,256,1,1,0.093368
PHASE,131072,8192,256,1,1,0.103701
PHASE,131072,16384,256,1,1,0.101111
PHASE,131072,32768,256,1,1,0.105182
PHASE,131072,65536,256,1,1,0.051527
PHASE,131072,1,1,1,1,0.662270
PHASE,131072,2,2,1,1,0.724133
PHASE,131072,4,4,1,1,0.717759
PHASE,131072,8,8,1,1,0.412182
PHASE,131072,16,16,1,1,0.411191
PHASE,131072,32,32,1,1,0.409316
PHASE,131072,64,64,1,1,0.403133
PHASE,131072,128,128,1,1,0.404586
PHASE,131072,256,256,1,1,0.402704
PHASE,131072,512,256,1,1,0.090214
PHASE,131072,1024,256,1,1,0.091464
PHASE,131072,2048,256,1,1,0.091981
PHASE,131072,4096,256,1,1,0.098118
PHASE,131072,8192,256,1,1,0.098129
PHASE,131072,16384,256,1,1,0.096862
PHASE,131072,32768,256,1,1,0.110280
PHASE,131072,65536,256,1,1,0.047754
PHASE,524288,1,1,1,1,2.744934
PHASE,524288,2,2,1,1,2.930182
PHASE,524288,4,4,1,1,2.903840
PHASE,524288,8,8,1,1,1.672139
PHASE,524288,16,16,1,1,1.661942
PHASE,524288,32,32,1,1,1.663656
PHASE,524288,64,64,1,1,1.655912
PHASE,524288,128,128,1,1,1.637016
PHASE,524288,256,256,1,1,1.621450
PHASE,524288,512,256,1,1,1.748592
PHASE,524288,1024,256,1,1,1.639781
PHASE,524288,2048,256,1,1,0.419662
PHASE,524288,4096,256,1,1,0.430958
PHASE,524288,8192,256,1,1,0.464480
PHASE,524288,16384,256,1,1,0.432087
PHASE,524288,32768,256,1,1,0.400313
PHASE,524288,65536,256,1,1,0.396189
PHASE,524288,131072,256,1,1,0.399231
PHASE,524288,262144,256,1,1,0.206451
PHASE,262144,1,1,1,1,1.315427
PHASE,262144,2,2,1,1,1.444597
PHASE,262144,4,4,1,1,1.443620
PHASE,262144,8,8,1,1,0.847848
PHASE,262144,16,16,1,1,0.830279
PHASE,262144,32,32,1,1,0.915969
PHASE,262144,64,64,1,1,0.822561
PHASE,262144,128,128,1,1,0.811707
PHASE,262144,256,256,1,1,0.807814
PHASE,262144,512,256,1,1,0.806707
PHASE,262144,1024,256,1,1,0.201017
PHASE,262144,2048,256,1,1,0.202057
PHASE,262144,4096,256,1,1,0.212063
PHASE,262144,8192,256,1,1,0.216664
PHASE,262144,16384,256,1,1,0.203349
PHASE,262144,32768,256,1,1,0.209760
PHASE,262144,65536,256,1,1,0.208197
PHASE,262144,131072,256,1,1,0.097957
PHASE,131072,1,1,1,1,0.661194
PHASE,131072,2,2,1,1,0.716529
PHASE,131072,4,4,1,1,0.728461
PHASE,131072,8,8,1,1,0.404527
PHASE,131072,16,16,1,1,0.411030
PHASE,131072,32,32,1,1,0.408724
PHASE,131072,64,64,1,1,0.409391
PHASE,131072,128,128,1,1,0.412471
PHASE,131072,256,256,1,1,0.397796
PHASE,131072,512,256,1,1,0.090480
PHASE,131072,1024,256,1,1,0.095873
PHASE,131072,2048,256,1,1,0.091071
PHASE,131072,4096,256,1,1,0.097118
PHASE,131072,8192,256,1,1,0.100284
PHASE,131072,16384,256,1,1,0.095432
PHASE,131072,32768,256,1,1,0.100586
PHASE,131072,65536,256,1,1,0.048679
PHASE,131072,1,1,1,1,0.655069
PHASE,131072,2,2,1,1,0.703981
PHASE,131072,4,4,1,1,0.717648
PHASE,131072,8,8,1,1,0.429258
PHASE,131072,16,16,1,1,0.415111
PHASE,131072,32,32,1,1,0.403599
PHASE,131072,64,64,1,1,0.409922
PHASE,131072,128,128,1,1,0.396344
PHASE,131072,256,256,1,1,0.397550
PHASE,131072,512,256,1,1,0.097894
PHASE,131072,1024,256,1,1,0.094293
PHASE,131072,2048,256,1,1,0.091212
PHASE,131072,4096,256,1,1,0.099295
PHASE,131072,8192,256,1,1,0.095703
PHASE,131072,16384,256,1,1,0.095931
PHASE,131072,32768,256,1,1,0.101255
PHASE,131072,65536,256,1,1,0.048108
PHASE,262144,1,1,1,1,1.328704
PHASE,262144,2,2,1,1,1.425686
PHASE,262144,4,4,1,1,1.437463
PHASE,262144,8,8,1,1,0.849018
PHASE,262144,16,16,1,1,0.865390
PHASE,262144,32,32,1,1,0.824498
PHASE,262144,64,64,1,1,0.873580
PHASE,262144,128,128,1,1,0.841898
PHASE,262144,256,256,1,1,0.808044
PHASE,262144,512,256,1,1,0.812255
PHASE,262144,1024,256,1,1,0.212211
PHASE,262144,2048,256,1,1,0.204102
PHASE,262144,4096,256,1,1,0.212551
PHASE,262144,8192,256,1,1,0.207767
PHASE,262144,16384,256,1,1,0.202410
PHASE,262144,32768,256,1,1,0.202963
PHASE,262144,65536,256,1,1,0.209667
PHASE,262144,131072,256,1,1,0.100361
PHASE,131072,1,1,1,1,0.679371
PHASE,131072,2,2,1,1,0.709885
PHASE,131072,4,4,1,1,0.726363
PHASE,131072,8,8,1,1,0.412022
PHASE,131072,16,16,1,1,0.411582
PHASE,131072,32,32,1,1,0.402662
PHASE,131072,64,64,1,1,0.412316
PHASE,131072,128,128,1,1,0.398398
PHASE,131072,256,256,1,1,0.402078
PHASE,131072,512,256,1,1,0.091803
PHASE,131072,1024,256,1,1,0.095156
PHASE,131072,2048,256,1,1,0.092167
PHASE,131072,4096,256,1,1,0.093350
PHASE,131072,8192,256,1,1,0.107689
PHASE,131072,16384,256,1,1,0.099267
PHASE,131072,32768,256,1,1,0.099783
PHASE,131072,65536,256,1,1,0.046557
PHASE,131072,1,1,1,1,0.659769
PHASE,131072,2,2,1,1,0.707199
PHASE,131072,4,4,1,1,0.723735
PHASE,131072,8,8,1,1,0.412583
PHASE,131072,16,16,1,1,0.409903
PHASE,131072,32,32,1,1,0.408762
PHASE,131072,64,64,1,1,0.421194
PHASE,131072,128,128,1,1,0.398561
PHASE,131072,256,256,1,1,0.405510
PHASE,131072,512,256,1,1,0.093988
PHASE,131072,1024,256,1,1,0.098299
PHASE,131072,2048,256,1,1,0.092824
PHASE,131072,4096,256,1,1,0.093919
PHASE,131072,8192,256,1,1,0.098362
PHASE,131072,16384,256,1,1,0.096119
PHASE,131072,32768,256,1,1,0.099744
PHASE,131072,65536,256,1,1,0.047595
PHASE,1048576,1,1,1,1,5.159120
PHASE,1048576,2,2,1,1,5.696333
PHASE,1048576,4,4,1,1,5.819152
PHASE,1048576,8,8,1,1,6.243801
PHASE,1048576,16,16,1,1,3.312784
PHASE,1048576,32,32,1,1,3.279374
PHASE,1048576,64,64,1,1,3.283408
PHASE,1048576,128,128,1,1,3.283168
PHASE,1048576,256,256,1,1,3.243862
PHASE,1048576,512,256,1,1,3.290761
PHASE,1048576,1024,256,1,1,3.343295
PHASE,1048576,2048,256,1,1,3.290500
PHASE,1048576,4096,256,1,1,0.835828
PHASE,1048576,8192,256,1,1,0.890212
PHASE,1048576,16384,256,1,1,0.908015
PHASE,1048576,32768,256,1,1,0.837037
PHASE,1048576,65536,256,1,1,0.774183
PHASE,1048576,131072,256,1,1,0.779776
PHASE,1048576,262144,256,1,1,0.812301
PHASE,1048576,524288,256,1,1,0.400036
PHASE,524288,1,1,1,1,2.602143
PHASE,524288,2,2,1,1,2.889414
PHASE,524288,4,4,1,1,2.887575
PHASE,524288,8,8,1,1,1.670083
PHASE,524288,16,16,1,1,1.679934
PHASE,524288,32,32,1,1,1.673807
PHASE,524288,64,64,1,1,1.652003
PHASE,524288,128,128,1,1,1.665463
PHASE,524288,256,256,1,1,1.619606
PHASE,524288,512,256,1,1,1.663232
PHASE,524288,1024,256,1,1,1.639380
PHASE,524288,2048,256,1,1,0.417685
PHASE,524288,4096,256,1,1,0.429647
PHASE,524288,8192,256,1,1,0.444114
PHASE,524288,16384,256,1,1,0.416096
PHASE,524288,32768,256,1,1,0.384892
PHASE,524288,65536,256,1,1,0.394997
PHASE,524288,131072,256,1,1,0.402639
PHASE,524288,262144,256,1,1,0.199196
PHASE,262144,1,1,1,1,1.318932
PHASE,262144,2,2,1,1,1.425436
PHASE,262144,4,4,1,1,1.437450
PHASE,262144,8,8,1,1,0.848540
PHASE,262144,16,16,1,1,0.831565
PHASE,262144,32,32,1,1,0.838680
PHASE,262144,64,64,1,1,0.932129
PHASE,262144,128,128,1,1,0.826862
PHASE,262144,256,256,1,1,0.805439
PHASE,262144,512,256,1,1,0.816405
PHASE,262144,1024,256,1,1,0.204746
PHASE,262144,2048,256,1,1,0.201874
PHASE,262144,4096,256,1,1,0.206684
PHASE,262144,8192,256,1,1,0.213912
PHASE,262144,16384,256,1,1,0.206928
PHASE,262144,32768,256,1,1,0.205106
PHASE,262144,65536,256,1,1,0.204882
PHASE,262144,131072,256,1,1,0.104423
PHASE,131072,1,1,1,1,0.673620
PHASE,131072,2,2,1,1,0.704248
PHASE,131072,4,4,1,1,0.719053
PHASE,131072,8,8,1,1,0.429006
PHASE,131072,16,16,1,1,0.410430
PHASE,131072,32,32,1,1,0.381964
PHASE,131072,64,64,1,1,0.417893
PHASE,131072,128,128,1,1,0.382408
PHASE,131072,256,256,1,1,0.402912
PHASE,131072,512,256,1,1,0.103109
PHASE,131072,1024,256,1,1,0.093780
PHASE,131072,2048,256,1,1,0.092140
PHASE,131072,4096,256,1,1,0.093720
PHASE,131072,8192,256,1,1,0.092123
PHASE,131072,16384,256,1,1,0.099405
PHASE,131072,32768,256,1,1,0.098719
PHASE,131072,65536,256,1,1,0.050575
PHASE,131072,1,1,1,1,0.682657
PHASE,131072,2,2,1,1,0.712216
PHASE,131072,4,4,1,1,0.715598
PHASE,131072,8,8,1,1,0.420303
PHASE,131072,16,16,1,1,0.407346
PHASE,131072,32,32,1,1,0.408879
PHASE,131072,64,64,1,1,0.414749
PHASE,131072,128,128,1,1,0.391594
PHASE,131072,256,256,1,1,0.423119
PHASE,131072,512,256,1,1,0.098457
PHASE,131072,1024,256,1,1,0.094846
PHASE,131072,2048,256,1,1,0.093039
PHASE,131072,4096,256,1,1,0.095210
PHASE,131072,8192,256,1,1,0.093690
PHASE,131072,16384,256,1,1,0.096567
PHASE,131072,32768,256,1,1,0.105262
PHASE,131072,65536,256,1,1,0.048496
PHASE,262144,1,1,1,1,1.339066
PHASE,262144,2,2,1,1,1.440453
PHASE,262144,4,4,1,1,1.441520
PHASE,262144,8,8,1,1,0.856744
PHASE,262144,16,16,1,1,0.834435
PHASE,262144,32,32,1,1,0.901901
PHASE,262144,64,64,1,1,0.820521
PHASE,262144,128,128,1,1,0.818221
PHASE,262144,256,256,1,1,0.832839
PHASE,262144,512,256,1,1,0.880938
PHASE,262144,1024,256,1,1,0.195439
PHASE,262144,2048,256,1,1,0.201403
PHASE,262144,4096,256,1,1,0.216886
PHASE,262144,8192,256,1,1,0.207567
PHASE,262144,16384,256,1,1,0.199634
PHASE,262144,32768,256,1,1,0.192739
PHASE,262144,65536,256,1,1,0.205755
PHASE,262144,131072,256,1,1,0.103440
PHASE,131072,1,1,1,1,0.667607
PHASE,131072,2,2,1,1,0.714357
PHASE,131072,4,4,1,1,0.719313
PHASE,131072,8,8,1,1,0.412411
PHASE,131072,16,16,1,1,0.410138
PHASE,131072,32,32,1,1,0.407479
PHASE,131072,64,64,1,1,0.404306
PHASE,131072,128,128,1,1,0.381991
PHASE,131072,256,256,1,1,0.405710
PHASE,131072,512,256,1,1,0.094268
PHASE,131072,1024,256,1,1,0.092152
PHASE,131072,2048,256,1,1,0.090743
PHASE,131072,4096,256,1,1,0.093720
PHASE,131072,8192,256,1,1,0.100770
PHASE,131072,16384,256,1,1,0.101854
PHASE,131072,32768,256,1,1,0.108122
PHASE,131072,65536,256,1,1,0.051377
PHASE,131072,1,1,1,1,0.663706
PHASE,131072,2,2,1,1,0.712802
PHASE,131072,4,4,1,1,0.715334
PHASE,131072,8,8,1,1,0.414296
PHASE,131072,16,16,1,1,0.409401
PHASE,131072,32,32,1,1,0.387929
PHASE,131072,64,64,1,1,0.403444
PHASE,131072,128,128,1,1,0.404439
PHASE,131072,256,256,1,1,0.408470
PHASE,131072,512,256,1,1,0.094169
PHASE,131072,1024,256,1,1,0.091288
PHASE,131072,2048,256,1,1,0.092578
PHASE,131072,4096,256,1,1,0.097875
PHASE,131072,8192,256,1,1,0.097028
PHASE,131072,16384,256,1,1,0.095001
PHASE,131072,32768,256,1,1,0.105369
PHASE,131072,65536,256,1,1,0.048688
PHASE,524288,1,1,1,1,2.693455
PHASE,524288,2,2,1,1,2.881369
PHASE,524288,4,4,1,1,2.899171
PHASE,524288,8,8,1,1,1.649585
PHASE,524288,16,16,1,1,1.660142
PHASE,524288,32,32,1,1,1.656516
PHASE,524288,64,64,1,1,1.638945
PHASE,524288,128,128,1,1,1.648360
PHASE,524288,256,256,1,1,1.651137
PHASE,524288,512,256,1,1,1.709550
PHASE,524288,1024,256,1,1,1.634655
PHASE,524288,2048,256,1,1,0.425628
PHASE,524288,4096,256,1,1,0.442899
PHASE,524288,8192,256,1,1,0.457414
PHASE,524288,16384,256,1,1,0.424921
PHASE,524288,32768,256,1,1,0.389772
PHASE,524288,65536,256,1,1,0.395207
PHASE,524288,131072,256,1,1,0.406796
PHASE,524288,262144,256,1,1,0.197820
PHASE,262144,1,1,1,1,1.317655
PHASE,262144,2,2,1,1,1.441482
PHASE,262144,4,4,1,1,1.442650
PHASE,262144,8,8,1,1,0.852636
PHASE,262144,16,16,1,1,0.880364
PHASE,262144,32,32,1,1,0.845106
PHASE,262144,64,64,1,1,0.940819
PHASE,262144,128,128,1,1,0.772850
PHASE,262144,256,256,1,1,0.804647
PHASE,262144,512,256,1,1,0.820594
PHASE,262144,1024,256,1,1,0.206746
PHASE,262144,2048,256,1,1,0.212754
PHASE,262144,4096,256,1,1,0.220055
PHASE,262144,8192,256,1,1,0.216056
PHASE,262144,16384,256,1,1,0.205909
PHASE,262144,32768,256,1,1,0.199273
PHASE,262144,65536,256,1,1,0.210272
PHASE,262144,131072,256,1,1,0.106263
PHASE,131072,1,1,1,1,0.666586
PHASE,131072,2,2,1,1,0.716407
PHASE,131072,4,4,1,1,0.733481
PHASE,131072,8,8,1,1,0.427717
PHASE,131072,16,16,1,1,0.413727
PHASE,131072,32,32,1,1,0.405694
PHASE,131072,64,64,1,1,0.401488
PHASE,131072,128,128,1,1,0.405693
PHASE,131072,256,256,1,1,0.398402
PHASE,131072,512,256,1,1,0.090944
PHASE,131072,1024,256,1,1,0.092973
PHASE,131072,2048,256,1,1,0.095667
PHASE,131072,4096,256,1,1,0.093636
PHASE,131072,8192,256,1,1,0.097526
PHASE,131072,16384,256,1,1,0.097431
PHASE,131072,32768,256,1,1,0.099251
PHASE,131072,65536,256,1,1,0.046805
PHASE,131072,1,1,1,1,0.663178
PHASE,131072,2,2,1,1,0.717850
PHASE,131072,4,4,1,1,0.719842
PHASE,131072,8,8,1,1,0.438188
PHASE,131072,16,16,1,1,0.411869
PHASE,131072,32,32,1,1,0.405127
PHASE,131072,64,64,1,1,0.406435
PHASE,131072,128,128,1,1,0.388911
PHASE,131072,256,256,1,1,0.403361
PHASE,131072,512,256,1,1,0.093330
PHASE,131072,1024,256,1,1,0.100864
PHASE,131072,2048,256,1,1,0.092092
PHASE,131072,4096,256,1,1,0.094833
PHASE,131072,8192,256,1,1,0.102126
PHASE,131072,16384,256,1,1,0.096271
PHASE,131072,32768,256,1,1,0.099227
PHASE,131072,65536,256,1,1,0.049458
PHASE,262144,1,1,1,1,1.340205
PHASE,262144,2,2,1,1,1.431666
PHASE,262144,4,4,1,1,1.466279
PHASE,262144,8,8,1,1,0.852329
PHASE,262144,16,16,1,1,0.831165
PHASE,262144,32,32,1,1,0.842621
PHASE,262144,64,64,1,1,0.887285
PHASE,262144,128,128,1,1,0.783144
PHASE,262144,256,256,1,1,0.903890
PHASE,262144,512,256,1,1,0.833061
PHASE,262144,1024,256,1,1,0.211139
PHASE,262144,2048,256,1,1,0.204701
PHASE,262144,4096,256,1,1,0.212434
PHASE,262144,8192,256,1,1,0.206048
PHASE,262144,16384,256,1,1,0.206541
PHASE,262144,32768,256,1,1,0.196927
PHASE,262144,65536,256,1,1,0.197745
PHASE,262144,131072,256,1,1,0.099267
PHASE,131072,1,1,1,1,0.672248
PHASE,131072,2,2,1,1,0.709877
PHASE,131072,4,4,1,1,0.730202
PHASE,131072,8,8,1,1,0.430993
PHASE,131072,16,16,1,1,0.410848
PHASE,131072,32,32,1,1,0.391255
PHASE,131072,64,64,1,1,0.413710
PHASE,131072,128,128,1,1,0.376490
PHASE,131072,256,256,1,1,0.401997
PHASE,131072,512,256,1,1,0.091197
PHASE,131072,1024,256,1,1,0.094876
PHASE,131072,2048,256,1,1,0.091913
PHASE,131072,4096,256,1,1,0.093108
PHASE,131072,8192,256,1,1,0.094870
PHASE,131072,16384,256,1,1,0.096371
PHASE,131072,32768,256,1,1,0.099435
PHASE,131072,65536,256,1,1,0.046969
PHASE,131072,1,1,1,1,0.662168
PHASE,131072,2,2,1,1,0.705406
PHASE,131072,4,4,1,1,0.721241
PHASE,131072,8,8,1,1,0.417703
PHASE,131072,16,16,1,1,0.409557
PHASE,131072,32,32,1,1,0.378756
PHASE,131072,64,64,1,1,0.412747
PHASE,131072,128,128,1,1,0.382723
PHASE,131072,256,256,1,1,0.404993
PHASE,131072,512,256,1,1,0.093538
PHASE,131072,1024,256,1,1,0.092869
PHASE,131072,2048,256,1,1,0.100239
PHASE,131072,4096,256,1,1,0.094140
PHASE,131072,8192,256,1,1,0.095415
PHASE,131072,16384,256,1,1,0.095702
PHASE,131072,32768,256,1,1,0.100944
PHASE,131072,65536,256,1,1,0.049328
PHASE,1048576,1,1,1,1,5.267274
PHASE,1048576,2,2,1,1,5.696419
PHASE,1048576,4,4,1,1,5.800132
PHASE,1048576,8,8,1,1,6.222572
PHASE,1048576,16,16,1,1,3.314710
PHASE,1048576,32,32,1,1,3.276969
PHASE,1048576,64,64,1,1,3.222666
PHASE,1048576,128,128,1,1,3.295951
PHASE,1048576,256,256,1,1,3.263891
PHASE,1048576,512,256,1,1,3.294547
PHASE,1048576,1024,256,1,1,3.436602
PHASE,1048576,2048,256,1,1,3.277464
PHASE,1048576,4096,256,1,1,0.865835
PHASE,1048576,8192,256,1,1,0.904860
PHASE,1048576,16384,256,1,1,0.927680
PHASE,1048576,32768,256,1,1,0.859086
PHASE,1048576,65536,256,1,1,0.784445
PHASE,1048576,131072,256,1,1,0.774107
PHASE,1048576,262144,256,1,1,0.809279
PHASE,1048576,524288,256,1,1,0.410005
PHASE,524288,1,1,1,1,2.622790
PHASE,524288,2,2,1,1,2.864728
PHASE,524288,4,4,1,1,2.893776
PHASE,524288,8,8,1,1,1.660711
PHASE,524288,16,16,1,1,1.653982
PHASE,524288,32,32,1,1,1.624262
PHASE,524288,64,64,1,1,1.647458
PHASE,524288,128,128,1,1,1.655156
PHASE,524288,256,256,1,1,1.624972
PHASE,524288,512,256,1,1,1.647150
PHASE,524288,1024,256,1,1,1.651412
PHASE,524288,2048,256,1,1,0.422074
PHASE,524288,4096,256,1,1,0.432110
PHASE,524288,8192,256,1,1,0.455520
PHASE,524288,16384,256,1,1,0.425457
PHASE,524288,32768,256,1,1,0.387620
PHASE,524288,65536,256,1,1,0.404932
PHASE,524288,131072,256,1,1,0.397336
PHASE,524288,262144,256,1,1,0.198039
PHASE,262144,1,1,1,1,1.318589
PHASE,262144,2,2,1,1,1.416734
PHASE,262144,4,4,1,1,1.446196
PHASE,262144,8,8,1,1,0.842286
PHASE,262144,16,16,1,1,0.818936
PHASE,262144,32,32,1,1,0.807670
PHASE,262144,64,64,1,1,0.838535
PHASE,262144,128,128,1,1,0.780464
PHASE,262144,256,256,1,1,0.806819
PHASE,262144,512,256,1,1,0.812213
PHASE,262144,1024,256,1,1,0.211709
PHASE,262144,2048,256,1,1,0.212079
PHASE,262144,4096,256,1,1,0.208912
PHASE,262144,8192,256,1,1,0.212171
PHASE,262144,16384,256,1,1,0.208017
PHASE,262144,32768,256,1,1,0.210578
PHASE,262144,65536,256,1,1,0.201904
PHASE,262144,131072,256,1,1,0.097386
PHASE,131072,1,1,1,1,0.662095
PHASE,131072,2,2,1,1,0.707541
PHASE,131072,4,4,1,1,0.726432
PHASE,131072,8,8,1,1,0.426596
PHASE,131072,16,16,1,1,0.410323
PHASE,131072,32,32,1,1,0.380563
PHASE,131072,64,64,1,1,0.416863
PHASE,131072,128,128,1,1,0.377001
PHASE,131072,256,256,1,1,0.403041
PHASE,131072,512,256,1,1,0.106307
PHASE,131072,1024,256,1,1,0.098605
PHASE,131072,2048,256,1,1,0.091891
PHASE,131072,4096,256,1,1,0.093543
PHASE,131072,8192,256,1,1,0.094706
PHASE,131072,16384,256,1,1,0.096708
PHASE,131072,32768,256,1,1,0.104096
PHASE,131072,65536,256,1,1,0.046435
PHASE,131072,1,1,1,1,0.681485
PHASE,131072,2,2,1,1,0.713365
PHASE,131072,4,4,1,1,0.719003
PHASE,131072,8,8,1,1,0.424417
PHASE,131072,16,16,1,1,0.406225
PHASE,131072,32,32,1,1,0.409737
PHASE,131072,64,64,1,1,0.412534
PHASE,131072,128,128,1,1,0.378147
PHASE,131072,256,256,1,1,0.411245
PHASE,131072,512,256,1,1,0.094302
PHASE,131072,1024,256,1,1,0.092706
PHASE,131072,2048,256,1,1,0.092271
PHASE,131072,4096,256,1,1,0.094814
PHASE,131072,8192,256,1,1,0.095648
PHASE,131072,16384,256,1,1,0.095188
PHASE,131072,32768,256,1,1,0.099351
PHASE,131072,65536,256,1,1,0.054607
PHASE,262144,1,1,1,1,1.312485
PHASE,262144,2,2,1,1,1.440741
PHASE,262144,4,4,1,1,1.444640
PHASE,262144,8,8,1,1,0.859350
PHASE,262144,16,16,1,1,0.832439
PHASE,262144,32,32,1,1,0.808366
PHASE,262144,64,64,1,1,0.831800
PHASE,262144,128,128,1,1,0.825190
PHASE,262144,256,256,1,1,0.832105
PHASE,262144,512,256,1,1,0.813175
PHASE,262144,1024,256,1,1,0.200966
PHASE,262144,2048,256,1,1,0.201910
PHASE,262144,4096,256,1,1,0.214618
PHASE,262144,8192,256,1,1,0.204481
PHASE,262144,16384,256,1,1,0.203035
PHASE,262144,32768,256,1,1,0.194124
PHASE,262144,65536,256,1,1,0.203888
PHASE,262144,131072,256,1,1,0.100585
PHASE,131072,1,1,1,1,0.664367
PHASE,131072,2,2,1,1,0.709728
PHASE,131072,4,4,1,1,0.717528
PHASE,131072,8,8,1,1,0.420108
PHASE,131072,16,16,1,1,0.405895
PHASE,131072,32,32,1,1,0.390102
PHASE,131072,64,64,1,1,0.413292
PHASE,131072,128,128,1,1,0.376100
PHASE,131072,256,256,1,1,0.409489
PHASE,131072,512,256,1,1,0.094867
PHASE,131072,1024,256,1,1,0.096750
PHASE,131072,2048,256,1,1,0.092792
PHASE,131072,4096,256,1,1,0.094395
PHASE,131072,8192,256,1,1,0.093391
PHASE,131072,16384,256,1,1,0.095827
PHASE,131072,32768,256,1,1,0.106747
PHASE,131072,65536,256,1,1,0.046245
PHASE,131072,1,1,1,1,0.675076
PHASE,131072,2,2,1,1,0.711063
PHASE,131072,4,4,1,1,0.720221
PHASE,131072,8,8,1,1,0.438368
PHASE,131072,16,16,1,1,0.406969
PHASE,131072,32,32,1,1,0.412753
PHASE,131072,64,64,1,1,0.423124
PHASE,131072,128,128,1,1,0.385818
PHASE,131072,256,256,1,1,0.403941
PHASE,131072,512,256,1,1,0.092874
PHASE,131072,1024,256,1,1,0.091691
PHASE,131072,2048,256,1,1,0.092494
PHASE,131072,4096,256,1,1,0.093952
PHASE,131072,8192,256,1,1,0.097492
PHASE,131072,16384,256,1,1,0.096455
PHASE,131072,32768,256,1,1,0.104570
PHASE,131072,65536,256,1,1,0.054442
PHASE,524288,1,1,1,1,2.686383
PHASE,524288,2,2,1,1,2.872879
PHASE,524288,4,4,1,1,2.906332
PHASE,524288,8,8,1,1,1.665092
PHASE,524288,16,16,1,1,1.664804
PHASE,524288,32,32,1,1,1.569139
PHASE,524288,64,64,1,1,1.636147
PHASE,524288,128,128,1,1,1.602115
PHASE,524288,256,256,1,1,1.616351
PHASE,524288,512,256,1,1,1.741322
PHASE,524288,1024,256,1,1,1.648730
PHASE,524288,2048,256,1,1,0.413593
PHASE,524288,4096,256,1,1,0.429138
PHASE,524288,8192,256,1,1,0.452762
PHASE,524288,16384,256,1,1,0.427756
PHASE,524288,32768,256,1,1,0.396921
PHASE,524288,65536,256,1,1,0.377582
PHASE,524288,131072,256,1,1,0.395904
PHASE,524288,262144,256,1,1,0.206176
PHASE,262144,1,1,1,1,1.323747
PHASE,262144,2,2,1,1,1.422108
PHASE,262144,4,4,1,1,1.461462
PHASE,262144,8,8,1,1,0.839701
PHASE,262144,16,16,1,1,0.825988
PHASE,262144,32,32,1,1,0.879261
PHASE,262144,64,64,1,1,0.836841
PHASE,262144,128,128,1,1,0.815998
PHASE,262144,256,256,1,1,0.826806
PHASE,262144,512,256,1,1,0.831519
PHASE,262144,1024,256,1,1,0.206819
PHASE,262144,2048,256,1,1,0.205191
PHASE,262144,4096,256,1,1,0.208855
PHASE,262144,8192,256,1,1,0.222121
PHASE,262144,16384,256,1,1,0.209181
PHASE,262144,32768,256,1,1,0.198424
PHASE,262144,65536,256,1,1,0.203589
PHASE,262144,131072,256,1,1,0.099877
PHASE,131072,1,1,1,1,0.680329
PHASE,131072,2,2,1,1,0.709282
PHASE,131072,4,4,1,1,0.721361
PHASE,131072,8,8,1,1,0.408752
PHASE,131072,16,16,1,1,0.405766
PHASE,131072,32,32,1,1,0.387461
PHASE,131072,64,64,1,1,0.409349
PHASE,131072,128,128,1,1,0.399623
PHASE,131072,256,256,1,1,0.406659
PHASE,131072,512,256,1,1,0.093743
PHASE,131072,1024,256,1,1,0.090059
PHASE,131072,2048,256,1,1,0.091534
PHASE,131072,4096,256,1,1,0.093435
PHASE,131072,8192,256,1,1,0.094710
PHASE,131072,16384,256,1,1,0.095891
PHASE,131072,32768,256,1,1,0.098988
PHASE,131072,65536,256,1,1,0.045422
PHASE,131072,1,1,1,1,0.668748
PHASE,131072,2,2,1,1,0.714215
PHASE,131072,4,4,1,1,0.711082
PHASE,131072,8,8,1,1,0.416060
PHASE,131072,16,16,1,1,0.404260
PHASE,131072,32,32,1,1,0.386202
PHASE,131072,64,64,1,1,0.412656
PHASE,131072,128,128,1,1,0.377279
PHASE,131072,256,256,1,1,0.403111
PHASE,131072,512,256,1,1,0.093743
PHASE,131072,1024,256,1,1,0.092207
PHASE,131072,2048,256,1,1,0.091870
PHASE,131072,4096,256,1,1,0.092804
PHASE,131072,8192,256,1,1,0.099191
PHASE,131072,16384,256,1,1,0.095263
PHASE,131072,32768,256,1,1,0.099845
PHASE,131072,65536,256,1,1,0.049638
PHASE,262144,1,1,1,1,1.320249
PHASE,262144,2,2,1,1,1.429297
PHASE,262144,4,4,1,1,1.436884
PHASE,262144,8,8,1,1,0.846615
PHASE,262144,16,16,1,1,0.824597
PHASE,262144,32,32,1,1,0.817605
PHASE,262144,64,64,1,1,0.825423
PHASE,262144,128,128,1,1,0.843003
PHASE,262144,256,256,1,1,0.841468
PHASE,262144,512,256,1,1,0.831156
PHASE,262144,1024,256,1,1,0.197184
PHASE,262144,2048,256,1,1,0.202657
PHASE,262144,4096,256,1,1,0.206734
PHASE,262144,8192,256,1,1,0.213814
PHASE,262144,16384,256,1,1,0.200891
PHASE,262144,32768,256,1,1,0.195214
PHASE,262144,65536,256,1,1,0.198840
PHASE,262144,131072,256,1,1,0.102205
PHASE,131072,1,1,1,1,0.676788
PHASE,131072,2,2,1,1,0.711356
PHASE,131072,4,4,1,1,0.725049
PHASE,131072,8,8,1,1,0.428992
PHASE,131072,16,16,1,1,0.404716
PHASE,131072,32,32,1,1,0.388329
PHASE,131072,64,64,1,1,0.406969
PHASE,131072,128,128,1,1,0.385508
PHASE,131072,256,256,1,1,0.410371
PHASE,131072,512,256,1,1,0.095885
PHASE,131072,1024,256,1,1,0.092505
PHASE,131072,2048,256,1,1,0.091014
PHASE,131072,4096,256,1,1,0.093129
PHASE,131072,8192,256,1,1,0.094076
PHASE,131072,16384,256,1,1,0.096241
PHASE,131072,32768,256,1,1,0.099024
PHASE,131072,65536,256,1,1,0.052550
PHASE,131072,1,1,1,1,0.677717
PHASE,131072,2,2,1,1,0.704515
PHASE,131072,4,4,1,1,0.712808
PHASE,131072,8,8,1,1,0.435901
PHASE,131072,16,16,1,1,0.405220
PHASE,131072,32,32,1,1,0.407143
PHASE,131072,64,64,1,1,0.407949
PHASE,131072,128,128,1,1,0.377242
PHASE,131072,256,256,1,1,0.408483
PHASE,131072,512,256,1,1,0.093959
PHASE,131072,1024,256,1,1,0.093462
PHASE,131072,2048,256,1,1,0.092612
PHASE,131072,4096,256,1,1,0.094783
PHASE,131072,8192,256,1,1,0.097088
PHASE,131072,16384,256,1,1,0.095828
PHASE,131072,32768,256,1,1,0.100180
PHASE,131072,65536,256,1,1,0.053679
PHASE,1048576,1,1,1,1,5.292822
PHASE,1048576,2,2,1,1,5.738168
PHASE,1048576,4,4,1,1,5.807833
PHASE,1048576,8,8,1,1,6.271639
PHASE,1048576,16,16,1,1,3.292511
PHASE,1048576,32,32,1,1,3.284862
PHASE,1048576,64,64,1,1,3.132177
PHASE,1048576,128,128,1,1,3.284279
PHASE,1048576,256,256,1,1,3.082383
PHASE,1048576,512,256,1,1,3.205632
PHASE,1048576,1024,256,1,1,3.263913
PHASE,1048576,2048,256,1,1,3.169014
PHASE,1048576,4096,256,1,1,0.847775
PHASE,1048576,8192,256,1,1,0.915355
PHASE,1048576,16384,256,1,1,0.902709
PHASE,1048576,32768,256,1,1,0.843433
PHASE,1048576,65536,256,1,1,0.775809
PHASE,1048576,131072,256,1,1,0.780317
PHASE,1048576,262144,256,1,1,0.799325
PHASE,1048576,524288,256,1,1,0.413159
PHASE,524288,1,1,1,1,2.641623
PHASE,524288,2,2,1,1,2.865585
PHASE,524288,4,4,1,1,2.883069
PHASE,524288,8,8,1,1,1.669905
PHASE,524288,16,16,1,1,1.665062
PHASE,524288,32,32,1,1,1.559840
PHASE,524288,64,64,1,1,1.654740
PHASE,524288,128,128,1,1,1.686035
PHASE,524288,256,256,1,1,1.638630
PHASE,524288,512,256,1,1,1.684789
PHASE,524288,1024,256,1,1,1.651118
PHASE,524288,2048,256,1,1,0.428192
PHASE,524288,4096,256,1,1,0.451567
PHASE,524288,8192,256,1,1,0.457948
PHASE,524288,16384,256,1,1,0.425590
PHASE,524288,32768,256,1,1,0.397438
PHASE,524288,65536,256,1,1,0.386074
PHASE,524288,131072,256,1,1,0.411058
PHASE,524288,262144,256,1,1,0.195814
PHASE,262144,1,1,1,1,1.318248
PHASE,262144,2,2,1,1,1.425387
PHASE,262144,4,4,1,1,1.442858
PHASE,262144,8,8,1,1,0.835455
PHASE,262144,16,16,1,1,0.913157
PHASE,262144,32,32,1,1,0.839751
PHASE,262144,64,64,1,1,0.854082
PHASE,262144,128,128,1,1,0.825362
PHASE,262144,256,256,1,1,0.907500
PHASE,262144,512,256,1,1,0.806997
PHASE,262144,1024,256,1,1,0.208537
PHASE,262144,2048,256,1,1,0.209639
PHASE,262144,4096,256,1,1,0.214440
PHASE,262144,8192,256,1,1,0.216425
PHASE,262144,16384,256,1,1,0.209583
PHASE,262144,32768,256,1,1,0.196853
PHASE,262144,65536,256,1,1,0.202046
PHASE,262144,131072,256,1,1,0.097718
PHASE,131072,1,1,1,1,0.675704
PHASE,131072,2,2,1,1,0.713755
PHASE,131072,4,4,1,1,0.727864
PHASE,131072,8,8,1,1,0.412203
PHASE,131072,16,16,1,1,0.409094
PHASE,131072,32,32,1,1,0.402101
PHASE,131072,64,64,1,1,0.415690
PHASE,131072,128,128,1,1,0.399837
PHASE,131072,256,256,1,1,0.404293
PHASE,131072,512,256,1,1,0.100422
PHASE,131072,1024,256,1,1,0.092748
PHASE,131072,2048,256,1,1,0.090522
PHASE,131072,4096,256,1,1,0.092608
PHASE,131072,8192,256,1,1,0.094745
PHASE,131072,16384,256,1,1,0.095443
PHASE,131072,32768,256,1,1,0.098786
PHASE,131072,65536,256,1,1,0.048164
PHASE,131072,1,1,1,1,0.680769
PHASE,131072,2,2,1,1,0.710942
PHASE,131072,4,4,1,1,0.719191
PHASE,131072,8,8,1,1,0.437947
PHASE,131072,16,16,1,1,0.406907
PHASE,131072,32,32,1,1,0.409703
PHASE,131072,64,64,1,1,0.410355
PHASE,131072,128,128,1,1,0.398133
PHASE,131072,256,256,1,1,0.410225
PHASE,131072,512,256,1,1,0.093220
PHASE,131072,1024,256,1,1,0.092017
PHASE,131072,2048,256,1,1,0.091733
PHASE,131072,4096,256,1,1,0.093005
PHASE,131072,8192,256,1,1,0.095036
PHASE,131072,16384,256,1,1,0.095452
PHASE,131072,32768,256,1,1,0.104079
PHASE,131072,65536,256,1,1,0.049557
PHASE,262144,1,1,1,1,1.334389
PHASE,262144,2,2,1,1,1.444030
PHASE,262144,4,4,1,1,1.434750
PHASE,262144,8,8,1,1,0.854877
PHASE,262144,16,16,1,1,0.946095
PHASE,262144,32,32,1,1,0.826278
PHASE,262144,64,64,1,1,0.943687
PHASE,262144,128,128,1,1,0.822577
PHASE,262144,256,256,1,1,0.811600
PHASE,262144,512,256,1,1,0.808519
PHASE,262144,1024,256,1,1,0.202663
PHASE,262144,2048,256,1,1,0.206944
PHASE,262144,4096,256,1,1,0.219957
PHASE,262144,8192,256,1,1,0.209863
PHASE,262144,16384,256,1,1,0.197659
PHASE,262144,32768,256,1,1,0.195373
PHASE,262144,65536,256,1,1,0.208556
PHASE,262144,131072,256,1,1,0.107949
PHASE,131072,1,1,1,1,0.665969
PHASE,131072,2,2,1,1,0.712182
PHASE,131072,4,4,1,1,0.725399
PHASE,131072,8,8,1,1,0.424277
PHASE,131072,16,16,1,1,0.407843
PHASE,131072,32,32,1,1,0.407718
PHASE,131072,64,64,1,1,0.401662
PHASE,131072,128,128,1,1,0.405744
PHASE,131072,256,256,1,1,0.398477
PHASE,131072,512,256,1,1,0.091973
PHASE,131072,1024,256,1,1,0.090860
PHASE,131072,2048,256,1,1,0.091020
PHASE,131072,4096,256,1,1,0.097185
PHASE,131072,8192,256,1,1,0.100139
PHASE,131072,16384,256,1,1,0.104827
PHASE,131072,32768,256,1,1,0.099647
PHASE,131072,65536,256,1,1,0.046596
PHASE,131072,1,1,1,1,0.663091
PHASE,131072,2,2,1,1,0.710721
PHASE,131072,4,4,1,1,0.726306
PHASE,131072,8,8,1,1,0.408010
PHASE,131072,16,16,1,1,0.411173
PHASE,131072,32,32,1,1,0.407089
PHASE,131072,64,64,1,1,0.405447
PHASE,131072,128,128,1,1,0.408047
PHASE,131072,256,256,1,1,0.400023
PHASE,131072,512,256,1,1,0.092460
PHASE,131072,1024,256,1,1,0.093735
PHASE,131072,2048,256,1,1,0.098323
PHASE,131072,4096,256,1,1,0.095676
PHASE,131072,8192,256,1,1,0.100028
PHASE,131072,16384,256,1,1,0.096285
PHASE,131072,32768,256,1,1,0.099785
PHASE,131072,65536,256,1,1,0.047102
PHASE,524288,1,1,1,1,2.754674
PHASE,524288,2,2,1,1,2.911033
PHASE,524288,4,4,1,1,2.899959
PHASE,524288,8,8,1,1,1.691373
PHASE,524288,16,16,1,1,1.558942
PHASE,524288,32,32,1,1,1.663158
PHASE,524288,64,64,1,1,1.598615
PHASE,524288,128,128,1,1,1.629330
PHASE,524288,256,256,1,1,1.635502
PHASE,524288,512,256,1,1,1.619453
PHASE,524288,1024,256,1,1,1.599366
PHASE,524288,2048,256,1,1,0.402788
PHASE,524288,4096,256,1,1,0.440618
PHASE,524288,8192,256,1,1,0.448988
PHASE,524288,16384,256,1,1,0.437842
PHASE,524288,32768,256,1,1,0.389908
PHASE,524288,65536,256,1,1,0.395158
PHASE,524288,131072,256,1,1,0.404690
PHASE,524288,262144,256,1,1,0.197864
PHASE,262144,1,1,1,1,1.309965
PHASE,262144,2,2,1,1,1.438627
PHASE,262144,4,4,1,1,1.442218
PHASE,262144,8,8,1,1,0.852096
PHASE,262144,16,16,1,1,0.793708
PHASE,262144,32,32,1,1,0.873409
PHASE,262144,64,64,1,1,0.816436
PHASE,262144,128,128,1,1,0.803829
PHASE,262144,256,256,1,1,0.807891
PHASE,262144,512,256,1,1,0.796121
PHASE,262144,1024,256,1,1,0.207910
PHASE,262144,2048,256,1,1,0.206956
PHASE,262144,4096,256,1,1,0.220566
PHASE,262144,8192,256,1,1,0.221800
PHASE,262144,16384,256,1,1,0.205708
PHASE,262144,32768,256,1,1,0.196691
PHASE,262144,65536,256,1,1,0.201795
PHASE,262144,131072,256,1,1,0.105054
PHASE,131072,1,1,1,1,0.680491
PHASE,131072,2,2,1,1,0.719811
PHASE,131072,4,4,1,1,0.718487
PHASE,131072,8,8,1,1,0.427654
PHASE,131072,16,16,1,1,0.384257
PHASE,131072,32,32,1,1,0.417109
PHASE,131072,64,64,1,1,0.402376
PHASE,131072,128,128,1,1,0.400960
PHASE,131072,256,256,1,1,0.401430
PHASE,131072,512,256,1,1,0.094182
PHASE,131072,1024,256,1,1,0.090902
PHASE,131072,2048,256,1,1,0.091528
PHASE,131072,4096,256,1,1,0.092396
PHASE,131072,8192,256,1,1,0.096118
PHASE,131072,16384,256,1,1,0.105255
PHASE,131072,32768,256,1,1,0.101344
PHASE,131072,65536,256,1,1,0.054814
PHASE,131072,1,1,1,1,0.677842
PHASE,131072,2,2,1,1,0.714822
PHASE,131072,4,4,1,1,0.717496
PHASE,131072,8,8,1,1,0.414877
PHASE,131072,16,16,1,1,0.384189
PHASE,131072,32,32,1,1,0.415124
PHASE,131072,64,64,1,1,0.403598
PHASE,131072,128,128,1,1,0.416343
PHASE,131072,256,256,1,1,0.403508
PHASE,131072,512,256,1,1,0.094806
PHASE,131072,1024,256,1,1,0.093824
PHASE,131072,2048,256,1,1,0.092938
PHASE,131072,4096,256,1,1,0.094876
PHASE,131072,8192,256,1,1,0.102962
PHASE,131072,16384,256,1,1,0.099754
PHASE,131072,32768,256,1,1,0.105116
PHASE,131072,65536,256,1,1,0.048477
PHASE,262144,1,1,1,1,1.321532
PHASE,262144,2,2,1,1,1.430958
PHASE,262144,4,4,1,1,1.441354
PHASE,262144,8,8,1,1,0.857405
PHASE,262144,16,16,1,1,0.821216
PHASE,262144,32,32,1,1,0.803012
PHASE,262144,64,64,1,1,0.857799
PHASE,262144,128,128,1,1,0.828291
PHASE,262144,256,256,1,1,0.811254
PHASE,262144,512,256,1,1,0.822712
PHASE,262144,1024,256,1,1,0.193395
PHASE,262144,2048,256,1,1,0.199398
PHASE,262144,4096,256,1,1,0.223109
PHASE,262144,8192,256,1,1,0.207191
PHASE,262144,16384,256,1,1,0.200910
PHASE,262144,32768,256,1,1,0.192977
PHASE,262144,65536,256,1,1,0.206752
PHASE,262144,131072,256,1,1,0.101920
PHASE,131072,1,1,1,1,0.665344
PHASE,131072,2,2,1,1,0.719715
PHASE,131072,4,4,1,1,0.720133
PHASE,131072,8,8,1,1,0.425548
PHASE,131072,16,16,1,1,0.387274
PHASE,131072,32,32,1,1,0.413224
PHASE,131072,64,64,1,1,0.403515
PHASE,131072,128,128,1,1,0.404024
PHASE,131072,256,256,1,1,0.401673
PHASE,131072,512,256,1,1,0.093621
PHASE,131072,1024,256,1,1,0.091001
PHASE,131072,2048,256,1,1,0.091071
PHASE,131072,4096,256,1,1,0.091009
PHASE,131072,8192,256,1,1,0.103132
PHASE,131072,16384,256,1,1,0.103010
PHASE,131072,32768,256,1,1,0.104668
PHASE,131072,65536,256,1,1,0.049053
PHASE,131072,1,1,1,1,0.657925
PHASE,131072,2,2,1,1,0.713537
PHASE,131072,4,4,1,1,0.716350
PHASE,131072,8,8,1,1,0.428983
PHASE,131072,16,16,1,1,0.408807
PHASE,131072,32,32,1,1,0.407476
PHASE,131072,64,64,1,1,0.403034
PHASE,131072,128,128,1,1,0.405557
PHASE,131072,256,256,1,1,0.378665
PHASE,131072,512,256,1,1,0.092272
PHASE,131072,1024,256,1,1,0.092000
PHASE,131072,2048,256,1,1,0.097649
PHASE,131072,4096,256,1,1,0.105305
PHASE,131072,8192,256,1,1,0.097466
PHASE,131072,16384,256,1,1,0.113392
PHASE,131072,32768,256,1,1,0.099751
PHASE,131072,65536,256,1,1,0.047829
