PHASE,1048576,1,1,1,1,5.191172
PHASE,1048576,2,2,1,1,5.687405
PHASE,1048576,4,4,1,1,5.794365
PHASE,1048576,8,8,1,1,6.049719
PHASE,1048576,16,16,1,1,7.430662
PHASE,1048576,32,32,1,1,3.083142
PHASE,1048576,64,64,1,1,3.051246
PHASE,1048576,128,128,1,1,3.101728
PHASE,1048576,256,256,1,1,3.053417
PHASE,1048576,512,256,1,1,3.261891
PHASE,1048576,1024,256,1,1,3.316064
PHASE,1048576,2048,256,1,1,3.300466
PHASE,1048576,4096,256,1,1,3.257403
PHASE,1048576,8192,256,1,1,0.867207
PHASE,1048576,16384,256,1,1,0.871763
PHASE,1048576,32768,256,1,1,0.813012
PHASE,1048576,65536,256,1,1,0.781123
PHASE,1048576,131072,256,1,1,0.770801
PHASE,1048576,262144,256,1,1,0.794492
PHASE,1048576,524288,256,1,1,0.398339
PHASE,524288,1,1,1,1,2.605856
PHASE,524288,2,2,1,1,2.848871
PHASE,524288,4,4,1,1,2.874554
PHASE,524288,8,8,1,1,2.968138
PHASE,524288,16,16,1,1,3.628301
PHASE,524288,32,32,1,1,1.619078
PHASE,524288,64,64,1,1,1.623397
PHASE,524288,128,128,1,1,1.614077
PHASE,524288,256,256,1,1,1.610503
PHASE,524288,512,256,1,1,1.666850
PHASE,524288,1024,256,1,1,1.627954
PHASE,524288,2048,256,1,1,1.601689
PHASE,524288,4096,256,1,1,0.411543
PHASE,524288,8192,256,1,1,0.437879
PHASE,524288,16384,256,1,1,0.407723
PHASE,524288,32768,256,1,1,0.379029
PHASE,524288,65536,256,1,1,0.396414
PHASE,524288,131072,256,1,1,0.395082
PHASE,524288,262144,256,1,1,0.189818
PHASE,262144,1,1,1,1,1.296020
PHASE,262144,2,2,1,1,1.419889
PHASE,262144,4,4,1,1,1.433871
PHASE,262144,8,8,1,1,1.485905
PHASE,262144,16,16,1,1,1.814104
PHASE,262144,32,32,1,1,0.788729
PHASE,262144,64,64,1,1,0.854841
PHASE,262144,128,128,1,1,0.829018
PHASE,262144,256,256,1,1,0.798455
PHASE,262144,512,256,1,1,0.803112
PHASE,262144,1024,256,1,1,0.803017
PHASE,262144,2048,256,1,1,0.193841
PHASE,262144,4096,256,1,1,0.199260
PHASE,262144,8192,256,1,1,0.207409
PHASE,262144,16384,256,1,1,0.192477
PHASE,262144,32768,256,1,1,0.189348
PHASE,262144,65536,256,1,1,0.197711
PHASE,262144,131072,256,1,1,0.101456
PHASE,131072,1,1,1,1,0.660458
PHASE,131072,2,2,1,1,0.707784
PHASE,131072,4,4,1,1,0.716494
PHASE,131072,8,8,1,1,0.902817
PHASE,131072,16,16,1,1,0.817125
PHASE,131072,32,32,1,1,0.445774
PHASE,131072,64,64,1,1,0.402746
PHASE,131072,128,128,1,1,0.398601
PHASE,131072,256,256,1,1,0.404232
PHASE,131072,512,256,1,1,0.384045
PHASE,131072,1024,256,1,1,0.091568
PHASE,131072,2048,256,1,1,0.093641
PHASE,131072,4096,256,1,1,0.091849
PHASE,131072,8192,256,1,1,0.098274
PHASE,131072,16384,256,1,1,0.094476
PHASE,131072,32768,256,1,1,0.099143
PHASE,131072,65536,256,1,1,0.049762
PHASE,131072,1,1,1,1,0.873352
PHASE,131072,2,2,1,1,0.851332
PHASE,131072,4,4,1,1,0.721640
PHASE,131072,8,8,1,1,0.736730
PHASE,131072,16,16,1,1,0.781954
PHASE,131072,32,32,1,1,0.422843
PHASE,131072,64,64,1,1,0.379608
PHASE,131072,128,128,1,1,0.377774
PHASE,131072,256,256,1,1,0.380997
PHASE,131072,512,256,1,1,0.390600
PHASE,131072,1024,256,1,1,0.093507
PHASE,131072,2048,256,1,1,0.094093
PHASE,131072,4096,256,1,1,0.092311
PHASE,131072,8192,256,1,1,0.100546
PHASE,131072,16384,256,1,1,0.098954
PHASE,131072,32768,256,1,1,0.099654
PHASE,131072,65536,256,1,1,0.044629
PHASE,262144,1,1,1,1,1.291842
PHASE,262144,2,2,1,1,1.431589
PHASE,262144,4,4,1,1,1.444637
PHASE,262144,8,8,1,1,1.486112
PHASE,262144,16,16,1,1,1.815160
PHASE,262144,32,32,1,1,0.766292
PHASE,262144,64,64,1,1,0.829229
PHASE,262144,128,128,1,1,0.829536
PHASE,262144,256,256,1,1,0.804606
PHASE,262144,512,256,1,1,0.864323
PHASE,262144,1024,256,1,1,0.804921
PHASE,262144,2048,256,1,1,0.192910
PHASE,262144,4096,256,1,1,0.201215
PHASE,262144,8192,256,1,1,0.203675
PHASE,262144,16384,256,1,1,0.197705
PHASE,262144,32768,256,1,1,0.207266
PHASE,262144,65536,256,1,1,0.199014
PHASE,262144,131072,256,1,1,0.102455
PHASE,131072,1,1,1,1,0.645067
PHASE,131072,2,2,1,1,0.709708
PHASE,131072,4,4,1,1,0.721234
PHASE,131072,8,8,1,1,0.737986
PHASE,131072,16,16,1,1,0.774382
PHASE,131072,32,32,1,1,0.402163
PHASE,131072,64,64,1,1,0.383647
PHASE,131072,128,128,1,1,0.402186
PHASE,131072,256,256,1,1,0.400757
PHASE,131072,512,256,1,1,0.396199
PHASE,131072,1024,256,1,1,0.094006
PHASE,131072,2048,256,1,1,0.098423
PHASE,131072,4096,256,1,1,0.091171
PHASE,131072,8192,256,1,1,0.096014
PHASE,131072,16384,256,1,1,0.102817
PHASE,131072,32768,256,1,1,0.099652
PHASE,131072,65536,256,1,1,0.043389
PHASE,131072,1,1,1,1,0.649703
PHASE,131072,2,2,1,1,0.710500
PHASE,131072,4,4,1,1,0.735071
PHASE,131072,8,8,1,1,0.768672
PHASE,131072,16,16,1,1,0.801797
PHASE,131072,32,32,1,1,0.429691
PHASE,131072,64,64,1,1,0.399816
PHASE,131072,128,128,1,1,0.403314
PHASE,131072,256,256,1,1,0.400410
PHASE,131072,512,256,1,1,0.395511
PHASE,131072,1024,256,1,1,0.093606
PHASE,131072,2048,256,1,1,0.090347
PHASE,131072,4096,256,1,1,0.092934
PHASE,131072,8192,256,1,1,0.102119
PHASE,131072,16384,256,1,1,0.099314
PHASE,131072,32768,256,1,1,0.100654
PHASE,131072,65536,256,1,1,0.045333
PHASE,524288,1,1,1,1,2.619444
PHASE,524288,2,2,1,1,3.464473
PHASE,524288,4,4,1,1,2.927807
PHASE,524288,8,8,1,1,2.970275
PHASE,524288,16,16,1,1,3.781461
PHASE,524288,32,32,1,1,1.554043
PHASE,524288,64,64,1,1,1.523980
PHASE,524288,128,128,1,1,1.555645
PHASE,524288,256,256,1,1,1.517920
PHASE,524288,512,256,1,1,1.675503
PHASE,524288,1024,256,1,1,1.622300
PHASE,524288,2048,256,1,1,1.605135
PHASE,524288,4096,256,1,1,0.424790
PHASE,524288,8192,256,1,1,0.440691
PHASE,524288,16384,256,1,1,0.406608
PHASE,524288,32768,256,1,1,0.392524
PHASE,524288,65536,256,1,1,0.387226
PHASE,524288,131072,256,1,1,0.411440
PHASE,524288,262144,256,1,1,0.192993
PHASE,262144,1,1,1,1,1.292542
PHASE,262144,2,2,1,1,1.424251
PHASE,262144,4,4,1,1,1.433682
PHASE,262144,8,8,1,1,1.474061
PHASE,262144,16,16,1,1,1.800908
PHASE,262144,32,32,1,1,0.827524
PHASE,262144,64,64,1,1,0.792207
PHASE,262144,128,128,1,1,0.805017
PHASE,262144,256,256,1,1,0.803092
PHASE,262144,512,256,1,1,0.823640
PHASE,262144,1024,256,1,1,0.810104
PHASE,262144,2048,256,1,1,0.194195
PHASE,262144,4096,256,1,1,0.204258
PHASE,262144,8192,256,1,1,0.202255
PHASE,262144,16384,256,1,1,0.195264
PHASE,262144,32768,256,1,1,0.196640
PHASE,262144,65536,256,1,1,0.197848
PHASE,262144,131072,256,1,1,0.094056
PHASE,131072,1,1,1,1,0.659681
PHASE,131072,2,2,1,1,0.707301
PHASE,131072,4,4,1,1,0.775227
PHASE,131072,8,8,1,1,0.789125
PHASE,131072,16,16,1,1,0.804159
PHASE,131072,32,32,1,1,0.427916
PHASE,131072,64,64,1,1,0.397132
PHASE,131072,128,128,1,1,0.390392
PHASE,131072,256,256,1,1,0.380852
PHASE,131072,512,256,1,1,0.412696
PHASE,131072,1024,256,1,1,0.087572
PHASE,131072,2048,256,1,1,0.091614
PHASE,131072,4096,256,1,1,0.094841
PHASE,131072,8192,256,1,1,0.098967
PHASE,131072,16384,256,1,1,0.094593
PHASE,131072,32768,256,1,1,0.098033
PHASE,131072,65536,256,1,1,0.043639
PHASE,131072,1,1,1,1,0.646970
PHASE,131072,2,2,1,1,0.729637
PHASE,131072,4,4,1,1,0.715293
PHASE,131072,8,8,1,1,0.738943
PHASE,131072,16,16,1,1,0.881915
PHASE,131072,32,32,1,1,0.397152
PHASE,131072,64,64,1,1,0.459655
PHASE,131072,128,128,1,1,0.421288
PHASE,131072,256,256,1,1,0.393806
PHASE,131072,512,256,1,1,0.408616
PHASE,131072,1024,256,1,1,0.091766
PHASE,131072,2048,256,1,1,0.094208
PHASE,131072,4096,256,1,1,0.091212
PHASE,131072,8192,256,1,1,0.095004
PHASE,131072,16384,256,1,1,0.102339
PHASE,131072,32768,256,1,1,0.100567
PHASE,131072,65536,256,1,1,0.044730
PHASE,262144,1,1,1,1,1.300471
PHASE,262144,2,2,1,1,1.429301
PHASE,262144,4,4,1,1,1.439698
PHASE,262144,8,8,1,1,1.490534
PHASE,262144,16,16,1,1,1.884053
PHASE,262144,32,32,1,1,0.765052
PHASE,262144,64,64,1,1,0.814541
PHASE,262144,128,128,1,1,0.788243
PHASE,262144,256,256,1,1,0.804642
PHASE,262144,512,256,1,1,0.805650
PHASE,262144,1024,256,1,1,0.803904
PHASE,262144,2048,256,1,1,0.199213
PHASE,262144,4096,256,1,1,0.198578
PHASE,262144,8192,256,1,1,0.204893
PHASE,262144,16384,256,1,1,0.195605
PHASE,262144,32768,256,1,1,0.207212
PHASE,262144,65536,256,1,1,0.208097
PHASE,262144,131072,256,1,1,0.095316
PHASE,131072,1,1,1,1,0.646409
PHASE,131072,2,2,1,1,0.706875
PHASE,131072,4,4,1,1,0.718531
PHASE,131072,8,8,1,1,0.740747
PHASE,131072,16,16,1,1,0.772873
PHASE,131072,32,32,1,1,0.389997
PHASE,131072,64,64,1,1,0.399381
PHASE,131072,128,128,1,1,0.384019
PHASE,131072,256,256,1,1,0.403370
PHASE,131072,512,256,1,1,0.399371
PHASE,131072,1024,256,1,1,0.097754
PHASE,131072,2048,256,1,1,0.093878
PHASE,131072,4096,256,1,1,0.091077
PHASE,131072,8192,256,1,1,0.113778
PHASE,131072,16384,256,1,1,0.095816
PHASE,131072,32768,256,1,1,0.097592
PHASE,131072,65536,256,1,1,0.043989
PHASE,131072,1,1,1,1,0.644334
PHASE,131072,2,2,1,1,0.721349
PHASE,131072,4,4,1,1,0.722830
PHASE,131072,8,8,1,1,0.736596
PHASE,131072,16,16,1,1,0.792405
PHASE,131072,32,32,1,1,0.390405
PHASE,131072,64,64,1,1,0.395637
PHASE,131072,128,128,1,1,0.389031
PHASE,131072,256,256,1,1,0.400483
PHASE,131072,512,256,1,1,0.407110
PHASE,131072,1024,256,1,1,0.097429
PHASE,131072,2048,256,1,1,0.093984
PHASE,131072,4096,256,1,1,0.090573
PHASE,131072,8192,256,1,1,0.101663
PHASE,131072,16384,256,1,1,0.096813
PHASE,131072,32768,256,1,1,0.100492
PHASE,131072,65536,256,1,1,0.044227
PHASE,1048576,1,1,1,1,5.220870
PHASE,1048576,2,2,1,1,5.689008
PHASE,1048576,4,4,1,1,5.795447
PHASE,1048576,8,8,1,1,6.030069
PHASE,1048576,16,16,1,1,7.591371
PHASE,1048576,32,32,1,1,3.096302
PHASE,1048576,64,64,1,1,3.186530
PHASE,1048576,128,128,1,1,3.081995
PHASE,1048576,256,256,1,1,3.211952
PHASE,1048576,512,256,1,1,3.237002
PHASE,1048576,1024,256,1,1,3.336289
PHASE,1048576,2048,256,1,1,3.227303
PHASE,1048576,4096,256,1,1,3.197900
PHASE,1048576,8192,256,1,1,0.859440
PHASE,1048576,16384,256,1,1,0.867152
PHASE,1048576,32768,256,1,1,0.826422
PHASE,1048576,65536,256,1,1,0.756727
PHASE,1048576,131072,256,1,1,0.771906
PHASE,1048576,262144,256,1,1,0.803239
PHASE,1048576,524288,256,1,1,0.387003
PHASE,524288,1,1,1,1,2.615211
PHASE,524288,2,2,1,1,2.856520
PHASE,524288,4,4,1,1,2.905139
PHASE,524288,8,8,1,1,2.999710
PHASE,524288,16,16,1,1,3.751218
PHASE,524288,32,32,1,1,1.541461
PHASE,524288,64,64,1,1,1.553680
PHASE,524288,128,128,1,1,1.574173
PHASE,524288,256,256,1,1,1.613717
PHASE,524288,512,256,1,1,1.760850
PHASE,524288,1024,256,1,1,1.617807
PHASE,524288,2048,256,1,1,1.596802
PHASE,524288,4096,256,1,1,0.406744
PHASE,524288,8192,256,1,1,0.435297
PHASE,524288,16384,256,1,1,0.397096
PHASE,524288,32768,256,1,1,0.383260
PHASE,524288,65536,256,1,1,0.387605
PHASE,524288,131072,256,1,1,0.402122
PHASE,524288,262144,256,1,1,0.190016
PHASE,262144,1,1,1,1,1.305414
PHASE,262144,2,2,1,1,1.437402
PHASE,262144,4,4,1,1,1.452478
PHASE,262144,8,8,1,1,1.497727
PHASE,262144,16,16,1,1,1.787452
PHASE,262144,32,32,1,1,0.815479
PHASE,262144,64,64,1,1,0.897638
PHASE,262144,128,128,1,1,0.766065
PHASE,262144,256,256,1,1,0.797639
PHASE,262144,512,256,1,1,0.820098
PHASE,262144,1024,256,1,1,0.807912
PHASE,262144,2048,256,1,1,0.191201
PHASE,262144,4096,256,1,1,0.198609
PHASE,262144,8192,256,1,1,0.201654
PHASE,262144,16384,256,1,1,0.190621
PHASE,262144,32768,256,1,1,0.189577
PHASE,262144,65536,256,1,1,0.197601
PHASE,262144,131072,256,1,1,0.100924
PHASE,131072,1,1,1,1,0.666221
PHASE,131072,2,2,1,1,0.708756
PHASE,131072,4,4,1,1,0.731801
PHASE,131072,8,8,1,1,0.741215
PHASE,131072,16,16,1,1,0.789309
PHASE,131072,32,32,1,1,0.404580
PHASE,131072,64,64,1,1,0.396355
PHASE,131072,128,128,1,1,0.399010
PHASE,131072,256,256,1,1,0.395991
PHASE,131072,512,256,1,1,0.398885
PHASE,131072,1024,256,1,1,0.089949
PHASE,131072,2048,256,1,1,0.090262
PHASE,131072,4096,256,1,1,0.095969
PHASE,131072,8192,256,1,1,0.093930
PHASE,131072,16384,256,1,1,0.093098
PHASE,131072,32768,256,1,1,0.116738
PHASE,131072,65536,256,1,1,0.043222
PHASE,131072,1,1,1,1,0.661457
PHASE,131072,2,2,1,1,0.715261
PHASE,131072,4,4,1,1,0.724029
PHASE,131072,8,8,1,1,0.747988
PHASE,131072,16,16,1,1,0.801688
PHASE,131072,32,32,1,1,0.405280
PHASE,131072,64,64,1,1,0.403097
PHASE,131072,128,128,1,1,0.397340
PHASE,131072,256,256,1,1,0.394602
PHASE,131072,512,256,1,1,0.398840
PHASE,131072,1024,256,1,1,0.091077
PHASE,131072,2048,256,1,1,0.094728
PHASE,131072,4096,256,1,1,0.092825
PHASE,131072,8192,256,1,1,0.094049
PHASE,131072,16384,256,1,1,0.093409
PHASE,131072,32768,256,1,1,0.097423
PHASE,131072,65536,256,1,1,0.044313
PHASE,262144,1,1,1,1,1.324239
PHASE,262144,2,2,1,1,1.430736
PHASE,262144,4,4,1,1,1.454435
PHASE,262144,8,8,1,1,1.499053
PHASE,262144,16,16,1,1,1.806912
PHASE,262144,32,32,1,1,0.831875
PHASE,262144,64,64,1,1,0.913171
PHASE,262144,128,128,1,1,0.806713
PHASE,262144,256,256,1,1,0.821082
PHASE,262144,512,256,1,1,0.815692
PHASE,262144,1024,256,1,1,0.809163
PHASE,262144,2048,256,1,1,0.186985
PHASE,262144,4096,256,1,1,0.199020
PHASE,262144,8192,256,1,1,0.201572
PHASE,262144,16384,256,1,1,0.187714
PHASE,262144,32768,256,1,1,0.187479
PHASE,262144,65536,256,1,1,0.197950
PHASE,262144,131072,256,1,1,0.094337
PHASE,131072,1,1,1,1,0.671926
PHASE,131072,2,2,1,1,0.707187
PHASE,131072,4,4,1,1,0.716477
PHASE,131072,8,8,1,1,0.745894
PHASE,131072,16,16,1,1,0.803079
PHASE,131072,32,32,1,1,0.414541
PHASE,131072,64,64,1,1,0.407308
PHASE,131072,128,128,1,1,0.373584
PHASE,131072,256,256,1,1,0.400600
PHASE,131072,512,256,1,1,0.401821
PHASE,131072,1024,256,1,1,0.090785
PHASE,131072,2048,256,1,1,0.089513
PHASE,131072,4096,256,1,1,0.092785
PHASE,131072,8192,256,1,1,0.095286
PHASE,131072,16384,256,1,1,0.098358
PHASE,131072,32768,256,1,1,0.098026
PHASE,131072,65536,256,1,1,0.043856
PHASE,131072,1,1,1,1,0.670773
PHASE,131072,2,2,1,1,0.708950
PHASE,131072,4,4,1,1,0.710935
PHASE,131072,8,8,1,1,0.745086
PHASE,131072,16,16,1,1,0.808620
PHASE,131072,32,32,1,1,0.411893
PHASE,131072,64,64,1,1,0.409846
PHASE,131072,128,128,1,1,0.396708
PHASE,131072,256,256,1,1,0.400961
PHASE,131072,512,256,1,1,0.398791
PHASE,131072,1024,256,1,1,0.090119
PHASE,131072,2048,256,1,1,0.091418
PHASE,131072,4096,256,1,1,0.091297
PHASE,131072,8192,256,1,1,0.090401
PHASE,131072,16384,256,1,1,0.098775
PHASE,131072,32768,256,1,1,0.098386
PHASE,131072,65536,256,1,1,0.044285
PHASE,524288,1,1,1,1,2.655252
PHASE,524288,2,2,1,1,2.882692
PHASE,524288,4,4,1,1,2.902475
PHASE,524288,8,8,1,1,2.995548
PHASE,524288,16,16,1,1,3.641614
PHASE,524288,32,32,1,1,1.634810
PHASE,524288,64,64,1,1,1.643564
PHASE,524288,128,128,1,1,1.633456
PHASE,524288,256,256,1,1,1.610073
PHASE,524288,512,256,1,1,1.631526
PHASE,524288,1024,256,1,1,1.668380
PHASE,524288,2048,256,1,1,1.603545
PHASE,524288,4096,256,1,1,0.423070
PHASE,524288,8192,256,1,1,0.438383
PHASE,524288,16384,256,1,1,0.417347
PHASE,524288,32768,256,1,1,0.381709
PHASE,524288,65536,256,1,1,0.393247
PHASE,524288,131072,256,1,1,0.399794
PHASE,524288,262144,256,1,1,0.195001
PHASE,262144,1,1,1,1,1.323300
PHASE,262144,2,2,1,1,1.429821
PHASE,262144,4,4,1,1,1.437002
PHASE,262144,8,8,1,1,1.508636
PHASE,262144,16,16,1,1,1.789390
PHASE,262144,32,32,1,1,0.829599
PHASE,262144,64,64,1,1,0.899149
PHASE,262144,128,128,1,1,0.815042
PHASE,262144,256,256,1,1,0.894473
PHASE,262144,512,256,1,1,0.808503
PHASE,262144,1024,256,1,1,0.796660
PHASE,262144,2048,256,1,1,0.210181
PHASE,262144,4096,256,1,1,0.201973
PHASE,262144,8192,256,1,1,0.198038
PHASE,262144,16384,256,1,1,0.200352
PHASE,262144,32768,256,1,1,0.192970
PHASE,262144,65536,256,1,1,0.208691
PHASE,262144,131072,256,1,1,0.096874
PHASE,131072,1,1,1,1,0.674084
PHASE,131072,2,2,1,1,0.712185
PHASE,131072,4,4,1,1,0.730827
PHASE,131072,8,8,1,1,0.749185
PHASE,131072,16,16,1,1,0.801001
PHASE,131072,32,32,1,1,0.405113
PHASE,131072,64,64,1,1,0.398199
PHASE,131072,128,128,1,1,0.403776
PHASE,131072,256,256,1,1,0.392911
PHASE,131072,512,256,1,1,0.408884
PHASE,131072,1024,256,1,1,0.090796
PHASE,131072,2048,256,1,1,0.094998
PHASE,131072,4096,256,1,1,0.093801
PHASE,131072,8192,256,1,1,0.094822
PHASE,131072,16384,256,1,1,0.095049
PHASE,131072,32768,256,1,1,0.099417
PHASE,131072,65536,256,1,1,0.043680
PHASE,131072,1,1,1,1,0.665275
PHASE,131072,2,2,1,1,0.706844
PHASE,131072,4,4,1,1,0.718620
PHASE,131072,8,8,1,1,0.756179
PHASE,131072,16,16,1,1,0.794973
PHASE,131072,32,32,1,1,0.418290
PHASE,131072,64,64,1,1,0.404325
PHASE,131072,128,128,1,1,0.398957
PHASE,131072,256,256,1,1,0.394490
PHASE,131072,512,256,1,1,0.399088
PHASE,131072,1024,256,1,1,0.095873
PHASE,131072,2048,256,1,1,0.090195
PHASE,131072,4096,256,1,1,0.092429
PHASE,131072,8192,256,1,1,0.091406
PHASE,131072,16384,256,1,1,0.094582
PHASE,131072,32768,256,1,1,0.098586
PHASE,131072,65536,256,1,1,0.046006
PHASE,262144,1,1,1,1,1.338499
PHASE,262144,2,2,1,1,1.435187
PHASE,262144,4,4,1,1,1.463595
PHASE,262144,8,8,1,1,1.497960
PHASE,262144,16,16,1,1,1.812133
PHASE,262144,32,32,1,1,0.795627
PHASE,262144,64,64,1,1,0.816803
PHASE,262144,128,128,1,1,0.768063
PHASE,262144,256,256,1,1,0.802317
PHASE,262144,512,256,1,1,0.848225
PHASE,262144,1024,256,1,1,0.807912
PHASE,262144,2048,256,1,1,0.193585
PHASE,262144,4096,256,1,1,0.209346
PHASE,262144,8192,256,1,1,0.196804
PHASE,262144,16384,256,1,1,0.199319
PHASE,262144,32768,256,1,1,0.190081
PHASE,262144,65536,256,1,1,0.199517
PHASE,262144,131072,256,1,1,0.097429
PHASE,131072,1,1,1,1,0.674665
PHASE,131072,2,2,1,1,0.716677
PHASE,131072,4,4,1,1,0.726926
PHASE,131072,8,8,1,1,0.747612
PHASE,131072,16,16,1,1,0.802879
PHASE,131072,32,32,1,1,0.413629
PHASE,131072,64,64,1,1,0.412559
PHASE,131072,128,128,1,1,0.394497
PHASE,131072,256,256,1,1,0.400865
PHASE,131072,512,256,1,1,0.402826
PHASE,131072,1024,256,1,1,0.091178
PHASE,131072,2048,256,1,1,0.089597
PHASE,131072,4096,256,1,1,0.091799
PHASE,131072,8192,256,1,1,0.094504
PHASE,131072,16384,256,1,1,0.095346
PHASE,131072,32768,256,1,1,0.112376
PHASE,131072,65536,256,1,1,0.046017
PHASE,131072,1,1,1,1,0.670672
PHASE,131072,2,2,1,1,0.709989
PHASE,131072,4,4,1,1,0.726641
PHASE,131072,8,8,1,1,0.748463
PHASE,131072,16,16,1,1,0.799384
PHASE,131072,32,32,1,1,0.399527
PHASE,131072,64,64,1,1,0.408602
PHASE,131072,128,128,1,1,0.397094
PHASE,131072,256,256,1,1,0.400078
PHASE,131072,512,256,1,1,0.399350
PHASE,131072,1024,256,1,1,0.091002
PHASE,131072,2048,256,1,1,0.094154
PHASE,131072,4096,256,1,1,0.093159
PHASE,131072,8192,256,1,1,0.090811
PHASE,131072,16384,256,1,1,0.099227
PHASE,131072,32768,256,1,1,0.098715
PHASE,131072,65536,256,1,1,0.044249
PHASE,1048576,1,1,1,1,5.164358
PHASE,1048576,2,2,1,1,5.692874
PHASE,1048576,4,4,1,1,5.806316
PHASE,1048576,8,8,1,1,6.010770
PHASE,1048576,16,16,1,1,7.590888
PHASE,1048576,32,32,1,1,3.096143
PHASE,1048576,64,64,1,1,3.123101
PHASE,1048576,128,128,1,1,3.184721
PHASE,1048576,256,256,1,1,3.055277
PHASE,1048576,512,256,1,1,3.245910
PHASE,1048576,1024,256,1,1,3.280395
PHASE,1048576,2048,256,1,1,3.236183
PHASE,1048576,4096,256,1,1,3.229415
PHASE,1048576,8192,256,1,1,0.827668
PHASE,1048576,16384,256,1,1,0.837013
PHASE,1048576,32768,256,1,1,0.812516
PHASE,1048576,65536,256,1,1,0.775578
PHASE,1048576,131072,256,1,1,0.773641
PHASE,1048576,262144,256,1,1,0.796491
PHASE,1048576,524288,256,1,1,0.394941
PHASE,524288,1,1,1,1,2.667460
PHASE,524288,2,2,1,1,2.867687
PHASE,524288,4,4,1,1,2.901361
PHASE,524288,8,8,1,1,3.011479
PHASE,524288,16,16,1,1,3.755928
PHASE,524288,32,32,1,1,1.643356
PHASE,524288,64,64,1,1,1.552613
PHASE,524288,128,128,1,1,1.544857
PHASE,524288,256,256,1,1,1.608853
PHASE,524288,512,256,1,1,1.708247
PHASE,524288,1024,256,1,1,1.650822
PHASE,524288,2048,256,1,1,1.594286
PHASE,524288,4096,256,1,1,0.415452
PHASE,524288,8192,256,1,1,0.444691
PHASE,524288,16384,256,1,1,0.402008
PHASE,524288,32768,256,1,1,0.380028
PHASE,524288,65536,256,1,1,0.388805
PHASE,524288,131072,256,1,1,0.407600
PHASE,524288,262144,256,1,1,0.190614
PHASE,262144,1,1,1,1,1.318056
PHASE,262144,2,2,1,1,1.434933
PHASE,262144,4,4,1,1,1.445361
PHASE,262144,8,8,1,1,1.499002
PHASE,262144,16,16,1,1,1.799713
PHASE,262144,32,32,1,1,0.812255
PHASE,262144,64,64,1,1,0.775660
PHASE,262144,128,128,1,1,0.821165
PHASE,262144,256,256,1,1,0.800225
PHASE,262144,512,256,1,1,0.813682
PHASE,262144,1024,256,1,1,0.804651
PHASE,262144,2048,256,1,1,0.193898
PHASE,262144,4096,256,1,1,0.202057
PHASE,262144,8192,256,1,1,0.196980
PHASE,262144,16384,256,1,1,0.197880
PHASE,262144,32768,256,1,1,0.200146
PHASE,262144,65536,256,1,1,0.199456
PHASE,262144,131072,256,1,1,0.095697
PHASE,131072,1,1,1,1,0.660731
PHASE,131072,2,2,1,1,0.711358
PHASE,131072,4,4,1,1,0.725035
PHASE,131072,8,8,1,1,0.745673
PHASE,131072,16,16,1,1,0.799986
PHASE,131072,32,32,1,1,0.414194
PHASE,131072,64,64,1,1,0.407655
PHASE,131072,128,128,1,1,0.391794
PHASE,131072,256,256,1,1,0.392372
PHASE,131072,512,256,1,1,0.407046
PHASE,131072,1024,256,1,1,0.092506
PHASE,131072,2048,256,1,1,0.091018
PHASE,131072,4096,256,1,1,0.092917
PHASE,131072,8192,256,1,1,0.093081
PHASE,131072,16384,256,1,1,0.094291
PHASE,131072,32768,256,1,1,0.097781
PHASE,131072,65536,256,1,1,0.044191
PHASE,131072,1,1,1,1,0.674363
PHASE,131072,2,2,1,1,0.713673
PHASE,131072,4,4,1,1,0.715779
PHASE,131072,8,8,1,1,0.749324
PHASE,131072,16,16,1,1,0.798757
PHASE,131072,32,32,1,1,0.408403
PHASE,131072,64,64,1,1,0.405573
PHASE,131072,128,128,1,1,0.401168
PHASE,131072,256,256,1,1,0.400675
PHASE,131072,512,256,1,1,0.403600
PHASE,131072,1024,256,1,1,0.092542
PHASE,131072,2048,256,1,1,0.093015
PHASE,131072,4096,256,1,1,0.098669
PHASE,131072,8192,256,1,1,0.092929
PHASE,131072,16384,256,1,1,0.093536
PHASE,131072,32768,256,1,1,0.106546
PHASE,131072,65536,256,1,1,0.044615
PHASE,262144,1,1,1,1,1.325474
PHASE,262144,2,2,1,1,1.440518
PHASE,262144,4,4,1,1,1.458381
PHASE,262144,8,8,1,1,1.511137
PHASE,262144,16,16,1,1,1.812861
PHASE,262144,32,32,1,1,0.833499
PHASE,262144,64,64,1,1,0.817952
PHASE,262144,128,128,1,1,0.867398
PHASE,262144,256,256,1,1,0.795583
PHASE,262144,512,256,1,1,0.823457
PHASE,262144,1024,256,1,1,0.797113
PHASE,262144,2048,256,1,1,0.193691
PHASE,262144,4096,256,1,1,0.204553
PHASE,262144,8192,256,1,1,0.195773
PHASE,262144,16384,256,1,1,0.189783
PHASE,262144,32768,256,1,1,0.193870
PHASE,262144,65536,256,1,1,0.208052
PHASE,262144,131072,256,1,1,0.095123
PHASE,131072,1,1,1,1,0.659504
PHASE,131072,2,2,1,1,0.714843
PHASE,131072,4,4,1,1,0.722883
PHASE,131072,8,8,1,1,0.742881
PHASE,131072,16,16,1,1,0.801391
PHASE,131072,32,32,1,1,0.419093
PHASE,131072,64,64,1,1,0.407551
PHASE,131072,128,128,1,1,0.399308
PHASE,131072,256,256,1,1,0.399902
PHASE,131072,512,256,1,1,0.396856
PHASE,131072,1024,256,1,1,0.093325
PHASE,131072,2048,256,1,1,0.095280
PHASE,131072,4096,256,1,1,0.091543
PHASE,131072,8192,256,1,1,0.094113
PHASE,131072,16384,256,1,1,0.094347
PHASE,131072,32768,256,1,1,0.103371
PHASE,131072,65536,256,1,1,0.044753
PHASE,131072,1,1,1,1,0.658948
PHASE,131072,2,2,1,1,0.711278
PHASE,131072,4,4,1,1,0.719086
PHASE,131072,8,8,1,1,0.753123
PHASE,131072,16,16,1,1,0.802141
PHASE,131072,32,32,1,1,0.401495
PHASE,131072,64,64,1,1,0.407342
PHASE,131072,128,128,1,1,0.400965
PHASE,131072,256,256,1,1,0.406333
PHASE,131072,512,256,1,1,0.398527
PHASE,131072,1024,256,1,1,0.093048
PHASE,131072,2048,256,1,1,0.098097
PHASE,131072,4096,256,1,1,0.094580
PHASE,131072,8192,256,1,1,0.091765
PHASE,131072,16384,256,1,1,0.100233
PHASE,131072,32768,256,1,1,0.100351
PHASE,131072,65536,256,1,1,0.043958
PHASE,524288,1,1,1,1,2.670163
PHASE,524288,2,2,1,1,2.897213
PHASE,524288,4,4,1,1,2.900174
PHASE,524288,8,8,1,1,3.001102
PHASE,524288,16,16,1,1,3.647686
PHASE,524288,32,32,1,1,1.640785
PHASE,524288,64,64,1,1,1.641493
PHASE,524288,128,128,1,1,1.657569
PHASE,524288,256,256,1,1,1.639458
PHASE,524288,512,256,1,1,1.645287
PHASE,524288,1024,256,1,1,1.628391
PHASE,524288,2048,256,1,1,1.609252
PHASE,524288,4096,256,1,1,0.422377
PHASE,524288,8192,256,1,1,0.437422
PHASE,524288,16384,256,1,1,0.415575
PHASE,524288,32768,256,1,1,0.392101
PHASE,524288,65536,256,1,1,0.394040
PHASE,524288,131072,256,1,1,0.402695
PHASE,524288,262144,256,1,1,0.190984
PHASE,262144,1,1,1,1,1.328277
PHASE,262144,2,2,1,1,1.426099
PHASE,262144,4,4,1,1,1.442027
PHASE,262144,8,8,1,1,1.494201
PHASE,262144,16,16,1,1,1.804525
PHASE,262144,32,32,1,1,0.826649
PHASE,262144,64,64,1,1,0.824301
PHASE,262144,128,128,1,1,0.829594
PHASE,262144,256,256,1,1,0.887536
PHASE,262144,512,256,1,1,0.810972
PHASE,262144,1024,256,1,1,0.802063
PHASE,262144,2048,256,1,1,0.201562
PHASE,262144,4096,256,1,1,0.200177
PHASE,262144,8192,256,1,1,0.205614
PHASE,262144,16384,256,1,1,0.205370
PHASE,262144,32768,256,1,1,0.193092
PHASE,262144,65536,256,1,1,0.200885
PHASE,262144,131072,256,1,1,0.095420
PHASE,131072,1,1,1,1,0.668053
PHASE,131072,2,2,1,1,0.708115
PHASE,131072,4,4,1,1,0.723975
PHASE,131072,8,8,1,1,0.750217
PHASE,131072,16,16,1,1,0.814376
PHASE,131072,32,32,1,1,0.412091
PHASE,131072,64,64,1,1,0.403985
PHASE,131072,128,128,1,1,0.400673
PHASE,131072,256,256,1,1,0.406050
PHASE,131072,512,256,1,1,0.403857
PHASE,131072,1024,256,1,1,0.091693
PHASE,131072,2048,256,1,1,0.091718
PHASE,131072,4096,256,1,1,0.091607
PHASE,131072,8192,256,1,1,0.093904
PHASE,131072,16384,256,1,1,0.094996
PHASE,131072,32768,256,1,1,0.104945
PHASE,131072,65536,256,1,1,0.044181
PHASE,131072,1,1,1,1,0.668804
PHASE,131072,2,2,1,1,0.709318
PHASE,131072,4,4,1,1,0.714428
PHASE,131072,8,8,1,1,0.746461
PHASE,131072,16,16,1,1,0.797884
PHASE,131072,32,32,1,1,0.410281
PHASE,131072,64,64,1,1,0.404143
PHASE,131072,128,128,1,1,0.400209
PHASE,131072,256,256,1,1,0.403138
PHASE,131072,512,256,1,1,0.403671
PHASE,131072,1024,256,1,1,0.091279
PHASE,131072,2048,256,1,1,0.091151
PHASE,131072,4096,256,1,1,0.094272
PHASE,131072,8192,256,1,1,0.098209
PHASE,131072,16384,256,1,1,0.095189
PHASE,131072,32768,256,1,1,0.105597
PHASE,131072,65536,256,1,1,0.044511
PHASE,262144,1,1,1,1,1.324794
PHASE,262144,2,2,1,1,1.431160
PHASE,262144,4,4,1,1,1.445710
PHASE,262144,8,8,1,1,1.499385
PHASE,262144,16,16,1,1,1.800113
PHASE,262144,32,32,1,1,0.815353
PHASE,262144,64,64,1,1,0.876058
PHASE,262144,128,128,1,1,0.821802
PHASE,262144,256,256,1,1,0.805237
PHASE,262144,512,256,1,1,0.813272
PHASE,262144,1024,256,1,1,0.796910
PHASE,262144,2048,256,1,1,0.199899
PHASE,262144,4096,256,1,1,0.206898
PHASE,262144,8192,256,1,1,0.197742
PHASE,262144,16384,256,1,1,0.195130
PHASE,262144,32768,256,1,1,0.189360
PHASE,262144,65536,256,1,1,0.211995
PHASE,262144,131072,256,1,1,0.095309
PHASE,131072,1,1,1,1,0.665381
PHASE,131072,2,2,1,1,0.720681
PHASE,131072,4,4,1,1,0.724019
PHASE,131072,8,8,1,1,0.745842
PHASE,131072,16,16,1,1,0.803860
PHASE,131072,32,32,1,1,0.421253
PHASE,131072,64,64,1,1,0.408489
PHASE,131072,128,128,1,1,0.404110
PHASE,131072,256,256,1,1,0.401569
PHASE,131072,512,256,1,1,0.399779
PHASE,131072,1024,256,1,1,0.090505
PHASE,131072,2048,256,1,1,0.101405
PHASE,131072,4096,256,1,1,0.093177
PHASE,131072,8192,256,1,1,0.093461
PHASE,131072,16384,256,1,1,0.110645
PHASE,131072,32768,256,1,1,0.102319
PHASE,131072,65536,256,1,1,0.044496
PHASE,131072,1,1,1,1,0.660878
PHASE,131072,2,2,1,1,0.716943
PHASE,131072,4,4,1,1,0.724259
PHASE,131072,8,8,1,1,0.742592
PHASE,131072,16,16,1,1,0.785902
PHASE,131072,32,32,1,1,0.400985
PHASE,131072,64,64,1,1,0.403749
PHASE,131072,128,128,1,1,0.399817
PHASE,131072,256,256,1,1,0.399684
PHASE,131072,512,256,1,1,0.398279
PHASE,131072,1024,256,1,1,0.091076
PHASE,131072,2048,256,1,1,0.096544
PHASE,131072,4096,256,1,1,0.093735
PHASE,131072,8192,256,1,1,0.091830
PHASE,131072,16384,256,1,1,0.098886
PHASE,131072,32768,256,1,1,0.098273
PHASE,131072,65536,256,1,1,0.045116
PHASE,1048576,1,1,1,1,5.180884
PHASE,1048576,2,2,1,1,5.686432
PHASE,1048576,4,4,1,1,5.810086
PHASE,1048576,8,8,1,1,6.019019
PHASE,1048576,16,16,1,1,7.575223
PHASE,1048576,32,32,1,1,3.085626
PHASE,1048576,64,64,1,1,3.092426
PHASE,1048576,128,128,1,1,3.274343
PHASE,1048576,256,256,1,1,3.204430
PHASE,1048576,512,256,1,1,3.299632
PHASE,1048576,1024,256,1,1,3.307854
PHASE,1048576,2048,256,1,1,3.311537
PHASE,1048576,4096,256,1,1,3.239830
PHASE,1048576,8192,256,1,1,0.855176
PHASE,1048576,16384,256,1,1,0.860506
PHASE,1048576,32768,256,1,1,0.815149
PHASE,1048576,65536,256,1,1,0.772348
PHASE,1048576,131072,256,1,1,0.764298
PHASE,1048576,262144,256,1,1,0.810674
PHASE,1048576,524288,256,1,1,0.390544
PHASE,524288,1,1,1,1,2.590360
PHASE,524288,2,2,1,1,2.859618
PHASE,524288,4,4,1,1,2.907535
PHASE,524288,8,8,1,1,2.993455
PHASE,524288,16,16,1,1,3.742624
PHASE,524288,32,32,1,1,1.558380
PHASE,524288,64,64,1,1,1.553639
PHASE,524288,128,128,1,1,1.618385
PHASE,524288,256,256,1,1,1.612078
PHASE,524288,512,256,1,1,1.620268
PHASE,524288,1024,256,1,1,1.634245
PHASE,524288,2048,256,1,1,1.617950
PHASE,524288,4096,256,1,1,0.401689
PHASE,524288,8192,256,1,1,0.432247
PHASE,524288,16384,256,1,1,0.412055
PHASE,524288,32768,256,1,1,0.388641
PHASE,524288,65536,256,1,1,0.400555
PHASE,524288,131072,256,1,1,0.395208
PHASE,524288,262144,256,1,1,0.201621
PHASE,262144,1,1,1,1,1.327872
PHASE,262144,2,2,1,1,1.411986
PHASE,262144,4,4,1,1,1.539432
PHASE,262144,8,8,1,1,1.493829
PHASE,262144,16,16,1,1,1.804740
PHASE,262144,32,32,1,1,0.832397
PHASE,262144,64,64,1,1,0.823871
PHASE,262144,128,128,1,1,0.832887
PHASE,262144,256,256,1,1,0.799211
PHASE,262144,512,256,1,1,0.804988
PHASE,262144,1024,256,1,1,0.799774
PHASE,262144,2048,256,1,1,0.191864
PHASE,262144,4096,256,1,1,0.195962
PHASE,262144,8192,256,1,1,0.203118
PHASE,262144,16384,256,1,1,0.198435
PHASE,262144,32768,256,1,1,0.190331
PHASE,262144,65536,256,1,1,0.200321
PHASE,262144,131072,256,1,1,0.095623
PHASE,131072,1,1,1,1,0.667283
PHASE,131072,2,2,1,1,0.713193
PHASE,131072,4,4,1,1,0.729664
PHASE,131072,8,8,1,1,0.744963
PHASE,131072,16,16,1,1,0.800783
PHASE,131072,32,32,1,1,0.419880
PHASE,131072,64,64,1,1,0.404957
PHASE,131072,128,128,1,1,0.392015
PHASE,131072,256,256,1,1,0.405038
PHASE,131072,512,256,1,1,0.403839
PHASE,131072,1024,256,1,1,0.089880
PHASE,131072,2048,256,1,1,0.090128
PHASE,131072,4096,256,1,1,0.092095
PHASE,131072,8192,256,1,1,0.094840
PHASE,131072,16384,256,1,1,0.095784
PHASE,131072,32768,256,1,1,0.098292
PHASE,131072,65536,256,1,1,0.045271
PHASE,131072,1,1,1,1,0.654533
PHASE,131072,2,2,1,1,0.718641
PHASE,131072,4,4,1,1,0.719118
PHASE,131072,8,8,1,1,0.738087
PHASE,131072,16,16,1,1,0.805127
PHASE,131072,32,32,1,1,0.420990
PHASE,131072,64,64,1,1,0.408905
PHASE,131072,128,128,1,1,0.394973
PHASE,131072,256,256,1,1,0.406331
PHASE,131072,512,256,1,1,0.397728
PHASE,131072,1024,256,1,1,0.090775
PHASE,131072,2048,256,1,1,0.091632
PHASE,131072,4096,256,1,1,0.100686
PHASE,131072,8192,256,1,1,0.093459
PHASE,131072,16384,256,1,1,0.092717
PHASE,131072,32768,256,1,1,0.098416
PHASE,131072,65536,256,1,1,0.051104
PHASE,262144,1,1,1,1,1.304126
PHASE,262144,2,2,1,1,1.431997
PHASE,262144,4,4,1,1,1.437563
PHASE,262144,8,8,1,1,1.516166
PHASE,262144,16,16,1,1,1.797491
PHASE,262144,32,32,1,1,0.830711
PHASE,262144,64,64,1,1,0.918370
PHASE,262144,128,128,1,1,0.828559
PHASE,262144,256,256,1,1,0.811037
PHASE,262144,512,256,1,1,0.805516
PHASE,262144,1024,256,1,1,0.792401
PHASE,262144,2048,256,1,1,0.192931
PHASE,262144,4096,256,1,1,0.198239
PHASE,262144,8192,256,1,1,0.194911
PHASE,262144,16384,256,1,1,0.189762
PHASE,262144,32768,256,1,1,0.203170
PHASE,262144,65536,256,1,1,0.207156
PHASE,262144,131072,256,1,1,0.095120
PHASE,131072,1,1,1,1,0.650537
PHASE,131072,2,2,1,1,0.717591
PHASE,131072,4,4,1,1,0.727790
PHASE,131072,8,8,1,1,0.747952
PHASE,131072,16,16,1,1,0.799884
PHASE,131072,32,32,1,1,0.421472
PHASE,131072,64,64,1,1,0.375619
PHASE,131072,128,128,1,1,0.400808
PHASE,131072,256,256,1,1,0.399744
PHASE,131072,512,256,1,1,0.402440
PHASE,131072,1024,256,1,1,0.093066
PHASE,131072,2048,256,1,1,0.096115
PHASE,131072,4096,256,1,1,0.101552
PHASE,131072,8192,256,1,1,0.094336
PHASE,131072,16384,256,1,1,0.093596
PHASE,131072,32768,256,1,1,0.098589
PHASE,131072,65536,256,1,1,0.044905
PHASE,131072,1,1,1,1,0.658239
PHASE,131072,2,2,1,1,0.709814
PHASE,131072,4,4,1,1,0.720218
PHASE,131072,8,8,1,1,0.747284
PHASE,131072,16,16,1,1,0.794848
PHASE,131072,32,32,1,1,0.419920
PHASE,131072,64,64,1,1,0.402375
PHASE,131072,128,128,1,1,0.401472
PHASE,131072,256,256,1,1,0.401741
PHASE,131072,512,256,1,1,0.402965
PHASE,131072,1024,256,1,1,0.092712
PHASE,131072,2048,256,1,1,0.091337
PHASE,131072,4096,256,1,1,0.099774
PHASE,131072,8192,256,1,1,0.092952
PHASE,131072,16384,256,1,1,0.094540
PHASE,131072,32768,256,1,1,0.098221
PHASE,131072,65536,256,1,1,0.045208
PHASE,524288,1,1,1,1,2.634347
PHASE,524288,2,2,1,1,2.901413
PHASE,524288,4,4,1,1,2.903899
PHASE,524288,8,8,1,1,3.000312
PHASE,524288,16,16,1,1,3.632422
PHASE,524288,32,32,1,1,1.623112
PHASE,524288,64,64,1,1,1.639906
PHASE,524288,128,128,1,1,1.583681
PHASE,524288,256,256,1,1,1.529085
PHASE,524288,512,256,1,1,1.636441
PHASE,524288,1024,256,1,1,1.624608
PHASE,524288,2048,256,1,1,1.614484
PHASE,524288,4096,256,1,1,0.414309
PHASE,524288,8192,256,1,1,0.434371
PHASE,524288,16384,256,1,1,0.415091
PHASE,524288,32768,256,1,1,0.385052
PHASE,524288,65536,256,1,1,0.391062
PHASE,524288,131072,256,1,1,0.399586
PHASE,524288,262144,256,1,1,0.189080
PHASE,262144,1,1,1,1,1.313362
PHASE,262144,2,2,1,1,1.424706
PHASE,262144,4,4,1,1,1.447061
PHASE,262144,8,8,1,1,1.520753
PHASE,262144,16,16,1,1,1.807677
PHASE,262144,32,32,1,1,0.831322
PHASE,262144,64,64,1,1,0.796775
PHASE,262144,128,128,1,1,0.812529
PHASE,262144,256,256,1,1,0.757451
PHASE,262144,512,256,1,1,0.810217
PHASE,262144,1024,256,1,1,0.801253
PHASE,262144,2048,256,1,1,0.194930
PHASE,262144,4096,256,1,1,0.197022
PHASE,262144,8192,256,1,1,0.209654
PHASE,262144,16384,256,1,1,0.194351
PHASE,262144,32768,256,1,1,0.201112
PHASE,262144,65536,256,1,1,0.201720
PHASE,262144,131072,256,1,1,0.100274
PHASE,131072,1,1,1,1,0.656302
PHASE,131072,2,2,1,1,0.724608
PHASE,131072,4,4,1,1,0.732191
PHASE,131072,8,8,1,1,0.752577
PHASE,131072,16,16,1,1,0.802079
PHASE,131072,32,32,1,1,0.409167
PHASE,131072,64,64,1,1,0.403775
PHASE,131072,128,128,1,1,0.401777
PHASE,131072,256,256,1,1,0.395715
PHASE,131072,512,256,1,1,0.407924
PHASE,131072,1024,256,1,1,0.091090
PHASE,131072,2048,256,1,1,0.089424
PHASE,131072,4096,256,1,1,0.090734
PHASE,131072,8192,256,1,1,0.093434
PHASE,131072,16384,256,1,1,0.093747
PHASE,131072,32768,256,1,1,0.098608
PHASE,131072,65536,256,1,1,0.043810
PHASE,131072,1,1,1,1,0.661729
PHASE,131072,2,2,1,1,0.713719
PHASE,131072,4,4,1,1,0.713777
PHASE,131072,8,8,1,1,0.745422
PHASE,131072,16,16,1,1,0.807341
PHASE,131072,32,32,1,1,0.419399
PHASE,131072,64,64,1,1,0.404723
PHASE,131072,128,128,1,1,0.400882
PHASE,131072,256,256,1,1,0.395077
PHASE,131072,512,256,1,1,0.406162
PHASE,131072,1024,256,1,1,0.090571
PHASE,131072,2048,256,1,1,0.090516
PHASE,131072,4096,256,1,1,0.091754
PHASE,131072,8192,256,1,1,0.093750
PHASE,131072,16384,256,1,1,0.093439
PHASE,131072,32768,256,1,1,0.097616
PHASE,131072,65536,256,1,1,0.048878
PHASE,262144,1,1,1,1,1.309493
PHASE,262144,2,2,1,1,1.422710
PHASE,262144,4,4,1,1,1.443312
PHASE,262144,8,8,1,1,1.489167
PHASE,262144,16,16,1,1,1.813028
PHASE,262144,32,32,1,1,0.832440
PHASE,262144,64,64,1,1,0.813434
PHASE,262144,128,128,1,1,0.806605
PHASE,262144,256,256,1,1,0.822439
PHASE,262144,512,256,1,1,0.831442
PHASE,262144,1024,256,1,1,0.799704
PHASE,262144,2048,256,1,1,0.190895
PHASE,262144,4096,256,1,1,0.203720
PHASE,262144,8192,256,1,1,0.202035
PHASE,262144,16384,256,1,1,0.189558
PHASE,262144,32768,256,1,1,0.191136
PHASE,262144,65536,256,1,1,0.199535
PHASE,262144,131072,256,1,1,0.106867
PHASE,131072,1,1,1,1,0.657681
PHASE,131072,2,2,1,1,0.713861
PHASE,131072,4,4,1,1,0.733003
PHASE,131072,8,8,1,1,0.744452
PHASE,131072,16,16,1,1,0.805050
PHASE,131072,32,32,1,1,0.418055
PHASE,131072,64,64,1,1,0.408922
PHASE,131072,128,128,1,1,0.398317
PHASE,131072,256,256,1,1,0.399172
PHASE,131072,512,256,1,1,0.413773
PHASE,131072,1024,256,1,1,0.089431
PHASE,131072,2048,256,1,1,0.103232
PHASE,131072,4096,256,1,1,0.092513
PHASE,131072,8192,256,1,1,0.100130
PHASE,131072,16384,256,1,1,0.094858
PHASE,131072,32768,256,1,1,0.098530
PHASE,131072,65536,256,1,1,0.045003
PHASE,131072,1,1,1,1,0.661371
PHASE,131072,2,2,1,1,0.715385
PHASE,131072,4,4,1,1,0.718361
PHASE,131072,8,8,1,1,0.741975
PHASE,131072,16,16,1,1,0.792742
PHASE,131072,32,32,1,1,0.433569
PHASE,131072,64,64,1,1,0.405765
PHASE,131072,128,128,1,1,0.396919
PHASE,131072,256,256,1,1,0.398647
PHASE,131072,512,256,1,1,0.402929
PHASE,131072,1024,256,1,1,0.089962
PHASE,131072,2048,256,1,1,0.090744
PHASE,131072,4096,256,1,1,0.092721
PHASE,131072,8192,256,1,1,0.097639
PHASE,131072,16384,256,1,1,0.093202
PHASE,131072,32768,256,1,1,0.098485
PHASE,131072,65536,256,1,1,0.044026
PHASE,1048576,1,1,1,1,5.203707
PHASE,1048576,2,2,1,1,5.675239
PHASE,1048576,4,4,1,1,5.797435
PHASE,1048576,8,8,1,1,6.017714
PHASE,1048576,16,16,1,1,7.586608
PHASE,1048576,32,32,1,1,3.071103
PHASE,1048576,64,64,1,1,3.244040
PHASE,1048576,128,128,1,1,3.238318
PHASE,1048576,256,256,1,1,3.263878
PHASE,1048576,512,256,1,1,3.244153
PHASE,1048576,1024,256,1,1,3.303119
PHASE,1048576,2048,256,1,1,3.222470
PHASE,1048576,4096,256,1,1,3.228248
PHASE,1048576,8192,256,1,1,0.833853
PHASE,1048576,16384,256,1,1,0.833270
PHASE,1048576,32768,256,1,1,0.803732
PHASE,1048576,65536,256,1,1,0.754561
PHASE,1048576,131072,256,1,1,0.775291
PHASE,1048576,262144,256,1,1,0.798791
PHASE,1048576,524288,256,1,1,0.382875
PHASE,524288,1,1,1,1,2.625342
PHASE,524288,2,2,1,1,2.850082
PHASE,524288,4,4,1,1,2.891372
PHASE,524288,8,8,1,1,3.007216
PHASE,524288,16,16,1,1,3.818117
PHASE,524288,32,32,1,1,1.633914
PHASE,524288,64,64,1,1,1.561783
PHASE,524288,128,128,1,1,1.567831
PHASE,524288,256,256,1,1,1.599826
PHASE,524288,512,256,1,1,1.648656
PHASE,524288,1024,256,1,1,1.642235
PHASE,524288,2048,256,1,1,1.600545
PHASE,524288,4096,256,1,1,0.422064
PHASE,524288,8192,256,1,1,0.444493
PHASE,524288,16384,256,1,1,0.408068
PHASE,524288,32768,256,1,1,0.381243
PHASE,524288,65536,256,1,1,0.389221
PHASE,524288,131072,256,1,1,0.402389
PHASE,524288,262144,256,1,1,0.191599
PHASE,262144,1,1,1,1,1.317452
PHASE,262144,2,2,1,1,1.429721
PHASE,262144,4,4,1,1,1.449425
PHASE,262144,8,8,1,1,1.504443
PHASE,262144,16,16,1,1,1.844137
PHASE,262144,32,32,1,1,0.826807
PHASE,262144,64,64,1,1,0.910596
PHASE,262144,128,128,1,1,0.811559
PHASE,262144,256,256,1,1,0.801253
PHASE,262144,512,256,1,1,0.810745
PHASE,262144,1024,256,1,1,0.803571
PHASE,262144,2048,256,1,1,0.194210
PHASE,262144,4096,256,1,1,0.198990
PHASE,262144,8192,256,1,1,0.206009
PHASE,262144,16384,256,1,1,0.193740
PHASE,262144,32768,256,1,1,0.208192
PHASE,262144,65536,256,1,1,0.201241
PHASE,262144,131072,256,1,1,0.097401
PHASE,131072,1,1,1,1,0.678859
PHASE,131072,2,2,1,1,0.712030
PHASE,131072,4,4,1,1,0.729793
PHASE,131072,8,8,1,1,0.741330
PHASE,131072,16,16,1,1,0.797758
PHASE,131072,32,32,1,1,0.393641
PHASE,131072,64,64,1,1,0.407604
PHASE,131072,128,128,1,1,0.395709
PHASE,131072,256,256,1,1,0.400160
PHASE,131072,512,256,1,1,0.399912
PHASE,131072,1024,256,1,1,0.090696
PHASE,131072,2048,256,1,1,0.091152
PHASE,131072,4096,256,1,1,0.092075
PHASE,131072,8192,256,1,1,0.096977
PHASE,131072,16384,256,1,1,0.103846
PHASE,131072,32768,256,1,1,0.097223
PHASE,131072,65536,256,1,1,0.043940
PHASE,131072,1,1,1,1,0.686585
PHASE,131072,2,2,1,1,0.720713
PHASE,131072,4,4,1,1,0.713383
PHASE,131072,8,8,1,1,0.737834
PHASE,131072,16,16,1,1,0.799351
PHASE,131072,32,32,1,1,0.411804
PHASE,131072,64,64,1,1,0.408141
PHASE,131072,128,128,1,1,0.396838
PHASE,131072,256,256,1,1,0.405349
PHASE,131072,512,256,1,1,0.397435
PHASE,131072,1024,256,1,1,0.091632
PHASE,131072,2048,256,1,1,0.096015
PHASE,131072,4096,256,1,1,0.105268
PHASE,131072,8192,256,1,1,0.093963
PHASE,131072,16384,256,1,1,0.092959
PHASE,131072,32768,256,1,1,0.098429
PHASE,131072,65536,256,1,1,0.051073
PHASE,262144,1,1,1,1,1.323014
PHASE,262144,2,2,1,1,1.434221
PHASE,262144,4,4,1,1,1.435308
PHASE,262144,8,8,1,1,1.504878
PHASE,262144,16,16,1,1,1.799983
PHASE,262144,32,32,1,1,0.836064
PHASE,262144,64,64,1,1,0.879361
PHASE,262144,128,128,1,1,0.822223
PHASE,262144,256,256,1,1,0.805411
PHASE,262144,512,256,1,1,0.824554
PHASE,262144,1024,256,1,1,0.798569
PHASE,262144,2048,256,1,1,0.200994
PHASE,262144,4096,256,1,1,0.198410
PHASE,262144,8192,256,1,1,0.199158
PHASE,262144,16384,256,1,1,0.195697
PHASE,262144,32768,256,1,1,0.190512
PHASE,262144,65536,256,1,1,0.206265
PHASE,262144,131072,256,1,1,0.096901
PHASE,131072,1,1,1,1,0.664581
PHASE,131072,2,2,1,1,0.708838
PHASE,131072,4,4,1,1,0.727058
PHASE,131072,8,8,1,1,0.746155
PHASE,131072,16,16,1,1,0.811824
PHASE,131072,32,32,1,1,0.422111
PHASE,131072,64,64,1,1,0.399373
PHASE,131072,128,128,1,1,0.411392
PHASE,131072,256,256,1,1,0.402452
PHASE,131072,512,256,1,1,0.406483
PHASE,131072,1024,256,1,1,0.094127
PHASE,131072,2048,256,1,1,0.092490
PHASE,131072,4096,256,1,1,0.098288
PHASE,131072,8192,256,1,1,0.097457
PHASE,131072,16384,256,1,1,0.094433
PHASE,131072,32768,256,1,1,0.100696
PHASE,131072,65536,256,1,1,0.043615
PHASE,131072,1,1,1,1,0.671802
PHASE,131072,2,2,1,1,0.707969
PHASE,131072,4,4,1,1,0.721235
PHASE,131072,8,8,1,1,0.746595
PHASE,131072,16,16,1,1,0.807467
PHASE,131072,32,32,1,1,0.413476
PHASE,131072,64,64,1,1,0.406474
PHASE,131072,128,128,1,1,0.402692
PHASE,131072,256,256,1,1,0.393827
PHASE,131072,512,256,1,1,0.404856
PHASE,131072,1024,256,1,1,0.092368
PHASE,131072,2048,256,1,1,0.096952
PHASE,131072,4096,256,1,1,0.093676
PHASE,131072,8192,256,1,1,0.092201
PHASE,131072,16384,256,1,1,0.092674
PHASE,131072,32768,256,1,1,0.098308
PHASE,131072,65536,256,1,1,0.044709
PHASE,524288,1,1,1,1,2.686027
PHASE,524288,2,2,1,1,2.896702
PHASE,524288,4,4,1,1,2.915422
PHASE,524288,8,8,1,1,2.995129
PHASE,524288,16,16,1,1,3.639885
PHASE,524288,32,32,1,1,1.634186
PHASE,524288,64,64,1,1,1.638003
PHASE,524288,128,128,1,1,1.657637
PHASE,524288,256,256,1,1,1.598889
PHASE,524288,512,256,1,1,1.669906
PHASE,524288,1024,256,1,1,1.645897
PHASE,524288,2048,256,1,1,1.612063
PHASE,524288,4096,256,1,1,0.438650
PHASE,524288,8192,256,1,1,0.428365
PHASE,524288,16384,256,1,1,0.422934
PHASE,524288,32768,256,1,1,0.452625
PHASE,524288,65536,256,1,1,0.392273
PHASE,524288,131072,256,1,1,0.404092
PHASE,524288,262144,256,1,1,0.189446
PHASE,262144,1,1,1,1,1.317640
PHASE,262144,2,2,1,1,1.428936
PHASE,262144,4,4,1,1,1.440765
PHASE,262144,8,8,1,1,1.499777
PHASE,262144,16,16,1,1,1.803876
PHASE,262144,32,32,1,1,0.812944
PHASE,262144,64,64,1,1,0.882334
PHASE,262144,128,128,1,1,0.825353
PHASE,262144,256,256,1,1,0.797400
PHASE,262144,512,256,1,1,0.820654
PHASE,262144,1024,256,1,1,0.801258
PHASE,262144,2048,256,1,1,0.202875
PHASE,262144,4096,256,1,1,0.211171
PHASE,262144,8192,256,1,1,0.198729
PHASE,262144,16384,256,1,1,0.199222
PHASE,262144,32768,256,1,1,0.197466
PHASE,262144,65536,256,1,1,0.207000
PHASE,262144,131072,256,1,1,0.095421
PHASE,131072,1,1,1,1,0.659648
PHASE,131072,2,2,1,1,0.724983
PHASE,131072,4,4,1,1,0.729284
PHASE,131072,8,8,1,1,0.754578
PHASE,131072,16,16,1,1,0.803184
PHASE,131072,32,32,1,1,0.406946
PHASE,131072,64,64,1,1,0.416909
PHASE,131072,128,128,1,1,0.402624
PHASE,131072,256,256,1,1,0.402341
PHASE,131072,512,256,1,1,0.396817
PHASE,131072,1024,256,1,1,0.091246
PHASE,131072,2048,256,1,1,0.095019
PHASE,131072,4096,256,1,1,0.092610
PHASE,131072,8192,256,1,1,0.094262
PHASE,131072,16384,256,1,1,0.101900
PHASE,131072,32768,256,1,1,0.113697
PHASE,131072,65536,256,1,1,0.043563
PHASE,131072,1,1,1,1,0.669447
PHASE,131072,2,2,1,1,0.717775
PHASE,131072,4,4,1,1,0.720612
PHASE,131072,8,8,1,1,0.742468
PHASE,131072,16,16,1,1,0.797199
PHASE,131072,32,32,1,1,0.409440
PHASE,131072,64,64,1,1,0.399940
PHASE,131072,128,128,1,1,0.407654
PHASE,131072,256,256,1,1,0.407060
PHASE,131072,512,256,1,1,0.401061
PHASE,131072,1024,256,1,1,0.101739
PHASE,131072,2048,256,1,1,0.089519
PHASE,131072,4096,256,1,1,0.101865
PHASE,131072,8192,256,1,1,0.099784
PHASE,131072,16384,256,1,1,0.095071
PHASE,131072,32768,256,1,1,0.102512
PHASE,131072,65536,256,1,1,0.044940
PHASE,262144,1,1,1,1,1.325462
PHASE,262144,2,2,1,1,1.468188
PHASE,262144,4,4,1,1,1.456664
PHASE,262144,8,8,1,1,1.501129
PHASE,262144,16,16,1,1,1.815152
PHASE,262144,32,32,1,1,0.848065
PHASE,262144,64,64,1,1,0.864588
PHASE,262144,128,128,1,1,0.827824
PHASE,262144,256,256,1,1,0.794945
PHASE,262144,512,256,1,1,0.804782
PHASE,262144,1024,256,1,1,0.810852
PHASE,262144,2048,256,1,1,0.190052
PHASE,262144,4096,256,1,1,0.202350
PHASE,262144,8192,256,1,1,0.201347
PHASE,262144,16384,256,1,1,0.190143
PHASE,262144,32768,256,1,1,0.205511
PHASE,262144,65536,256,1,1,0.200345
PHASE,262144,131072,256,1,1,0.095408
PHASE,131072,1,1,1,1,0.713967
PHASE,131072,2,2,1,1,0.711399
PHASE,131072,4,4,1,1,0.733915
PHASE,131072,8,8,1,1,0.779959
PHASE,131072,16,16,1,1,0.803566
PHASE,131072,32,32,1,1,0.398682
PHASE,131072,64,64,1,1,0.405283
PHASE,131072,128,128,1,1,0.402881
PHASE,131072,256,256,1,1,0.398572
PHASE,131072,512,256,1,1,0.404316
PHASE,131072,1024,256,1,1,0.089808
PHASE,131072,2048,256,1,1,0.088056
PHASE,131072,4096,256,1,1,0.090520
PHASE,131072,8192,256,1,1,0.094292
PHASE,131072,16384,256,1,1,0.096856
PHASE,131072,32768,256,1,1,0.116100
PHASE,131072,65536,256,1,1,0.043774
PHASE,131072,1,1,1,1,0.681948
PHASE,131072,2,2,1,1,0.725677
PHASE,131072,4,4,1,1,0.720410
PHASE,131072,8,8,1,1,0.747954
PHASE,131072,16,16,1,1,0.801177
PHASE,131072,32,32,1,1,0.397244
PHASE,131072,64,64,1,1,0.409549
PHASE,131072,128,128,1,1,0.405632
PHASE,131072,256,256,1,1,0.405869
PHASE,131072,512,256,1,1,0.404362
PHASE,131072,1024,256,1,1,0.090222
PHASE,131072,2048,256,1,1,0.089705
PHASE,131072,4096,256,1,1,0.093455
PHASE,131072,8192,256,1,1,0.092024
PHASE,131072,16384,256,1,1,0.099674
PHASE,131072,32768,256,1,1,0.100248
PHASE,131072,65536,256,1,1,0.044754
