PHASE,1048576,1,1,1,1,8.787008
PHASE,1048576,2,2,1,1,8.030071
PHASE,1048576,4,4,1,1,6.483656
PHASE,1048576,8,8,1,1,6.486218
PHASE,1048576,16,16,1,1,6.463363
PHASE,1048576,32,32,1,1,3.365327
PHASE,1048576,64,64,1,1,3.428736
PHASE,1048576,128,128,1,1,3.461949
PHASE,1048576,256,256,1,1,3.400767
PHASE,1048576,512,256,1,1,3.624014
PHASE,1048576,1024,256,1,1,3.876653
PHASE,1048576,2048,256,1,1,4.066881
PHASE,1048576,4096,256,1,1,4.075702
PHASE,1048576,8192,256,1,1,3.770666
PHASE,1048576,16384,256,1,1,3.378408
PHASE,1048576,32768,256,1,1,3.353379
PHASE,1048576,65536,256,1,1,3.384523
PHASE,1048576,131072,256,1,1,3.399637
PHASE,1048576,262144,256,1,1,3.422852
PHASE,1048576,524288,256,1,1,1.253743
PHASE,524288,1,1,1,1,4.200373
PHASE,524288,2,2,1,1,4.006793
PHASE,524288,4,4,1,1,3.233687
PHASE,524288,8,8,1,1,3.253908
PHASE,524288,16,16,1,1,1.654176
PHASE,524288,32,32,1,1,1.651406
PHASE,524288,64,64,1,1,1.706328
PHASE,524288,128,128,1,1,1.698803
PHASE,524288,256,256,1,1,1.686281
PHASE,524288,512,256,1,1,1.772657
PHASE,524288,1024,256,1,1,1.877409
PHASE,524288,2048,256,1,1,1.889794
PHASE,524288,4096,256,1,1,1.808316
PHASE,524288,8192,256,1,1,1.684641
PHASE,524288,16384,256,1,1,1.684516
PHASE,524288,32768,256,1,1,1.677116
PHASE,524288,65536,256,1,1,1.704276
PHASE,524288,131072,256,1,1,1.726075
PHASE,524288,262144,256,1,1,0.638937
PHASE,262144,1,1,1,1,2.086353
PHASE,262144,2,2,1,1,1.991920
PHASE,262144,4,4,1,1,1.619290
PHASE,262144,8,8,1,1,0.858960
PHASE,262144,16,16,1,1,0.819736
PHASE,262144,32,32,1,1,0.824076
PHASE,262144,64,64,1,1,0.832705
PHASE,262144,128,128,1,1,0.866461
PHASE,262144,256,256,1,1,0.992629
PHASE,262144,512,256,1,1,0.914283
PHASE,262144,1024,256,1,1,0.905798
PHASE,262144,2048,256,1,1,1.003591
PHASE,262144,4096,256,1,1,0.902257
PHASE,262144,8192,256,1,1,0.891660
PHASE,262144,16384,256,1,1,0.860409
PHASE,262144,32768,256,1,1,0.854833
PHASE,262144,65536,256,1,1,0.851537
PHASE,262144,131072,256,1,1,0.318056
PHASE,131072,1,1,1,1,1.048222
PHASE,131072,2,2,1,1,0.998236
PHASE,131072,4,4,1,1,0.802408
PHASE,131072,8,8,1,1,0.462095
PHASE,131072,16,16,1,1,0.408144
PHASE,131072,32,32,1,1,0.412589
PHASE,131072,64,64,1,1,0.410340
PHASE,131072,128,128,1,1,0.416744
PHASE,131072,256,256,1,1,0.417080
PHASE,131072,512,256,1,1,0.416137
PHASE,131072,1024,256,1,1,0.430795
PHASE,131072,2048,256,1,1,0.414809
PHASE,131072,4096,256,1,1,0.418809
PHASE,131072,8192,256,1,1,0.420319
PHASE,131072,16384,256,1,1,0.414281
PHASE,131072,32768,256,1,1,0.431904
PHASE,131072,65536,256,1,1,0.156587
PHASE,131072,1,1,1,1,1.057875
PHASE,131072,2,2,1,1,1.002537
PHASE,131072,4,4,1,1,0.808365
PHASE,131072,8,8,1,1,0.533763
PHASE,131072,16,16,1,1,0.408305
PHASE,131072,32,32,1,1,0.412209
PHASE,131072,64,64,1,1,0.401562
PHASE,131072,128,128,1,1,0.410681
PHASE,131072,256,256,1,1,0.421014
PHASE,131072,512,256,1,1,0.422184
PHASE,131072,1024,256,1,1,0.428491
PHASE,131072,2048,256,1,1,0.433653
PHASE,131072,4096,256,1,1,0.421164
PHASE,131072,8192,256,1,1,0.428855
PHASE,131072,16384,256,1,1,0.417694
PHASE,131072,32768,256,1,1,0.432674
PHASE,131072,65536,256,1,1,0.153737
PHASE,262144,1,1,1,1,2.098565
PHASE,262144,2,2,1,1,1.994166
PHASE,262144,4,4,1,1,1.625235
PHASE,262144,8,8,1,1,0.858931
PHASE,262144,16,16,1,1,0.818615
PHASE,262144,32,32,1,1,0.823561
PHASE,262144,64,64,1,1,0.836339
PHASE,262144,128,128,1,1,0.839894
PHASE,262144,256,256,1,1,0.842870
PHASE,262144,512,256,1,1,0.878844
PHASE,262144,1024,256,1,1,0.868333
PHASE,262144,2048,256,1,1,0.905628
PHASE,262144,4096,256,1,1,0.843053
PHASE,262144,8192,256,1,1,0.841570
PHASE,262144,16384,256,1,1,0.843751
PHASE,262144,32768,256,1,1,0.850644
PHASE,262144,65536,256,1,1,0.857360
PHASE,262144,131072,256,1,1,0.313296
PHASE,131072,1,1,1,1,1.049971
PHASE,131072,2,2,1,1,0.995717
PHASE,131072,4,4,1,1,0.818350
PHASE,131072,8,8,1,1,0.415253
PHASE,131072,16,16,1,1,0.414206
PHASE,131072,32,32,1,1,0.407209
PHASE,131072,64,64,1,1,0.410544
PHASE,131072,128,128,1,1,0.417037
PHASE,131072,256,256,1,1,0.413796
PHASE,131072,512,256,1,1,0.415010
PHASE,131072,1024,256,1,1,0.413606
PHASE,131072,2048,256,1,1,0.422462
PHASE,131072,4096,256,1,1,0.413560
PHASE,131072,8192,256,1,1,0.424348
PHASE,131072,16384,256,1,1,0.418955
PHASE,131072,32768,256,1,1,0.420768
PHASE,131072,65536,256,1,1,0.160975
PHASE,131072,1,1,1,1,1.055264
PHASE,131072,2,2,1,1,0.993230
PHASE,131072,4,4,1,1,0.810133
PHASE,131072,8,8,1,1,0.415994
PHASE,131072,16,16,1,1,0.408560
PHASE,131072,32,32,1,1,0.407257
PHASE,131072,64,64,1,1,0.416278
PHASE,131072,128,128,1,1,0.411214
PHASE,131072,256,256,1,1,0.416892
PHASE,131072,512,256,1,1,0.422358
PHASE,131072,1024,256,1,1,0.420505
PHASE,131072,2048,256,1,1,0.430730
PHASE,131072,4096,256,1,1,0.421380
PHASE,131072,8192,256,1,1,0.428576
PHASE,131072,16384,256,1,1,0.418514
PHASE,131072,32768,256,1,1,0.430001
PHASE,131072,65536,256,1,1,0.155217
PHASE,524288,1,1,1,1,4.191922
PHASE,524288,2,2,1,1,4.014439
PHASE,524288,4,4,1,1,3.257929
PHASE,524288,8,8,1,1,3.232966
PHASE,524288,16,16,1,1,1.644372
PHASE,524288,32,32,1,1,1.653325
PHASE,524288,64,64,1,1,1.692233
PHASE,524288,128,128,1,1,1.711148
PHASE,524288,256,256,1,1,1.690653
PHASE,524288,512,256,1,1,1.812914
PHASE,524288,1024,256,1,1,1.828806
PHASE,524288,2048,256,1,1,1.978486
PHASE,524288,4096,256,1,1,1.985643
PHASE,524288,8192,256,1,1,1.697385
PHASE,524288,16384,256,1,1,1.683493
PHASE,524288,32768,256,1,1,1.697519
PHASE,524288,65536,256,1,1,1.703071
PHASE,524288,131072,256,1,1,1.712939
PHASE,524288,262144,256,1,1,0.634059
PHASE,262144,1,1,1,1,2.093813
PHASE,262144,2,2,1,1,2.025910
PHASE,262144,4,4,1,1,1.624354
PHASE,262144,8,8,1,1,0.796910
PHASE,262144,16,16,1,1,0.840416
PHASE,262144,32,32,1,1,0.825425
PHASE,262144,64,64,1,1,0.882940
PHASE,262144,128,128,1,1,0.876986
PHASE,262144,256,256,1,1,0.858080
PHASE,262144,512,256,1,1,0.886885
PHASE,262144,1024,256,1,1,0.906226
PHASE,262144,2048,256,1,1,1.010568
PHASE,262144,4096,256,1,1,0.912802
PHASE,262144,8192,256,1,1,0.900409
PHASE,262144,16384,256,1,1,0.872438
PHASE,262144,32768,256,1,1,0.869878
PHASE,262144,65536,256,1,1,0.877686
PHASE,262144,131072,256,1,1,0.308712
PHASE,131072,1,1,1,1,1.071645
PHASE,131072,2,2,1,1,1.015565
PHASE,131072,4,4,1,1,0.805869
PHASE,131072,8,8,1,1,0.460056
PHASE,131072,16,16,1,1,0.407894
PHASE,131072,32,32,1,1,0.411872
PHASE,131072,64,64,1,1,0.412904
PHASE,131072,128,128,1,1,0.416455
PHASE,131072,256,256,1,1,0.416855
PHASE,131072,512,256,1,1,0.411732
PHASE,131072,1024,256,1,1,0.429772
PHASE,131072,2048,256,1,1,0.419349
PHASE,131072,4096,256,1,1,0.432881
PHASE,131072,8192,256,1,1,0.423622
PHASE,131072,16384,256,1,1,0.422796
PHASE,131072,32768,256,1,1,0.428580
PHASE,131072,65536,256,1,1,0.157483
PHASE,131072,1,1,1,1,1.058432
PHASE,131072,2,2,1,1,1.019534
PHASE,131072,4,4,1,1,0.814403
PHASE,131072,8,8,1,1,0.410904
PHASE,131072,16,16,1,1,0.409714
PHASE,131072,32,32,1,1,0.415162
PHASE,131072,64,64,1,1,0.410936
PHASE,131072,128,128,1,1,0.427126
PHASE,131072,256,256,1,1,0.413564
PHASE,131072,512,256,1,1,0.423303
PHASE,131072,1024,256,1,1,0.437263
PHASE,131072,2048,256,1,1,0.450704
PHASE,131072,4096,256,1,1,0.440080
PHASE,131072,8192,256,1,1,0.424071
PHASE,131072,16384,256,1,1,0.440597
PHASE,131072,32768,256,1,1,0.425513
PHASE,131072,65536,256,1,1,0.162206
PHASE,262144,1,1,1,1,2.177885
PHASE,262144,2,2,1,1,2.059142
PHASE,262144,4,4,1,1,1.643861
PHASE,262144,8,8,1,1,0.856931
PHASE,262144,16,16,1,1,0.834270
PHASE,262144,32,32,1,1,0.941703
PHASE,262144,64,64,1,1,0.857738
PHASE,262144,128,128,1,1,0.869286
PHASE,262144,256,256,1,1,0.854538
PHASE,262144,512,256,1,1,0.860921
PHASE,262144,1024,256,1,1,0.864822
PHASE,262144,2048,256,1,1,0.911689
PHASE,262144,4096,256,1,1,0.849372
PHASE,262144,8192,256,1,1,0.836936
PHASE,262144,16384,256,1,1,0.861007
PHASE,262144,32768,256,1,1,0.864299
PHASE,262144,65536,256,1,1,0.868266
PHASE,262144,131072,256,1,1,0.311275
PHASE,131072,1,1,1,1,1.060102
PHASE,131072,2,2,1,1,0.995158
PHASE,131072,4,4,1,1,0.810024
PHASE,131072,8,8,1,1,0.533115
PHASE,131072,16,16,1,1,0.409999
PHASE,131072,32,32,1,1,0.408240
PHASE,131072,64,64,1,1,0.415058
PHASE,131072,128,128,1,1,0.409095
PHASE,131072,256,256,1,1,0.447195
PHASE,131072,512,256,1,1,0.430783
PHASE,131072,1024,256,1,1,0.418556
PHASE,131072,2048,256,1,1,0.421830
PHASE,131072,4096,256,1,1,0.416995
PHASE,131072,8192,256,1,1,0.432955
PHASE,131072,16384,256,1,1,0.416727
PHASE,131072,32768,256,1,1,0.431383
PHASE,131072,65536,256,1,1,0.157611
PHASE,131072,1,1,1,1,1.067910
PHASE,131072,2,2,1,1,1.002724
PHASE,131072,4,4,1,1,0.805412
PHASE,131072,8,8,1,1,0.415145
PHASE,131072,16,16,1,1,0.404796
PHASE,131072,32,32,1,1,0.418919
PHASE,131072,64,64,1,1,0.407908
PHASE,131072,128,128,1,1,0.412697
PHASE,131072,256,256,1,1,0.417913
PHASE,131072,512,256,1,1,0.451105
PHASE,131072,1024,256,1,1,0.469893
PHASE,131072,2048,256,1,1,0.501676
PHASE,131072,4096,256,1,1,0.432813
PHASE,131072,8192,256,1,1,0.419982
PHASE,131072,16384,256,1,1,0.433232
PHASE,131072,32768,256,1,1,0.420547
PHASE,131072,65536,256,1,1,0.149580
PHASE,1048576,1,1,1,1,8.405354
PHASE,1048576,2,2,1,1,7.997758
PHASE,1048576,4,4,1,1,6.219849
PHASE,1048576,8,8,1,1,6.552552
PHASE,1048576,16,16,1,1,6.480459
PHASE,1048576,32,32,1,1,3.364006
PHASE,1048576,64,64,1,1,3.350109
PHASE,1048576,128,128,1,1,3.463802
PHASE,1048576,256,256,1,1,3.437915
PHASE,1048576,512,256,1,1,3.723343
PHASE,1048576,1024,256,1,1,3.895357
PHASE,1048576,2048,256,1,1,4.080087
PHASE,1048576,4096,256,1,1,3.986958
PHASE,1048576,8192,256,1,1,3.739886
PHASE,1048576,16384,256,1,1,3.374230
PHASE,1048576,32768,256,1,1,3.357490
PHASE,1048576,65536,256,1,1,3.387398
PHASE,1048576,131072,256,1,1,3.395831
PHASE,1048576,262144,256,1,1,3.420553
PHASE,1048576,524288,256,1,1,1.270613
PHASE,524288,1,1,1,1,4.267308
PHASE,524288,2,2,1,1,3.999462
PHASE,524288,4,4,1,1,3.148675
PHASE,524288,8,8,1,1,3.275268
PHASE,524288,16,16,1,1,1.682606
PHASE,524288,32,32,1,1,1.682017
PHASE,524288,64,64,1,1,1.725859
PHASE,524288,128,128,1,1,1.688796
PHASE,524288,256,256,1,1,1.694249
PHASE,524288,512,256,1,1,1.866798
PHASE,524288,1024,256,1,1,1.852908
PHASE,524288,2048,256,1,1,2.000930
PHASE,524288,4096,256,1,1,2.013804
PHASE,524288,8192,256,1,1,1.778055
PHASE,524288,16384,256,1,1,1.715450
PHASE,524288,32768,256,1,1,1.695774
PHASE,524288,65536,256,1,1,1.691874
PHASE,524288,131072,256,1,1,1.702954
PHASE,524288,262144,256,1,1,0.617303
PHASE,262144,1,1,1,1,2.102804
PHASE,262144,2,2,1,1,1.999895
PHASE,262144,4,4,1,1,1.619839
PHASE,262144,8,8,1,1,0.856333
PHASE,262144,16,16,1,1,0.828567
PHASE,262144,32,32,1,1,0.856695
PHASE,262144,64,64,1,1,0.845630
PHASE,262144,128,128,1,1,0.828179
PHASE,262144,256,256,1,1,0.850118
PHASE,262144,512,256,1,1,0.900803
PHASE,262144,1024,256,1,1,0.892474
PHASE,262144,2048,256,1,1,1.015090
PHASE,262144,4096,256,1,1,0.851363
PHASE,262144,8192,256,1,1,0.838397
PHASE,262144,16384,256,1,1,0.851268
PHASE,262144,32768,256,1,1,0.852873
PHASE,262144,65536,256,1,1,0.865377
PHASE,262144,131072,256,1,1,0.311279
PHASE,131072,1,1,1,1,1.063496
PHASE,131072,2,2,1,1,1.001679
PHASE,131072,4,4,1,1,0.813199
PHASE,131072,8,8,1,1,0.410614
PHASE,131072,16,16,1,1,0.416528
PHASE,131072,32,32,1,1,0.412701
PHASE,131072,64,64,1,1,0.410517
PHASE,131072,128,128,1,1,0.415722
PHASE,131072,256,256,1,1,0.411547
PHASE,131072,512,256,1,1,0.417950
PHASE,131072,1024,256,1,1,0.417300
PHASE,131072,2048,256,1,1,0.419166
PHASE,131072,4096,256,1,1,0.423431
PHASE,131072,8192,256,1,1,0.415729
PHASE,131072,16384,256,1,1,0.427814
PHASE,131072,32768,256,1,1,0.418743
PHASE,131072,65536,256,1,1,0.153287
PHASE,131072,1,1,1,1,1.050397
PHASE,131072,2,2,1,1,1.015920
PHASE,131072,4,4,1,1,0.819622
PHASE,131072,8,8,1,1,0.418323
PHASE,131072,16,16,1,1,0.446486
PHASE,131072,32,32,1,1,0.408177
PHASE,131072,64,64,1,1,0.421699
PHASE,131072,128,128,1,1,0.405775
PHASE,131072,256,256,1,1,0.418707
PHASE,131072,512,256,1,1,0.417391
PHASE,131072,1024,256,1,1,0.413110
PHASE,131072,2048,256,1,1,0.424945
PHASE,131072,4096,256,1,1,0.418265
PHASE,131072,8192,256,1,1,0.423457
PHASE,131072,16384,256,1,1,0.414030
PHASE,131072,32768,256,1,1,0.426284
PHASE,131072,65536,256,1,1,0.165860
PHASE,262144,1,1,1,1,2.092809
PHASE,262144,2,2,1,1,1.999704
PHASE,262144,4,4,1,1,1.618314
PHASE,262144,8,8,1,1,0.829230
PHASE,262144,16,16,1,1,0.866256
PHASE,262144,32,32,1,1,0.823102
PHASE,262144,64,64,1,1,0.840617
PHASE,262144,128,128,1,1,0.849222
PHASE,262144,256,256,1,1,0.835049
PHASE,262144,512,256,1,1,0.878685
PHASE,262144,1024,256,1,1,0.847152
PHASE,262144,2048,256,1,1,0.884755
PHASE,262144,4096,256,1,1,0.840999
PHASE,262144,8192,256,1,1,0.844840
PHASE,262144,16384,256,1,1,0.845863
PHASE,262144,32768,256,1,1,0.846138
PHASE,262144,65536,256,1,1,0.853352
PHASE,262144,131072,256,1,1,0.315211
PHASE,131072,1,1,1,1,1.099091
PHASE,131072,2,2,1,1,1.038787
PHASE,131072,4,4,1,1,0.813837
PHASE,131072,8,8,1,1,0.410640
PHASE,131072,16,16,1,1,0.451853
PHASE,131072,32,32,1,1,0.407471
PHASE,131072,64,64,1,1,0.415906
PHASE,131072,128,128,1,1,0.411000
PHASE,131072,256,256,1,1,0.410983
PHASE,131072,512,256,1,1,0.424261
PHASE,131072,1024,256,1,1,0.416842
PHASE,131072,2048,256,1,1,0.424556
PHASE,131072,4096,256,1,1,0.418571
PHASE,131072,8192,256,1,1,0.421754
PHASE,131072,16384,256,1,1,0.419627
PHASE,131072,32768,256,1,1,0.420569
PHASE,131072,65536,256,1,1,0.157859
PHASE,131072,1,1,1,1,1.057725
PHASE,131072,2,2,1,1,0.993420
PHASE,131072,4,4,1,1,0.808796
PHASE,131072,8,8,1,1,0.441776
PHASE,131072,16,16,1,1,0.423436
PHASE,131072,32,32,1,1,0.414539
PHASE,131072,64,64,1,1,0.417107
PHASE,131072,128,128,1,1,0.407288
PHASE,131072,256,256,1,1,0.421494
PHASE,131072,512,256,1,1,0.412807
PHASE,131072,1024,256,1,1,0.416644
PHASE,131072,2048,256,1,1,0.420477
PHASE,131072,4096,256,1,1,0.416874
PHASE,131072,8192,256,1,1,0.425782
PHASE,131072,16384,256,1,1,0.415607
PHASE,131072,32768,256,1,1,0.426402
PHASE,131072,65536,256,1,1,0.160459
PHASE,524288,1,1,1,1,4.216735
PHASE,524288,2,2,1,1,4.023740
PHASE,524288,4,4,1,1,3.244595
PHASE,524288,8,8,1,1,3.107803
PHASE,524288,16,16,1,1,1.697450
PHASE,524288,32,32,1,1,1.656150
PHASE,524288,64,64,1,1,1.734981
PHASE,524288,128,128,1,1,1.675913
PHASE,524288,256,256,1,1,1.694261
PHASE,524288,512,256,1,1,1.779447
PHASE,524288,1024,256,1,1,1.814247
PHASE,524288,2048,256,1,1,2.004155
PHASE,524288,4096,256,1,1,1.952027
PHASE,524288,8192,256,1,1,1.688894
PHASE,524288,16384,256,1,1,1.689687
PHASE,524288,32768,256,1,1,1.703031
PHASE,524288,65536,256,1,1,1.689862
PHASE,524288,131072,256,1,1,1.694893
PHASE,524288,262144,256,1,1,0.638813
PHASE,262144,1,1,1,1,2.442954
PHASE,262144,2,2,1,1,2.283482
PHASE,262144,4,4,1,1,1.635899
PHASE,262144,8,8,1,1,0.860423
PHASE,262144,16,16,1,1,0.854044
PHASE,262144,32,32,1,1,0.860074
PHASE,262144,64,64,1,1,0.845937
PHASE,262144,128,128,1,1,0.830253
PHASE,262144,256,256,1,1,0.840100
PHASE,262144,512,256,1,1,0.874847
PHASE,262144,1024,256,1,1,0.888502
PHASE,262144,2048,256,1,1,1.011420
PHASE,262144,4096,256,1,1,0.858997
PHASE,262144,8192,256,1,1,0.843509
PHASE,262144,16384,256,1,1,0.855285
PHASE,262144,32768,256,1,1,0.844341
PHASE,262144,65536,256,1,1,0.864028
PHASE,262144,131072,256,1,1,0.324485
PHASE,131072,1,1,1,1,1.052363
PHASE,131072,2,2,1,1,1.002687
PHASE,131072,4,4,1,1,0.809959
PHASE,131072,8,8,1,1,0.441751
PHASE,131072,16,16,1,1,0.418655
PHASE,131072,32,32,1,1,0.411968
PHASE,131072,64,64,1,1,0.414463
PHASE,131072,128,128,1,1,0.414923
PHASE,131072,256,256,1,1,0.412646
PHASE,131072,512,256,1,1,0.420753
PHASE,131072,1024,256,1,1,0.420354
PHASE,131072,2048,256,1,1,0.415430
PHASE,131072,4096,256,1,1,0.427515
PHASE,131072,8192,256,1,1,0.418382
PHASE,131072,16384,256,1,1,0.421464
PHASE,131072,32768,256,1,1,0.422893
PHASE,131072,65536,256,1,1,0.154669
PHASE,131072,1,1,1,1,1.058781
PHASE,131072,2,2,1,1,0.997964
PHASE,131072,4,4,1,1,0.807439
PHASE,131072,8,8,1,1,0.438831
PHASE,131072,16,16,1,1,0.419567
PHASE,131072,32,32,1,1,0.407274
PHASE,131072,64,64,1,1,0.418785
PHASE,131072,128,128,1,1,0.409931
PHASE,131072,256,256,1,1,0.417079
PHASE,131072,512,256,1,1,0.422038
PHASE,131072,1024,256,1,1,0.414570
PHASE,131072,2048,256,1,1,0.420044
PHASE,131072,4096,256,1,1,0.422425
PHASE,131072,8192,256,1,1,0.423937
PHASE,131072,16384,256,1,1,0.421654
PHASE,131072,32768,256,1,1,0.420769
PHASE,131072,65536,256,1,1,0.160974
PHASE,262144,1,1,1,1,2.180546
PHASE,262144,2,2,1,1,2.006727
PHASE,262144,4,4,1,1,1.615221
PHASE,262144,8,8,1,1,0.833659
PHASE,262144,16,16,1,1,0.908367
PHASE,262144,32,32,1,1,0.826265
PHASE,262144,64,64,1,1,0.915336
PHASE,262144,128,128,1,1,0.824342
PHASE,262144,256,256,1,1,0.827668
PHASE,262144,512,256,1,1,0.886739
PHASE,262144,1024,256,1,1,0.839694
PHASE,262144,2048,256,1,1,0.881190
PHASE,262144,4096,256,1,1,0.840570
PHASE,262144,8192,256,1,1,0.843134
PHASE,262144,16384,256,1,1,0.851354
PHASE,262144,32768,256,1,1,0.844955
PHASE,262144,65536,256,1,1,0.853194
PHASE,262144,131072,256,1,1,0.313734
PHASE,131072,1,1,1,1,1.052187
PHASE,131072,2,2,1,1,0.997304
PHASE,131072,4,4,1,1,0.813938
PHASE,131072,8,8,1,1,0.410097
PHASE,131072,16,16,1,1,0.420935
PHASE,131072,32,32,1,1,0.413116
PHASE,131072,64,64,1,1,0.417183
PHASE,131072,128,128,1,1,0.411388
PHASE,131072,256,256,1,1,0.411014
PHASE,131072,512,256,1,1,0.426094
PHASE,131072,1024,256,1,1,0.415024
PHASE,131072,2048,256,1,1,0.417296
PHASE,131072,4096,256,1,1,0.420708
PHASE,131072,8192,256,1,1,0.415847
PHASE,131072,16384,256,1,1,0.427271
PHASE,131072,32768,256,1,1,0.418875
PHASE,131072,65536,256,1,1,0.154737
PHASE,131072,1,1,1,1,1.056810
PHASE,131072,2,2,1,1,0.997577
PHASE,131072,4,4,1,1,0.807834
PHASE,131072,8,8,1,1,0.451223
PHASE,131072,16,16,1,1,0.414889
PHASE,131072,32,32,1,1,0.407675
PHASE,131072,64,64,1,1,0.425193
PHASE,131072,128,128,1,1,0.407823
PHASE,131072,256,256,1,1,0.425984
PHASE,131072,512,256,1,1,0.417418
PHASE,131072,1024,256,1,1,0.415088
PHASE,131072,2048,256,1,1,0.427786
PHASE,131072,4096,256,1,1,0.419499
PHASE,131072,8192,256,1,1,0.426651
PHASE,131072,16384,256,1,1,0.417093
PHASE,131072,32768,256,1,1,0.422240
PHASE,131072,65536,256,1,1,0.161262
PHASE,1048576,1,1,1,1,8.372135
PHASE,1048576,2,2,1,1,7.995111
PHASE,1048576,4,4,1,1,6.495675
PHASE,1048576,8,8,1,1,6.541720
PHASE,1048576,16,16,1,1,6.080895
PHASE,1048576,32,32,1,1,3.244099
PHASE,1048576,64,64,1,1,3.420397
PHASE,1048576,128,128,1,1,3.429934
PHASE,1048576,256,256,1,1,3.435607
PHASE,1048576,512,256,1,1,3.593983
PHASE,1048576,1024,256,1,1,3.728046
PHASE,1048576,2048,256,1,1,4.003675
PHASE,1048576,4096,256,1,1,3.946145
PHASE,1048576,8192,256,1,1,3.738816
PHASE,1048576,16384,256,1,1,3.353223
PHASE,1048576,32768,256,1,1,3.357196
PHASE,1048576,65536,256,1,1,3.379563
PHASE,1048576,131072,256,1,1,3.369449
PHASE,1048576,262144,256,1,1,3.429212
PHASE,1048576,524288,256,1,1,1.273756
PHASE,524288,1,1,1,1,4.199590
PHASE,524288,2,2,1,1,4.010634
PHASE,524288,4,4,1,1,3.233824
PHASE,524288,8,8,1,1,3.267011
PHASE,524288,16,16,1,1,1.710661
PHASE,524288,32,32,1,1,1.676918
PHASE,524288,64,64,1,1,1.717092
PHASE,524288,128,128,1,1,1.703727
PHASE,524288,256,256,1,1,1.690058
PHASE,524288,512,256,1,1,1.801440
PHASE,524288,1024,256,1,1,1.854914
PHASE,524288,2048,256,1,1,1.999946
PHASE,524288,4096,256,1,1,2.016005
PHASE,524288,8192,256,1,1,1.827369
PHASE,524288,16384,256,1,1,1.730511
PHASE,524288,32768,256,1,1,1.692478
PHASE,524288,65536,256,1,1,1.696238
PHASE,524288,131072,256,1,1,1.704864
PHASE,524288,262144,256,1,1,0.604229
PHASE,262144,1,1,1,1,2.121450
PHASE,262144,2,2,1,1,2.001973
PHASE,262144,4,4,1,1,1.627383
PHASE,262144,8,8,1,1,0.833725
PHASE,262144,16,16,1,1,0.867898
PHASE,262144,32,32,1,1,0.851569
PHASE,262144,64,64,1,1,0.819347
PHASE,262144,128,128,1,1,0.837603
PHASE,262144,256,256,1,1,0.843737
PHASE,262144,512,256,1,1,0.931496
PHASE,262144,1024,256,1,1,0.894347
PHASE,262144,2048,256,1,1,1.012801
PHASE,262144,4096,256,1,1,0.862670
PHASE,262144,8192,256,1,1,0.842536
PHASE,262144,16384,256,1,1,0.856939
PHASE,262144,32768,256,1,1,0.842719
PHASE,262144,65536,256,1,1,0.856103
PHASE,262144,131072,256,1,1,0.323024
PHASE,131072,1,1,1,1,1.059882
PHASE,131072,2,2,1,1,1.009600
PHASE,131072,4,4,1,1,0.814035
PHASE,131072,8,8,1,1,0.479207
PHASE,131072,16,16,1,1,0.448179
PHASE,131072,32,32,1,1,0.407357
PHASE,131072,64,64,1,1,0.416396
PHASE,131072,128,128,1,1,0.411887
PHASE,131072,256,256,1,1,0.411910
PHASE,131072,512,256,1,1,0.422078
PHASE,131072,1024,256,1,1,0.414736
PHASE,131072,2048,256,1,1,0.418862
PHASE,131072,4096,256,1,1,0.419394
PHASE,131072,8192,256,1,1,0.421120
PHASE,131072,16384,256,1,1,0.421016
PHASE,131072,32768,256,1,1,0.420114
PHASE,131072,65536,256,1,1,0.159712
PHASE,131072,1,1,1,1,1.060062
PHASE,131072,2,2,1,1,0.998560
PHASE,131072,4,4,1,1,0.816439
PHASE,131072,8,8,1,1,0.444278
PHASE,131072,16,16,1,1,0.416888
PHASE,131072,32,32,1,1,0.410038
PHASE,131072,64,64,1,1,0.419610
PHASE,131072,128,128,1,1,0.406516
PHASE,131072,256,256,1,1,0.433421
PHASE,131072,512,256,1,1,0.412579
PHASE,131072,1024,256,1,1,0.417489
PHASE,131072,2048,256,1,1,0.427288
PHASE,131072,4096,256,1,1,0.423605
PHASE,131072,8192,256,1,1,0.424894
PHASE,131072,16384,256,1,1,0.418097
PHASE,131072,32768,256,1,1,0.428856
PHASE,131072,65536,256,1,1,0.156883
PHASE,262144,1,1,1,1,2.111612
PHASE,262144,2,2,1,1,2.017847
PHASE,262144,4,4,1,1,1.619696
PHASE,262144,8,8,1,1,0.861981
PHASE,262144,16,16,1,1,0.834753
PHASE,262144,32,32,1,1,0.847268
PHASE,262144,64,64,1,1,0.834222
PHASE,262144,128,128,1,1,0.822554
PHASE,262144,256,256,1,1,0.834204
PHASE,262144,512,256,1,1,0.897676
PHASE,262144,1024,256,1,1,0.861752
PHASE,262144,2048,256,1,1,0.880167
PHASE,262144,4096,256,1,1,0.844767
PHASE,262144,8192,256,1,1,0.839684
PHASE,262144,16384,256,1,1,0.857473
PHASE,262144,32768,256,1,1,0.846533
PHASE,262144,65536,256,1,1,0.856408
PHASE,262144,131072,256,1,1,0.313845
PHASE,131072,1,1,1,1,1.058858
PHASE,131072,2,2,1,1,0.991960
PHASE,131072,4,4,1,1,0.808916
PHASE,131072,8,8,1,1,0.418044
PHASE,131072,16,16,1,1,0.401584
PHASE,131072,32,32,1,1,0.405985
PHASE,131072,64,64,1,1,0.423444
PHASE,131072,128,128,1,1,0.408226
PHASE,131072,256,256,1,1,0.419151
PHASE,131072,512,256,1,1,0.420010
PHASE,131072,1024,256,1,1,0.419978
PHASE,131072,2048,256,1,1,0.425499
PHASE,131072,4096,256,1,1,0.423775
PHASE,131072,8192,256,1,1,0.422066
PHASE,131072,16384,256,1,1,0.424730
PHASE,131072,32768,256,1,1,0.424276
PHASE,131072,65536,256,1,1,0.158473
PHASE,131072,1,1,1,1,1.058806
PHASE,131072,2,2,1,1,0.993477
PHASE,131072,4,4,1,1,0.801996
PHASE,131072,8,8,1,1,0.447941
PHASE,131072,16,16,1,1,0.410871
PHASE,131072,32,32,1,1,0.412213
PHASE,131072,64,64,1,1,0.416963
PHASE,131072,128,128,1,1,0.408376
PHASE,131072,256,256,1,1,0.419135
PHASE,131072,512,256,1,1,0.410590
PHASE,131072,1024,256,1,1,0.418379
PHASE,131072,2048,256,1,1,0.418074
PHASE,131072,4096,256,1,1,0.423427
PHASE,131072,8192,256,1,1,0.429779
PHASE,131072,16384,256,1,1,0.415309
PHASE,131072,32768,256,1,1,0.427280
PHASE,131072,65536,256,1,1,0.158076
PHASE,524288,1,1,1,1,4.219970
PHASE,524288,2,2,1,1,4.081585
PHASE,524288,4,4,1,1,3.237929
PHASE,524288,8,8,1,1,3.277018
PHASE,524288,16,16,1,1,1.682211
PHASE,524288,32,32,1,1,1.667363
PHASE,524288,64,64,1,1,1.724778
PHASE,524288,128,128,1,1,1.680136
PHASE,524288,256,256,1,1,1.719870
PHASE,524288,512,256,1,1,1.786638
PHASE,524288,1024,256,1,1,1.799297
PHASE,524288,2048,256,1,1,2.008529
PHASE,524288,4096,256,1,1,1.949857
PHASE,524288,8192,256,1,1,1.694925
PHASE,524288,16384,256,1,1,1.678429
PHASE,524288,32768,256,1,1,1.674783
PHASE,524288,65536,256,1,1,1.691777
PHASE,524288,131072,256,1,1,1.705565
PHASE,524288,262144,256,1,1,0.622429
PHASE,262144,1,1,1,1,2.115276
PHASE,262144,2,2,1,1,2.002339
PHASE,262144,4,4,1,1,1.621652
PHASE,262144,8,8,1,1,0.833818
PHASE,262144,16,16,1,1,0.830503
PHASE,262144,32,32,1,1,0.834490
PHASE,262144,64,64,1,1,0.954211
PHASE,262144,128,128,1,1,0.829999
PHASE,262144,256,256,1,1,0.850588
PHASE,262144,512,256,1,1,0.934948
PHASE,262144,1024,256,1,1,0.895170
PHASE,262144,2048,256,1,1,1.013205
PHASE,262144,4096,256,1,1,0.846972
PHASE,262144,8192,256,1,1,0.836209
PHASE,262144,16384,256,1,1,0.862915
PHASE,262144,32768,256,1,1,0.842899
PHASE,262144,65536,256,1,1,0.854203
PHASE,262144,131072,256,1,1,0.315590
PHASE,131072,1,1,1,1,1.053753
PHASE,131072,2,2,1,1,1.011205
PHASE,131072,4,4,1,1,0.810258
PHASE,131072,8,8,1,1,0.420676
PHASE,131072,16,16,1,1,0.413069
PHASE,131072,32,32,1,1,0.410222
PHASE,131072,64,64,1,1,0.414502
PHASE,131072,128,128,1,1,0.412744
PHASE,131072,256,256,1,1,0.414153
PHASE,131072,512,256,1,1,0.412790
PHASE,131072,1024,256,1,1,0.415961
PHASE,131072,2048,256,1,1,0.418985
PHASE,131072,4096,256,1,1,0.421803
PHASE,131072,8192,256,1,1,0.420670
PHASE,131072,16384,256,1,1,0.416366
PHASE,131072,32768,256,1,1,0.430732
PHASE,131072,65536,256,1,1,0.155575
PHASE,131072,1,1,1,1,1.056423
PHASE,131072,2,2,1,1,0.996054
PHASE,131072,4,4,1,1,0.814243
PHASE,131072,8,8,1,1,0.419063
PHASE,131072,16,16,1,1,0.415303
PHASE,131072,32,32,1,1,0.410825
PHASE,131072,64,64,1,1,0.412630
PHASE,131072,128,128,1,1,0.419300
PHASE,131072,256,256,1,1,0.412344
PHASE,131072,512,256,1,1,0.415285
PHASE,131072,1024,256,1,1,0.419074
PHASE,131072,2048,256,1,1,0.423053
PHASE,131072,4096,256,1,1,0.439843
PHASE,131072,8192,256,1,1,0.423729
PHASE,131072,16384,256,1,1,0.421637
PHASE,131072,32768,256,1,1,0.436087
PHASE,131072,65536,256,1,1,0.156808
PHASE,262144,1,1,1,1,2.112503
PHASE,262144,2,2,1,1,2.004649
PHASE,262144,4,4,1,1,1.608933
PHASE,262144,8,8,1,1,0.861986
PHASE,262144,16,16,1,1,0.933314
PHASE,262144,32,32,1,1,0.855865
PHASE,262144,64,64,1,1,0.968111
PHASE,262144,128,128,1,1,0.823535
PHASE,262144,256,256,1,1,0.827905
PHASE,262144,512,256,1,1,0.862710
PHASE,262144,1024,256,1,1,0.839480
PHASE,262144,2048,256,1,1,0.881139
PHASE,262144,4096,256,1,1,0.846789
PHASE,262144,8192,256,1,1,0.844474
PHASE,262144,16384,256,1,1,0.844168
PHASE,262144,32768,256,1,1,0.842289
PHASE,262144,65536,256,1,1,0.853220
PHASE,262144,131072,256,1,1,0.321447
PHASE,131072,1,1,1,1,1.069593
PHASE,131072,2,2,1,1,0.997187
PHASE,131072,4,4,1,1,0.806862
PHASE,131072,8,8,1,1,0.443485
PHASE,131072,16,16,1,1,0.420394
PHASE,131072,32,32,1,1,0.409763
PHASE,131072,64,64,1,1,0.411511
PHASE,131072,128,128,1,1,0.416347
PHASE,131072,256,256,1,1,0.413850
PHASE,131072,512,256,1,1,0.419460
PHASE,131072,1024,256,1,1,0.418604
PHASE,131072,2048,256,1,1,0.414972
PHASE,131072,4096,256,1,1,0.424266
PHASE,131072,8192,256,1,1,0.415134
PHASE,131072,16384,256,1,1,0.420202
PHASE,131072,32768,256,1,1,0.422679
PHASE,131072,65536,256,1,1,0.159768
PHASE,131072,1,1,1,1,1.062105
PHASE,131072,2,2,1,1,1.000840
PHASE,131072,4,4,1,1,0.846043
PHASE,131072,8,8,1,1,0.424007
PHASE,131072,16,16,1,1,0.452753
PHASE,131072,32,32,1,1,0.404975
PHASE,131072,64,64,1,1,0.422873
PHASE,131072,128,128,1,1,0.412569
PHASE,131072,256,256,1,1,0.416382
PHASE,131072,512,256,1,1,0.415881
PHASE,131072,1024,256,1,1,0.413345
PHASE,131072,2048,256,1,1,0.423566
PHASE,131072,4096,256,1,1,0.417960
PHASE,131072,8192,256,1,1,0.420296
PHASE,131072,16384,256,1,1,0.418573
PHASE,131072,32768,256,1,1,0.420828
PHASE,131072,65536,256,1,1,0.161711
PHASE,1048576,1,1,1,1,8.406955
PHASE,1048576,2,2,1,1,7.968808
PHASE,1048576,4,4,1,1,6.482795
PHASE,1048576,8,8,1,1,6.513170
PHASE,1048576,16,16,1,1,6.442602
PHASE,1048576,32,32,1,1,3.323515
PHASE,1048576,64,64,1,1,3.412541
PHASE,1048576,128,128,1,1,3.383678
PHASE,1048576,256,256,1,1,3.474624
PHASE,1048576,512,256,1,1,3.561126
PHASE,1048576,1024,256,1,1,3.872691
PHASE,1048576,2048,256,1,1,4.027566
PHASE,1048576,4096,256,1,1,3.995161
PHASE,1048576,8192,256,1,1,3.761681
PHASE,1048576,16384,256,1,1,3.368472
PHASE,1048576,32768,256,1,1,3.356413
PHASE,1048576,65536,256,1,1,3.385966
PHASE,1048576,131072,256,1,1,3.376423
PHASE,1048576,262144,256,1,1,3.428061
PHASE,1048576,524288,256,1,1,1.267577
PHASE,524288,1,1,1,1,4.229801
PHASE,524288,2,2,1,1,4.020708
PHASE,524288,4,4,1,1,3.240075
PHASE,524288,8,8,1,1,3.166981
PHASE,524288,16,16,1,1,1.708790
PHASE,524288,32,32,1,1,1.658088
PHASE,524288,64,64,1,1,1.693780
PHASE,524288,128,128,1,1,1.691955
PHASE,524288,256,256,1,1,1.694232
PHASE,524288,512,256,1,1,1.863298
PHASE,524288,1024,256,1,1,1.852734
PHASE,524288,2048,256,1,1,2.004927
PHASE,524288,4096,256,1,1,2.016837
PHASE,524288,8192,256,1,1,1.764080
PHASE,524288,16384,256,1,1,1.725804
PHASE,524288,32768,256,1,1,1.694030
PHASE,524288,65536,256,1,1,1.704670
PHASE,524288,131072,256,1,1,1.704329
PHASE,524288,262144,256,1,1,0.617821
PHASE,262144,1,1,1,1,2.086815
PHASE,262144,2,2,1,1,2.015844
PHASE,262144,4,4,1,1,1.614884
PHASE,262144,8,8,1,1,0.856975
PHASE,262144,16,16,1,1,0.834079
PHASE,262144,32,32,1,1,0.827088
PHASE,262144,64,64,1,1,0.834751
PHASE,262144,128,128,1,1,0.829469
PHASE,262144,256,256,1,1,0.842420
PHASE,262144,512,256,1,1,0.906068
PHASE,262144,1024,256,1,1,0.896312
PHASE,262144,2048,256,1,1,1.013244
PHASE,262144,4096,256,1,1,0.850962
PHASE,262144,8192,256,1,1,0.844429
PHASE,262144,16384,256,1,1,0.849080
PHASE,262144,32768,256,1,1,0.851034
PHASE,262144,65536,256,1,1,0.850387
PHASE,262144,131072,256,1,1,0.315730
PHASE,131072,1,1,1,1,1.057709
PHASE,131072,2,2,1,1,0.995366
PHASE,131072,4,4,1,1,0.805524
PHASE,131072,8,8,1,1,0.436167
PHASE,131072,16,16,1,1,0.413637
PHASE,131072,32,32,1,1,0.425952
PHASE,131072,64,64,1,1,0.414855
PHASE,131072,128,128,1,1,0.412643
PHASE,131072,256,256,1,1,0.417062
PHASE,131072,512,256,1,1,0.420281
PHASE,131072,1024,256,1,1,0.419397
PHASE,131072,2048,256,1,1,0.414859
PHASE,131072,4096,256,1,1,0.424869
PHASE,131072,8192,256,1,1,0.415672
PHASE,131072,16384,256,1,1,0.421037
PHASE,131072,32768,256,1,1,0.421437
PHASE,131072,65536,256,1,1,0.157275
PHASE,131072,1,1,1,1,1.051317
PHASE,131072,2,2,1,1,1.001847
PHASE,131072,4,4,1,1,0.809502
PHASE,131072,8,8,1,1,0.511227
PHASE,131072,16,16,1,1,0.418962
PHASE,131072,32,32,1,1,0.407816
PHASE,131072,64,64,1,1,0.418108
PHASE,131072,128,128,1,1,0.410444
PHASE,131072,256,256,1,1,0.415539
PHASE,131072,512,256,1,1,0.416869
PHASE,131072,1024,256,1,1,0.412447
PHASE,131072,2048,256,1,1,0.423939
PHASE,131072,4096,256,1,1,0.418505
PHASE,131072,8192,256,1,1,0.418669
PHASE,131072,16384,256,1,1,0.419376
PHASE,131072,32768,256,1,1,0.427364
PHASE,131072,65536,256,1,1,0.155388
PHASE,262144,1,1,1,1,2.094235
PHASE,262144,2,2,1,1,1.999606
PHASE,262144,4,4,1,1,1.614902
PHASE,262144,8,8,1,1,0.848680
PHASE,262144,16,16,1,1,0.827771
PHASE,262144,32,32,1,1,0.826097
PHASE,262144,64,64,1,1,0.948139
PHASE,262144,128,128,1,1,0.823368
PHASE,262144,256,256,1,1,0.830949
PHASE,262144,512,256,1,1,0.956248
PHASE,262144,1024,256,1,1,0.841075
PHASE,262144,2048,256,1,1,0.879557
PHASE,262144,4096,256,1,1,0.842057
PHASE,262144,8192,256,1,1,0.854131
PHASE,262144,16384,256,1,1,0.842397
PHASE,262144,32768,256,1,1,0.848731
PHASE,262144,65536,256,1,1,0.851814
PHASE,262144,131072,256,1,1,0.316262
PHASE,131072,1,1,1,1,1.051199
PHASE,131072,2,2,1,1,0.997117
PHASE,131072,4,4,1,1,0.811744
PHASE,131072,8,8,1,1,0.432862
PHASE,131072,16,16,1,1,0.416402
PHASE,131072,32,32,1,1,0.411233
PHASE,131072,64,64,1,1,0.417179
PHASE,131072,128,128,1,1,0.411347
PHASE,131072,256,256,1,1,0.414144
PHASE,131072,512,256,1,1,0.430264
PHASE,131072,1024,256,1,1,0.415534
PHASE,131072,2048,256,1,1,0.419334
PHASE,131072,4096,256,1,1,0.425441
PHASE,131072,8192,256,1,1,0.423845
PHASE,131072,16384,256,1,1,0.424951
PHASE,131072,32768,256,1,1,0.418213
PHASE,131072,65536,256,1,1,0.159167
PHASE,131072,1,1,1,1,1.058504
PHASE,131072,2,2,1,1,0.993007
PHASE,131072,4,4,1,1,0.808888
PHASE,131072,8,8,1,1,0.423828
PHASE,131072,16,16,1,1,0.415618
PHASE,131072,32,32,1,1,0.407428
PHASE,131072,64,64,1,1,0.419468
PHASE,131072,128,128,1,1,0.407292
PHASE,131072,256,256,1,1,0.415447
PHASE,131072,512,256,1,1,0.413328
PHASE,131072,1024,256,1,1,0.420260
PHASE,131072,2048,256,1,1,0.430988
PHASE,131072,4096,256,1,1,0.420888
PHASE,131072,8192,256,1,1,0.426010
PHASE,131072,16384,256,1,1,0.416010
PHASE,131072,32768,256,1,1,0.423948
PHASE,131072,65536,256,1,1,0.161695
PHASE,524288,1,1,1,1,4.197739
PHASE,524288,2,2,1,1,4.017313
PHASE,524288,4,4,1,1,3.245109
PHASE,524288,8,8,1,1,3.263700
PHASE,524288,16,16,1,1,1.677722
PHASE,524288,32,32,1,1,1.657265
PHASE,524288,64,64,1,1,1.719159
PHASE,524288,128,128,1,1,1.674366
PHASE,524288,256,256,1,1,1.701889
PHASE,524288,512,256,1,1,1.764725
PHASE,524288,1024,256,1,1,1.907933
PHASE,524288,2048,256,1,1,1.999508
PHASE,524288,4096,256,1,1,1.945632
PHASE,524288,8192,256,1,1,1.690215
PHASE,524288,16384,256,1,1,1.677943
PHASE,524288,32768,256,1,1,1.692476
PHASE,524288,65536,256,1,1,1.703097
PHASE,524288,131072,256,1,1,1.692533
PHASE,524288,262144,256,1,1,0.628507
PHASE,262144,1,1,1,1,2.092078
PHASE,262144,2,2,1,1,2.008484
PHASE,262144,4,4,1,1,1.618713
PHASE,262144,8,8,1,1,0.847841
PHASE,262144,16,16,1,1,0.841464
PHASE,262144,32,32,1,1,0.835212
PHASE,262144,64,64,1,1,0.865649
PHASE,262144,128,128,1,1,0.838691
PHASE,262144,256,256,1,1,0.848057
PHASE,262144,512,256,1,1,0.963147
PHASE,262144,1024,256,1,1,0.887033
PHASE,262144,2048,256,1,1,1.012552
PHASE,262144,4096,256,1,1,0.847773
PHASE,262144,8192,256,1,1,0.836574
PHASE,262144,16384,256,1,1,0.859874
PHASE,262144,32768,256,1,1,0.852342
PHASE,262144,65536,256,1,1,0.859116
PHASE,262144,131072,256,1,1,0.310072
PHASE,131072,1,1,1,1,1.047979
PHASE,131072,2,2,1,1,0.995407
PHASE,131072,4,4,1,1,0.812163
PHASE,131072,8,8,1,1,0.439607
PHASE,131072,16,16,1,1,0.415349
PHASE,131072,32,32,1,1,0.409245
PHASE,131072,64,64,1,1,0.422572
PHASE,131072,128,128,1,1,0.407715
PHASE,131072,256,256,1,1,0.416965
PHASE,131072,512,256,1,1,0.417872
PHASE,131072,1024,256,1,1,0.413167
PHASE,131072,2048,256,1,1,0.421594
PHASE,131072,4096,256,1,1,0.417311
PHASE,131072,8192,256,1,1,0.419118
PHASE,131072,16384,256,1,1,0.422810
PHASE,131072,32768,256,1,1,0.423162
PHASE,131072,65536,256,1,1,0.154998
PHASE,131072,1,1,1,1,1.048833
PHASE,131072,2,2,1,1,0.994884
PHASE,131072,4,4,1,1,0.807091
PHASE,131072,8,8,1,1,0.448496
PHASE,131072,16,16,1,1,0.410389
PHASE,131072,32,32,1,1,0.410788
PHASE,131072,64,64,1,1,0.415675
PHASE,131072,128,128,1,1,0.406280
PHASE,131072,256,256,1,1,0.423365
PHASE,131072,512,256,1,1,0.410537
PHASE,131072,1024,256,1,1,0.416823
PHASE,131072,2048,256,1,1,0.417928
PHASE,131072,4096,256,1,1,0.423620
PHASE,131072,8192,256,1,1,0.432507
PHASE,131072,16384,256,1,1,0.415478
PHASE,131072,32768,256,1,1,0.427010
PHASE,131072,65536,256,1,1,0.155872
PHASE,262144,1,1,1,1,2.094725
PHASE,262144,2,2,1,1,2.017980
PHASE,262144,4,4,1,1,1.649399
PHASE,262144,8,8,1,1,0.879367
PHASE,262144,16,16,1,1,0.837596
PHASE,262144,32,32,1,1,0.932787
PHASE,262144,64,64,1,1,0.833378
PHASE,262144,128,128,1,1,0.911331
PHASE,262144,256,256,1,1,0.827736
PHASE,262144,512,256,1,1,0.935827
PHASE,262144,1024,256,1,1,0.845678
PHASE,262144,2048,256,1,1,0.877294
PHASE,262144,4096,256,1,1,0.845630
PHASE,262144,8192,256,1,1,0.843592
PHASE,262144,16384,256,1,1,0.848143
PHASE,262144,32768,256,1,1,0.842129
PHASE,262144,65536,256,1,1,0.851234
PHASE,262144,131072,256,1,1,0.331658
PHASE,131072,1,1,1,1,1.057245
PHASE,131072,2,2,1,1,0.997100
PHASE,131072,4,4,1,1,0.806081
PHASE,131072,8,8,1,1,0.445325
PHASE,131072,16,16,1,1,0.411791
PHASE,131072,32,32,1,1,0.411836
PHASE,131072,64,64,1,1,0.415247
PHASE,131072,128,128,1,1,0.408365
PHASE,131072,256,256,1,1,0.420398
PHASE,131072,512,256,1,1,0.413633
PHASE,131072,1024,256,1,1,0.420587
PHASE,131072,2048,256,1,1,0.418009
PHASE,131072,4096,256,1,1,0.421881
PHASE,131072,8192,256,1,1,0.419298
PHASE,131072,16384,256,1,1,0.417898
PHASE,131072,32768,256,1,1,0.429145
PHASE,131072,65536,256,1,1,0.153759
PHASE,131072,1,1,1,1,1.062079
PHASE,131072,2,2,1,1,1.000358
PHASE,131072,4,4,1,1,0.806161
PHASE,131072,8,8,1,1,0.440355
PHASE,131072,16,16,1,1,0.412702
PHASE,131072,32,32,1,1,0.414222
PHASE,131072,64,64,1,1,0.410422
PHASE,131072,128,128,1,1,0.410439
PHASE,131072,256,256,1,1,0.416834
PHASE,131072,512,256,1,1,0.416647
PHASE,131072,1024,256,1,1,0.418514
PHASE,131072,2048,256,1,1,0.418499
PHASE,131072,4096,256,1,1,0.429280
PHASE,131072,8192,256,1,1,0.417303
PHASE,131072,16384,256,1,1,0.421974
PHASE,131072,32768,256,1,1,0.425867
PHASE,131072,65536,256,1,1,0.158109
PHASE,1048576,1,1,1,1,8.350842
PHASE,1048576,2,2,1,1,7.993798
PHASE,1048576,4,4,1,1,6.380689
PHASE,1048576,8,8,1,1,6.548131
PHASE,1048576,16,16,1,1,6.053919
PHASE,1048576,32,32,1,1,3.223671
PHASE,1048576,64,64,1,1,3.411348
PHASE,1048576,128,128,1,1,3.453855
PHASE,1048576,256,256,1,1,3.382035
PHASE,1048576,512,256,1,1,3.611142
PHASE,1048576,1024,256,1,1,3.755074
PHASE,1048576,2048,256,1,1,4.011431
PHASE,1048576,4096,256,1,1,3.945129
PHASE,1048576,8192,256,1,1,3.716602
PHASE,1048576,16384,256,1,1,3.357103
PHASE,1048576,32768,256,1,1,3.350013
PHASE,1048576,65536,256,1,1,3.374565
PHASE,1048576,131072,256,1,1,3.403161
PHASE,1048576,262144,256,1,1,3.413702
PHASE,1048576,524288,256,1,1,1.270801
PHASE,524288,1,1,1,1,4.217505
PHASE,524288,2,2,1,1,4.006394
PHASE,524288,4,4,1,1,3.221395
PHASE,524288,8,8,1,1,3.141200
PHASE,524288,16,16,1,1,1.708590
PHASE,524288,32,32,1,1,1.679314
PHASE,524288,64,64,1,1,1.705066
PHASE,524288,128,128,1,1,1.699770
PHASE,524288,256,256,1,1,1.686772
PHASE,524288,512,256,1,1,1.808812
PHASE,524288,1024,256,1,1,1.887500
PHASE,524288,2048,256,1,1,2.002022
PHASE,524288,4096,256,1,1,2.014094
PHASE,524288,8192,256,1,1,1.765384
PHASE,524288,16384,256,1,1,1.725567
PHASE,524288,32768,256,1,1,1.688716
PHASE,524288,65536,256,1,1,1.690382
PHASE,524288,131072,256,1,1,1.711309
PHASE,524288,262144,256,1,1,0.609450
PHASE,262144,1,1,1,1,2.108588
PHASE,262144,2,2,1,1,1.999078
PHASE,262144,4,4,1,1,1.606330
PHASE,262144,8,8,1,1,0.831278
PHASE,262144,16,16,1,1,0.919931
PHASE,262144,32,32,1,1,0.859124
PHASE,262144,64,64,1,1,0.845879
PHASE,262144,128,128,1,1,0.989036
PHASE,262144,256,256,1,1,0.841789
PHASE,262144,512,256,1,1,0.871301
PHASE,262144,1024,256,1,1,0.888593
PHASE,262144,2048,256,1,1,1.011568
PHASE,262144,4096,256,1,1,0.844278
PHASE,262144,8192,256,1,1,0.842129
PHASE,262144,16384,256,1,1,0.854095
PHASE,262144,32768,256,1,1,0.851005
PHASE,262144,65536,256,1,1,0.856989
PHASE,262144,131072,256,1,1,0.312381
PHASE,131072,1,1,1,1,1.060768
PHASE,131072,2,2,1,1,0.998899
PHASE,131072,4,4,1,1,0.808787
PHASE,131072,8,8,1,1,0.442316
PHASE,131072,16,16,1,1,0.414609
PHASE,131072,32,32,1,1,0.406784
PHASE,131072,64,64,1,1,0.425015
PHASE,131072,128,128,1,1,0.407696
PHASE,131072,256,256,1,1,0.421895
PHASE,131072,512,256,1,1,0.421652
PHASE,131072,1024,256,1,1,0.414757
PHASE,131072,2048,256,1,1,0.422263
PHASE,131072,4096,256,1,1,0.419438
PHASE,131072,8192,256,1,1,0.419276
PHASE,131072,16384,256,1,1,0.421220
PHASE,131072,32768,256,1,1,0.427168
PHASE,131072,65536,256,1,1,0.155279
PHASE,131072,1,1,1,1,1.050993
PHASE,131072,2,2,1,1,0.991778
PHASE,131072,4,4,1,1,0.811679
PHASE,131072,8,8,1,1,0.438506
PHASE,131072,16,16,1,1,0.411001
PHASE,131072,32,32,1,1,0.410198
PHASE,131072,64,64,1,1,0.418084
PHASE,131072,128,128,1,1,0.414333
PHASE,131072,256,256,1,1,0.417560
PHASE,131072,512,256,1,1,0.413550
PHASE,131072,1024,256,1,1,0.423484
PHASE,131072,2048,256,1,1,0.419973
PHASE,131072,4096,256,1,1,0.423842
PHASE,131072,8192,256,1,1,0.421588
PHASE,131072,16384,256,1,1,0.419078
PHASE,131072,32768,256,1,1,0.423889
PHASE,131072,65536,256,1,1,0.157100
PHASE,262144,1,1,1,1,2.113472
PHASE,262144,2,2,1,1,2.005035
PHASE,262144,4,4,1,1,1.616354
PHASE,262144,8,8,1,1,0.841228
PHASE,262144,16,16,1,1,0.903800
PHASE,262144,32,32,1,1,0.823532
PHASE,262144,64,64,1,1,0.861833
PHASE,262144,128,128,1,1,0.820957
PHASE,262144,256,256,1,1,0.878544
PHASE,262144,512,256,1,1,0.873643
PHASE,262144,1024,256,1,1,0.858994
PHASE,262144,2048,256,1,1,0.890728
PHASE,262144,4096,256,1,1,0.849471
PHASE,262144,8192,256,1,1,0.843137
PHASE,262144,16384,256,1,1,0.845945
PHASE,262144,32768,256,1,1,0.839538
PHASE,262144,65536,256,1,1,0.853116
PHASE,262144,131072,256,1,1,0.323994
PHASE,131072,1,1,1,1,1.061165
PHASE,131072,2,2,1,1,0.991584
PHASE,131072,4,4,1,1,0.807699
PHASE,131072,8,8,1,1,0.415652
PHASE,131072,16,16,1,1,0.414619
PHASE,131072,32,32,1,1,0.413609
PHASE,131072,64,64,1,1,0.417684
PHASE,131072,128,128,1,1,0.407814
PHASE,131072,256,256,1,1,0.416145
PHASE,131072,512,256,1,1,0.419150
PHASE,131072,1024,256,1,1,0.424448
PHASE,131072,2048,256,1,1,0.421507
PHASE,131072,4096,256,1,1,0.418181
PHASE,131072,8192,256,1,1,0.424474
PHASE,131072,16384,256,1,1,0.416419
PHASE,131072,32768,256,1,1,0.425192
PHASE,131072,65536,256,1,1,0.157761
PHASE,131072,1,1,1,1,1.056444
PHASE,131072,2,2,1,1,0.994538
PHASE,131072,4,4,1,1,0.809451
PHASE,131072,8,8,1,1,0.445095
PHASE,131072,16,16,1,1,0.411160
PHASE,131072,32,32,1,1,0.414319
PHASE,131072,64,64,1,1,0.413069
PHASE,131072,128,128,1,1,0.409940
PHASE,131072,256,256,1,1,0.415146
PHASE,131072,512,256,1,1,0.413232
PHASE,131072,1024,256,1,1,0.421778
PHASE,131072,2048,256,1,1,0.415669
PHASE,131072,4096,256,1,1,0.425289
PHASE,131072,8192,256,1,1,0.420992
PHASE,131072,16384,256,1,1,0.420483
PHASE,131072,32768,256,1,1,0.423666
PHASE,131072,65536,256,1,1,0.155783
PHASE,524288,1,1,1,1,4.224383
PHASE,524288,2,2,1,1,4.036551
PHASE,524288,4,4,1,1,3.239106
PHASE,524288,8,8,1,1,3.278837
PHASE,524288,16,16,1,1,1.694087
PHASE,524288,32,32,1,1,1.671495
PHASE,524288,64,64,1,1,1.723707
PHASE,524288,128,128,1,1,1.668378
PHASE,524288,256,256,1,1,1.693267
PHASE,524288,512,256,1,1,1.897960
PHASE,524288,1024,256,1,1,1.786355
PHASE,524288,2048,256,1,1,2.001752
PHASE,524288,4096,256,1,1,1.949025
PHASE,524288,8192,256,1,1,1.693663
PHASE,524288,16384,256,1,1,1.687446
PHASE,524288,32768,256,1,1,1.694259
PHASE,524288,65536,256,1,1,1.682556
PHASE,524288,131072,256,1,1,1.709320
PHASE,524288,262144,256,1,1,0.628434
PHASE,262144,1,1,1,1,2.108801
PHASE,262144,2,2,1,1,1.996386
PHASE,262144,4,4,1,1,1.608813
PHASE,262144,8,8,1,1,0.830230
PHASE,262144,16,16,1,1,0.835410
PHASE,262144,32,32,1,1,0.825540
PHASE,262144,64,64,1,1,0.879190
PHASE,262144,128,128,1,1,0.855471
PHASE,262144,256,256,1,1,0.846697
PHASE,262144,512,256,1,1,0.895694
PHASE,262144,1024,256,1,1,0.888589
PHASE,262144,2048,256,1,1,1.011938
PHASE,262144,4096,256,1,1,0.862076
PHASE,262144,8192,256,1,1,0.842087
PHASE,262144,16384,256,1,1,0.851524
PHASE,262144,32768,256,1,1,0.854795
PHASE,262144,65536,256,1,1,0.854686
PHASE,262144,131072,256,1,1,0.318189
PHASE,131072,1,1,1,1,1.057522
PHASE,131072,2,2,1,1,0.997571
PHASE,131072,4,4,1,1,0.809113
PHASE,131072,8,8,1,1,0.416736
PHASE,131072,16,16,1,1,0.410790
PHASE,131072,32,32,1,1,0.411735
PHASE,131072,64,64,1,1,0.417389
PHASE,131072,128,128,1,1,0.416423
PHASE,131072,256,256,1,1,0.416099
PHASE,131072,512,256,1,1,0.415525
PHASE,131072,1024,256,1,1,0.421921
PHASE,131072,2048,256,1,1,0.415483
PHASE,131072,4096,256,1,1,0.428363
PHASE,131072,8192,256,1,1,0.421895
PHASE,131072,16384,256,1,1,0.421708
PHASE,131072,32768,256,1,1,0.424229
PHASE,131072,65536,256,1,1,0.154228
PHASE,131072,1,1,1,1,1.067299
PHASE,131072,2,2,1,1,0.998325
PHASE,131072,4,4,1,1,0.805826
PHASE,131072,8,8,1,1,0.429612
PHASE,131072,16,16,1,1,0.416226
PHASE,131072,32,32,1,1,0.411311
PHASE,131072,64,64,1,1,0.411209
PHASE,131072,128,128,1,1,0.414344
PHASE,131072,256,256,1,1,0.413272
PHASE,131072,512,256,1,1,0.425609
PHASE,131072,1024,256,1,1,0.418083
PHASE,131072,2048,256,1,1,0.417813
PHASE,131072,4096,256,1,1,0.420523
PHASE,131072,8192,256,1,1,0.416842
PHASE,131072,16384,256,1,1,0.424082
PHASE,131072,32768,256,1,1,0.421073
PHASE,131072,65536,256,1,1,0.157069
PHASE,262144,1,1,1,1,2.122683
PHASE,262144,2,2,1,1,2.003633
PHASE,262144,4,4,1,1,1.607506
PHASE,262144,8,8,1,1,0.838107
PHASE,262144,16,16,1,1,0.834177
PHASE,262144,32,32,1,1,0.828368
PHASE,262144,64,64,1,1,0.949171
PHASE,262144,128,128,1,1,0.819365
PHASE,262144,256,256,1,1,0.828534
PHASE,262144,512,256,1,1,0.858815
PHASE,262144,1024,256,1,1,0.844959
PHASE,262144,2048,256,1,1,0.874869
PHASE,262144,4096,256,1,1,0.851507
PHASE,262144,8192,256,1,1,0.841541
PHASE,262144,16384,256,1,1,0.841406
PHASE,262144,32768,256,1,1,0.859343
PHASE,262144,65536,256,1,1,0.849142
PHASE,262144,131072,256,1,1,0.319156
PHASE,131072,1,1,1,1,1.058282
PHASE,131072,2,2,1,1,0.991932
PHASE,131072,4,4,1,1,0.809630
PHASE,131072,8,8,1,1,0.540656
PHASE,131072,16,16,1,1,0.414981
PHASE,131072,32,32,1,1,0.411428
PHASE,131072,64,64,1,1,0.412657
PHASE,131072,128,128,1,1,0.414687
PHASE,131072,256,256,1,1,0.418564
PHASE,131072,512,256,1,1,0.420462
PHASE,131072,1024,256,1,1,0.419006
PHASE,131072,2048,256,1,1,0.414318
PHASE,131072,4096,256,1,1,0.446579
PHASE,131072,8192,256,1,1,0.428419
PHASE,131072,16384,256,1,1,0.435072
PHASE,131072,32768,256,1,1,0.425907
PHASE,131072,65536,256,1,1,0.154647
PHASE,131072,1,1,1,1,1.057180
PHASE,131072,2,2,1,1,1.000505
PHASE,131072,4,4,1,1,0.808286
PHASE,131072,8,8,1,1,0.413032
PHASE,131072,16,16,1,1,0.415460
PHASE,131072,32,32,1,1,0.407798
PHASE,131072,64,64,1,1,0.414619
PHASE,131072,128,128,1,1,0.411092
PHASE,131072,256,256,1,1,0.411491
PHASE,131072,512,256,1,1,0.418914
PHASE,131072,1024,256,1,1,0.415209
PHASE,131072,2048,256,1,1,0.418814
PHASE,131072,4096,256,1,1,0.421653
PHASE,131072,8192,256,1,1,0.425054
PHASE,131072,16384,256,1,1,0.420073
PHASE,131072,32768,256,1,1,0.429618
PHASE,131072,65536,256,1,1,0.160274
