PHASE,1048576,1,1,1,1,8.608313
PHASE,1048576,2,2,1,1,7.932622
PHASE,1048576,4,4,1,1,6.416638
PHASE,1048576,8,8,1,1,6.303405
PHASE,1048576,16,16,1,1,5.942941
PHASE,1048576,32,32,1,1,3.082275
PHASE,1048576,64,64,1,1,3.256582
PHASE,1048576,128,128,1,1,3.154225
PHASE,1048576,256,256,1,1,3.219425
PHASE,1048576,512,256,1,1,3.280398
PHASE,1048576,1024,256,1,1,3.295949
PHASE,1048576,2048,256,1,1,3.359533
PHASE,1048576,4096,256,1,1,3.270095
PHASE,1048576,8192,256,1,1,0.863618
PHASE,1048576,16384,256,1,1,0.887080
PHASE,1048576,32768,256,1,1,0.798395
PHASE,1048576,65536,256,1,1,0.800040
PHASE,1048576,131072,256,1,1,0.796592
PHASE,1048576,262144,256,1,1,0.815578
PHASE,1048576,524288,256,1,1,0.377101
PHASE,524288,1,1,1,1,4.296629
PHASE,524288,2,2,1,1,3.987338
PHASE,524288,4,4,1,1,3.032658
PHASE,524288,8,8,1,1,3.135637
PHASE,524288,16,16,1,1,1.653257
PHASE,524288,32,32,1,1,1.635527
PHASE,524288,64,64,1,1,1.633282
PHASE,524288,128,128,1,1,1.634189
PHASE,524288,256,256,1,1,1.610255
PHASE,524288,512,256,1,1,1.663457
PHASE,524288,1024,256,1,1,1.647428
PHASE,524288,2048,256,1,1,1.609998
PHASE,524288,4096,256,1,1,0.409236
PHASE,524288,8192,256,1,1,0.430536
PHASE,524288,16384,256,1,1,0.411088
PHASE,524288,32768,256,1,1,0.374590
PHASE,524288,65536,256,1,1,0.395766
PHASE,524288,131072,256,1,1,0.408014
PHASE,524288,262144,256,1,1,0.191037
PHASE,262144,1,1,1,1,2.150174
PHASE,262144,2,2,1,1,1.984699
PHASE,262144,4,4,1,1,1.501225
PHASE,262144,8,8,1,1,0.835908
PHASE,262144,16,16,1,1,0.828117
PHASE,262144,32,32,1,1,0.819383
PHASE,262144,64,64,1,1,0.808368
PHASE,262144,128,128,1,1,0.803845
PHASE,262144,256,256,1,1,0.804015
PHASE,262144,512,256,1,1,0.820974
PHASE,262144,1024,256,1,1,0.801582
PHASE,262144,2048,256,1,1,0.190013
PHASE,262144,4096,256,1,1,0.194834
PHASE,262144,8192,256,1,1,0.198696
PHASE,262144,16384,256,1,1,0.214263
PHASE,262144,32768,256,1,1,0.201112
PHASE,262144,65536,256,1,1,0.196092
PHASE,262144,131072,256,1,1,0.102101
PHASE,131072,1,1,1,1,1.072664
PHASE,131072,2,2,1,1,1.003191
PHASE,131072,4,4,1,1,0.821381
PHASE,131072,8,8,1,1,0.467470
PHASE,131072,16,16,1,1,0.429131
PHASE,131072,32,32,1,1,0.408105
PHASE,131072,64,64,1,1,0.406270
PHASE,131072,128,128,1,1,0.404729
PHASE,131072,256,256,1,1,0.396784
PHASE,131072,512,256,1,1,0.406176
PHASE,131072,1024,256,1,1,0.089319
PHASE,131072,2048,256,1,1,0.090935
PHASE,131072,4096,256,1,1,0.090423
PHASE,131072,8192,256,1,1,0.096216
PHASE,131072,16384,256,1,1,0.095593
PHASE,131072,32768,256,1,1,0.097910
PHASE,131072,65536,256,1,1,0.044638
PHASE,131072,1,1,1,1,1.077977
PHASE,131072,2,2,1,1,0.987975
PHASE,131072,4,4,1,1,0.817643
PHASE,131072,8,8,1,1,0.428977
PHASE,131072,16,16,1,1,0.414612
PHASE,131072,32,32,1,1,0.411130
PHASE,131072,64,64,1,1,0.407142
PHASE,131072,128,128,1,1,0.409032
PHASE,131072,256,256,1,1,0.403421
PHASE,131072,512,256,1,1,0.396327
PHASE,131072,1024,256,1,1,0.090286
PHASE,131072,2048,256,1,1,0.100595
PHASE,131072,4096,256,1,1,0.091648
PHASE,131072,8192,256,1,1,0.093540
PHASE,131072,16384,256,1,1,0.100401
PHASE,131072,32768,256,1,1,0.100754
PHASE,131072,65536,256,1,1,0.043284
PHASE,262144,1,1,1,1,2.140510
PHASE,262144,2,2,1,1,1.997093
PHASE,262144,4,4,1,1,1.612556
PHASE,262144,8,8,1,1,0.843124
PHASE,262144,16,16,1,1,0.813493
PHASE,262144,32,32,1,1,0.821923
PHASE,262144,64,64,1,1,0.818503
PHASE,262144,128,128,1,1,0.812242
PHASE,262144,256,256,1,1,0.825582
PHASE,262144,512,256,1,1,0.844367
PHASE,262144,1024,256,1,1,0.800723
PHASE,262144,2048,256,1,1,0.199001
PHASE,262144,4096,256,1,1,0.196735
PHASE,262144,8192,256,1,1,0.198823
PHASE,262144,16384,256,1,1,0.193841
PHASE,262144,32768,256,1,1,0.203737
PHASE,262144,65536,256,1,1,0.212896
PHASE,262144,131072,256,1,1,0.094316
PHASE,131072,1,1,1,1,1.072943
PHASE,131072,2,2,1,1,0.997207
PHASE,131072,4,4,1,1,0.819709
PHASE,131072,8,8,1,1,0.421658
PHASE,131072,16,16,1,1,0.429575
PHASE,131072,32,32,1,1,0.407278
PHASE,131072,64,64,1,1,0.396788
PHASE,131072,128,128,1,1,0.410593
PHASE,131072,256,256,1,1,0.396223
PHASE,131072,512,256,1,1,0.401921
PHASE,131072,1024,256,1,1,0.090750
PHASE,131072,2048,256,1,1,0.098015
PHASE,131072,4096,256,1,1,0.091235
PHASE,131072,8192,256,1,1,0.095081
PHASE,131072,16384,256,1,1,0.095187
PHASE,131072,32768,256,1,1,0.101001
PHASE,131072,65536,256,1,1,0.045060
PHASE,131072,1,1,1,1,1.079465
PHASE,131072,2,2,1,1,0.998633
PHASE,131072,4,4,1,1,0.822653
PHASE,131072,8,8,1,1,0.403249
PHASE,131072,16,16,1,1,0.414921
PHASE,131072,32,32,1,1,0.405254
PHASE,131072,64,64,1,1,0.407346
PHASE,131072,128,128,1,1,0.411570
PHASE,131072,256,256,1,1,0.397006
PHASE,131072,512,256,1,1,0.406328
PHASE,131072,1024,256,1,1,0.090939
PHASE,131072,2048,256,1,1,0.091707
PHASE,131072,4096,256,1,1,0.096938
PHASE,131072,8192,256,1,1,0.094048
PHASE,131072,16384,256,1,1,0.093499
PHASE,131072,32768,256,1,1,0.099561
PHASE,131072,65536,256,1,1,0.045823
PHASE,524288,1,1,1,1,4.293406
PHASE,524288,2,2,1,1,4.008656
PHASE,524288,4,4,1,1,3.243404
PHASE,524288,8,8,1,1,2.981066
PHASE,524288,16,16,1,1,1.655449
PHASE,524288,32,32,1,1,1.634808
PHASE,524288,64,64,1,1,1.625379
PHASE,524288,128,128,1,1,1.634121
PHASE,524288,256,256,1,1,1.628063
PHASE,524288,512,256,1,1,1.657508
PHASE,524288,1024,256,1,1,1.657658
PHASE,524288,2048,256,1,1,1.615416
PHASE,524288,4096,256,1,1,0.416795
PHASE,524288,8192,256,1,1,0.452446
PHASE,524288,16384,256,1,1,0.417670
PHASE,524288,32768,256,1,1,0.379638
PHASE,524288,65536,256,1,1,0.395464
PHASE,524288,131072,256,1,1,0.411435
PHASE,524288,262144,256,1,1,0.194113
PHASE,262144,1,1,1,1,2.156456
PHASE,262144,2,2,1,1,1.977170
PHASE,262144,4,4,1,1,1.609889
PHASE,262144,8,8,1,1,0.828297
PHASE,262144,16,16,1,1,0.814100
PHASE,262144,32,32,1,1,0.831921
PHASE,262144,64,64,1,1,0.829907
PHASE,262144,128,128,1,1,0.814721
PHASE,262144,256,256,1,1,0.800681
PHASE,262144,512,256,1,1,0.831126
PHASE,262144,1024,256,1,1,0.800871
PHASE,262144,2048,256,1,1,0.201842
PHASE,262144,4096,256,1,1,0.210639
PHASE,262144,8192,256,1,1,0.203258
PHASE,262144,16384,256,1,1,0.189219
PHASE,262144,32768,256,1,1,0.190975
PHASE,262144,65536,256,1,1,0.208996
PHASE,262144,131072,256,1,1,0.094838
PHASE,131072,1,1,1,1,1.080838
PHASE,131072,2,2,1,1,0.985880
PHASE,131072,4,4,1,1,0.815270
PHASE,131072,8,8,1,1,0.427877
PHASE,131072,16,16,1,1,0.436381
PHASE,131072,32,32,1,1,0.409010
PHASE,131072,64,64,1,1,0.404316
PHASE,131072,128,128,1,1,0.409960
PHASE,131072,256,256,1,1,0.404210
PHASE,131072,512,256,1,1,0.400143
PHASE,131072,1024,256,1,1,0.091144
PHASE,131072,2048,256,1,1,0.102033
PHASE,131072,4096,256,1,1,0.093377
PHASE,131072,8192,256,1,1,0.103551
PHASE,131072,16384,256,1,1,0.095405
PHASE,131072,32768,256,1,1,0.100186
PHASE,131072,65536,256,1,1,0.045574
PHASE,131072,1,1,1,1,1.075604
PHASE,131072,2,2,1,1,0.989782
PHASE,131072,4,4,1,1,0.821008
PHASE,131072,8,8,1,1,0.443490
PHASE,131072,16,16,1,1,0.424411
PHASE,131072,32,32,1,1,0.410246
PHASE,131072,64,64,1,1,0.399050
PHASE,131072,128,128,1,1,0.402895
PHASE,131072,256,256,1,1,0.400724
PHASE,131072,512,256,1,1,0.400396
PHASE,131072,1024,256,1,1,0.092477
PHASE,131072,2048,256,1,1,0.097077
PHASE,131072,4096,256,1,1,0.099428
PHASE,131072,8192,256,1,1,0.095154
PHASE,131072,16384,256,1,1,0.093843
PHASE,131072,32768,256,1,1,0.099256
PHASE,131072,65536,256,1,1,0.043805
PHASE,262144,1,1,1,1,2.146807
PHASE,262144,2,2,1,1,2.012981
PHASE,262144,4,4,1,1,1.615380
PHASE,262144,8,8,1,1,0.837878
PHASE,262144,16,16,1,1,0.822091
PHASE,262144,32,32,1,1,0.896062
PHASE,262144,64,64,1,1,0.800890
PHASE,262144,128,128,1,1,0.840652
PHASE,262144,256,256,1,1,0.801095
PHASE,262144,512,256,1,1,0.868803
PHASE,262144,1024,256,1,1,0.808984
PHASE,262144,2048,256,1,1,0.193789
PHASE,262144,4096,256,1,1,0.201113
PHASE,262144,8192,256,1,1,0.207922
PHASE,262144,16384,256,1,1,0.196321
PHASE,262144,32768,256,1,1,0.191916
PHASE,262144,65536,256,1,1,0.201042
PHASE,262144,131072,256,1,1,0.093202
PHASE,131072,1,1,1,1,1.075040
PHASE,131072,2,2,1,1,0.990842
PHASE,131072,4,4,1,1,0.822996
PHASE,131072,8,8,1,1,0.474748
PHASE,131072,16,16,1,1,0.425275
PHASE,131072,32,32,1,1,0.402674
PHASE,131072,64,64,1,1,0.404593
PHASE,131072,128,128,1,1,0.400291
PHASE,131072,256,256,1,1,0.400695
PHASE,131072,512,256,1,1,0.398686
PHASE,131072,1024,256,1,1,0.090784
PHASE,131072,2048,256,1,1,0.091932
PHASE,131072,4096,256,1,1,0.091289
PHASE,131072,8192,256,1,1,0.094310
PHASE,131072,16384,256,1,1,0.093326
PHASE,131072,32768,256,1,1,0.106714
PHASE,131072,65536,256,1,1,0.046113
PHASE,131072,1,1,1,1,1.070645
PHASE,131072,2,2,1,1,0.980733
PHASE,131072,4,4,1,1,0.836408
PHASE,131072,8,8,1,1,0.456908
PHASE,131072,16,16,1,1,0.426395
PHASE,131072,32,32,1,1,0.407617
PHASE,131072,64,64,1,1,0.402970
PHASE,131072,128,128,1,1,0.404921
PHASE,131072,256,256,1,1,0.401305
PHASE,131072,512,256,1,1,0.398937
PHASE,131072,1024,256,1,1,0.090621
PHASE,131072,2048,256,1,1,0.097539
PHASE,131072,4096,256,1,1,0.092382
PHASE,131072,8192,256,1,1,0.101890
PHASE,131072,16384,256,1,1,0.097561
PHASE,131072,32768,256,1,1,0.100457
PHASE,131072,65536,256,1,1,0.051047
PHASE,1048576,1,1,1,1,8.667495
PHASE,1048576,2,2,1,1,8.015609
PHASE,1048576,4,4,1,1,6.108203
PHASE,1048576,8,8,1,1,6.321446
PHASE,1048576,16,16,1,1,5.942872
PHASE,1048576,32,32,1,1,3.112880
PHASE,1048576,64,64,1,1,3.205030
PHASE,1048576,128,128,1,1,3.263741
PHASE,1048576,256,256,1,1,3.247286
PHASE,1048576,512,256,1,1,3.269514
PHASE,1048576,1024,256,1,1,3.388408
PHASE,1048576,2048,256,1,1,3.387417
PHASE,1048576,4096,256,1,1,3.343566
PHASE,1048576,8192,256,1,1,0.920020
PHASE,1048576,16384,256,1,1,0.908337
PHASE,1048576,32768,256,1,1,0.814131
PHASE,1048576,65536,256,1,1,0.786586
PHASE,1048576,131072,256,1,1,0.791678
PHASE,1048576,262144,256,1,1,0.826961
PHASE,1048576,524288,256,1,1,0.388443
PHASE,524288,1,1,1,1,4.345877
PHASE,524288,2,2,1,1,3.983768
PHASE,524288,4,4,1,1,3.022004
PHASE,524288,8,8,1,1,3.176726
PHASE,524288,16,16,1,1,1.659115
PHASE,524288,32,32,1,1,1.644352
PHASE,524288,64,64,1,1,1.650778
PHASE,524288,128,128,1,1,1.644261
PHASE,524288,256,256,1,1,1.615990
PHASE,524288,512,256,1,1,1.640648
PHASE,524288,1024,256,1,1,1.705087
PHASE,524288,2048,256,1,1,1.608896
PHASE,524288,4096,256,1,1,0.420423
PHASE,524288,8192,256,1,1,0.444628
PHASE,524288,16384,256,1,1,0.426118
PHASE,524288,32768,256,1,1,0.382433
PHASE,524288,65536,256,1,1,0.391589
PHASE,524288,131072,256,1,1,0.418699
PHASE,524288,262144,256,1,1,0.190513
PHASE,262144,1,1,1,1,2.149460
PHASE,262144,2,2,1,1,1.989518
PHASE,262144,4,4,1,1,1.777779
PHASE,262144,8,8,1,1,0.889662
PHASE,262144,16,16,1,1,0.846057
PHASE,262144,32,32,1,1,0.842063
PHASE,262144,64,64,1,1,0.812205
PHASE,262144,128,128,1,1,0.805779
PHASE,262144,256,256,1,1,0.804267
PHASE,262144,512,256,1,1,0.834447
PHASE,262144,1024,256,1,1,0.807068
PHASE,262144,2048,256,1,1,0.194501
PHASE,262144,4096,256,1,1,0.204409
PHASE,262144,8192,256,1,1,0.206739
PHASE,262144,16384,256,1,1,0.197454
PHASE,262144,32768,256,1,1,0.193419
PHASE,262144,65536,256,1,1,0.204329
PHASE,262144,131072,256,1,1,0.095250
PHASE,131072,1,1,1,1,1.097489
PHASE,131072,2,2,1,1,1.003038
PHASE,131072,4,4,1,1,0.788068
PHASE,131072,8,8,1,1,0.427830
PHASE,131072,16,16,1,1,0.402334
PHASE,131072,32,32,1,1,0.414044
PHASE,131072,64,64,1,1,0.402900
PHASE,131072,128,128,1,1,0.404540
PHASE,131072,256,256,1,1,0.402818
PHASE,131072,512,256,1,1,0.397823
PHASE,131072,1024,256,1,1,0.097333
PHASE,131072,2048,256,1,1,0.092310
PHASE,131072,4096,256,1,1,0.093506
PHASE,131072,8192,256,1,1,0.099443
PHASE,131072,16384,256,1,1,0.102158
PHASE,131072,32768,256,1,1,0.100235
PHASE,131072,65536,256,1,1,0.046067
PHASE,131072,1,1,1,1,1.096809
PHASE,131072,2,2,1,1,0.991642
PHASE,131072,4,4,1,1,0.824225
PHASE,131072,8,8,1,1,0.409277
PHASE,131072,16,16,1,1,0.409502
PHASE,131072,32,32,1,1,0.419803
PHASE,131072,64,64,1,1,0.405953
PHASE,131072,128,128,1,1,0.403143
PHASE,131072,256,256,1,1,0.397733
PHASE,131072,512,256,1,1,0.421544
PHASE,131072,1024,256,1,1,0.098535
PHASE,131072,2048,256,1,1,0.092380
PHASE,131072,4096,256,1,1,0.093055
PHASE,131072,8192,256,1,1,0.091919
PHASE,131072,16384,256,1,1,0.095440
PHASE,131072,32768,256,1,1,0.097993
PHASE,131072,65536,256,1,1,0.045491
PHASE,262144,1,1,1,1,2.170749
PHASE,262144,2,2,1,1,1.983116
PHASE,262144,4,4,1,1,1.598419
PHASE,262144,8,8,1,1,0.853903
PHASE,262144,16,16,1,1,0.839940
PHASE,262144,32,32,1,1,0.870381
PHASE,262144,64,64,1,1,0.838640
PHASE,262144,128,128,1,1,0.926121
PHASE,262144,256,256,1,1,0.804327
PHASE,262144,512,256,1,1,0.875353
PHASE,262144,1024,256,1,1,0.811616
PHASE,262144,2048,256,1,1,0.197102
PHASE,262144,4096,256,1,1,0.207757
PHASE,262144,8192,256,1,1,0.202992
PHASE,262144,16384,256,1,1,0.190057
PHASE,262144,32768,256,1,1,0.192830
PHASE,262144,65536,256,1,1,0.202648
PHASE,262144,131072,256,1,1,0.105630
PHASE,131072,1,1,1,1,1.082511
PHASE,131072,2,2,1,1,1.001502
PHASE,131072,4,4,1,1,0.821704
PHASE,131072,8,8,1,1,0.420709
PHASE,131072,16,16,1,1,0.404342
PHASE,131072,32,32,1,1,0.408467
PHASE,131072,64,64,1,1,0.409154
PHASE,131072,128,128,1,1,0.398503
PHASE,131072,256,256,1,1,0.409727
PHASE,131072,512,256,1,1,0.399526
PHASE,131072,1024,256,1,1,0.091500
PHASE,131072,2048,256,1,1,0.089753
PHASE,131072,4096,256,1,1,0.101317
PHASE,131072,8192,256,1,1,0.096125
PHASE,131072,16384,256,1,1,0.095831
PHASE,131072,32768,256,1,1,0.105911
PHASE,131072,65536,256,1,1,0.044863
PHASE,131072,1,1,1,1,1.082472
PHASE,131072,2,2,1,1,0.987322
PHASE,131072,4,4,1,1,0.832245
PHASE,131072,8,8,1,1,0.453707
PHASE,131072,16,16,1,1,0.421765
PHASE,131072,32,32,1,1,0.419393
PHASE,131072,64,64,1,1,0.403051
PHASE,131072,128,128,1,1,0.403861
PHASE,131072,256,256,1,1,0.401633
PHASE,131072,512,256,1,1,0.398303
PHASE,131072,1024,256,1,1,0.104422
PHASE,131072,2048,256,1,1,0.103951
PHASE,131072,4096,256,1,1,0.094779
PHASE,131072,8192,256,1,1,0.100150
PHASE,131072,16384,256,1,1,0.095104
PHASE,131072,32768,256,1,1,0.099159
PHASE,131072,65536,256,1,1,0.045001
PHASE,524288,1,1,1,1,4.324051
PHASE,524288,2,2,1,1,4.048355
PHASE,524288,4,4,1,1,3.221269
PHASE,524288,8,8,1,1,3.134173
PHASE,524288,16,16,1,1,1.663408
PHASE,524288,32,32,1,1,1.591455
PHASE,524288,64,64,1,1,1.641136
PHASE,524288,128,128,1,1,1.638523
PHASE,524288,256,256,1,1,1.600731
PHASE,524288,512,256,1,1,1.696881
PHASE,524288,1024,256,1,1,1.659457
PHASE,524288,2048,256,1,1,1.602661
PHASE,524288,4096,256,1,1,0.425671
PHASE,524288,8192,256,1,1,0.442867
PHASE,524288,16384,256,1,1,0.410362
PHASE,524288,32768,256,1,1,0.388485
PHASE,524288,65536,256,1,1,0.395921
PHASE,524288,131072,256,1,1,0.405583
PHASE,524288,262144,256,1,1,0.189654
PHASE,262144,1,1,1,1,2.152383
PHASE,262144,2,2,1,1,1.993211
PHASE,262144,4,4,1,1,1.607680
PHASE,262144,8,8,1,1,0.829952
PHASE,262144,16,16,1,1,0.851133
PHASE,262144,32,32,1,1,0.843599
PHASE,262144,64,64,1,1,0.858084
PHASE,262144,128,128,1,1,0.836216
PHASE,262144,256,256,1,1,0.798088
PHASE,262144,512,256,1,1,0.854084
PHASE,262144,1024,256,1,1,0.799415
PHASE,262144,2048,256,1,1,0.199400
PHASE,262144,4096,256,1,1,0.203521
PHASE,262144,8192,256,1,1,0.214948
PHASE,262144,16384,256,1,1,0.188485
PHASE,262144,32768,256,1,1,0.190400
PHASE,262144,65536,256,1,1,0.208316
PHASE,262144,131072,256,1,1,0.096900
PHASE,131072,1,1,1,1,1.076104
PHASE,131072,2,2,1,1,0.987041
PHASE,131072,4,4,1,1,0.806347
PHASE,131072,8,8,1,1,0.450416
PHASE,131072,16,16,1,1,0.421061
PHASE,131072,32,32,1,1,0.406144
PHASE,131072,64,64,1,1,0.409656
PHASE,131072,128,128,1,1,0.397786
PHASE,131072,256,256,1,1,0.410667
PHASE,131072,512,256,1,1,0.397565
PHASE,131072,1024,256,1,1,0.090932
PHASE,131072,2048,256,1,1,0.093816
PHASE,131072,4096,256,1,1,0.101129
PHASE,131072,8192,256,1,1,0.095302
PHASE,131072,16384,256,1,1,0.101747
PHASE,131072,32768,256,1,1,0.098643
PHASE,131072,65536,256,1,1,0.044829
PHASE,131072,1,1,1,1,1.093964
PHASE,131072,2,2,1,1,0.990948
PHASE,131072,4,4,1,1,0.829348
PHASE,131072,8,8,1,1,0.410822
PHASE,131072,16,16,1,1,0.403427
PHASE,131072,32,32,1,1,0.417735
PHASE,131072,64,64,1,1,0.401272
PHASE,131072,128,128,1,1,0.401286
PHASE,131072,256,256,1,1,0.400227
PHASE,131072,512,256,1,1,0.395494
PHASE,131072,1024,256,1,1,0.095816
PHASE,131072,2048,256,1,1,0.092764
PHASE,131072,4096,256,1,1,0.095305
PHASE,131072,8192,256,1,1,0.099539
PHASE,131072,16384,256,1,1,0.095190
PHASE,131072,32768,256,1,1,0.098224
PHASE,131072,65536,256,1,1,0.046660
PHASE,262144,1,1,1,1,2.148659
PHASE,262144,2,2,1,1,1.984210
PHASE,262144,4,4,1,1,1.611157
PHASE,262144,8,8,1,1,0.840602
PHASE,262144,16,16,1,1,0.822416
PHASE,262144,32,32,1,1,0.915403
PHASE,262144,64,64,1,1,0.816392
PHASE,262144,128,128,1,1,0.841857
PHASE,262144,256,256,1,1,0.812950
PHASE,262144,512,256,1,1,0.884995
PHASE,262144,1024,256,1,1,0.806677
PHASE,262144,2048,256,1,1,0.194678
PHASE,262144,4096,256,1,1,0.203600
PHASE,262144,8192,256,1,1,0.199843
PHASE,262144,16384,256,1,1,0.190539
PHASE,262144,32768,256,1,1,0.204555
PHASE,262144,65536,256,1,1,0.202649
PHASE,262144,131072,256,1,1,0.093865
PHASE,131072,1,1,1,1,1.083001
PHASE,131072,2,2,1,1,0.989065
PHASE,131072,4,4,1,1,0.792454
PHASE,131072,8,8,1,1,0.404504
PHASE,131072,16,16,1,1,0.413679
PHASE,131072,32,32,1,1,0.401942
PHASE,131072,64,64,1,1,0.409523
PHASE,131072,128,128,1,1,0.404498
PHASE,131072,256,256,1,1,0.398431
PHASE,131072,512,256,1,1,0.406486
PHASE,131072,1024,256,1,1,0.089871
PHASE,131072,2048,256,1,1,0.092352
PHASE,131072,4096,256,1,1,0.094818
PHASE,131072,8192,256,1,1,0.092182
PHASE,131072,16384,256,1,1,0.094238
PHASE,131072,32768,256,1,1,0.098887
PHASE,131072,65536,256,1,1,0.044675
PHASE,131072,1,1,1,1,1.074340
PHASE,131072,2,2,1,1,0.992131
PHASE,131072,4,4,1,1,0.814348
PHASE,131072,8,8,1,1,0.449184
PHASE,131072,16,16,1,1,0.424466
PHASE,131072,32,32,1,1,0.402288
PHASE,131072,64,64,1,1,0.411464
PHASE,131072,128,128,1,1,0.400450
PHASE,131072,256,256,1,1,0.398495
PHASE,131072,512,256,1,1,0.401719
PHASE,131072,1024,256,1,1,0.090744
PHASE,131072,2048,256,1,1,0.091752
PHASE,131072,4096,256,1,1,0.093169
PHASE,131072,8192,256,1,1,0.093362
PHASE,131072,16384,256,1,1,0.095200
PHASE,131072,32768,256,1,1,0.105369
PHASE,131072,65536,256,1,1,0.046571
PHASE,1048576,1,1,1,1,8.530111
PHASE,1048576,2,2,1,1,7.937311
PHASE,1048576,4,4,1,1,6.393477
PHASE,1048576,8,8,1,1,5.951483
PHASE,1048576,16,16,1,1,5.902046
PHASE,1048576,32,32,1,1,3.146588
PHASE,1048576,64,64,1,1,3.106743
PHASE,1048576,128,128,1,1,3.150538
PHASE,1048576,256,256,1,1,3.186961
PHASE,1048576,512,256,1,1,3.236378
PHASE,1048576,1024,256,1,1,3.465568
PHASE,1048576,2048,256,1,1,3.253294
PHASE,1048576,4096,256,1,1,3.271387
PHASE,1048576,8192,256,1,1,0.878176
PHASE,1048576,16384,256,1,1,0.895013
PHASE,1048576,32768,256,1,1,0.818245
PHASE,1048576,65536,256,1,1,0.776600
PHASE,1048576,131072,256,1,1,0.785466
PHASE,1048576,262144,256,1,1,0.816928
PHASE,1048576,524288,256,1,1,0.402813
PHASE,524288,1,1,1,1,4.277147
PHASE,524288,2,2,1,1,3.977335
PHASE,524288,4,4,1,1,3.035436
PHASE,524288,8,8,1,1,3.167910
PHASE,524288,16,16,1,1,1.648358
PHASE,524288,32,32,1,1,1.632861
PHASE,524288,64,64,1,1,1.636808
PHASE,524288,128,128,1,1,1.653111
PHASE,524288,256,256,1,1,1.600617
PHASE,524288,512,256,1,1,1.624247
PHASE,524288,1024,256,1,1,1.679295
PHASE,524288,2048,256,1,1,1.647789
PHASE,524288,4096,256,1,1,0.424697
PHASE,524288,8192,256,1,1,0.463812
PHASE,524288,16384,256,1,1,0.409925
PHASE,524288,32768,256,1,1,0.378944
PHASE,524288,65536,256,1,1,0.406129
PHASE,524288,131072,256,1,1,0.404563
PHASE,524288,262144,256,1,1,0.192806
PHASE,262144,1,1,1,1,2.152386
PHASE,262144,2,2,1,1,1.994685
PHASE,262144,4,4,1,1,1.537262
PHASE,262144,8,8,1,1,0.836461
PHASE,262144,16,16,1,1,0.827765
PHASE,262144,32,32,1,1,0.801062
PHASE,262144,64,64,1,1,0.827900
PHASE,262144,128,128,1,1,0.810525
PHASE,262144,256,256,1,1,0.820393
PHASE,262144,512,256,1,1,0.885249
PHASE,262144,1024,256,1,1,0.801227
PHASE,262144,2048,256,1,1,0.192618
PHASE,262144,4096,256,1,1,0.207200
PHASE,262144,8192,256,1,1,0.202057
PHASE,262144,16384,256,1,1,0.203250
PHASE,262144,32768,256,1,1,0.201582
PHASE,262144,65536,256,1,1,0.201195
PHASE,262144,131072,256,1,1,0.095541
PHASE,131072,1,1,1,1,1.081873
PHASE,131072,2,2,1,1,0.993192
PHASE,131072,4,4,1,1,0.833521
PHASE,131072,8,8,1,1,0.414650
PHASE,131072,16,16,1,1,0.411694
PHASE,131072,32,32,1,1,0.399677
PHASE,131072,64,64,1,1,0.410478
PHASE,131072,128,128,1,1,0.399896
PHASE,131072,256,256,1,1,0.402230
PHASE,131072,512,256,1,1,0.402563
PHASE,131072,1024,256,1,1,0.091478
PHASE,131072,2048,256,1,1,0.091356
PHASE,131072,4096,256,1,1,0.095508
PHASE,131072,8192,256,1,1,0.091933
PHASE,131072,16384,256,1,1,0.094199
PHASE,131072,32768,256,1,1,0.107605
PHASE,131072,65536,256,1,1,0.045962
PHASE,131072,1,1,1,1,1.097157
PHASE,131072,2,2,1,1,0.986405
PHASE,131072,4,4,1,1,0.819662
PHASE,131072,8,8,1,1,0.419498
PHASE,131072,16,16,1,1,0.410052
PHASE,131072,32,32,1,1,0.406091
PHASE,131072,64,64,1,1,0.406838
PHASE,131072,128,128,1,1,0.401982
PHASE,131072,256,256,1,1,0.415877
PHASE,131072,512,256,1,1,0.399232
PHASE,131072,1024,256,1,1,0.092133
PHASE,131072,2048,256,1,1,0.096040
PHASE,131072,4096,256,1,1,0.102451
PHASE,131072,8192,256,1,1,0.093546
PHASE,131072,16384,256,1,1,0.093831
PHASE,131072,32768,256,1,1,0.105619
PHASE,131072,65536,256,1,1,0.045073
PHASE,262144,1,1,1,1,2.149541
PHASE,262144,2,2,1,1,2.013312
PHASE,262144,4,4,1,1,1.614441
PHASE,262144,8,8,1,1,0.845500
PHASE,262144,16,16,1,1,0.815358
PHASE,262144,32,32,1,1,0.813317
PHASE,262144,64,64,1,1,0.825596
PHASE,262144,128,128,1,1,0.824249
PHASE,262144,256,256,1,1,0.885528
PHASE,262144,512,256,1,1,0.808144
PHASE,262144,1024,256,1,1,0.798565
PHASE,262144,2048,256,1,1,0.197846
PHASE,262144,4096,256,1,1,0.199520
PHASE,262144,8192,256,1,1,0.201184
PHASE,262144,16384,256,1,1,0.188916
PHASE,262144,32768,256,1,1,0.205257
PHASE,262144,65536,256,1,1,0.211880
PHASE,262144,131072,256,1,1,0.094706
PHASE,131072,1,1,1,1,1.089661
PHASE,131072,2,2,1,1,1.004119
PHASE,131072,4,4,1,1,0.814216
PHASE,131072,8,8,1,1,0.413226
PHASE,131072,16,16,1,1,0.410930
PHASE,131072,32,32,1,1,0.408354
PHASE,131072,64,64,1,1,0.380807
PHASE,131072,128,128,1,1,0.411418
PHASE,131072,256,256,1,1,0.395786
PHASE,131072,512,256,1,1,0.404251
PHASE,131072,1024,256,1,1,0.090469
PHASE,131072,2048,256,1,1,0.095666
PHASE,131072,4096,256,1,1,0.094503
PHASE,131072,8192,256,1,1,0.092613
PHASE,131072,16384,256,1,1,0.093333
PHASE,131072,32768,256,1,1,0.098617
PHASE,131072,65536,256,1,1,0.044801
PHASE,131072,1,1,1,1,1.081078
PHASE,131072,2,2,1,1,1.000018
PHASE,131072,4,4,1,1,0.847092
PHASE,131072,8,8,1,1,0.407834
PHASE,131072,16,16,1,1,0.411183
PHASE,131072,32,32,1,1,0.403836
PHASE,131072,64,64,1,1,0.405409
PHASE,131072,128,128,1,1,0.401393
PHASE,131072,256,256,1,1,0.396364
PHASE,131072,512,256,1,1,0.399511
PHASE,131072,1024,256,1,1,0.100337
PHASE,131072,2048,256,1,1,0.091915
PHASE,131072,4096,256,1,1,0.093802
PHASE,131072,8192,256,1,1,0.092284
PHASE,131072,16384,256,1,1,0.096001
PHASE,131072,32768,256,1,1,0.098279
PHASE,131072,65536,256,1,1,0.045647
PHASE,524288,1,1,1,1,4.312392
PHASE,524288,2,2,1,1,4.079292
PHASE,524288,4,4,1,1,3.238448
PHASE,524288,8,8,1,1,3.164317
PHASE,524288,16,16,1,1,1.649052
PHASE,524288,32,32,1,1,1.676112
PHASE,524288,64,64,1,1,1.633685
PHASE,524288,128,128,1,1,1.663771
PHASE,524288,256,256,1,1,1.647400
PHASE,524288,512,256,1,1,1.782827
PHASE,524288,1024,256,1,1,1.651971
PHASE,524288,2048,256,1,1,1.623675
PHASE,524288,4096,256,1,1,0.419186
PHASE,524288,8192,256,1,1,0.460489
PHASE,524288,16384,256,1,1,0.399632
PHASE,524288,32768,256,1,1,0.378550
PHASE,524288,65536,256,1,1,0.393253
PHASE,524288,131072,256,1,1,0.407424
PHASE,524288,262144,256,1,1,0.189606
PHASE,262144,1,1,1,1,2.165084
PHASE,262144,2,2,1,1,1.975315
PHASE,262144,4,4,1,1,1.584700
PHASE,262144,8,8,1,1,0.843248
PHASE,262144,16,16,1,1,0.787077
PHASE,262144,32,32,1,1,0.826765
PHASE,262144,64,64,1,1,0.837533
PHASE,262144,128,128,1,1,0.818703
PHASE,262144,256,256,1,1,0.827772
PHASE,262144,512,256,1,1,0.835737
PHASE,262144,1024,256,1,1,0.807202
PHASE,262144,2048,256,1,1,0.193889
PHASE,262144,4096,256,1,1,0.206443
PHASE,262144,8192,256,1,1,0.198320
PHASE,262144,16384,256,1,1,0.201125
PHASE,262144,32768,256,1,1,0.197193
PHASE,262144,65536,256,1,1,0.202016
PHASE,262144,131072,256,1,1,0.097807
PHASE,131072,1,1,1,1,1.080736
PHASE,131072,2,2,1,1,0.990841
PHASE,131072,4,4,1,1,0.829595
PHASE,131072,8,8,1,1,0.402103
PHASE,131072,16,16,1,1,0.412806
PHASE,131072,32,32,1,1,0.404186
PHASE,131072,64,64,1,1,0.410343
PHASE,131072,128,128,1,1,0.402417
PHASE,131072,256,256,1,1,0.393431
PHASE,131072,512,256,1,1,0.408536
PHASE,131072,1024,256,1,1,0.093866
PHASE,131072,2048,256,1,1,0.089760
PHASE,131072,4096,256,1,1,0.091872
PHASE,131072,8192,256,1,1,0.091368
PHASE,131072,16384,256,1,1,0.092825
PHASE,131072,32768,256,1,1,0.097605
PHASE,131072,65536,256,1,1,0.045503
PHASE,131072,1,1,1,1,1.076771
PHASE,131072,2,2,1,1,0.988488
PHASE,131072,4,4,1,1,0.836541
PHASE,131072,8,8,1,1,0.467849
PHASE,131072,16,16,1,1,0.412936
PHASE,131072,32,32,1,1,0.400816
PHASE,131072,64,64,1,1,0.389391
PHASE,131072,128,128,1,1,0.403864
PHASE,131072,256,256,1,1,0.401645
PHASE,131072,512,256,1,1,0.401719
PHASE,131072,1024,256,1,1,0.092959
PHASE,131072,2048,256,1,1,0.095379
PHASE,131072,4096,256,1,1,0.094315
PHASE,131072,8192,256,1,1,0.092435
PHASE,131072,16384,256,1,1,0.092983
PHASE,131072,32768,256,1,1,0.102594
PHASE,131072,65536,256,1,1,0.045399
PHASE,262144,1,1,1,1,2.145468
PHASE,262144,2,2,1,1,1.983548
PHASE,262144,4,4,1,1,1.528152
PHASE,262144,8,8,1,1,0.820799
PHASE,262144,16,16,1,1,0.865955
PHASE,262144,32,32,1,1,0.833884
PHASE,262144,64,64,1,1,0.905830
PHASE,262144,128,128,1,1,0.811665
PHASE,262144,256,256,1,1,0.834750
PHASE,262144,512,256,1,1,0.817054
PHASE,262144,1024,256,1,1,0.803047
PHASE,262144,2048,256,1,1,0.188800
PHASE,262144,4096,256,1,1,0.207067
PHASE,262144,8192,256,1,1,0.205824
PHASE,262144,16384,256,1,1,0.189254
PHASE,262144,32768,256,1,1,0.192345
PHASE,262144,65536,256,1,1,0.201086
PHASE,262144,131072,256,1,1,0.104239
PHASE,131072,1,1,1,1,1.090531
PHASE,131072,2,2,1,1,1.001006
PHASE,131072,4,4,1,1,0.823951
PHASE,131072,8,8,1,1,0.419212
PHASE,131072,16,16,1,1,0.404224
PHASE,131072,32,32,1,1,0.406136
PHASE,131072,64,64,1,1,0.407317
PHASE,131072,128,128,1,1,0.399278
PHASE,131072,256,256,1,1,0.404163
PHASE,131072,512,256,1,1,0.396204
PHASE,131072,1024,256,1,1,0.091216
PHASE,131072,2048,256,1,1,0.091333
PHASE,131072,4096,256,1,1,0.097214
PHASE,131072,8192,256,1,1,0.100781
PHASE,131072,16384,256,1,1,0.096882
PHASE,131072,32768,256,1,1,0.106124
PHASE,131072,65536,256,1,1,0.044932
PHASE,131072,1,1,1,1,1.090728
PHASE,131072,2,2,1,1,0.988186
PHASE,131072,4,4,1,1,0.819321
PHASE,131072,8,8,1,1,0.426770
PHASE,131072,16,16,1,1,0.414040
PHASE,131072,32,32,1,1,0.404862
PHASE,131072,64,64,1,1,0.403230
PHASE,131072,128,128,1,1,0.400911
PHASE,131072,256,256,1,1,0.403558
PHASE,131072,512,256,1,1,0.394333
PHASE,131072,1024,256,1,1,0.090522
PHASE,131072,2048,256,1,1,0.100501
PHASE,131072,4096,256,1,1,0.096270
PHASE,131072,8192,256,1,1,0.099782
PHASE,131072,16384,256,1,1,0.095467
PHASE,131072,32768,256,1,1,0.098489
PHASE,131072,65536,256,1,1,0.045058
PHASE,1048576,1,1,1,1,8.568908
PHASE,1048576,2,2,1,1,7.896287
PHASE,1048576,4,4,1,1,6.374908
PHASE,1048576,8,8,1,1,6.283911
PHASE,1048576,16,16,1,1,5.858920
PHASE,1048576,32,32,1,1,3.167607
PHASE,1048576,64,64,1,1,3.260191
PHASE,1048576,128,128,1,1,3.273000
PHASE,1048576,256,256,1,1,3.235606
PHASE,1048576,512,256,1,1,3.319749
PHASE,1048576,1024,256,1,1,3.341678
PHASE,1048576,2048,256,1,1,3.369264
PHASE,1048576,4096,256,1,1,3.262272
PHASE,1048576,8192,256,1,1,0.857842
PHASE,1048576,16384,256,1,1,0.875435
PHASE,1048576,32768,256,1,1,0.815199
PHASE,1048576,65536,256,1,1,0.774130
PHASE,1048576,131072,256,1,1,0.778799
PHASE,1048576,262144,256,1,1,0.804346
PHASE,1048576,524288,256,1,1,0.388080
PHASE,524288,1,1,1,1,4.292929
PHASE,524288,2,2,1,1,3.956239
PHASE,524288,4,4,1,1,2.989358
PHASE,524288,8,8,1,1,3.023190
PHASE,524288,16,16,1,1,1.638649
PHASE,524288,32,32,1,1,1.642006
PHASE,524288,64,64,1,1,1.627297
PHASE,524288,128,128,1,1,1.641950
PHASE,524288,256,256,1,1,1.626728
PHASE,524288,512,256,1,1,1.705611
PHASE,524288,1024,256,1,1,1.639620
PHASE,524288,2048,256,1,1,1.603269
PHASE,524288,4096,256,1,1,0.417274
PHASE,524288,8192,256,1,1,0.446922
PHASE,524288,16384,256,1,1,0.396592
PHASE,524288,32768,256,1,1,0.374915
PHASE,524288,65536,256,1,1,0.390130
PHASE,524288,131072,256,1,1,0.404759
PHASE,524288,262144,256,1,1,0.189305
PHASE,262144,1,1,1,1,2.142828
PHASE,262144,2,2,1,1,1.971596
PHASE,262144,4,4,1,1,1.593405
PHASE,262144,8,8,1,1,0.797562
PHASE,262144,16,16,1,1,0.769927
PHASE,262144,32,32,1,1,0.809999
PHASE,262144,64,64,1,1,0.857631
PHASE,262144,128,128,1,1,0.825762
PHASE,262144,256,256,1,1,0.805115
PHASE,262144,512,256,1,1,0.832878
PHASE,262144,1024,256,1,1,0.798219
PHASE,262144,2048,256,1,1,0.195305
PHASE,262144,4096,256,1,1,0.199483
PHASE,262144,8192,256,1,1,0.197635
PHASE,262144,16384,256,1,1,0.189292
PHASE,262144,32768,256,1,1,0.196841
PHASE,262144,65536,256,1,1,0.208662
PHASE,262144,131072,256,1,1,0.095872
PHASE,131072,1,1,1,1,1.077115
PHASE,131072,2,2,1,1,0.991727
PHASE,131072,4,4,1,1,0.778396
PHASE,131072,8,8,1,1,0.408415
PHASE,131072,16,16,1,1,0.411539
PHASE,131072,32,32,1,1,0.405039
PHASE,131072,64,64,1,1,0.401123
PHASE,131072,128,128,1,1,0.403265
PHASE,131072,256,256,1,1,0.394499
PHASE,131072,512,256,1,1,0.400276
PHASE,131072,1024,256,1,1,0.089832
PHASE,131072,2048,256,1,1,0.094447
PHASE,131072,4096,256,1,1,0.092248
PHASE,131072,8192,256,1,1,0.092578
PHASE,131072,16384,256,1,1,0.093561
PHASE,131072,32768,256,1,1,0.100830
PHASE,131072,65536,256,1,1,0.045590
PHASE,131072,1,1,1,1,1.078315
PHASE,131072,2,2,1,1,0.987701
PHASE,131072,4,4,1,1,0.832412
PHASE,131072,8,8,1,1,0.406674
PHASE,131072,16,16,1,1,0.409787
PHASE,131072,32,32,1,1,0.406190
PHASE,131072,64,64,1,1,0.406279
PHASE,131072,128,128,1,1,0.403100
PHASE,131072,256,256,1,1,0.393645
PHASE,131072,512,256,1,1,0.407939
PHASE,131072,1024,256,1,1,0.092062
PHASE,131072,2048,256,1,1,0.092650
PHASE,131072,4096,256,1,1,0.095658
PHASE,131072,8192,256,1,1,0.094507
PHASE,131072,16384,256,1,1,0.095308
PHASE,131072,32768,256,1,1,0.098611
PHASE,131072,65536,256,1,1,0.044855
PHASE,262144,1,1,1,1,2.151786
PHASE,262144,2,2,1,1,1.975617
PHASE,262144,4,4,1,1,1.589810
PHASE,262144,8,8,1,1,0.826660
PHASE,262144,16,16,1,1,0.927499
PHASE,262144,32,32,1,1,0.843247
PHASE,262144,64,64,1,1,0.845585
PHASE,262144,128,128,1,1,0.826726
PHASE,262144,256,256,1,1,0.803749
PHASE,262144,512,256,1,1,0.845686
PHASE,262144,1024,256,1,1,0.810883
PHASE,262144,2048,256,1,1,0.191347
PHASE,262144,4096,256,1,1,0.201594
PHASE,262144,8192,256,1,1,0.201381
PHASE,262144,16384,256,1,1,0.190323
PHASE,262144,32768,256,1,1,0.187825
PHASE,262144,65536,256,1,1,0.198941
PHASE,262144,131072,256,1,1,0.094583
PHASE,131072,1,1,1,1,1.065355
PHASE,131072,2,2,1,1,0.984822
PHASE,131072,4,4,1,1,0.829992
PHASE,131072,8,8,1,1,0.474022
PHASE,131072,16,16,1,1,0.408594
PHASE,131072,32,32,1,1,0.408533
PHASE,131072,64,64,1,1,0.407653
PHASE,131072,128,128,1,1,0.396361
PHASE,131072,256,256,1,1,0.404966
PHASE,131072,512,256,1,1,0.397990
PHASE,131072,1024,256,1,1,0.090032
PHASE,131072,2048,256,1,1,0.090372
PHASE,131072,4096,256,1,1,0.094036
PHASE,131072,8192,256,1,1,0.097336
PHASE,131072,16384,256,1,1,0.095715
PHASE,131072,32768,256,1,1,0.097680
PHASE,131072,65536,256,1,1,0.054287
PHASE,131072,1,1,1,1,1.086526
PHASE,131072,2,2,1,1,0.985061
PHASE,131072,4,4,1,1,0.819608
PHASE,131072,8,8,1,1,0.445823
PHASE,131072,16,16,1,1,0.421026
PHASE,131072,32,32,1,1,0.404752
PHASE,131072,64,64,1,1,0.403928
PHASE,131072,128,128,1,1,0.396731
PHASE,131072,256,256,1,1,0.401689
PHASE,131072,512,256,1,1,0.399230
PHASE,131072,1024,256,1,1,0.090015
PHASE,131072,2048,256,1,1,0.091068
PHASE,131072,4096,256,1,1,0.100802
PHASE,131072,8192,256,1,1,0.094054
PHASE,131072,16384,256,1,1,0.100752
PHASE,131072,32768,256,1,1,0.098851
PHASE,131072,65536,256,1,1,0.044123
PHASE,524288,1,1,1,1,4.272748
PHASE,524288,2,2,1,1,3.968494
PHASE,524288,4,4,1,1,3.238089
PHASE,524288,8,8,1,1,3.164807
PHASE,524288,16,16,1,1,1.646303
PHASE,524288,32,32,1,1,1.641040
PHASE,524288,64,64,1,1,1.644129
PHASE,524288,128,128,1,1,1.624227
PHASE,524288,256,256,1,1,1.625769
PHASE,524288,512,256,1,1,1.642436
PHASE,524288,1024,256,1,1,1.624221
PHASE,524288,2048,256,1,1,1.618880
PHASE,524288,4096,256,1,1,0.414047
PHASE,524288,8192,256,1,1,0.437709
PHASE,524288,16384,256,1,1,0.407036
PHASE,524288,32768,256,1,1,0.390626
PHASE,524288,65536,256,1,1,0.384139
PHASE,524288,131072,256,1,1,0.406920
PHASE,524288,262144,256,1,1,0.197550
PHASE,262144,1,1,1,1,2.133284
PHASE,262144,2,2,1,1,1.973249
PHASE,262144,4,4,1,1,1.525012
PHASE,262144,8,8,1,1,0.791202
PHASE,262144,16,16,1,1,0.869052
PHASE,262144,32,32,1,1,0.818047
PHASE,262144,64,64,1,1,0.826875
PHASE,262144,128,128,1,1,0.833465
PHASE,262144,256,256,1,1,0.854216
PHASE,262144,512,256,1,1,0.820411
PHASE,262144,1024,256,1,1,0.802583
PHASE,262144,2048,256,1,1,0.190085
PHASE,262144,4096,256,1,1,0.201225
PHASE,262144,8192,256,1,1,0.199879
PHASE,262144,16384,256,1,1,0.195590
PHASE,262144,32768,256,1,1,0.198975
PHASE,262144,65536,256,1,1,0.202950
PHASE,262144,131072,256,1,1,0.095394
PHASE,131072,1,1,1,1,1.075693
PHASE,131072,2,2,1,1,0.989901
PHASE,131072,4,4,1,1,0.819647
PHASE,131072,8,8,1,1,0.464954
PHASE,131072,16,16,1,1,0.431744
PHASE,131072,32,32,1,1,0.401951
PHASE,131072,64,64,1,1,0.405788
PHASE,131072,128,128,1,1,0.405178
PHASE,131072,256,256,1,1,0.394628
PHASE,131072,512,256,1,1,0.407437
PHASE,131072,1024,256,1,1,0.091006
PHASE,131072,2048,256,1,1,0.090783
PHASE,131072,4096,256,1,1,0.093097
PHASE,131072,8192,256,1,1,0.093735
PHASE,131072,16384,256,1,1,0.093896
PHASE,131072,32768,256,1,1,0.102481
PHASE,131072,65536,256,1,1,0.043851
PHASE,131072,1,1,1,1,1.072634
PHASE,131072,2,2,1,1,0.985660
PHASE,131072,4,4,1,1,0.826183
PHASE,131072,8,8,1,1,0.423762
PHASE,131072,16,16,1,1,0.411588
PHASE,131072,32,32,1,1,0.400305
PHASE,131072,64,64,1,1,0.412431
PHASE,131072,128,128,1,1,0.399099
PHASE,131072,256,256,1,1,0.398156
PHASE,131072,512,256,1,1,0.398242
PHASE,131072,1024,256,1,1,0.090861
PHASE,131072,2048,256,1,1,0.090978
PHASE,131072,4096,256,1,1,0.093496
PHASE,131072,8192,256,1,1,0.094218
PHASE,131072,16384,256,1,1,0.093120
PHASE,131072,32768,256,1,1,0.103575
PHASE,131072,65536,256,1,1,0.045474
PHASE,262144,1,1,1,1,2.143062
PHASE,262144,2,2,1,1,1.980811
PHASE,262144,4,4,1,1,1.600932
PHASE,262144,8,8,1,1,0.838581
PHASE,262144,16,16,1,1,0.828689
PHASE,262144,32,32,1,1,0.831929
PHASE,262144,64,64,1,1,0.883905
PHASE,262144,128,128,1,1,0.832101
PHASE,262144,256,256,1,1,0.798597
PHASE,262144,512,256,1,1,0.805280
PHASE,262144,1024,256,1,1,0.799644
PHASE,262144,2048,256,1,1,0.194978
PHASE,262144,4096,256,1,1,0.203262
PHASE,262144,8192,256,1,1,0.202092
PHASE,262144,16384,256,1,1,0.189339
PHASE,262144,32768,256,1,1,0.195249
PHASE,262144,65536,256,1,1,0.202175
PHASE,262144,131072,256,1,1,0.101310
PHASE,131072,1,1,1,1,1.074920
PHASE,131072,2,2,1,1,0.999566
PHASE,131072,4,4,1,1,0.820063
PHASE,131072,8,8,1,1,0.417307
PHASE,131072,16,16,1,1,0.404578
PHASE,131072,32,32,1,1,0.408115
PHASE,131072,64,64,1,1,0.404881
PHASE,131072,128,128,1,1,0.400140
PHASE,131072,256,256,1,1,0.409647
PHASE,131072,512,256,1,1,0.393818
PHASE,131072,1024,256,1,1,0.089164
PHASE,131072,2048,256,1,1,0.089546
PHASE,131072,4096,256,1,1,0.092711
PHASE,131072,8192,256,1,1,0.100064
PHASE,131072,16384,256,1,1,0.096748
PHASE,131072,32768,256,1,1,0.106198
PHASE,131072,65536,256,1,1,0.044881
PHASE,131072,1,1,1,1,1.067127
PHASE,131072,2,2,1,1,0.983661
PHASE,131072,4,4,1,1,0.834749
PHASE,131072,8,8,1,1,0.431253
PHASE,131072,16,16,1,1,0.421343
PHASE,131072,32,32,1,1,0.405233
PHASE,131072,64,64,1,1,0.405844
PHASE,131072,128,128,1,1,0.406702
PHASE,131072,256,256,1,1,0.402617
PHASE,131072,512,256,1,1,0.398363
PHASE,131072,1024,256,1,1,0.091432
PHASE,131072,2048,256,1,1,0.097609
PHASE,131072,4096,256,1,1,0.096246
PHASE,131072,8192,256,1,1,0.098423
PHASE,131072,16384,256,1,1,0.095503
PHASE,131072,32768,256,1,1,0.097704
PHASE,131072,65536,256,1,1,0.044549
PHASE,1048576,1,1,1,1,8.524561
PHASE,1048576,2,2,1,1,7.902965
PHASE,1048576,4,4,1,1,6.371517
PHASE,1048576,8,8,1,1,6.264372
PHASE,1048576,16,16,1,1,6.233045
PHASE,1048576,32,32,1,1,3.072972
PHASE,1048576,64,64,1,1,3.302910
PHASE,1048576,128,128,1,1,3.095180
PHASE,1048576,256,256,1,1,3.039413
PHASE,1048576,512,256,1,1,3.259000
PHASE,1048576,1024,256,1,1,3.354913
PHASE,1048576,2048,256,1,1,3.286993
PHASE,1048576,4096,256,1,1,3.219617
PHASE,1048576,8192,256,1,1,0.821665
PHASE,1048576,16384,256,1,1,0.822860
PHASE,1048576,32768,256,1,1,0.792045
PHASE,1048576,65536,256,1,1,0.770136
PHASE,1048576,131072,256,1,1,0.776991
PHASE,1048576,262144,256,1,1,0.797543
PHASE,1048576,524288,256,1,1,0.380452
PHASE,524288,1,1,1,1,4.252395
PHASE,524288,2,2,1,1,3.970033
PHASE,524288,4,4,1,1,2.994484
PHASE,524288,8,8,1,1,3.090988
PHASE,524288,16,16,1,1,1.649066
PHASE,524288,32,32,1,1,1.622906
PHASE,524288,64,64,1,1,1.626991
PHASE,524288,128,128,1,1,1.645538
PHASE,524288,256,256,1,1,1.611144
PHASE,524288,512,256,1,1,1.666480
PHASE,524288,1024,256,1,1,1.639086
PHASE,524288,2048,256,1,1,1.590657
PHASE,524288,4096,256,1,1,0.407101
PHASE,524288,8192,256,1,1,0.430440
PHASE,524288,16384,256,1,1,0.397075
PHASE,524288,32768,256,1,1,0.372352
PHASE,524288,65536,256,1,1,0.387223
PHASE,524288,131072,256,1,1,0.407956
PHASE,524288,262144,256,1,1,0.188260
PHASE,262144,1,1,1,1,2.142947
PHASE,262144,2,2,1,1,1.976585
PHASE,262144,4,4,1,1,1.592996
PHASE,262144,8,8,1,1,0.831057
PHASE,262144,16,16,1,1,0.819612
PHASE,262144,32,32,1,1,0.827062
PHASE,262144,64,64,1,1,0.814149
PHASE,262144,128,128,1,1,0.925004
PHASE,262144,256,256,1,1,0.810703
PHASE,262144,512,256,1,1,0.885404
PHASE,262144,1024,256,1,1,0.798241
PHASE,262144,2048,256,1,1,0.197372
PHASE,262144,4096,256,1,1,0.200317
PHASE,262144,8192,256,1,1,0.194774
PHASE,262144,16384,256,1,1,0.190661
PHASE,262144,32768,256,1,1,0.201294
PHASE,262144,65536,256,1,1,0.209101
PHASE,262144,131072,256,1,1,0.096107
PHASE,131072,1,1,1,1,1.073717
PHASE,131072,2,2,1,1,0.989784
PHASE,131072,4,4,1,1,0.832555
PHASE,131072,8,8,1,1,0.445555
PHASE,131072,16,16,1,1,0.433836
PHASE,131072,32,32,1,1,0.401183
PHASE,131072,64,64,1,1,0.407104
PHASE,131072,128,128,1,1,0.407458
PHASE,131072,256,256,1,1,0.394566
PHASE,131072,512,256,1,1,0.409877
PHASE,131072,1024,256,1,1,0.091971
PHASE,131072,2048,256,1,1,0.094810
PHASE,131072,4096,256,1,1,0.095451
PHASE,131072,8192,256,1,1,0.090995
PHASE,131072,16384,256,1,1,0.094043
PHASE,131072,32768,256,1,1,0.099711
PHASE,131072,65536,256,1,1,0.044810
PHASE,131072,1,1,1,1,1.095452
PHASE,131072,2,2,1,1,0.983777
PHASE,131072,4,4,1,1,0.809101
PHASE,131072,8,8,1,1,0.408165
PHASE,131072,16,16,1,1,0.408989
PHASE,131072,32,32,1,1,0.400012
PHASE,131072,64,64,1,1,0.416207
PHASE,131072,128,128,1,1,0.395535
PHASE,131072,256,256,1,1,0.405475
PHASE,131072,512,256,1,1,0.403669
PHASE,131072,1024,256,1,1,0.090462
PHASE,131072,2048,256,1,1,0.094505
PHASE,131072,4096,256,1,1,0.096098
PHASE,131072,8192,256,1,1,0.093076
PHASE,131072,16384,256,1,1,0.095493
PHASE,131072,32768,256,1,1,0.106411
PHASE,131072,65536,256,1,1,0.045900
PHASE,262144,1,1,1,1,2.157179
PHASE,262144,2,2,1,1,2.011106
PHASE,262144,4,4,1,1,1.611875
PHASE,262144,8,8,1,1,0.795911
PHASE,262144,16,16,1,1,0.815475
PHASE,262144,32,32,1,1,0.818584
PHASE,262144,64,64,1,1,0.832646
PHASE,262144,128,128,1,1,0.847758
PHASE,262144,256,256,1,1,0.892377
PHASE,262144,512,256,1,1,0.800392
PHASE,262144,1024,256,1,1,0.804473
PHASE,262144,2048,256,1,1,0.201937
PHASE,262144,4096,256,1,1,0.218040
PHASE,262144,8192,256,1,1,0.198566
PHASE,262144,16384,256,1,1,0.189540
PHASE,262144,32768,256,1,1,0.189455
PHASE,262144,65536,256,1,1,0.208954
PHASE,262144,131072,256,1,1,0.095466
PHASE,131072,1,1,1,1,1.077960
PHASE,131072,2,2,1,1,0.990987
PHASE,131072,4,4,1,1,0.834071
PHASE,131072,8,8,1,1,0.428728
PHASE,131072,16,16,1,1,0.421544
PHASE,131072,32,32,1,1,0.414124
PHASE,131072,64,64,1,1,0.402175
PHASE,131072,128,128,1,1,0.403010
PHASE,131072,256,256,1,1,0.401002
PHASE,131072,512,256,1,1,0.400026
PHASE,131072,1024,256,1,1,0.094023
PHASE,131072,2048,256,1,1,0.096667
PHASE,131072,4096,256,1,1,0.095013
PHASE,131072,8192,256,1,1,0.098307
PHASE,131072,16384,256,1,1,0.096370
PHASE,131072,32768,256,1,1,0.101096
PHASE,131072,65536,256,1,1,0.045681
PHASE,131072,1,1,1,1,1.088263
PHASE,131072,2,2,1,1,0.996445
PHASE,131072,4,4,1,1,0.823285
PHASE,131072,8,8,1,1,0.423952
PHASE,131072,16,16,1,1,0.427771
PHASE,131072,32,32,1,1,0.406495
PHASE,131072,64,64,1,1,0.404786
PHASE,131072,128,128,1,1,0.404625
PHASE,131072,256,256,1,1,0.397292
PHASE,131072,512,256,1,1,0.401638
PHASE,131072,1024,256,1,1,0.092480
PHASE,131072,2048,256,1,1,0.105875
PHASE,131072,4096,256,1,1,0.094900
PHASE,131072,8192,256,1,1,0.095357
PHASE,131072,16384,256,1,1,0.097337
PHASE,131072,32768,256,1,1,0.099167
PHASE,131072,65536,256,1,1,0.045867
PHASE,524288,1,1,1,1,4.330755
PHASE,524288,2,2,1,1,4.023778
PHASE,524288,4,4,1,1,3.257341
PHASE,524288,8,8,1,1,3.163332
PHASE,524288,16,16,1,1,1.649934
PHASE,524288,32,32,1,1,1.644683
PHASE,524288,64,64,1,1,1.631684
PHASE,524288,128,128,1,1,1.638103
PHASE,524288,256,256,1,1,1.628198
PHASE,524288,512,256,1,1,1.642283
PHASE,524288,1024,256,1,1,1.638659
PHASE,524288,2048,256,1,1,1.612214
PHASE,524288,4096,256,1,1,0.413873
PHASE,524288,8192,256,1,1,0.442908
PHASE,524288,16384,256,1,1,0.686522
PHASE,524288,32768,256,1,1,0.603067
PHASE,524288,65536,256,1,1,0.651276
PHASE,524288,131072,256,1,1,0.462822
PHASE,524288,262144,256,1,1,0.195122
PHASE,262144,1,1,1,1,2.150924
PHASE,262144,2,2,1,1,1.998989
PHASE,262144,4,4,1,1,1.609845
PHASE,262144,8,8,1,1,0.827125
PHASE,262144,16,16,1,1,0.817564
PHASE,262144,32,32,1,1,0.822691
PHASE,262144,64,64,1,1,0.899470
PHASE,262144,128,128,1,1,1.050288
PHASE,262144,256,256,1,1,0.816263
PHASE,262144,512,256,1,1,0.829920
PHASE,262144,1024,256,1,1,0.808697
PHASE,262144,2048,256,1,1,0.204523
PHASE,262144,4096,256,1,1,0.208095
PHASE,262144,8192,256,1,1,0.199135
PHASE,262144,16384,256,1,1,0.193887
PHASE,262144,32768,256,1,1,0.195044
PHASE,262144,65536,256,1,1,0.208579
PHASE,262144,131072,256,1,1,0.096689
PHASE,131072,1,1,1,1,1.070868
PHASE,131072,2,2,1,1,0.987233
PHASE,131072,4,4,1,1,0.830077
PHASE,131072,8,8,1,1,0.413312
PHASE,131072,16,16,1,1,0.400276
PHASE,131072,32,32,1,1,0.410830
PHASE,131072,64,64,1,1,0.401425
PHASE,131072,128,128,1,1,0.412021
PHASE,131072,256,256,1,1,0.401562
PHASE,131072,512,256,1,1,0.401962
PHASE,131072,1024,256,1,1,0.093405
PHASE,131072,2048,256,1,1,0.091277
PHASE,131072,4096,256,1,1,0.099040
PHASE,131072,8192,256,1,1,0.093600
PHASE,131072,16384,256,1,1,0.092994
PHASE,131072,32768,256,1,1,0.098288
PHASE,131072,65536,256,1,1,0.043911
PHASE,131072,1,1,1,1,1.077907
PHASE,131072,2,2,1,1,0.987904
PHASE,131072,4,4,1,1,0.830124
PHASE,131072,8,8,1,1,0.409350
PHASE,131072,16,16,1,1,0.388816
PHASE,131072,32,32,1,1,0.406357
PHASE,131072,64,64,1,1,0.400833
PHASE,131072,128,128,1,1,0.406948
PHASE,131072,256,256,1,1,0.396620
PHASE,131072,512,256,1,1,0.403670
PHASE,131072,1024,256,1,1,0.093111
PHASE,131072,2048,256,1,1,0.102488
PHASE,131072,4096,256,1,1,0.094759
PHASE,131072,8192,256,1,1,0.091946
PHASE,131072,16384,256,1,1,0.096619
PHASE,131072,32768,256,1,1,0.099301
PHASE,131072,65536,256,1,1,0.045619
PHASE,262144,1,1,1,1,2.156241
PHASE,262144,2,2,1,1,1.981875
PHASE,262144,4,4,1,1,1.596657
PHASE,262144,8,8,1,1,0.842064
PHASE,262144,16,16,1,1,0.822774
PHASE,262144,32,32,1,1,0.868420
PHASE,262144,64,64,1,1,0.829148
PHASE,262144,128,128,1,1,0.806789
PHASE,262144,256,256,1,1,0.806058
PHASE,262144,512,256,1,1,0.819091
PHASE,262144,1024,256,1,1,0.798074
PHASE,262144,2048,256,1,1,0.190975
PHASE,262144,4096,256,1,1,0.205400
PHASE,262144,8192,256,1,1,0.200297
PHASE,262144,16384,256,1,1,0.186790
PHASE,262144,32768,256,1,1,0.194530
PHASE,262144,65536,256,1,1,0.202071
PHASE,262144,131072,256,1,1,0.094039
PHASE,131072,1,1,1,1,1.124223
PHASE,131072,2,2,1,1,1.007410
PHASE,131072,4,4,1,1,0.828173
PHASE,131072,8,8,1,1,0.404311
PHASE,131072,16,16,1,1,0.424926
PHASE,131072,32,32,1,1,0.403243
PHASE,131072,64,64,1,1,0.413943
PHASE,131072,128,128,1,1,0.404824
PHASE,131072,256,256,1,1,0.396933
PHASE,131072,512,256,1,1,0.406321
PHASE,131072,1024,256,1,1,0.089602
PHASE,131072,2048,256,1,1,0.089575
PHASE,131072,4096,256,1,1,0.094954
PHASE,131072,8192,256,1,1,0.094642
PHASE,131072,16384,256,1,1,0.109309
PHASE,131072,32768,256,1,1,0.099113
PHASE,131072,65536,256,1,1,0.051694
PHASE,131072,1,1,1,1,1.080224
PHASE,131072,2,2,1,1,0.996879
PHASE,131072,4,4,1,1,0.832571
PHASE,131072,8,8,1,1,0.421673
PHASE,131072,16,16,1,1,0.425214
PHASE,131072,32,32,1,1,0.399977
PHASE,131072,64,64,1,1,0.416580
PHASE,131072,128,128,1,1,0.402132
PHASE,131072,256,256,1,1,0.404682
PHASE,131072,512,256,1,1,0.404928
PHASE,131072,1024,256,1,1,0.091162
PHASE,131072,2048,256,1,1,0.095034
PHASE,131072,4096,256,1,1,0.096028
PHASE,131072,8192,256,1,1,0.092665
PHASE,131072,16384,256,1,1,0.100380
PHASE,131072,32768,256,1,1,0.100107
PHASE,131072,65536,256,1,1,0.057835
