PHASE,1048576,1,1,1,1,8.245165
PHASE,1048576,2,2,1,1,7.699052
PHASE,1048576,4,4,1,1,6.613817
PHASE,1048576,8,8,1,1,6.561374
PHASE,1048576,16,16,1,1,6.392991
PHASE,1048576,32,32,1,1,6.377719
PHASE,1048576,64,64,1,1,6.102125
PHASE,1048576,128,128,1,1,6.414562
PHASE,1048576,256,256,1,1,6.366132
PHASE,1048576,512,256,1,1,6.282102
PHASE,1048576,1024,256,1,1,6.513473
PHASE,1048576,2048,256,1,1,6.492264
PHASE,1048576,4096,256,1,1,6.375674
PHASE,1048576,8192,256,1,1,6.469567
PHASE,1048576,16384,256,1,1,6.477256
PHASE,1048576,32768,256,1,1,6.448261
PHASE,1048576,65536,256,1,1,6.496402
PHASE,1048576,131072,256,1,1,6.511102
PHASE,1048576,262144,256,1,1,6.549348
PHASE,1048576,524288,256,1,1,2.074430
PHASE,524288,1,1,1,1,4.108882
PHASE,524288,2,2,1,1,3.857799
PHASE,524288,4,4,1,1,3.273278
PHASE,524288,8,8,1,1,3.279860
PHASE,524288,16,16,1,1,3.256902
PHASE,524288,32,32,1,1,3.207187
PHASE,524288,64,64,1,1,3.218724
PHASE,524288,128,128,1,1,3.203028
PHASE,524288,256,256,1,1,3.246838
PHASE,524288,512,256,1,1,3.148856
PHASE,524288,1024,256,1,1,3.249071
PHASE,524288,2048,256,1,1,3.222645
PHASE,524288,4096,256,1,1,3.228328
PHASE,524288,8192,256,1,1,3.235084
PHASE,524288,16384,256,1,1,3.253184
PHASE,524288,32768,256,1,1,3.199586
PHASE,524288,65536,256,1,1,3.257967
PHASE,524288,131072,256,1,1,3.299108
PHASE,524288,262144,256,1,1,1.048164
PHASE,262144,1,1,1,1,2.062441
PHASE,262144,2,2,1,1,1.925402
PHASE,262144,4,4,1,1,1.662600
PHASE,262144,8,8,1,1,1.634401
PHASE,262144,16,16,1,1,1.545696
PHASE,262144,32,32,1,1,1.587974
PHASE,262144,64,64,1,1,1.602169
PHASE,262144,128,128,1,1,1.601407
PHASE,262144,256,256,1,1,1.625343
PHASE,262144,512,256,1,1,1.624448
PHASE,262144,1024,256,1,1,1.618199
PHASE,262144,2048,256,1,1,1.613716
PHASE,262144,4096,256,1,1,1.626524
PHASE,262144,8192,256,1,1,1.629192
PHASE,262144,16384,256,1,1,1.641530
PHASE,262144,32768,256,1,1,1.633428
PHASE,262144,65536,256,1,1,1.632553
PHASE,262144,131072,256,1,1,0.529482
PHASE,131072,1,1,1,1,1.047304
PHASE,131072,2,2,1,1,0.969337
PHASE,131072,4,4,1,1,0.823585
PHASE,131072,8,8,1,1,0.820284
PHASE,131072,16,16,1,1,0.804545
PHASE,131072,32,32,1,1,0.815315
PHASE,131072,64,64,1,1,0.811827
PHASE,131072,128,128,1,1,0.808450
PHASE,131072,256,256,1,1,0.801437
PHASE,131072,512,256,1,1,0.807794
PHASE,131072,1024,256,1,1,0.807775
PHASE,131072,2048,256,1,1,0.813343
PHASE,131072,4096,256,1,1,0.802970
PHASE,131072,8192,256,1,1,0.813822
PHASE,131072,16384,256,1,1,0.814555
PHASE,131072,32768,256,1,1,0.823191
PHASE,131072,65536,256,1,1,0.258585
PHASE,131072,1,1,1,1,1.030501
PHASE,131072,2,2,1,1,0.953630
PHASE,131072,4,4,1,1,0.792088
PHASE,131072,8,8,1,1,0.818300
PHASE,131072,16,16,1,1,0.802633
PHASE,131072,32,32,1,1,0.811724
PHASE,131072,64,64,1,1,0.806451
PHASE,131072,128,128,1,1,0.809503
PHASE,131072,256,256,1,1,0.809181
PHASE,131072,512,256,1,1,0.810569
PHASE,131072,1024,256,1,1,0.818919
PHASE,131072,2048,256,1,1,0.809280
PHASE,131072,4096,256,1,1,0.804592
PHASE,131072,8192,256,1,1,0.814876
PHASE,131072,16384,256,1,1,0.817027
PHASE,131072,32768,256,1,1,0.823960
PHASE,131072,65536,256,1,1,0.259450
PHASE,262144,1,1,1,1,2.058352
PHASE,262144,2,2,1,1,1.927745
PHASE,262144,4,4,1,1,1.660614
PHASE,262144,8,8,1,1,1.604684
PHASE,262144,16,16,1,1,1.558087
PHASE,262144,32,32,1,1,1.630411
PHASE,262144,64,64,1,1,1.636247
PHASE,262144,128,128,1,1,1.624036
PHASE,262144,256,256,1,1,1.626486
PHASE,262144,512,256,1,1,1.611874
PHASE,262144,1024,256,1,1,1.615701
PHASE,262144,2048,256,1,1,1.612924
PHASE,262144,4096,256,1,1,1.616680
PHASE,262144,8192,256,1,1,1.626018
PHASE,262144,16384,256,1,1,1.628364
PHASE,262144,32768,256,1,1,1.630347
PHASE,262144,65536,256,1,1,1.653140
PHASE,262144,131072,256,1,1,0.514026
PHASE,131072,1,1,1,1,1.030029
PHASE,131072,2,2,1,1,0.962007
PHASE,131072,4,4,1,1,0.829129
PHASE,131072,8,8,1,1,0.822757
PHASE,131072,16,16,1,1,0.813995
PHASE,131072,32,32,1,1,0.805721
PHASE,131072,64,64,1,1,0.808696
PHASE,131072,128,128,1,1,0.813698
PHASE,131072,256,256,1,1,0.810061
PHASE,131072,512,256,1,1,0.811654
PHASE,131072,1024,256,1,1,0.804196
PHASE,131072,2048,256,1,1,0.807626
PHASE,131072,4096,256,1,1,0.812340
PHASE,131072,8192,256,1,1,0.817710
PHASE,131072,16384,256,1,1,0.815877
PHASE,131072,32768,256,1,1,0.830535
PHASE,131072,65536,256,1,1,0.260214
PHASE,131072,1,1,1,1,1.024758
PHASE,131072,2,2,1,1,0.957288
PHASE,131072,4,4,1,1,0.820391
PHASE,131072,8,8,1,1,0.814037
PHASE,131072,16,16,1,1,0.819097
PHASE,131072,32,32,1,1,0.811465
PHASE,131072,64,64,1,1,0.799220
PHASE,131072,128,128,1,1,0.809337
PHASE,131072,256,256,1,1,0.807161
PHASE,131072,512,256,1,1,0.807638
PHASE,131072,1024,256,1,1,0.810773
PHASE,131072,2048,256,1,1,0.813750
PHASE,131072,4096,256,1,1,0.807734
PHASE,131072,8192,256,1,1,0.812294
PHASE,131072,16384,256,1,1,0.819810
PHASE,131072,32768,256,1,1,0.822352
PHASE,131072,65536,256,1,1,0.259478
PHASE,524288,1,1,1,1,4.147374
PHASE,524288,2,2,1,1,3.880984
PHASE,524288,4,4,1,1,3.185455
PHASE,524288,8,8,1,1,3.259622
PHASE,524288,16,16,1,1,3.252333
PHASE,524288,32,32,1,1,3.262034
PHASE,524288,64,64,1,1,3.243929
PHASE,524288,128,128,1,1,3.243526
PHASE,524288,256,256,1,1,3.138599
PHASE,524288,512,256,1,1,3.259160
PHASE,524288,1024,256,1,1,3.230729
PHASE,524288,2048,256,1,1,3.220958
PHASE,524288,4096,256,1,1,3.247745
PHASE,524288,8192,256,1,1,3.259287
PHASE,524288,16384,256,1,1,3.245567
PHASE,524288,32768,256,1,1,3.270739
PHASE,524288,65536,256,1,1,3.270491
PHASE,524288,131072,256,1,1,3.300158
PHASE,524288,262144,256,1,1,1.055860
PHASE,262144,1,1,1,1,2.061251
PHASE,262144,2,2,1,1,1.921869
PHASE,262144,4,4,1,1,1.652436
PHASE,262144,8,8,1,1,1.606623
PHASE,262144,16,16,1,1,1.636370
PHASE,262144,32,32,1,1,1.626293
PHASE,262144,64,64,1,1,1.627826
PHASE,262144,128,128,1,1,1.624567
PHASE,262144,256,256,1,1,1.615021
PHASE,262144,512,256,1,1,1.643835
PHASE,262144,1024,256,1,1,1.622105
PHASE,262144,2048,256,1,1,1.620212
PHASE,262144,4096,256,1,1,1.621038
PHASE,262144,8192,256,1,1,1.634857
PHASE,262144,16384,256,1,1,1.638988
PHASE,262144,32768,256,1,1,1.632654
PHASE,262144,65536,256,1,1,1.611320
PHASE,262144,131072,256,1,1,0.527130
PHASE,131072,1,1,1,1,1.032447
PHASE,131072,2,2,1,1,0.958718
PHASE,131072,4,4,1,1,0.825097
PHASE,131072,8,8,1,1,0.818108
PHASE,131072,16,16,1,1,0.816672
PHASE,131072,32,32,1,1,0.813232
PHASE,131072,64,64,1,1,0.813164
PHASE,131072,128,128,1,1,0.806782
PHASE,131072,256,256,1,1,0.806335
PHASE,131072,512,256,1,1,0.815668
PHASE,131072,1024,256,1,1,0.813068
PHASE,131072,2048,256,1,1,0.816568
PHASE,131072,4096,256,1,1,0.807502
PHASE,131072,8192,256,1,1,0.812586
PHASE,131072,16384,256,1,1,0.816608
PHASE,131072,32768,256,1,1,0.825649
PHASE,131072,65536,256,1,1,0.257167
PHASE,131072,1,1,1,1,1.028646
PHASE,131072,2,2,1,1,0.959345
PHASE,131072,4,4,1,1,0.826807
PHASE,131072,8,8,1,1,0.781529
PHASE,131072,16,16,1,1,0.816959
PHASE,131072,32,32,1,1,0.805702
PHASE,131072,64,64,1,1,0.813765
PHASE,131072,128,128,1,1,0.817102
PHASE,131072,256,256,1,1,0.812166
PHASE,131072,512,256,1,1,0.805435
PHASE,131072,1024,256,1,1,0.811200
PHASE,131072,2048,256,1,1,0.818371
PHASE,131072,4096,256,1,1,0.814036
PHASE,131072,8192,256,1,1,0.816727
PHASE,131072,16384,256,1,1,0.815434
PHASE,131072,32768,256,1,1,0.817010
PHASE,131072,65536,256,1,1,0.273243
PHASE,262144,1,1,1,1,2.050889
PHASE,262144,2,2,1,1,1.934514
PHASE,262144,4,4,1,1,1.658692
PHASE,262144,8,8,1,1,1.638675
PHASE,262144,16,16,1,1,1.606514
PHASE,262144,32,32,1,1,1.625374
PHASE,262144,64,64,1,1,1.623285
PHASE,262144,128,128,1,1,1.633613
PHASE,262144,256,256,1,1,1.616856
PHASE,262144,512,256,1,1,1.619228
PHASE,262144,1024,256,1,1,1.623902
PHASE,262144,2048,256,1,1,1.607004
PHASE,262144,4096,256,1,1,1.616941
PHASE,262144,8192,256,1,1,1.623751
PHASE,262144,16384,256,1,1,1.625200
PHASE,262144,32768,256,1,1,1.643855
PHASE,262144,65536,256,1,1,1.649543
PHASE,262144,131072,256,1,1,0.513206
PHASE,131072,1,1,1,1,1.029211
PHASE,131072,2,2,1,1,0.958401
PHASE,131072,4,4,1,1,0.834009
PHASE,131072,8,8,1,1,0.821970
PHASE,131072,16,16,1,1,0.809764
PHASE,131072,32,32,1,1,0.810361
PHASE,131072,64,64,1,1,0.814899
PHASE,131072,128,128,1,1,0.816626
PHASE,131072,256,256,1,1,0.812864
PHASE,131072,512,256,1,1,0.805379
PHASE,131072,1024,256,1,1,0.812775
PHASE,131072,2048,256,1,1,0.815886
PHASE,131072,4096,256,1,1,0.810612
PHASE,131072,8192,256,1,1,0.814588
PHASE,131072,16384,256,1,1,0.811878
PHASE,131072,32768,256,1,1,0.819574
PHASE,131072,65536,256,1,1,0.263193
PHASE,131072,1,1,1,1,1.035450
PHASE,131072,2,2,1,1,0.960154
PHASE,131072,4,4,1,1,0.822366
PHASE,131072,8,8,1,1,0.822424
PHASE,131072,16,16,1,1,0.820721
PHASE,131072,32,32,1,1,0.812827
PHASE,131072,64,64,1,1,0.807097
PHASE,131072,128,128,1,1,0.808076
PHASE,131072,256,256,1,1,0.807496
PHASE,131072,512,256,1,1,0.808641
PHASE,131072,1024,256,1,1,0.810944
PHASE,131072,2048,256,1,1,0.811548
PHASE,131072,4096,256,1,1,0.804554
PHASE,131072,8192,256,1,1,0.818852
PHASE,131072,16384,256,1,1,0.821923
PHASE,131072,32768,256,1,1,0.826188
PHASE,131072,65536,256,1,1,0.258274
