PHASE,1048576,1,1,1,1,8.324780
PHASE,1048576,2,2,1,1,7.806784
PHASE,1048576,4,4,1,1,6.583939
PHASE,1048576,8,8,1,1,6.581698
PHASE,1048576,16,16,1,1,6.227952
PHASE,1048576,32,32,1,1,3.255921
PHASE,1048576,64,64,1,1,3.399051
PHASE,1048576,128,128,1,1,3.409059
PHASE,1048576,256,256,1,1,3.221988
PHASE,1048576,512,256,1,1,3.478674
PHASE,1048576,1024,256,1,1,3.508350
PHASE,1048576,2048,256,1,1,3.419209
PHASE,1048576,4096,256,1,1,3.289973
PHASE,1048576,8192,256,1,1,3.297587
PHASE,1048576,16384,256,1,1,3.402225
PHASE,1048576,32768,256,1,1,3.386226
PHASE,1048576,65536,256,1,1,3.403623
PHASE,1048576,131072,256,1,1,3.369118
PHASE,1048576,262144,256,1,1,3.381521
PHASE,1048576,524288,256,1,1,1.281665
PHASE,524288,1,1,1,1,4.160224
PHASE,524288,2,2,1,1,3.905672
PHASE,524288,4,4,1,1,3.299726
PHASE,524288,8,8,1,1,3.289733
PHASE,524288,16,16,1,1,1.738992
PHASE,524288,32,32,1,1,1.716227
PHASE,524288,64,64,1,1,1.716961
PHASE,524288,128,128,1,1,1.725185
PHASE,524288,256,256,1,1,1.677051
PHASE,524288,512,256,1,1,1.750517
PHASE,524288,1024,256,1,1,1.714278
PHASE,524288,2048,256,1,1,1.678651
PHASE,524288,4096,256,1,1,1.666435
PHASE,524288,8192,256,1,1,1.692290
PHASE,524288,16384,256,1,1,1.684244
PHASE,524288,32768,256,1,1,1.675464
PHASE,524288,65536,256,1,1,1.684304
PHASE,524288,131072,256,1,1,1.694769
PHASE,524288,262144,256,1,1,0.641730
PHASE,262144,1,1,1,1,2.086022
PHASE,262144,2,2,1,1,1.955392
PHASE,262144,4,4,1,1,1.666277
PHASE,262144,8,8,1,1,0.889754
PHASE,262144,16,16,1,1,0.878204
PHASE,262144,32,32,1,1,0.933195
PHASE,262144,64,64,1,1,0.872322
PHASE,262144,128,128,1,1,0.997599
PHASE,262144,256,256,1,1,0.841701
PHASE,262144,512,256,1,1,0.870481
PHASE,262144,1024,256,1,1,0.847570
PHASE,262144,2048,256,1,1,0.833295
PHASE,262144,4096,256,1,1,0.828726
PHASE,262144,8192,256,1,1,0.854259
PHASE,262144,16384,256,1,1,0.845373
PHASE,262144,32768,256,1,1,0.848714
PHASE,262144,65536,256,1,1,0.850365
PHASE,262144,131072,256,1,1,0.316982
PHASE,131072,1,1,1,1,1.037715
PHASE,131072,2,2,1,1,0.978748
PHASE,131072,4,4,1,1,0.835521
PHASE,131072,8,8,1,1,0.455604
PHASE,131072,16,16,1,1,0.432536
PHASE,131072,32,32,1,1,0.426167
PHASE,131072,64,64,1,1,0.417749
PHASE,131072,128,128,1,1,0.439999
PHASE,131072,256,256,1,1,0.422902
PHASE,131072,512,256,1,1,0.428176
PHASE,131072,1024,256,1,1,0.413416
PHASE,131072,2048,256,1,1,0.423938
PHASE,131072,4096,256,1,1,0.419806
PHASE,131072,8192,256,1,1,0.419037
PHASE,131072,16384,256,1,1,0.425732
PHASE,131072,32768,256,1,1,0.419260
PHASE,131072,65536,256,1,1,0.158966
PHASE,131072,1,1,1,1,1.040259
PHASE,131072,2,2,1,1,0.974508
PHASE,131072,4,4,1,1,0.816904
PHASE,131072,8,8,1,1,0.459673
PHASE,131072,16,16,1,1,0.424406
PHASE,131072,32,32,1,1,0.412551
PHASE,131072,64,64,1,1,0.418385
PHASE,131072,128,128,1,1,0.424935
PHASE,131072,256,256,1,1,0.419871
PHASE,131072,512,256,1,1,0.416326
PHASE,131072,1024,256,1,1,0.423456
PHASE,131072,2048,256,1,1,0.421133
PHASE,131072,4096,256,1,1,0.423612
PHASE,131072,8192,256,1,1,0.424709
PHASE,131072,16384,256,1,1,0.424383
PHASE,131072,32768,256,1,1,0.428277
PHASE,131072,65536,256,1,1,0.156875
PHASE,262144,1,1,1,1,2.090850
PHASE,262144,2,2,1,1,1.955761
PHASE,262144,4,4,1,1,1.662391
PHASE,262144,8,8,1,1,0.883561
PHASE,262144,16,16,1,1,0.973960
PHASE,262144,32,32,1,1,0.854079
PHASE,262144,64,64,1,1,0.979558
PHASE,262144,128,128,1,1,0.847427
PHASE,262144,256,256,1,1,0.835041
PHASE,262144,512,256,1,1,0.836970
PHASE,262144,1024,256,1,1,0.839380
PHASE,262144,2048,256,1,1,0.839659
PHASE,262144,4096,256,1,1,0.834064
PHASE,262144,8192,256,1,1,0.846786
PHASE,262144,16384,256,1,1,0.852731
PHASE,262144,32768,256,1,1,0.847440
PHASE,262144,65536,256,1,1,0.842715
PHASE,262144,131072,256,1,1,0.327873
PHASE,131072,1,1,1,1,1.043287
PHASE,131072,2,2,1,1,0.984278
PHASE,131072,4,4,1,1,0.818909
PHASE,131072,8,8,1,1,0.467569
PHASE,131072,16,16,1,1,0.425870
PHASE,131072,32,32,1,1,0.436365
PHASE,131072,64,64,1,1,0.419100
PHASE,131072,128,128,1,1,0.425598
PHASE,131072,256,256,1,1,0.417630
PHASE,131072,512,256,1,1,0.413644
PHASE,131072,1024,256,1,1,0.425797
PHASE,131072,2048,256,1,1,0.426206
PHASE,131072,4096,256,1,1,0.428696
PHASE,131072,8192,256,1,1,0.417550
PHASE,131072,16384,256,1,1,0.426478
PHASE,131072,32768,256,1,1,0.427030
PHASE,131072,65536,256,1,1,0.161400
PHASE,131072,1,1,1,1,1.048230
PHASE,131072,2,2,1,1,0.974575
PHASE,131072,4,4,1,1,0.835377
PHASE,131072,8,8,1,1,0.452720
PHASE,131072,16,16,1,1,0.436621
PHASE,131072,32,32,1,1,0.420704
PHASE,131072,64,64,1,1,0.422723
PHASE,131072,128,128,1,1,0.431550
PHASE,131072,256,256,1,1,0.414482
PHASE,131072,512,256,1,1,0.427302
PHASE,131072,1024,256,1,1,0.420664
PHASE,131072,2048,256,1,1,0.440563
PHASE,131072,4096,256,1,1,0.417394
PHASE,131072,8192,256,1,1,0.422886
PHASE,131072,16384,256,1,1,0.429822
PHASE,131072,32768,256,1,1,0.420351
PHASE,131072,65536,256,1,1,0.163251
PHASE,524288,1,1,1,1,4.201034
PHASE,524288,2,2,1,1,3.974011
PHASE,524288,4,4,1,1,3.308871
PHASE,524288,8,8,1,1,3.284427
PHASE,524288,16,16,1,1,1.724601
PHASE,524288,32,32,1,1,1.716330
PHASE,524288,64,64,1,1,1.718004
PHASE,524288,128,128,1,1,1.719657
PHASE,524288,256,256,1,1,1.616801
PHASE,524288,512,256,1,1,1.759805
PHASE,524288,1024,256,1,1,1.705856
PHASE,524288,2048,256,1,1,1.682396
PHASE,524288,4096,256,1,1,1.685766
PHASE,524288,8192,256,1,1,1.696926
PHASE,524288,16384,256,1,1,1.688520
PHASE,524288,32768,256,1,1,1.693617
PHASE,524288,65536,256,1,1,1.699419
PHASE,524288,131072,256,1,1,1.711684
PHASE,524288,262144,256,1,1,0.641451
PHASE,262144,1,1,1,1,2.093406
PHASE,262144,2,2,1,1,1.964214
PHASE,262144,4,4,1,1,1.668995
PHASE,262144,8,8,1,1,0.870357
PHASE,262144,16,16,1,1,0.917702
PHASE,262144,32,32,1,1,0.922842
PHASE,262144,64,64,1,1,0.855721
PHASE,262144,128,128,1,1,0.878898
PHASE,262144,256,256,1,1,0.874166
PHASE,262144,512,256,1,1,0.872269
PHASE,262144,1024,256,1,1,0.849244
PHASE,262144,2048,256,1,1,0.839174
PHASE,262144,4096,256,1,1,0.837986
PHASE,262144,8192,256,1,1,0.852585
PHASE,262144,16384,256,1,1,0.847967
PHASE,262144,32768,256,1,1,0.850174
PHASE,262144,65536,256,1,1,0.858097
PHASE,262144,131072,256,1,1,0.314285
PHASE,131072,1,1,1,1,1.048192
PHASE,131072,2,2,1,1,0.979874
PHASE,131072,4,4,1,1,0.829618
PHASE,131072,8,8,1,1,0.468041
PHASE,131072,16,16,1,1,0.423848
PHASE,131072,32,32,1,1,0.427669
PHASE,131072,64,64,1,1,0.422352
PHASE,131072,128,128,1,1,0.420045
PHASE,131072,256,256,1,1,0.425436
PHASE,131072,512,256,1,1,0.416211
PHASE,131072,1024,256,1,1,0.423485
PHASE,131072,2048,256,1,1,0.426028
PHASE,131072,4096,256,1,1,0.420255
PHASE,131072,8192,256,1,1,0.426757
PHASE,131072,16384,256,1,1,0.416833
PHASE,131072,32768,256,1,1,0.433048
PHASE,131072,65536,256,1,1,0.162418
PHASE,131072,1,1,1,1,1.048269
PHASE,131072,2,2,1,1,0.972404
PHASE,131072,4,4,1,1,0.820293
PHASE,131072,8,8,1,1,0.431360
PHASE,131072,16,16,1,1,0.422565
PHASE,131072,32,32,1,1,0.435932
PHASE,131072,64,64,1,1,0.418635
PHASE,131072,128,128,1,1,0.431270
PHASE,131072,256,256,1,1,0.414165
PHASE,131072,512,256,1,1,0.420009
PHASE,131072,1024,256,1,1,0.423985
PHASE,131072,2048,256,1,1,0.426254
PHASE,131072,4096,256,1,1,0.430306
PHASE,131072,8192,256,1,1,0.420632
PHASE,131072,16384,256,1,1,0.431418
PHASE,131072,32768,256,1,1,0.422818
PHASE,131072,65536,256,1,1,0.155127
PHASE,262144,1,1,1,1,2.089292
PHASE,262144,2,2,1,1,1.975006
PHASE,262144,4,4,1,1,1.649828
PHASE,262144,8,8,1,1,0.880864
PHASE,262144,16,16,1,1,0.932855
PHASE,262144,32,32,1,1,0.873926
PHASE,262144,64,64,1,1,0.863526
PHASE,262144,128,128,1,1,0.933280
PHASE,262144,256,256,1,1,0.891683
PHASE,262144,512,256,1,1,0.858698
PHASE,262144,1024,256,1,1,0.845893
PHASE,262144,2048,256,1,1,0.842912
PHASE,262144,4096,256,1,1,0.844161
PHASE,262144,8192,256,1,1,0.847732
PHASE,262144,16384,256,1,1,0.851444
PHASE,262144,32768,256,1,1,0.864476
PHASE,262144,65536,256,1,1,0.851886
PHASE,262144,131072,256,1,1,0.324191
PHASE,131072,1,1,1,1,1.043752
PHASE,131072,2,2,1,1,0.975925
PHASE,131072,4,4,1,1,0.821026
PHASE,131072,8,8,1,1,0.453727
PHASE,131072,16,16,1,1,0.433292
PHASE,131072,32,32,1,1,0.431881
PHASE,131072,64,64,1,1,0.415987
PHASE,131072,128,128,1,1,0.434807
PHASE,131072,256,256,1,1,0.413448
PHASE,131072,512,256,1,1,0.422572
PHASE,131072,1024,256,1,1,0.424818
PHASE,131072,2048,256,1,1,0.431077
PHASE,131072,4096,256,1,1,0.428649
PHASE,131072,8192,256,1,1,0.419366
PHASE,131072,16384,256,1,1,0.429086
PHASE,131072,32768,256,1,1,0.421748
PHASE,131072,65536,256,1,1,0.159910
PHASE,131072,1,1,1,1,1.045094
PHASE,131072,2,2,1,1,1.052181
PHASE,131072,4,4,1,1,0.827841
PHASE,131072,8,8,1,1,0.546377
PHASE,131072,16,16,1,1,0.427487
PHASE,131072,32,32,1,1,0.420351
PHASE,131072,64,64,1,1,0.427526
PHASE,131072,128,128,1,1,0.417675
PHASE,131072,256,256,1,1,0.425650
PHASE,131072,512,256,1,1,0.415624
PHASE,131072,1024,256,1,1,0.423826
PHASE,131072,2048,256,1,1,0.428596
PHASE,131072,4096,256,1,1,0.418150
PHASE,131072,8192,256,1,1,0.434430
PHASE,131072,16384,256,1,1,0.421477
PHASE,131072,32768,256,1,1,0.433625
PHASE,131072,65536,256,1,1,0.157944
PHASE,1048576,1,1,1,1,8.355053
PHASE,1048576,2,2,1,1,7.817807
PHASE,1048576,4,4,1,1,6.643755
PHASE,1048576,8,8,1,1,6.628161
PHASE,1048576,16,16,1,1,6.204635
PHASE,1048576,32,32,1,1,3.242498
PHASE,1048576,64,64,1,1,3.251892
PHASE,1048576,128,128,1,1,3.434274
PHASE,1048576,256,256,1,1,3.376623
PHASE,1048576,512,256,1,1,3.426805
PHASE,1048576,1024,256,1,1,3.505777
PHASE,1048576,2048,256,1,1,3.507070
PHASE,1048576,4096,256,1,1,3.377645
PHASE,1048576,8192,256,1,1,3.407008
PHASE,1048576,16384,256,1,1,3.393801
PHASE,1048576,32768,256,1,1,3.356114
PHASE,1048576,65536,256,1,1,3.376328
PHASE,1048576,131072,256,1,1,3.361514
PHASE,1048576,262144,256,1,1,3.386691
PHASE,1048576,524288,256,1,1,1.299044
PHASE,524288,1,1,1,1,4.179774
PHASE,524288,2,2,1,1,3.932119
PHASE,524288,4,4,1,1,3.298942
PHASE,524288,8,8,1,1,3.285348
PHASE,524288,16,16,1,1,1.738850
PHASE,524288,32,32,1,1,1.730107
PHASE,524288,64,64,1,1,1.756594
PHASE,524288,128,128,1,1,1.649501
PHASE,524288,256,256,1,1,1.700831
PHASE,524288,512,256,1,1,1.728143
PHASE,524288,1024,256,1,1,1.710768
PHASE,524288,2048,256,1,1,1.685074
PHASE,524288,4096,256,1,1,1.683387
PHASE,524288,8192,256,1,1,1.697560
PHASE,524288,16384,256,1,1,1.695827
PHASE,524288,32768,256,1,1,1.690164
PHASE,524288,65536,256,1,1,1.703145
PHASE,524288,131072,256,1,1,1.686780
PHASE,524288,262144,256,1,1,0.651832
PHASE,262144,1,1,1,1,2.084347
PHASE,262144,2,2,1,1,1.950613
PHASE,262144,4,4,1,1,1.678086
PHASE,262144,8,8,1,1,0.910349
PHASE,262144,16,16,1,1,0.850561
PHASE,262144,32,32,1,1,0.877557
PHASE,262144,64,64,1,1,0.859239
PHASE,262144,128,128,1,1,0.907869
PHASE,262144,256,256,1,1,0.865607
PHASE,262144,512,256,1,1,0.933116
PHASE,262144,1024,256,1,1,0.838587
PHASE,262144,2048,256,1,1,0.837078
PHASE,262144,4096,256,1,1,0.833227
PHASE,262144,8192,256,1,1,0.840486
PHASE,262144,16384,256,1,1,0.853383
PHASE,262144,32768,256,1,1,0.845387
PHASE,262144,65536,256,1,1,0.852157
PHASE,262144,131072,256,1,1,0.318062
PHASE,131072,1,1,1,1,1.043964
PHASE,131072,2,2,1,1,0.978661
PHASE,131072,4,4,1,1,0.837722
PHASE,131072,8,8,1,1,0.456240
PHASE,131072,16,16,1,1,0.422948
PHASE,131072,32,32,1,1,0.431533
PHASE,131072,64,64,1,1,0.419983
PHASE,131072,128,128,1,1,0.431142
PHASE,131072,256,256,1,1,0.416630
PHASE,131072,512,256,1,1,0.421409
PHASE,131072,1024,256,1,1,0.423054
PHASE,131072,2048,256,1,1,0.420806
PHASE,131072,4096,256,1,1,0.427709
PHASE,131072,8192,256,1,1,0.418561
PHASE,131072,16384,256,1,1,0.425426
PHASE,131072,32768,256,1,1,0.423404
PHASE,131072,65536,256,1,1,0.157595
PHASE,131072,1,1,1,1,1.054016
PHASE,131072,2,2,1,1,0.980341
PHASE,131072,4,4,1,1,0.824615
PHASE,131072,8,8,1,1,0.437132
PHASE,131072,16,16,1,1,0.434517
PHASE,131072,32,32,1,1,0.419416
PHASE,131072,64,64,1,1,0.433064
PHASE,131072,128,128,1,1,0.415861
PHASE,131072,256,256,1,1,0.417057
PHASE,131072,512,256,1,1,0.421606
PHASE,131072,1024,256,1,1,0.417618
PHASE,131072,2048,256,1,1,0.431758
PHASE,131072,4096,256,1,1,0.422435
PHASE,131072,8192,256,1,1,0.420806
PHASE,131072,16384,256,1,1,0.423041
PHASE,131072,32768,256,1,1,0.416736
PHASE,131072,65536,256,1,1,0.164782
PHASE,262144,1,1,1,1,2.105038
PHASE,262144,2,2,1,1,1.971440
PHASE,262144,4,4,1,1,1.626414
PHASE,262144,8,8,1,1,0.893448
PHASE,262144,16,16,1,1,0.852846
PHASE,262144,32,32,1,1,0.873853
PHASE,262144,64,64,1,1,0.876956
PHASE,262144,128,128,1,1,0.971594
PHASE,262144,256,256,1,1,0.866011
PHASE,262144,512,256,1,1,0.844037
PHASE,262144,1024,256,1,1,0.845352
PHASE,262144,2048,256,1,1,0.831068
PHASE,262144,4096,256,1,1,0.845912
PHASE,262144,8192,256,1,1,0.849830
PHASE,262144,16384,256,1,1,0.844692
PHASE,262144,32768,256,1,1,0.852095
PHASE,262144,65536,256,1,1,0.863645
PHASE,262144,131072,256,1,1,0.322037
PHASE,131072,1,1,1,1,1.051521
PHASE,131072,2,2,1,1,0.981279
PHASE,131072,4,4,1,1,0.833653
PHASE,131072,8,8,1,1,0.451716
PHASE,131072,16,16,1,1,0.435303
PHASE,131072,32,32,1,1,0.420418
PHASE,131072,64,64,1,1,0.433162
PHASE,131072,128,128,1,1,0.418707
PHASE,131072,256,256,1,1,0.420606
PHASE,131072,512,256,1,1,0.422686
PHASE,131072,1024,256,1,1,0.419992
PHASE,131072,2048,256,1,1,0.434150
PHASE,131072,4096,256,1,1,0.418965
PHASE,131072,8192,256,1,1,0.439684
PHASE,131072,16384,256,1,1,0.419785
PHASE,131072,32768,256,1,1,0.433776
PHASE,131072,65536,256,1,1,0.162785
PHASE,131072,1,1,1,1,1.046070
PHASE,131072,2,2,1,1,0.970091
PHASE,131072,4,4,1,1,0.821952
PHASE,131072,8,8,1,1,0.543909
PHASE,131072,16,16,1,1,0.424946
PHASE,131072,32,32,1,1,0.431421
PHASE,131072,64,64,1,1,0.420383
PHASE,131072,128,128,1,1,0.421256
PHASE,131072,256,256,1,1,0.422114
PHASE,131072,512,256,1,1,0.416326
PHASE,131072,1024,256,1,1,0.427883
PHASE,131072,2048,256,1,1,0.426254
PHASE,131072,4096,256,1,1,0.430522
PHASE,131072,8192,256,1,1,0.418319
PHASE,131072,16384,256,1,1,0.421280
PHASE,131072,32768,256,1,1,0.434112
PHASE,131072,65536,256,1,1,0.160163
PHASE,524288,1,1,1,1,4.195340
PHASE,524288,2,2,1,1,3.965640
PHASE,524288,4,4,1,1,3.301821
PHASE,524288,8,8,1,1,3.285499
PHASE,524288,16,16,1,1,1.747201
PHASE,524288,32,32,1,1,1.730232
PHASE,524288,64,64,1,1,1.729333
PHASE,524288,128,128,1,1,1.742632
PHASE,524288,256,256,1,1,1.682260
PHASE,524288,512,256,1,1,1.814131
PHASE,524288,1024,256,1,1,1.726730
PHASE,524288,2048,256,1,1,1.686663
PHASE,524288,4096,256,1,1,1.699319
PHASE,524288,8192,256,1,1,1.719984
PHASE,524288,16384,256,1,1,1.688768
PHASE,524288,32768,256,1,1,1.686332
PHASE,524288,65536,256,1,1,1.691934
PHASE,524288,131072,256,1,1,1.684526
PHASE,524288,262144,256,1,1,0.662178
PHASE,262144,1,1,1,1,2.095017
PHASE,262144,2,2,1,1,1.967893
PHASE,262144,4,4,1,1,1.664781
PHASE,262144,8,8,1,1,0.881801
PHASE,262144,16,16,1,1,0.874588
PHASE,262144,32,32,1,1,0.874051
PHASE,262144,64,64,1,1,0.891306
PHASE,262144,128,128,1,1,0.858842
PHASE,262144,256,256,1,1,0.843698
PHASE,262144,512,256,1,1,0.846911
PHASE,262144,1024,256,1,1,0.845747
PHASE,262144,2048,256,1,1,0.844915
PHASE,262144,4096,256,1,1,0.850903
PHASE,262144,8192,256,1,1,0.864985
PHASE,262144,16384,256,1,1,0.859416
PHASE,262144,32768,256,1,1,0.854199
PHASE,262144,65536,256,1,1,0.862231
PHASE,262144,131072,256,1,1,0.320959
PHASE,131072,1,1,1,1,1.060404
PHASE,131072,2,2,1,1,0.988409
PHASE,131072,4,4,1,1,0.837477
PHASE,131072,8,8,1,1,0.455961
PHASE,131072,16,16,1,1,0.437963
PHASE,131072,32,32,1,1,0.424605
PHASE,131072,64,64,1,1,0.427757
PHASE,131072,128,128,1,1,0.423637
PHASE,131072,256,256,1,1,0.414695
PHASE,131072,512,256,1,1,0.424326
PHASE,131072,1024,256,1,1,0.413395
PHASE,131072,2048,256,1,1,0.431435
PHASE,131072,4096,256,1,1,0.415763
PHASE,131072,8192,256,1,1,0.419684
PHASE,131072,16384,256,1,1,0.427680
PHASE,131072,32768,256,1,1,0.417371
PHASE,131072,65536,256,1,1,0.174387
PHASE,131072,1,1,1,1,1.049111
PHASE,131072,2,2,1,1,0.976078
PHASE,131072,4,4,1,1,0.821797
PHASE,131072,8,8,1,1,0.465192
PHASE,131072,16,16,1,1,0.426779
PHASE,131072,32,32,1,1,0.420558
PHASE,131072,64,64,1,1,0.430778
PHASE,131072,128,128,1,1,0.413662
PHASE,131072,256,256,1,1,0.425229
PHASE,131072,512,256,1,1,0.416379
PHASE,131072,1024,256,1,1,0.426646
PHASE,131072,2048,256,1,1,0.423440
PHASE,131072,4096,256,1,1,0.420936
PHASE,131072,8192,256,1,1,0.436432
PHASE,131072,16384,256,1,1,0.416173
PHASE,131072,32768,256,1,1,0.431723
PHASE,131072,65536,256,1,1,0.161365
PHASE,262144,1,1,1,1,2.093196
PHASE,262144,2,2,1,1,1.951831
PHASE,262144,4,4,1,1,1.669173
PHASE,262144,8,8,1,1,0.894292
PHASE,262144,16,16,1,1,1.057152
PHASE,262144,32,32,1,1,0.855174
PHASE,262144,64,64,1,1,0.861310
PHASE,262144,128,128,1,1,0.867705
PHASE,262144,256,256,1,1,0.842098
PHASE,262144,512,256,1,1,0.914280
PHASE,262144,1024,256,1,1,0.839014
PHASE,262144,2048,256,1,1,0.838863
PHASE,262144,4096,256,1,1,0.843404
PHASE,262144,8192,256,1,1,0.850488
PHASE,262144,16384,256,1,1,0.843653
PHASE,262144,32768,256,1,1,0.838799
PHASE,262144,65536,256,1,1,0.854728
PHASE,262144,131072,256,1,1,0.329034
PHASE,131072,1,1,1,1,1.043841
PHASE,131072,2,2,1,1,0.975109
PHASE,131072,4,4,1,1,0.823520
PHASE,131072,8,8,1,1,0.464860
PHASE,131072,16,16,1,1,0.421848
PHASE,131072,32,32,1,1,0.426316
PHASE,131072,64,64,1,1,0.424767
PHASE,131072,128,128,1,1,0.415868
PHASE,131072,256,256,1,1,0.423339
PHASE,131072,512,256,1,1,0.415745
PHASE,131072,1024,256,1,1,0.427801
PHASE,131072,2048,256,1,1,0.420652
PHASE,131072,4096,256,1,1,0.426400
PHASE,131072,8192,256,1,1,0.423519
PHASE,131072,16384,256,1,1,0.420525
PHASE,131072,32768,256,1,1,0.436272
PHASE,131072,65536,256,1,1,0.158980
PHASE,131072,1,1,1,1,1.067642
PHASE,131072,2,2,1,1,0.973452
PHASE,131072,4,4,1,1,0.836748
PHASE,131072,8,8,1,1,0.457096
PHASE,131072,16,16,1,1,0.425409
PHASE,131072,32,32,1,1,0.432157
PHASE,131072,64,64,1,1,0.399365
PHASE,131072,128,128,1,1,0.403597
PHASE,131072,256,256,1,1,0.416680
PHASE,131072,512,256,1,1,0.419113
PHASE,131072,1024,256,1,1,0.419741
PHASE,131072,2048,256,1,1,0.419867
PHASE,131072,4096,256,1,1,0.431400
PHASE,131072,8192,256,1,1,0.418251
PHASE,131072,16384,256,1,1,0.424716
PHASE,131072,32768,256,1,1,0.420297
PHASE,131072,65536,256,1,1,0.160620
PHASE,1048576,1,1,1,1,8.419654
PHASE,1048576,2,2,1,1,7.887354
PHASE,1048576,4,4,1,1,6.706457
PHASE,1048576,8,8,1,1,6.623270
PHASE,1048576,16,16,1,1,6.252383
PHASE,1048576,32,32,1,1,3.869881
PHASE,1048576,64,64,1,1,3.531837
PHASE,1048576,128,128,1,1,3.383434
PHASE,1048576,256,256,1,1,3.402127
PHASE,1048576,512,256,1,1,3.427127
PHASE,1048576,1024,256,1,1,3.548459
PHASE,1048576,2048,256,1,1,3.546113
PHASE,1048576,4096,256,1,1,3.429141
PHASE,1048576,8192,256,1,1,3.408844
PHASE,1048576,16384,256,1,1,3.455886
PHASE,1048576,32768,256,1,1,3.405108
PHASE,1048576,65536,256,1,1,3.426840
PHASE,1048576,131072,256,1,1,3.389548
PHASE,1048576,262144,256,1,1,3.408876
PHASE,1048576,524288,256,1,1,1.313819
PHASE,524288,1,1,1,1,4.225662
PHASE,524288,2,2,1,1,3.955531
PHASE,524288,4,4,1,1,3.301364
PHASE,524288,8,8,1,1,3.304177
PHASE,524288,16,16,1,1,1.758840
PHASE,524288,32,32,1,1,1.724412
PHASE,524288,64,64,1,1,1.657769
PHASE,524288,128,128,1,1,1.760099
PHASE,524288,256,256,1,1,1.675098
PHASE,524288,512,256,1,1,1.724876
PHASE,524288,1024,256,1,1,1.746089
PHASE,524288,2048,256,1,1,1.701049
PHASE,524288,4096,256,1,1,1.696218
PHASE,524288,8192,256,1,1,1.715625
PHASE,524288,16384,256,1,1,1.717305
PHASE,524288,32768,256,1,1,1.698416
PHASE,524288,65536,256,1,1,1.710644
PHASE,524288,131072,256,1,1,1.718397
PHASE,524288,262144,256,1,1,0.644361
PHASE,262144,1,1,1,1,2.111051
PHASE,262144,2,2,1,1,1.965511
PHASE,262144,4,4,1,1,1.657806
PHASE,262144,8,8,1,1,0.893613
PHASE,262144,16,16,1,1,0.962975
PHASE,262144,32,32,1,1,0.883256
PHASE,262144,64,64,1,1,0.887940
PHASE,262144,128,128,1,1,0.907652
PHASE,262144,256,256,1,1,0.859321
PHASE,262144,512,256,1,1,0.852888
PHASE,262144,1024,256,1,1,0.846083
PHASE,262144,2048,256,1,1,0.840662
PHASE,262144,4096,256,1,1,0.841976
PHASE,262144,8192,256,1,1,0.864492
PHASE,262144,16384,256,1,1,0.851751
PHASE,262144,32768,256,1,1,0.854515
PHASE,262144,65536,256,1,1,0.859122
PHASE,262144,131072,256,1,1,0.317858
PHASE,131072,1,1,1,1,1.057002
PHASE,131072,2,2,1,1,0.982829
PHASE,131072,4,4,1,1,0.838064
PHASE,131072,8,8,1,1,0.452230
PHASE,131072,16,16,1,1,0.439677
PHASE,131072,32,32,1,1,0.420268
PHASE,131072,64,64,1,1,0.436693
PHASE,131072,128,128,1,1,0.417622
PHASE,131072,256,256,1,1,0.413885
PHASE,131072,512,256,1,1,0.426341
PHASE,131072,1024,256,1,1,0.418716
PHASE,131072,2048,256,1,1,0.437560
PHASE,131072,4096,256,1,1,0.421852
PHASE,131072,8192,256,1,1,0.428282
PHASE,131072,16384,256,1,1,0.422163
PHASE,131072,32768,256,1,1,0.424896
PHASE,131072,65536,256,1,1,0.171124
PHASE,131072,1,1,1,1,1.081436
PHASE,131072,2,2,1,1,0.984888
PHASE,131072,4,4,1,1,0.822653
PHASE,131072,8,8,1,1,0.492248
PHASE,131072,16,16,1,1,0.426372
PHASE,131072,32,32,1,1,0.433484
PHASE,131072,64,64,1,1,0.421527
PHASE,131072,128,128,1,1,0.433520
PHASE,131072,256,256,1,1,0.428128
PHASE,131072,512,256,1,1,0.422932
PHASE,131072,1024,256,1,1,0.426524
PHASE,131072,2048,256,1,1,0.421692
PHASE,131072,4096,256,1,1,0.436230
PHASE,131072,8192,256,1,1,0.417207
PHASE,131072,16384,256,1,1,0.426826
PHASE,131072,32768,256,1,1,0.426039
PHASE,131072,65536,256,1,1,0.164398
PHASE,262144,1,1,1,1,2.124196
PHASE,262144,2,2,1,1,1.976287
PHASE,262144,4,4,1,1,1.659789
PHASE,262144,8,8,1,1,0.897469
PHASE,262144,16,16,1,1,0.980621
PHASE,262144,32,32,1,1,0.943756
PHASE,262144,64,64,1,1,0.855081
PHASE,262144,128,128,1,1,0.912284
PHASE,262144,256,256,1,1,0.857591
PHASE,262144,512,256,1,1,0.840884
PHASE,262144,1024,256,1,1,0.832854
PHASE,262144,2048,256,1,1,0.835187
PHASE,262144,4096,256,1,1,0.850369
PHASE,262144,8192,256,1,1,0.852478
PHASE,262144,16384,256,1,1,0.847165
PHASE,262144,32768,256,1,1,0.851638
PHASE,262144,65536,256,1,1,0.850499
PHASE,262144,131072,256,1,1,0.329779
PHASE,131072,1,1,1,1,1.059795
PHASE,131072,2,2,1,1,0.986566
PHASE,131072,4,4,1,1,0.831619
PHASE,131072,8,8,1,1,0.453389
PHASE,131072,16,16,1,1,0.431839
PHASE,131072,32,32,1,1,0.425906
PHASE,131072,64,64,1,1,0.420930
PHASE,131072,128,128,1,1,0.429196
PHASE,131072,256,256,1,1,0.414666
PHASE,131072,512,256,1,1,0.430883
PHASE,131072,1024,256,1,1,0.421674
PHASE,131072,2048,256,1,1,0.430700
PHASE,131072,4096,256,1,1,0.424599
PHASE,131072,8192,256,1,1,0.418006
PHASE,131072,16384,256,1,1,0.437356
PHASE,131072,32768,256,1,1,0.424221
PHASE,131072,65536,256,1,1,0.157992
PHASE,131072,1,1,1,1,1.074340
PHASE,131072,2,2,1,1,0.981692
PHASE,131072,4,4,1,1,0.797642
PHASE,131072,8,8,1,1,0.468391
PHASE,131072,16,16,1,1,0.428850
PHASE,131072,32,32,1,1,0.419714
PHASE,131072,64,64,1,1,0.434302
PHASE,131072,128,128,1,1,0.417298
PHASE,131072,256,256,1,1,0.427851
PHASE,131072,512,256,1,1,0.416838
PHASE,131072,1024,256,1,1,0.427193
PHASE,131072,2048,256,1,1,0.424782
PHASE,131072,4096,256,1,1,0.422473
PHASE,131072,8192,256,1,1,0.431609
PHASE,131072,16384,256,1,1,0.417407
PHASE,131072,32768,256,1,1,0.431055
PHASE,131072,65536,256,1,1,0.162116
PHASE,524288,1,1,1,1,4.234223
PHASE,524288,2,2,1,1,4.003357
PHASE,524288,4,4,1,1,3.325139
PHASE,524288,8,8,1,1,3.285141
PHASE,524288,16,16,1,1,1.778540
PHASE,524288,32,32,1,1,1.735094
PHASE,524288,64,64,1,1,1.721226
PHASE,524288,128,128,1,1,1.740220
PHASE,524288,256,256,1,1,1.708392
PHASE,524288,512,256,1,1,1.719102
PHASE,524288,1024,256,1,1,1.723907
PHASE,524288,2048,256,1,1,1.694410
PHASE,524288,4096,256,1,1,1.722248
PHASE,524288,8192,256,1,1,1.734698
PHASE,524288,16384,256,1,1,1.705361
PHASE,524288,32768,256,1,1,1.706385
PHASE,524288,65536,256,1,1,1.697772
PHASE,524288,131072,256,1,1,1.694458
PHASE,524288,262144,256,1,1,0.655539
PHASE,262144,1,1,1,1,2.104483
PHASE,262144,2,2,1,1,1.974657
PHASE,262144,4,4,1,1,1.666531
PHASE,262144,8,8,1,1,0.878942
PHASE,262144,16,16,1,1,0.861835
PHASE,262144,32,32,1,1,0.938205
PHASE,262144,64,64,1,1,0.895787
PHASE,262144,128,128,1,1,0.887575
PHASE,262144,256,256,1,1,0.835671
PHASE,262144,512,256,1,1,0.854809
PHASE,262144,1024,256,1,1,0.844590
PHASE,262144,2048,256,1,1,0.833041
PHASE,262144,4096,256,1,1,0.848254
PHASE,262144,8192,256,1,1,0.854435
PHASE,262144,16384,256,1,1,0.851573
PHASE,262144,32768,256,1,1,0.849079
PHASE,262144,65536,256,1,1,0.860782
PHASE,262144,131072,256,1,1,0.318265
PHASE,131072,1,1,1,1,1.060594
PHASE,131072,2,2,1,1,0.982189
PHASE,131072,4,4,1,1,0.830266
PHASE,131072,8,8,1,1,0.454426
PHASE,131072,16,16,1,1,0.437284
PHASE,131072,32,32,1,1,0.418688
PHASE,131072,64,64,1,1,0.434729
PHASE,131072,128,128,1,1,0.422649
PHASE,131072,256,256,1,1,0.417482
PHASE,131072,512,256,1,1,0.427502
PHASE,131072,1024,256,1,1,0.418057
PHASE,131072,2048,256,1,1,0.437575
PHASE,131072,4096,256,1,1,0.416358
PHASE,131072,8192,256,1,1,0.423965
PHASE,131072,16384,256,1,1,0.424700
PHASE,131072,32768,256,1,1,0.419073
PHASE,131072,65536,256,1,1,0.171132
PHASE,131072,1,1,1,1,1.056981
PHASE,131072,2,2,1,1,0.980494
PHASE,131072,4,4,1,1,0.811527
PHASE,131072,8,8,1,1,0.465475
PHASE,131072,16,16,1,1,0.430515
PHASE,131072,32,32,1,1,0.397906
PHASE,131072,64,64,1,1,0.432646
PHASE,131072,128,128,1,1,0.423846
PHASE,131072,256,256,1,1,0.433613
PHASE,131072,512,256,1,1,0.421919
PHASE,131072,1024,256,1,1,0.424405
PHASE,131072,2048,256,1,1,0.424856
PHASE,131072,4096,256,1,1,0.421859
PHASE,131072,8192,256,1,1,0.428575
PHASE,131072,16384,256,1,1,0.421095
PHASE,131072,32768,256,1,1,0.437974
PHASE,131072,65536,256,1,1,0.161934
PHASE,262144,1,1,1,1,2.102498
PHASE,262144,2,2,1,1,1.954433
PHASE,262144,4,4,1,1,1.668785
PHASE,262144,8,8,1,1,0.897481
PHASE,262144,16,16,1,1,0.970369
PHASE,262144,32,32,1,1,0.860522
PHASE,262144,64,64,1,1,0.851628
PHASE,262144,128,128,1,1,0.852534
PHASE,262144,256,256,1,1,0.861284
PHASE,262144,512,256,1,1,0.850944
PHASE,262144,1024,256,1,1,0.845339
PHASE,262144,2048,256,1,1,0.843254
PHASE,262144,4096,256,1,1,0.862324
PHASE,262144,8192,256,1,1,0.851180
PHASE,262144,16384,256,1,1,0.845185
PHASE,262144,32768,256,1,1,0.854842
PHASE,262144,65536,256,1,1,0.853878
PHASE,262144,131072,256,1,1,0.325178
PHASE,131072,1,1,1,1,1.055523
PHASE,131072,2,2,1,1,0.986757
PHASE,131072,4,4,1,1,0.827473
PHASE,131072,8,8,1,1,0.497843
PHASE,131072,16,16,1,1,0.449815
PHASE,131072,32,32,1,1,0.429053
PHASE,131072,64,64,1,1,0.425649
PHASE,131072,128,128,1,1,0.414641
PHASE,131072,256,256,1,1,0.425912
PHASE,131072,512,256,1,1,0.418561
PHASE,131072,1024,256,1,1,0.429188
PHASE,131072,2048,256,1,1,0.417470
PHASE,131072,4096,256,1,1,0.425785
PHASE,131072,8192,256,1,1,0.425538
PHASE,131072,16384,256,1,1,0.421739
PHASE,131072,32768,256,1,1,0.431722
PHASE,131072,65536,256,1,1,0.160296
PHASE,131072,1,1,1,1,1.055929
PHASE,131072,2,2,1,1,0.994832
PHASE,131072,4,4,1,1,0.831473
PHASE,131072,8,8,1,1,0.460292
PHASE,131072,16,16,1,1,0.432152
PHASE,131072,32,32,1,1,0.426359
PHASE,131072,64,64,1,1,0.422026
PHASE,131072,128,128,1,1,0.429148
PHASE,131072,256,256,1,1,0.418591
PHASE,131072,512,256,1,1,0.428844
PHASE,131072,1024,256,1,1,0.418534
PHASE,131072,2048,256,1,1,0.424350
PHASE,131072,4096,256,1,1,0.424386
PHASE,131072,8192,256,1,1,0.422003
PHASE,131072,16384,256,1,1,0.432618
PHASE,131072,32768,256,1,1,0.424071
PHASE,131072,65536,256,1,1,0.162725
PHASE,1048576,1,1,1,1,8.407118
PHASE,1048576,2,2,1,1,7.866798
PHASE,1048576,4,4,1,1,6.690609
PHASE,1048576,8,8,1,1,6.606570
PHASE,1048576,16,16,1,1,6.234826
PHASE,1048576,32,32,1,1,3.387266
PHASE,1048576,64,64,1,1,3.433306
PHASE,1048576,128,128,1,1,3.452895
PHASE,1048576,256,256,1,1,3.363523
PHASE,1048576,512,256,1,1,3.444817
PHASE,1048576,1024,256,1,1,3.556726
PHASE,1048576,2048,256,1,1,3.428572
PHASE,1048576,4096,256,1,1,3.423623
PHASE,1048576,8192,256,1,1,3.402120
PHASE,1048576,16384,256,1,1,3.419324
PHASE,1048576,32768,256,1,1,3.410799
PHASE,1048576,65536,256,1,1,3.384665
PHASE,1048576,131072,256,1,1,3.391333
PHASE,1048576,262144,256,1,1,3.413368
PHASE,1048576,524288,256,1,1,1.304800
PHASE,524288,1,1,1,1,4.212556
PHASE,524288,2,2,1,1,3.940389
PHASE,524288,4,4,1,1,3.230531
PHASE,524288,8,8,1,1,3.299747
PHASE,524288,16,16,1,1,1.727705
PHASE,524288,32,32,1,1,1.728350
PHASE,524288,64,64,1,1,1.735613
PHASE,524288,128,128,1,1,1.741977
PHASE,524288,256,256,1,1,1.692935
PHASE,524288,512,256,1,1,1.738243
PHASE,524288,1024,256,1,1,1.776845
PHASE,524288,2048,256,1,1,1.683663
PHASE,524288,4096,256,1,1,1.693147
PHASE,524288,8192,256,1,1,1.718605
PHASE,524288,16384,256,1,1,1.705898
PHASE,524288,32768,256,1,1,1.695205
PHASE,524288,65536,256,1,1,1.697554
PHASE,524288,131072,256,1,1,1.705916
PHASE,524288,262144,256,1,1,0.637491
PHASE,262144,1,1,1,1,2.095907
PHASE,262144,2,2,1,1,1.962443
PHASE,262144,4,4,1,1,1.666389
PHASE,262144,8,8,1,1,0.894434
PHASE,262144,16,16,1,1,0.998440
PHASE,262144,32,32,1,1,0.944238
PHASE,262144,64,64,1,1,0.876915
PHASE,262144,128,128,1,1,0.873153
PHASE,262144,256,256,1,1,0.864159
PHASE,262144,512,256,1,1,0.835435
PHASE,262144,1024,256,1,1,0.851763
PHASE,262144,2048,256,1,1,0.844474
PHASE,262144,4096,256,1,1,0.848759
PHASE,262144,8192,256,1,1,0.858699
PHASE,262144,16384,256,1,1,0.852575
PHASE,262144,32768,256,1,1,0.890277
PHASE,262144,65536,256,1,1,0.864452
PHASE,262144,131072,256,1,1,0.324556
PHASE,131072,1,1,1,1,1.051918
PHASE,131072,2,2,1,1,0.979271
PHASE,131072,4,4,1,1,0.842842
PHASE,131072,8,8,1,1,0.454255
PHASE,131072,16,16,1,1,0.442877
PHASE,131072,32,32,1,1,0.421467
PHASE,131072,64,64,1,1,0.433224
PHASE,131072,128,128,1,1,0.420374
PHASE,131072,256,256,1,1,0.414347
PHASE,131072,512,256,1,1,0.427307
PHASE,131072,1024,256,1,1,0.416377
PHASE,131072,2048,256,1,1,0.431851
PHASE,131072,4096,256,1,1,0.418354
PHASE,131072,8192,256,1,1,0.419627
PHASE,131072,16384,256,1,1,0.431558
PHASE,131072,32768,256,1,1,0.423619
PHASE,131072,65536,256,1,1,0.164143
PHASE,131072,1,1,1,1,1.046022
PHASE,131072,2,2,1,1,0.985359
PHASE,131072,4,4,1,1,0.827845
PHASE,131072,8,8,1,1,0.472766
PHASE,131072,16,16,1,1,0.424208
PHASE,131072,32,32,1,1,0.428061
PHASE,131072,64,64,1,1,0.428819
PHASE,131072,128,128,1,1,0.416493
PHASE,131072,256,256,1,1,0.424338
PHASE,131072,512,256,1,1,0.418336
PHASE,131072,1024,256,1,1,0.425445
PHASE,131072,2048,256,1,1,0.419613
PHASE,131072,4096,256,1,1,0.418085
PHASE,131072,8192,256,1,1,0.426705
PHASE,131072,16384,256,1,1,0.420977
PHASE,131072,32768,256,1,1,0.430939
PHASE,131072,65536,256,1,1,0.159829
PHASE,262144,1,1,1,1,2.099283
PHASE,262144,2,2,1,1,1.958785
PHASE,262144,4,4,1,1,1.674818
PHASE,262144,8,8,1,1,0.894217
PHASE,262144,16,16,1,1,0.864513
PHASE,262144,32,32,1,1,0.965129
PHASE,262144,64,64,1,1,1.013793
PHASE,262144,128,128,1,1,1.051154
PHASE,262144,256,256,1,1,0.845432
PHASE,262144,512,256,1,1,0.849533
PHASE,262144,1024,256,1,1,0.836036
PHASE,262144,2048,256,1,1,0.841945
PHASE,262144,4096,256,1,1,0.846724
PHASE,262144,8192,256,1,1,0.844397
PHASE,262144,16384,256,1,1,0.853227
PHASE,262144,32768,256,1,1,0.841844
PHASE,262144,65536,256,1,1,0.843125
PHASE,262144,131072,256,1,1,0.336209
PHASE,131072,1,1,1,1,1.046888
PHASE,131072,2,2,1,1,0.986480
PHASE,131072,4,4,1,1,0.825438
PHASE,131072,8,8,1,1,0.454471
PHASE,131072,16,16,1,1,0.427006
PHASE,131072,32,32,1,1,0.437253
PHASE,131072,64,64,1,1,0.417686
PHASE,131072,128,128,1,1,0.428383
PHASE,131072,256,256,1,1,0.414422
PHASE,131072,512,256,1,1,0.426281
PHASE,131072,1024,256,1,1,0.422290
PHASE,131072,2048,256,1,1,0.419192
PHASE,131072,4096,256,1,1,0.435390
PHASE,131072,8192,256,1,1,0.418768
PHASE,131072,16384,256,1,1,0.432564
PHASE,131072,32768,256,1,1,0.421459
PHASE,131072,65536,256,1,1,0.158013
PHASE,131072,1,1,1,1,1.043213
PHASE,131072,2,2,1,1,0.979823
PHASE,131072,4,4,1,1,0.830843
PHASE,131072,8,8,1,1,0.454078
PHASE,131072,16,16,1,1,0.435955
PHASE,131072,32,32,1,1,0.423045
PHASE,131072,64,64,1,1,0.436305
PHASE,131072,128,128,1,1,0.419064
PHASE,131072,256,256,1,1,0.415049
PHASE,131072,512,256,1,1,0.427676
PHASE,131072,1024,256,1,1,0.414012
PHASE,131072,2048,256,1,1,0.425486
PHASE,131072,4096,256,1,1,0.420102
PHASE,131072,8192,256,1,1,0.423150
PHASE,131072,16384,256,1,1,0.422055
PHASE,131072,32768,256,1,1,0.421692
PHASE,131072,65536,256,1,1,0.167797
PHASE,524288,1,1,1,1,4.196993
PHASE,524288,2,2,1,1,3.967220
PHASE,524288,4,4,1,1,3.311706
PHASE,524288,8,8,1,1,3.188748
PHASE,524288,16,16,1,1,1.748676
PHASE,524288,32,32,1,1,1.727112
PHASE,524288,64,64,1,1,1.727233
PHASE,524288,128,128,1,1,1.742859
PHASE,524288,256,256,1,1,1.675220
PHASE,524288,512,256,1,1,1.801464
PHASE,524288,1024,256,1,1,1.844821
PHASE,524288,2048,256,1,1,1.687150
PHASE,524288,4096,256,1,1,1.681918
PHASE,524288,8192,256,1,1,1.715471
PHASE,524288,16384,256,1,1,1.712793
PHASE,524288,32768,256,1,1,1.699979
PHASE,524288,65536,256,1,1,1.684319
PHASE,524288,131072,256,1,1,1.706382
PHASE,524288,262144,256,1,1,0.649999
PHASE,262144,1,1,1,1,2.099862
PHASE,262144,2,2,1,1,1.965130
PHASE,262144,4,4,1,1,1.667205
PHASE,262144,8,8,1,1,0.891137
PHASE,262144,16,16,1,1,0.859123
PHASE,262144,32,32,1,1,0.935570
PHASE,262144,64,64,1,1,0.879066
PHASE,262144,128,128,1,1,0.855440
PHASE,262144,256,256,1,1,0.839000
PHASE,262144,512,256,1,1,0.848868
PHASE,262144,1024,256,1,1,0.849139
PHASE,262144,2048,256,1,1,0.850732
PHASE,262144,4096,256,1,1,0.845840
PHASE,262144,8192,256,1,1,0.860016
PHASE,262144,16384,256,1,1,0.862994
PHASE,262144,32768,256,1,1,0.840798
PHASE,262144,65536,256,1,1,0.851751
PHASE,262144,131072,256,1,1,0.327455
PHASE,131072,1,1,1,1,1.052037
PHASE,131072,2,2,1,1,0.985152
PHASE,131072,4,4,1,1,0.823360
PHASE,131072,8,8,1,1,0.471775
PHASE,131072,16,16,1,1,0.425405
PHASE,131072,32,32,1,1,0.433176
PHASE,131072,64,64,1,1,0.421186
PHASE,131072,128,128,1,1,0.427857
PHASE,131072,256,256,1,1,0.420360
PHASE,131072,512,256,1,1,0.419533
PHASE,131072,1024,256,1,1,0.429843
PHASE,131072,2048,256,1,1,0.424709
PHASE,131072,4096,256,1,1,0.431542
PHASE,131072,8192,256,1,1,0.419256
PHASE,131072,16384,256,1,1,0.429932
PHASE,131072,32768,256,1,1,0.424437
PHASE,131072,65536,256,1,1,0.156853
PHASE,131072,1,1,1,1,1.049743
PHASE,131072,2,2,1,1,0.985591
PHASE,131072,4,4,1,1,0.830952
PHASE,131072,8,8,1,1,0.459156
PHASE,131072,16,16,1,1,0.441174
PHASE,131072,32,32,1,1,0.419414
PHASE,131072,64,64,1,1,0.422013
PHASE,131072,128,128,1,1,0.435680
PHASE,131072,256,256,1,1,0.417494
PHASE,131072,512,256,1,1,0.428456
PHASE,131072,1024,256,1,1,0.414706
PHASE,131072,2048,256,1,1,0.431190
PHASE,131072,4096,256,1,1,0.421741
PHASE,131072,8192,256,1,1,0.419099
PHASE,131072,16384,256,1,1,0.427298
PHASE,131072,32768,256,1,1,0.420331
PHASE,131072,65536,256,1,1,0.160877
PHASE,262144,1,1,1,1,2.099374
PHASE,262144,2,2,1,1,1.965861
PHASE,262144,4,4,1,1,1.665872
PHASE,262144,8,8,1,1,0.890666
PHASE,262144,16,16,1,1,0.878936
PHASE,262144,32,32,1,1,0.878973
PHASE,262144,64,64,1,1,0.894678
PHASE,262144,128,128,1,1,0.852789
PHASE,262144,256,256,1,1,0.955560
PHASE,262144,512,256,1,1,0.846209
PHASE,262144,1024,256,1,1,0.840544
PHASE,262144,2048,256,1,1,0.828289
PHASE,262144,4096,256,1,1,0.844723
PHASE,262144,8192,256,1,1,0.851138
PHASE,262144,16384,256,1,1,0.860833
PHASE,262144,32768,256,1,1,0.847701
PHASE,262144,65536,256,1,1,0.859283
PHASE,262144,131072,256,1,1,0.323441
PHASE,131072,1,1,1,1,1.051469
PHASE,131072,2,2,1,1,0.982033
PHASE,131072,4,4,1,1,0.833510
PHASE,131072,8,8,1,1,0.456146
PHASE,131072,16,16,1,1,0.437001
PHASE,131072,32,32,1,1,0.423345
PHASE,131072,64,64,1,1,0.429063
PHASE,131072,128,128,1,1,0.424592
PHASE,131072,256,256,1,1,0.414335
PHASE,131072,512,256,1,1,0.425870
PHASE,131072,1024,256,1,1,0.420866
PHASE,131072,2048,256,1,1,0.431341
PHASE,131072,4096,256,1,1,0.415862
PHASE,131072,8192,256,1,1,0.431025
PHASE,131072,16384,256,1,1,0.425915
PHASE,131072,32768,256,1,1,0.418972
PHASE,131072,65536,256,1,1,0.163630
PHASE,131072,1,1,1,1,1.046690
PHASE,131072,2,2,1,1,0.976218
PHASE,131072,4,4,1,1,0.825051
PHASE,131072,8,8,1,1,0.472145
PHASE,131072,16,16,1,1,0.423337
PHASE,131072,32,32,1,1,0.420108
PHASE,131072,64,64,1,1,0.430180
PHASE,131072,128,128,1,1,0.415768
PHASE,131072,256,256,1,1,0.429590
PHASE,131072,512,256,1,1,0.413944
PHASE,131072,1024,256,1,1,0.421463
PHASE,131072,2048,256,1,1,0.420813
PHASE,131072,4096,256,1,1,0.419072
PHASE,131072,8192,256,1,1,0.438824
PHASE,131072,16384,256,1,1,0.417278
PHASE,131072,32768,256,1,1,0.431609
PHASE,131072,65536,256,1,1,0.162587
PHASE,1048576,1,1,1,1,8.361008
PHASE,1048576,2,2,1,1,7.852640
PHASE,1048576,4,4,1,1,6.672056
PHASE,1048576,8,8,1,1,6.605852
PHASE,1048576,16,16,1,1,6.213760
PHASE,1048576,32,32,1,1,3.428656
PHASE,1048576,64,64,1,1,3.402008
PHASE,1048576,128,128,1,1,3.440628
PHASE,1048576,256,256,1,1,3.385453
PHASE,1048576,512,256,1,1,3.313535
PHASE,1048576,1024,256,1,1,3.552980
PHASE,1048576,2048,256,1,1,3.387600
PHASE,1048576,4096,256,1,1,3.386753
PHASE,1048576,8192,256,1,1,3.381437
PHASE,1048576,16384,256,1,1,3.404606
PHASE,1048576,32768,256,1,1,3.398870
PHASE,1048576,65536,256,1,1,3.387460
PHASE,1048576,131072,256,1,1,3.401087
PHASE,1048576,262144,256,1,1,3.403342
PHASE,1048576,524288,256,1,1,1.309290
PHASE,524288,1,1,1,1,4.197992
PHASE,524288,2,2,1,1,3.951975
PHASE,524288,4,4,1,1,3.306155
PHASE,524288,8,8,1,1,3.294170
PHASE,524288,16,16,1,1,1.736608
PHASE,524288,32,32,1,1,1.728796
PHASE,524288,64,64,1,1,1.735164
PHASE,524288,128,128,1,1,1.716035
PHASE,524288,256,256,1,1,1.712603
PHASE,524288,512,256,1,1,1.715786
PHASE,524288,1024,256,1,1,1.704681
PHASE,524288,2048,256,1,1,1.685717
PHASE,524288,4096,256,1,1,1.707291
PHASE,524288,8192,256,1,1,1.718010
PHASE,524288,16384,256,1,1,1.697794
PHASE,524288,32768,256,1,1,1.701247
PHASE,524288,65536,256,1,1,1.702703
PHASE,524288,131072,256,1,1,1.702887
PHASE,524288,262144,256,1,1,0.642238
PHASE,262144,1,1,1,1,2.098910
PHASE,262144,2,2,1,1,1.982049
PHASE,262144,4,4,1,1,1.668638
PHASE,262144,8,8,1,1,0.891652
PHASE,262144,16,16,1,1,0.923291
PHASE,262144,32,32,1,1,0.884350
PHASE,262144,64,64,1,1,0.910902
PHASE,262144,128,128,1,1,0.880182
PHASE,262144,256,256,1,1,0.858171
PHASE,262144,512,256,1,1,0.878286
PHASE,262144,1024,256,1,1,0.849242
PHASE,262144,2048,256,1,1,0.840629
PHASE,262144,4096,256,1,1,0.844578
PHASE,262144,8192,256,1,1,0.856710
PHASE,262144,16384,256,1,1,0.845841
PHASE,262144,32768,256,1,1,0.836202
PHASE,262144,65536,256,1,1,0.865704
PHASE,262144,131072,256,1,1,0.334229
PHASE,131072,1,1,1,1,1.057495
PHASE,131072,2,2,1,1,1.052959
PHASE,131072,4,4,1,1,0.829536
PHASE,131072,8,8,1,1,0.526519
PHASE,131072,16,16,1,1,0.437925
PHASE,131072,32,32,1,1,0.420672
PHASE,131072,64,64,1,1,0.421858
PHASE,131072,128,128,1,1,0.439358
PHASE,131072,256,256,1,1,0.418680
PHASE,131072,512,256,1,1,0.433268
PHASE,131072,1024,256,1,1,0.419623
PHASE,131072,2048,256,1,1,0.436660
PHASE,131072,4096,256,1,1,0.419964
PHASE,131072,8192,256,1,1,0.419730
PHASE,131072,16384,256,1,1,0.435478
PHASE,131072,32768,256,1,1,0.422776
PHASE,131072,65536,256,1,1,0.170898
PHASE,131072,1,1,1,1,1.051908
PHASE,131072,2,2,1,1,0.983330
PHASE,131072,4,4,1,1,0.828559
PHASE,131072,8,8,1,1,0.464401
PHASE,131072,16,16,1,1,0.425904
PHASE,131072,32,32,1,1,0.428037
PHASE,131072,64,64,1,1,0.424807
PHASE,131072,128,128,1,1,0.414931
PHASE,131072,256,256,1,1,0.427636
PHASE,131072,512,256,1,1,0.417702
PHASE,131072,1024,256,1,1,0.431590
PHASE,131072,2048,256,1,1,0.421753
PHASE,131072,4096,256,1,1,0.426691
PHASE,131072,8192,256,1,1,0.428940
PHASE,131072,16384,256,1,1,0.418286
PHASE,131072,32768,256,1,1,0.437711
PHASE,131072,65536,256,1,1,0.162840
PHASE,262144,1,1,1,1,2.100697
PHASE,262144,2,2,1,1,1.972708
PHASE,262144,4,4,1,1,1.636076
PHASE,262144,8,8,1,1,0.896850
PHASE,262144,16,16,1,1,1.035153
PHASE,262144,32,32,1,1,0.862567
PHASE,262144,64,64,1,1,0.857190
PHASE,262144,128,128,1,1,0.855731
PHASE,262144,256,256,1,1,0.845417
PHASE,262144,512,256,1,1,0.866732
PHASE,262144,1024,256,1,1,0.841439
PHASE,262144,2048,256,1,1,0.843434
PHASE,262144,4096,256,1,1,0.846521
PHASE,262144,8192,256,1,1,0.847191
PHASE,262144,16384,256,1,1,0.842822
PHASE,262144,32768,256,1,1,0.846151
PHASE,262144,65536,256,1,1,0.857191
PHASE,262144,131072,256,1,1,0.333593
PHASE,131072,1,1,1,1,1.051503
PHASE,131072,2,2,1,1,0.980782
PHASE,131072,4,4,1,1,0.831184
PHASE,131072,8,8,1,1,0.462723
PHASE,131072,16,16,1,1,0.425378
PHASE,131072,32,32,1,1,0.436256
PHASE,131072,64,64,1,1,0.420651
PHASE,131072,128,128,1,1,0.419717
PHASE,131072,256,256,1,1,0.425275
PHASE,131072,512,256,1,1,0.419184
PHASE,131072,1024,256,1,1,0.432691
PHASE,131072,2048,256,1,1,0.425812
PHASE,131072,4096,256,1,1,0.448345
PHASE,131072,8192,256,1,1,0.421554
PHASE,131072,16384,256,1,1,0.418171
PHASE,131072,32768,256,1,1,0.434674
PHASE,131072,65536,256,1,1,0.158961
PHASE,131072,1,1,1,1,1.058074
PHASE,131072,2,2,1,1,0.980365
PHASE,131072,4,4,1,1,0.824327
PHASE,131072,8,8,1,1,0.445752
PHASE,131072,16,16,1,1,0.430716
PHASE,131072,32,32,1,1,0.426814
PHASE,131072,64,64,1,1,0.419887
PHASE,131072,128,128,1,1,0.429404
PHASE,131072,256,256,1,1,0.413773
PHASE,131072,512,256,1,1,0.426577
PHASE,131072,1024,256,1,1,0.418775
PHASE,131072,2048,256,1,1,0.426586
PHASE,131072,4096,256,1,1,0.427974
PHASE,131072,8192,256,1,1,0.415829
PHASE,131072,16384,256,1,1,0.431323
PHASE,131072,32768,256,1,1,0.422864
PHASE,131072,65536,256,1,1,0.162486
PHASE,524288,1,1,1,1,4.211394
PHASE,524288,2,2,1,1,4.001264
PHASE,524288,4,4,1,1,3.319679
PHASE,524288,8,8,1,1,3.298950
PHASE,524288,16,16,1,1,1.732595
PHASE,524288,32,32,1,1,1.725642
PHASE,524288,64,64,1,1,1.736690
PHASE,524288,128,128,1,1,1.748835
PHASE,524288,256,256,1,1,1.699155
PHASE,524288,512,256,1,1,1.763601
PHASE,524288,1024,256,1,1,1.844937
PHASE,524288,2048,256,1,1,1.699462
PHASE,524288,4096,256,1,1,1.680575
PHASE,524288,8192,256,1,1,1.729490
PHASE,524288,16384,256,1,1,1.703440
PHASE,524288,32768,256,1,1,1.698561
PHASE,524288,65536,256,1,1,1.684328
PHASE,524288,131072,256,1,1,1.713809
PHASE,524288,262144,256,1,1,0.653387
PHASE,262144,1,1,1,1,2.101207
PHASE,262144,2,2,1,1,1.956477
PHASE,262144,4,4,1,1,1.668504
PHASE,262144,8,8,1,1,0.906586
PHASE,262144,16,16,1,1,0.861963
PHASE,262144,32,32,1,1,0.857314
PHASE,262144,64,64,1,1,0.951335
PHASE,262144,128,128,1,1,0.994182
PHASE,262144,256,256,1,1,1.012983
PHASE,262144,512,256,1,1,0.853639
PHASE,262144,1024,256,1,1,0.839734
PHASE,262144,2048,256,1,1,0.844678
PHASE,262144,4096,256,1,1,0.841738
PHASE,262144,8192,256,1,1,0.854028
PHASE,262144,16384,256,1,1,0.854218
PHASE,262144,32768,256,1,1,0.855991
PHASE,262144,65536,256,1,1,0.850777
PHASE,262144,131072,256,1,1,0.326273
PHASE,131072,1,1,1,1,1.056436
PHASE,131072,2,2,1,1,0.979579
PHASE,131072,4,4,1,1,0.830713
PHASE,131072,8,8,1,1,0.467284
PHASE,131072,16,16,1,1,0.430808
PHASE,131072,32,32,1,1,0.428086
PHASE,131072,64,64,1,1,0.421926
PHASE,131072,128,128,1,1,0.427637
PHASE,131072,256,256,1,1,0.416216
PHASE,131072,512,256,1,1,0.428646
PHASE,131072,1024,256,1,1,0.417058
PHASE,131072,2048,256,1,1,0.443527
PHASE,131072,4096,256,1,1,0.424682
PHASE,131072,8192,256,1,1,0.420671
PHASE,131072,16384,256,1,1,0.436478
PHASE,131072,32768,256,1,1,0.422097
PHASE,131072,65536,256,1,1,0.158909
PHASE,131072,1,1,1,1,1.053079
PHASE,131072,2,2,1,1,0.974071
PHASE,131072,4,4,1,1,0.829447
PHASE,131072,8,8,1,1,0.465877
PHASE,131072,16,16,1,1,0.428688
PHASE,131072,32,32,1,1,0.422299
PHASE,131072,64,64,1,1,0.432900
PHASE,131072,128,128,1,1,0.415411
PHASE,131072,256,256,1,1,0.426466
PHASE,131072,512,256,1,1,0.416635
PHASE,131072,1024,256,1,1,0.420722
PHASE,131072,2048,256,1,1,0.428107
PHASE,131072,4096,256,1,1,0.421578
PHASE,131072,8192,256,1,1,0.434098
PHASE,131072,16384,256,1,1,0.420470
PHASE,131072,32768,256,1,1,0.434534
PHASE,131072,65536,256,1,1,0.161163
PHASE,262144,1,1,1,1,2.094643
PHASE,262144,2,2,1,1,1.963978
PHASE,262144,4,4,1,1,1.665078
PHASE,262144,8,8,1,1,0.897141
PHASE,262144,16,16,1,1,0.981286
PHASE,262144,32,32,1,1,0.893699
PHASE,262144,64,64,1,1,0.871992
PHASE,262144,128,128,1,1,0.855366
PHASE,262144,256,256,1,1,0.842694
PHASE,262144,512,256,1,1,0.870050
PHASE,262144,1024,256,1,1,0.840156
PHASE,262144,2048,256,1,1,0.840191
PHASE,262144,4096,256,1,1,0.845351
PHASE,262144,8192,256,1,1,0.840728
PHASE,262144,16384,256,1,1,0.846378
PHASE,262144,32768,256,1,1,0.853352
PHASE,262144,65536,256,1,1,0.848917
PHASE,262144,131072,256,1,1,0.322491
PHASE,131072,1,1,1,1,1.055362
PHASE,131072,2,2,1,1,0.983692
PHASE,131072,4,4,1,1,0.828406
PHASE,131072,8,8,1,1,0.461558
PHASE,131072,16,16,1,1,0.431766
PHASE,131072,32,32,1,1,0.420367
PHASE,131072,64,64,1,1,0.431548
PHASE,131072,128,128,1,1,0.418020
PHASE,131072,256,256,1,1,0.428606
PHASE,131072,512,256,1,1,0.420064
PHASE,131072,1024,256,1,1,0.425435
PHASE,131072,2048,256,1,1,0.427012
PHASE,131072,4096,256,1,1,0.423912
PHASE,131072,8192,256,1,1,0.431056
PHASE,131072,16384,256,1,1,0.424063
PHASE,131072,32768,256,1,1,0.436607
PHASE,131072,65536,256,1,1,0.156920
PHASE,131072,1,1,1,1,1.049099
PHASE,131072,2,2,1,1,0.985597
PHASE,131072,4,4,1,1,0.817272
PHASE,131072,8,8,1,1,0.442536
PHASE,131072,16,16,1,1,0.423366
PHASE,131072,32,32,1,1,0.434923
PHASE,131072,64,64,1,1,0.421042
PHASE,131072,128,128,1,1,0.426300
PHASE,131072,256,256,1,1,0.414574
PHASE,131072,512,256,1,1,0.417506
PHASE,131072,1024,256,1,1,0.425376
PHASE,131072,2048,256,1,1,0.421865
PHASE,131072,4096,256,1,1,0.433305
PHASE,131072,8192,256,1,1,0.434164
PHASE,131072,16384,256,1,1,0.431395
PHASE,131072,32768,256,1,1,0.424210
PHASE,131072,65536,256,1,1,0.159423
